2026-10-08 10:18:05,617 INFO o.a.j.u.JMeterUtils: Setting Locale to en_EN
2026-10-08 10:18:05,624 INFO o.a.j.JMeter: Loading user properties from: user.properties
2026-10-08 10:18:05,625 INFO o.a.j.JMeter: Loading system properties from: system.properties
2026-10-08 10:18:05,625 INFO o.a.j.JMeter: Loading additional properties from: C:\Users\Owen\Desktop\ICT3113_Assignment_1\jmeter\results.properties
2026-10-08 10:18:05,625 INFO o.a.j.JMeter: Setting JMeter property: host=192.168.1.170
2026-10-08 10:18:05,625 INFO o.a.j.JMeter: Setting JMeter property: port=8000
2026-10-08 10:18:05,625 INFO o.a.j.JMeter: Setting JMeter property: protocol=http
2026-10-08 10:18:05,626 INFO o.a.j.JMeter: Setting JMeter property: rate=500
2026-10-08 10:18:05,626 INFO o.a.j.JMeter: Setting JMeter property: duration_s=720
2026-10-08 10:18:05,626 INFO o.a.j.JMeter: Setting JMeter property: drain_s=190
2026-10-08 10:18:05,626 INFO o.a.j.JMeter: Setting JMeter property: search_schedule=pause(1s)
2026-10-08 10:18:05,626 INFO o.a.j.JMeter: Setting JMeter property: seed=311301
2026-10-08 10:18:05,626 INFO o.a.j.JMeter: Setting JMeter property: search_seed=311351
2026-10-08 10:18:05,626 INFO o.a.j.JMeter: Setting JMeter property: data_file=C:\Users\Owen\Desktop\ICT3113_Assignment_1\jmeter\data\team_narratives.tsv
2026-10-08 10:18:05,626 INFO o.a.j.JMeter: Setting JMeter property: search_file=C:\Users\Owen\Desktop\ICT3113_Assignment_1\jmeter\data\search_terms.txt
2026-10-08 10:18:05,626 INFO o.a.j.JMeter: Setting JMeter property: timeout_ms=180000
2026-10-08 10:18:05,630 INFO o.a.j.JMeter: Copyright (c) 1998-2024 The Apache Software Foundation
2026-10-08 10:18:05,630 INFO o.a.j.JMeter: Version 5.6.3
2026-10-08 10:18:05,630 INFO o.a.j.JMeter: java.version=1.8.0_333
2026-10-08 10:18:05,630 INFO o.a.j.JMeter: java.vm.name=Java HotSpot(TM) 64-Bit Server VM
2026-10-08 10:18:05,630 INFO o.a.j.JMeter: os.name=Windows 11
2026-10-08 10:18:05,630 INFO o.a.j.JMeter: os.arch=amd64
2026-10-08 10:18:05,630 INFO o.a.j.JMeter: os.version=10.0
2026-10-08 10:18:05,630 INFO o.a.j.JMeter: file.encoding=Cp1252
2026-10-08 10:18:05,630 INFO o.a.j.JMeter: java.awt.headless=true
2026-10-08 10:18:05,631 INFO o.a.j.JMeter: Max memory     =1073741824
2026-10-08 10:18:05,631 INFO o.a.j.JMeter: Available Processors =16
2026-10-08 10:18:05,633 INFO o.a.j.JMeter: Default Locale=English (EN)
2026-10-08 10:18:05,633 INFO o.a.j.JMeter: JMeter  Locale=English (EN)
2026-10-08 10:18:05,633 INFO o.a.j.JMeter: JMeterHome=C:\Users\Owen\Downloads\apache-jmeter-5.6.3\apache-jmeter-5.6.3
2026-10-08 10:18:05,633 INFO o.a.j.JMeter: user.dir  =C:\Users\Owen\Downloads\apache-jmeter-5.6.3\apache-jmeter-5.6.3\bin
2026-10-08 10:18:05,634 INFO o.a.j.JMeter: PWD       =C:\Users\Owen\Downloads\apache-jmeter-5.6.3\apache-jmeter-5.6.3\bin
2026-10-08 10:18:10,591 INFO o.a.j.JMeter: IP: 10.5.0.2 Name: DESKTOP-AK5RA9C FullName: DESKTOP-AK5RA9C
2026-10-08 10:18:10,603 INFO o.a.j.s.FileServer: Default base='C:\Users\Owen\Downloads\apache-jmeter-5.6.3\apache-jmeter-5.6.3\bin'
2026-10-08 10:18:10,604 INFO o.a.j.s.FileServer: Set new base='C:\Users\Owen\Desktop\ICT3113_Assignment_1\jmeter'
2026-10-08 10:18:10,684 INFO o.a.j.s.SaveService: Testplan (JMX) version: 2.2. Testlog (JTL) version: 2.2
2026-10-08 10:18:10,696 INFO o.a.j.s.SaveService: Using SaveService properties file encoding UTF-8
2026-10-08 10:18:10,698 INFO o.a.j.s.SaveService: Using SaveService properties version 5.0
2026-10-08 10:18:10,703 INFO o.a.j.s.SaveService: Loading file: C:\Users\Owen\Desktop\ICT3113_Assignment_1\jmeter\ticket_load_test.jmx
2026-10-08 10:18:10,752 INFO o.a.j.p.h.s.HTTPSamplerBase: Parser for text/html is org.apache.jmeter.protocol.http.parser.LagartoBasedHtmlParser
2026-10-08 10:18:10,752 INFO o.a.j.p.h.s.HTTPSamplerBase: Parser for application/xhtml+xml is org.apache.jmeter.protocol.http.parser.LagartoBasedHtmlParser
2026-10-08 10:18:10,752 INFO o.a.j.p.h.s.HTTPSamplerBase: Parser for application/xml is org.apache.jmeter.protocol.http.parser.LagartoBasedHtmlParser
2026-10-08 10:18:10,752 INFO o.a.j.p.h.s.HTTPSamplerBase: Parser for text/xml is org.apache.jmeter.protocol.http.parser.LagartoBasedHtmlParser
2026-10-08 10:18:10,752 INFO o.a.j.p.h.s.HTTPSamplerBase: Parser for text/vnd.wap.wml is org.apache.jmeter.protocol.http.parser.RegexpHTMLParser
2026-10-08 10:18:10,752 INFO o.a.j.p.h.s.HTTPSamplerBase: Parser for text/css is org.apache.jmeter.protocol.http.parser.CssParser
2026-10-08 10:18:10,911 INFO o.a.j.JMeter: Creating summariser <summary>
2026-10-08 10:18:10,923 INFO o.a.j.e.StandardJMeterEngine: Running the test!
2026-10-08 10:18:10,924 INFO o.a.j.s.SampleEvent: List of sample_variables: [request_id, ticket_row]
2026-10-08 10:18:10,924 INFO o.a.j.s.SampleEvent: List of sample_variables: [request_id, ticket_row]
2026-10-08 10:18:10,928 INFO o.a.j.e.u.CompoundVariable: Note: Function class names must contain the string: '.functions.'
2026-10-08 10:18:10,928 INFO o.a.j.e.u.CompoundVariable: Note: Function class names must not contain the string: '.gui.'
2026-10-08 10:18:11,102 INFO o.a.j.JMeter: Running test (1791425891102)
2026-10-08 10:18:11,128 INFO o.a.j.e.StandardJMeterEngine: Starting ThreadGroup: 1 : Tickets (open model)
2026-10-08 10:18:11,129 INFO o.a.j.e.StandardJMeterEngine: Starting 0 threads for group Tickets (open model).
2026-10-08 10:18:11,129 INFO o.a.j.e.StandardJMeterEngine: Thread will continue on error
2026-10-08 10:18:11,129 INFO o.a.j.t.o.OpenModelThreadGroup: Starting OpenModelThreadGroup#1 with schedule rate(500/hour) random_arrivals(720 s) pause(190 s)
2026-10-08 10:18:11,160 INFO o.a.j.e.StandardJMeterEngine: Starting ThreadGroup: 2 : Searches (open model)
2026-10-08 10:18:11,160 INFO o.a.j.e.StandardJMeterEngine: Starting 0 threads for group Searches (open model).
2026-10-08 10:18:11,160 INFO o.a.j.e.StandardJMeterEngine: Thread will continue on error
2026-10-08 10:18:11,160 INFO o.a.j.t.o.OpenModelThreadGroup: Starting OpenModelThreadGroup#2 with schedule pause(1s)
2026-10-08 10:18:11,160 INFO o.a.j.t.o.OpenModelThreadGroup: Thread starting init
2026-10-08 10:18:11,160 INFO o.a.j.e.StandardJMeterEngine: All thread groups have been started
2026-10-08 10:18:11,160 INFO o.a.j.t.o.OpenModelThreadGroup: Thread starting init
2026-10-08 10:18:11,163 INFO o.a.j.t.o.EvenArrivalsRamp: Generating 0 events, beginRate = 0.0 / sec, endRate = 0.0 / sec, duration = 1.0 sec
2026-10-08 10:18:11,163 INFO o.a.j.t.o.OpenModelThreadGroup: There will be no more events, so will wait for 0 sec till the end of the schedule
2026-10-08 10:18:11,163 INFO o.a.j.t.o.PoissonArrivalsRamp: Generating 100 events, beginRate = 0.1388888888888889 / sec, endRate = 0.1388888888888889 / sec, duration = 720.0 sec
2026-10-08 10:18:11,926 INFO o.a.j.t.o.OpenModelThreadGroup: There will be no more events, will shutdown the thread pool
2026-10-08 10:18:11,926 INFO o.a.j.t.o.OpenModelThreadGroup: Thread starting done
2026-10-08 10:18:32,974 INFO o.a.j.t.JMeterThread: Thread started: Tickets (open model) 1-1
2026-10-08 10:18:32,975 INFO o.a.j.s.FileServer: Stored: C:\Users\Owen\Desktop\ICT3113_Assignment_1\jmeter\data\team_narratives.tsv
2026-10-08 10:18:32,996 INFO o.a.j.p.h.s.HTTPHCAbstractImpl: Local host = DESKTOP-AK5RA9C
2026-10-08 10:18:33,000 INFO o.a.j.p.h.s.HTTPHC4Impl: HTTP request retry count = 0
2026-10-08 10:18:33,001 INFO o.a.j.s.SampleResult: Note: Sample TimeStamps are START times
2026-10-08 10:18:33,001 INFO o.a.j.s.SampleResult: sampleresult.default.encoding is set to UTF-8
2026-10-08 10:18:33,001 INFO o.a.j.s.SampleResult: sampleresult.useNanoTime=true
2026-10-08 10:18:33,001 INFO o.a.j.s.SampleResult: sampleresult.nanoThreadSleep=5000
2026-10-08 10:18:57,853 INFO o.a.j.t.JMeterThread: Thread started: Tickets (open model) 1-2
2026-10-08 10:19:06,321 INFO o.a.j.t.JMeterThread: Thread started: Tickets (open model) 1-3
2026-10-08 10:19:14,035 INFO o.a.j.t.JMeterThread: Thread is done: Tickets (open model) 1-1
2026-10-08 10:19:14,035 INFO o.a.j.t.JMeterThread: Thread finished: Tickets (open model) 1-1
2026-10-08 10:19:20,886 INFO o.a.j.t.JMeterThread: Thread is done: Tickets (open model) 1-2
2026-10-08 10:19:20,887 INFO o.a.j.t.JMeterThread: Thread finished: Tickets (open model) 1-2
2026-10-08 10:19:27,849 INFO o.a.j.t.JMeterThread: Thread started: Tickets (open model) 1-4
2026-10-08 10:19:29,197 INFO o.a.j.t.JMeterThread: Thread started: Tickets (open model) 1-5
2026-10-08 10:19:31,896 INFO o.a.j.r.Summariser: summary +      3 in 00:01:21 =    0.0/s Avg: 29865 Min: 23031 Max: 40991 Err:     0 (0.00%) Active: 3 Started: 5 Finished: 2
2026-10-08 10:19:31,897 INFO o.a.j.t.JMeterThread: Thread is done: Tickets (open model) 1-3
2026-10-08 10:19:31,897 INFO o.a.j.t.JMeterThread: Thread finished: Tickets (open model) 1-3
2026-10-08 10:19:32,918 INFO o.a.j.t.JMeterThread: Thread started: Tickets (open model) 1-6
2026-10-08 10:19:34,627 INFO o.a.j.t.JMeterThread: Thread started: Tickets (open model) 1-7
2026-10-08 10:19:43,394 INFO o.a.j.t.JMeterThread: Thread started: Tickets (open model) 1-8
2026-10-08 10:19:50,020 INFO o.a.j.t.JMeterThread: Thread is done: Tickets (open model) 1-4
2026-10-08 10:19:50,020 INFO o.a.j.t.JMeterThread: Thread finished: Tickets (open model) 1-4
2026-10-08 10:19:53,840 INFO o.a.j.t.JMeterThread: Thread started: Tickets (open model) 1-9
2026-10-08 10:19:54,503 INFO o.a.j.t.JMeterThread: Thread is done: Tickets (open model) 1-5
2026-10-08 10:19:54,503 INFO o.a.j.t.JMeterThread: Thread finished: Tickets (open model) 1-5
2026-10-08 10:19:55,437 INFO o.a.j.t.JMeterThread: Thread started: Tickets (open model) 1-10
2026-10-08 10:20:02,125 INFO o.a.j.r.Summariser: summary +      3 in 00:00:30 =    0.1/s Avg: 25559 Min: 22170 Max: 29205 Err:     0 (0.00%) Active: 5 Started: 10 Finished: 5
2026-10-08 10:20:02,125 INFO o.a.j.r.Summariser: summary =      6 in 00:01:51 =    0.1/s Avg: 27712 Min: 22170 Max: 40991 Err:     0 (0.00%)
2026-10-08 10:20:02,126 INFO o.a.j.t.JMeterThread: Thread is done: Tickets (open model) 1-6
2026-10-08 10:20:02,126 INFO o.a.j.t.JMeterThread: Thread finished: Tickets (open model) 1-6
2026-10-08 10:20:02,170 INFO o.a.j.t.JMeterThread: Thread started: Tickets (open model) 1-11
2026-10-08 10:20:07,259 INFO o.a.j.t.JMeterThread: Thread started: Tickets (open model) 1-12
2026-10-08 10:20:16,010 INFO o.a.j.t.JMeterThread: Thread is done: Tickets (open model) 1-7
2026-10-08 10:20:16,010 INFO o.a.j.t.JMeterThread: Thread finished: Tickets (open model) 1-7
2026-10-08 10:20:21,868 INFO o.a.j.t.JMeterThread: Thread started: Tickets (open model) 1-13
2026-10-08 10:20:21,877 INFO o.a.j.t.JMeterThread: Thread is done: Tickets (open model) 1-8
2026-10-08 10:20:21,877 INFO o.a.j.t.JMeterThread: Thread finished: Tickets (open model) 1-8
2026-10-08 10:20:26,504 INFO o.a.j.t.JMeterThread: Thread started: Tickets (open model) 1-14
2026-10-08 10:20:30,375 INFO o.a.j.r.Summariser: summary +      3 in 00:00:28 =    0.1/s Avg: 38798 Min: 36534 Max: 41381 Err:     0 (0.00%) Active: 6 Started: 14 Finished: 8
2026-10-08 10:20:30,375 INFO o.a.j.r.Summariser: summary =      9 in 00:02:19 =    0.1/s Avg: 31407 Min: 22170 Max: 41381 Err:     0 (0.00%)
2026-10-08 10:20:30,375 INFO o.a.j.t.JMeterThread: Thread is done: Tickets (open model) 1-9
2026-10-08 10:20:30,375 INFO o.a.j.t.JMeterThread: Thread finished: Tickets (open model) 1-9
2026-10-08 10:20:35,941 INFO o.a.j.t.JMeterThread: Thread started: Tickets (open model) 1-15
2026-10-08 10:20:36,624 INFO o.a.j.t.JMeterThread: Thread is done: Tickets (open model) 1-10
2026-10-08 10:20:36,624 INFO o.a.j.t.JMeterThread: Thread finished: Tickets (open model) 1-10
2026-10-08 10:20:39,301 INFO o.a.j.t.JMeterThread: Thread started: Tickets (open model) 1-16
2026-10-08 10:20:39,822 INFO o.a.j.t.JMeterThread: Thread started: Tickets (open model) 1-17
2026-10-08 10:20:57,506 INFO o.a.j.t.JMeterThread: Thread is done: Tickets (open model) 1-11
2026-10-08 10:20:57,507 INFO o.a.j.t.JMeterThread: Thread finished: Tickets (open model) 1-11
2026-10-08 10:21:02,472 INFO o.a.j.t.JMeterThread: Thread started: Tickets (open model) 1-18
2026-10-08 10:21:03,155 INFO o.a.j.r.Summariser: summary +      3 in 00:00:33 =    0.1/s Avg: 50804 Min: 41186 Max: 55894 Err:     0 (0.00%) Active: 7 Started: 18 Finished: 11
2026-10-08 10:21:03,155 INFO o.a.j.r.Summariser: summary =     12 in 00:02:52 =    0.1/s Avg: 36257 Min: 22170 Max: 55894 Err:     0 (0.00%)
2026-10-08 10:21:03,155 INFO o.a.j.t.JMeterThread: Thread is done: Tickets (open model) 1-12
2026-10-08 10:21:03,156 INFO o.a.j.t.JMeterThread: Thread finished: Tickets (open model) 1-12
2026-10-08 10:21:07,194 INFO o.a.j.t.JMeterThread: Thread started: Tickets (open model) 1-19
2026-10-08 10:21:09,843 INFO o.a.j.t.JMeterThread: Thread started: Tickets (open model) 1-20
2026-10-08 10:21:12,232 INFO o.a.j.t.JMeterThread: Thread is done: Tickets (open model) 1-13
2026-10-08 10:21:12,232 INFO o.a.j.t.JMeterThread: Thread finished: Tickets (open model) 1-13
2026-10-08 10:21:17,918 INFO o.a.j.t.JMeterThread: Thread is done: Tickets (open model) 1-14
2026-10-08 10:21:17,918 INFO o.a.j.t.JMeterThread: Thread finished: Tickets (open model) 1-14
2026-10-08 10:21:20,164 INFO o.a.j.t.JMeterThread: Thread started: Tickets (open model) 1-21
2026-10-08 10:21:22,008 INFO o.a.j.t.JMeterThread: Thread started: Tickets (open model) 1-22
2026-10-08 10:21:29,101 INFO o.a.j.t.JMeterThread: Thread started: Tickets (open model) 1-23
2026-10-08 10:21:31,802 INFO o.a.j.r.Summariser: summary +      3 in 00:00:29 =    0.1/s Avg: 52545 Min: 50363 Max: 55860 Err:     0 (0.00%) Active: 9 Started: 23 Finished: 14
2026-10-08 10:21:31,803 INFO o.a.j.r.Summariser: summary =     15 in 00:03:21 =    0.1/s Avg: 39514 Min: 22170 Max: 55894 Err:     0 (0.00%)
2026-10-08 10:21:31,803 INFO o.a.j.t.JMeterThread: Thread is done: Tickets (open model) 1-15
2026-10-08 10:21:31,803 INFO o.a.j.t.JMeterThread: Thread finished: Tickets (open model) 1-15
2026-10-08 10:21:43,438 INFO o.a.j.t.JMeterThread: Thread started: Tickets (open model) 1-24
2026-10-08 10:21:46,196 INFO o.a.j.t.JMeterThread: Thread is done: Tickets (open model) 1-16
2026-10-08 10:21:46,196 INFO o.a.j.t.JMeterThread: Thread finished: Tickets (open model) 1-16
2026-10-08 10:21:52,855 INFO o.a.j.t.JMeterThread: Thread is done: Tickets (open model) 1-17
2026-10-08 10:21:52,855 INFO o.a.j.t.JMeterThread: Thread finished: Tickets (open model) 1-17
2026-10-08 10:21:53,951 INFO o.a.j.t.JMeterThread: Thread started: Tickets (open model) 1-25
2026-10-08 10:22:00,330 INFO o.a.j.t.JMeterThread: Thread started: Tickets (open model) 1-26
2026-10-08 10:22:02,722 INFO o.a.j.t.JMeterThread: Thread started: Tickets (open model) 1-27
2026-10-08 10:22:05,869 INFO o.a.j.r.Summariser: summary +      3 in 00:00:34 =    0.1/s Avg: 67773 Min: 63396 Max: 73032 Err:     0 (0.00%) Active: 10 Started: 27 Finished: 17
2026-10-08 10:22:05,870 INFO o.a.j.r.Summariser: summary =     18 in 00:03:55 =    0.1/s Avg: 44224 Min: 22170 Max: 73032 Err:     0 (0.00%)
2026-10-08 10:22:05,870 INFO o.a.j.t.JMeterThread: Thread is done: Tickets (open model) 1-18
2026-10-08 10:22:05,870 INFO o.a.j.t.JMeterThread: Thread finished: Tickets (open model) 1-18
2026-10-08 10:22:14,177 INFO o.a.j.t.JMeterThread: Thread started: Tickets (open model) 1-28
2026-10-08 10:22:15,582 INFO o.a.j.t.JMeterThread: Thread is done: Tickets (open model) 1-19
2026-10-08 10:22:15,582 INFO o.a.j.t.JMeterThread: Thread finished: Tickets (open model) 1-19
2026-10-08 10:22:17,137 INFO o.a.j.t.JMeterThread: Thread started: Tickets (open model) 1-29
2026-10-08 10:22:19,125 INFO o.a.j.t.JMeterThread: Thread started: Tickets (open model) 1-30
2026-10-08 10:22:30,005 INFO o.a.j.r.Summariser: summary +      2 in 00:00:24 =    0.1/s Avg: 74273 Min: 68386 Max: 80160 Err:     0 (0.00%) Active: 11 Started: 30 Finished: 19
2026-10-08 10:22:30,005 INFO o.a.j.r.Summariser: summary =     20 in 00:04:19 =    0.1/s Avg: 47229 Min: 22170 Max: 80160 Err:     0 (0.00%)
2026-10-08 10:22:30,007 INFO o.a.j.t.JMeterThread: Thread is done: Tickets (open model) 1-20
2026-10-08 10:22:30,007 INFO o.a.j.t.JMeterThread: Thread finished: Tickets (open model) 1-20
2026-10-08 10:22:34,885 INFO o.a.j.t.JMeterThread: Thread is done: Tickets (open model) 1-21
2026-10-08 10:22:34,886 INFO o.a.j.t.JMeterThread: Thread finished: Tickets (open model) 1-21
2026-10-08 10:22:51,571 INFO o.a.j.t.JMeterThread: Thread started: Tickets (open model) 1-31
2026-10-08 10:22:52,964 INFO o.a.j.t.JMeterThread: Thread is done: Tickets (open model) 1-22
2026-10-08 10:22:52,964 INFO o.a.j.t.JMeterThread: Thread finished: Tickets (open model) 1-22
2026-10-08 10:22:55,013 INFO o.a.j.t.JMeterThread: Thread started: Tickets (open model) 1-32
2026-10-08 10:22:56,462 INFO o.a.j.t.JMeterThread: Thread started: Tickets (open model) 1-33
2026-10-08 10:22:57,621 INFO o.a.j.t.JMeterThread: Thread started: Tickets (open model) 1-34
2026-10-08 10:23:03,033 INFO o.a.j.r.Summariser: summary +      3 in 00:00:33 =    0.1/s Avg: 86535 Min: 74720 Max: 93930 Err:     0 (0.00%) Active: 12 Started: 34 Finished: 22
2026-10-08 10:23:03,033 INFO o.a.j.r.Summariser: summary =     23 in 00:04:52 =    0.1/s Avg: 52356 Min: 22170 Max: 93930 Err:     0 (0.00%)
2026-10-08 10:23:03,034 INFO o.a.j.t.JMeterThread: Thread is done: Tickets (open model) 1-23
2026-10-08 10:23:03,034 INFO o.a.j.t.JMeterThread: Thread finished: Tickets (open model) 1-23
2026-10-08 10:23:09,697 INFO o.a.j.t.JMeterThread: Thread started: Tickets (open model) 1-35
2026-10-08 10:23:13,264 INFO o.a.j.t.JMeterThread: Thread is done: Tickets (open model) 1-24
2026-10-08 10:23:13,264 INFO o.a.j.t.JMeterThread: Thread finished: Tickets (open model) 1-24
2026-10-08 10:23:26,827 INFO o.a.j.t.JMeterThread: Thread is done: Tickets (open model) 1-25
2026-10-08 10:23:26,827 INFO o.a.j.t.JMeterThread: Thread finished: Tickets (open model) 1-25
2026-10-08 10:23:27,717 INFO o.a.j.t.JMeterThread: Thread started: Tickets (open model) 1-36
2026-10-08 10:23:46,892 INFO o.a.j.t.JMeterThread: Thread is done: Tickets (open model) 1-26
2026-10-08 10:23:46,892 INFO o.a.j.t.JMeterThread: Thread finished: Tickets (open model) 1-26
2026-10-08 10:23:48,723 INFO o.a.j.t.JMeterThread: Thread started: Tickets (open model) 1-37
2026-10-08 10:23:48,918 INFO o.a.j.t.JMeterThread: Thread started: Tickets (open model) 1-38
2026-10-08 10:24:00,129 INFO o.a.j.t.JMeterThread: Thread started: Tickets (open model) 1-39
2026-10-08 10:24:02,099 INFO o.a.j.r.Summariser: summary +      4 in 00:00:59 =    0.1/s Avg: 102158 Min: 89823 Max: 119375 Err:     0 (0.00%) Active: 13 Started: 39 Finished: 26
2026-10-08 10:24:02,100 INFO o.a.j.r.Summariser: summary =     27 in 00:05:51 =    0.1/s Avg: 59734 Min: 22170 Max: 119375 Err:     0 (0.00%)
2026-10-08 10:24:02,100 INFO o.a.j.t.JMeterThread: Thread is done: Tickets (open model) 1-27
2026-10-08 10:24:02,100 INFO o.a.j.t.JMeterThread: Thread finished: Tickets (open model) 1-27
2026-10-08 10:24:09,454 INFO o.a.j.t.JMeterThread: Thread started: Tickets (open model) 1-40
2026-10-08 10:24:10,716 INFO o.a.j.t.JMeterThread: Thread started: Tickets (open model) 1-41
2026-10-08 10:24:14,303 INFO o.a.j.t.JMeterThread: Thread is done: Tickets (open model) 1-28
2026-10-08 10:24:14,303 INFO o.a.j.t.JMeterThread: Thread finished: Tickets (open model) 1-28
2026-10-08 10:24:17,265 INFO o.a.j.t.JMeterThread: Thread is done: Tickets (open model) 1-29
2026-10-08 10:24:17,265 INFO o.a.j.t.JMeterThread: Thread finished: Tickets (open model) 1-29
2026-10-08 10:24:19,254 INFO o.a.j.t.JMeterThread: Thread is done: Tickets (open model) 1-30
2026-10-08 10:24:19,255 INFO o.a.j.t.JMeterThread: Thread finished: Tickets (open model) 1-30
2026-10-08 10:24:26,765 INFO o.a.j.t.JMeterThread: Thread is done: Tickets (open model) 1-31
2026-10-08 10:24:26,765 INFO o.a.j.t.JMeterThread: Thread finished: Tickets (open model) 1-31
2026-10-08 10:24:33,454 INFO o.a.j.t.JMeterThread: Thread started: Tickets (open model) 1-42
2026-10-08 10:24:35,969 INFO o.a.j.t.JMeterThread: Thread started: Tickets (open model) 1-43
2026-10-08 10:24:39,421 INFO o.a.j.t.JMeterThread: Thread started: Tickets (open model) 1-44
2026-10-08 10:24:43,247 INFO o.a.j.t.JMeterThread: Thread is done: Tickets (open model) 1-32
2026-10-08 10:24:43,247 INFO o.a.j.t.JMeterThread: Thread finished: Tickets (open model) 1-32
2026-10-08 10:24:51,557 INFO o.a.j.t.JMeterThread: Thread started: Tickets (open model) 1-45
2026-10-08 10:24:54,154 INFO o.a.j.t.JMeterThread: Thread started: Tickets (open model) 1-46
2026-10-08 10:24:55,351 INFO o.a.j.t.JMeterThread: Thread started: Tickets (open model) 1-47
2026-10-08 10:24:56,550 INFO o.a.j.t.JMeterThread: Thread is done: Tickets (open model) 1-33
2026-10-08 10:24:56,551 INFO o.a.j.t.JMeterThread: Thread finished: Tickets (open model) 1-33
2026-10-08 10:24:57,766 INFO o.a.j.t.JMeterThread: Thread is done: Tickets (open model) 1-34
2026-10-08 10:24:57,766 INFO o.a.j.t.JMeterThread: Thread finished: Tickets (open model) 1-34
2026-10-08 10:25:04,119 INFO o.a.j.t.JMeterThread: Thread started: Tickets (open model) 1-48
2026-10-08 10:25:08,987 INFO o.a.j.t.JMeterThread: Thread started: Tickets (open model) 1-49
2026-10-08 10:25:09,841 INFO o.a.j.t.JMeterThread: Thread is done: Tickets (open model) 1-35
2026-10-08 10:25:09,841 INFO o.a.j.t.JMeterThread: Thread finished: Tickets (open model) 1-35
2026-10-08 10:25:11,815 INFO o.a.j.t.JMeterThread: Thread started: Tickets (open model) 1-50
2026-10-08 10:25:12,332 INFO o.a.j.t.JMeterThread: Thread started: Tickets (open model) 1-51
2026-10-08 10:25:14,227 INFO o.a.j.t.JMeterThread: Thread started: Tickets (open model) 1-52
2026-10-08 10:25:15,055 INFO o.a.j.t.JMeterThread: Thread started: Tickets (open model) 1-53
2026-10-08 10:25:18,207 INFO o.a.j.t.JMeterThread: Thread started: Tickets (open model) 1-54
2026-10-08 10:25:20,367 INFO o.a.j.t.JMeterThread: Thread started: Tickets (open model) 1-55
2026-10-08 10:25:22,652 INFO o.a.j.t.JMeterThread: Thread started: Tickets (open model) 1-56
2026-10-08 10:25:27,906 INFO o.a.j.t.JMeterThread: Thread is done: Tickets (open model) 1-36
2026-10-08 10:25:27,906 INFO o.a.j.t.JMeterThread: Thread finished: Tickets (open model) 1-36
2026-10-08 10:25:40,351 INFO o.a.j.t.JMeterThread: Thread is done: Tickets (open model) 1-37
2026-10-08 10:25:40,351 INFO o.a.j.t.JMeterThread: Thread finished: Tickets (open model) 1-37
2026-10-08 10:25:43,352 INFO o.a.j.t.JMeterThread: Thread started: Tickets (open model) 1-57
2026-10-08 10:25:46,984 INFO o.a.j.t.JMeterThread: Thread is done: Tickets (open model) 1-38
2026-10-08 10:25:46,985 INFO o.a.j.t.JMeterThread: Thread finished: Tickets (open model) 1-38
2026-10-08 10:25:49,574 INFO o.a.j.t.JMeterThread: Thread started: Tickets (open model) 1-58
2026-10-08 10:26:00,215 INFO o.a.j.r.Summariser: summary +     12 in 00:01:58 =    0.1/s Avg: 116177 Min: 95190 Max: 120188 Err:     8 (66.67%) Active: 20 Started: 58 Finished: 38
2026-10-08 10:26:00,216 INFO o.a.j.r.Summariser: summary =     39 in 00:07:49 =    0.1/s Avg: 77101 Min: 22170 Max: 120188 Err:     8 (20.51%)
2026-10-08 10:26:00,216 INFO o.a.j.t.JMeterThread: Thread is done: Tickets (open model) 1-39
2026-10-08 10:26:00,216 INFO o.a.j.t.JMeterThread: Thread finished: Tickets (open model) 1-39
2026-10-08 10:26:01,332 INFO o.a.j.t.JMeterThread: Thread started: Tickets (open model) 1-59
2026-10-08 10:26:01,808 INFO o.a.j.t.JMeterThread: Thread started: Tickets (open model) 1-60
2026-10-08 10:26:05,018 INFO o.a.j.t.JMeterThread: Thread started: Tickets (open model) 1-61
2026-10-08 10:26:09,515 INFO o.a.j.t.JMeterThread: Thread is done: Tickets (open model) 1-40
2026-10-08 10:26:09,515 INFO o.a.j.t.JMeterThread: Thread finished: Tickets (open model) 1-40
2026-10-08 10:26:10,842 INFO o.a.j.t.JMeterThread: Thread is done: Tickets (open model) 1-41
2026-10-08 10:26:10,842 INFO o.a.j.t.JMeterThread: Thread finished: Tickets (open model) 1-41
2026-10-08 10:26:18,328 INFO o.a.j.t.JMeterThread: Thread started: Tickets (open model) 1-62
2026-10-08 10:26:23,643 INFO o.a.j.t.JMeterThread: Thread started: Tickets (open model) 1-63
2026-10-08 10:26:26,268 INFO o.a.j.t.JMeterThread: Thread is done: Tickets (open model) 1-42
2026-10-08 10:26:26,268 INFO o.a.j.t.JMeterThread: Thread finished: Tickets (open model) 1-42
2026-10-08 10:26:36,095 INFO o.a.j.t.JMeterThread: Thread is done: Tickets (open model) 1-43
2026-10-08 10:26:36,096 INFO o.a.j.t.JMeterThread: Thread finished: Tickets (open model) 1-43
2026-10-08 10:26:39,007 INFO o.a.j.t.JMeterThread: Thread started: Tickets (open model) 1-64
2026-10-08 10:26:39,593 INFO o.a.j.t.JMeterThread: Thread is done: Tickets (open model) 1-44
2026-10-08 10:26:39,593 INFO o.a.j.t.JMeterThread: Thread finished: Tickets (open model) 1-44
2026-10-08 10:26:51,635 INFO o.a.j.t.JMeterThread: Thread is done: Tickets (open model) 1-45
2026-10-08 10:26:51,635 INFO o.a.j.t.JMeterThread: Thread finished: Tickets (open model) 1-45
2026-10-08 10:26:54,249 INFO o.a.j.t.JMeterThread: Thread is done: Tickets (open model) 1-46
2026-10-08 10:26:54,249 INFO o.a.j.t.JMeterThread: Thread finished: Tickets (open model) 1-46
2026-10-08 10:26:55,402 INFO o.a.j.t.JMeterThread: Thread is done: Tickets (open model) 1-47
2026-10-08 10:26:55,402 INFO o.a.j.t.JMeterThread: Thread finished: Tickets (open model) 1-47
2026-10-08 10:26:59,820 INFO o.a.j.t.JMeterThread: Thread started: Tickets (open model) 1-65
2026-10-08 10:27:02,529 INFO o.a.j.t.JMeterThread: Thread started: Tickets (open model) 1-66
2026-10-08 10:27:04,152 INFO o.a.j.r.Summariser: summary +      9 in 00:01:04 =    0.1/s Avg: 119282 Min: 112811 Max: 120170 Err:     8 (88.89%) Active: 19 Started: 66 Finished: 47
2026-10-08 10:27:04,153 INFO o.a.j.r.Summariser: summary =     48 in 00:08:53 =    0.1/s Avg: 85010 Min: 22170 Max: 120188 Err:    16 (33.33%)
2026-10-08 10:27:04,153 INFO o.a.j.t.JMeterThread: Thread is done: Tickets (open model) 1-48
2026-10-08 10:27:04,153 INFO o.a.j.t.JMeterThread: Thread finished: Tickets (open model) 1-48
2026-10-08 10:27:09,113 INFO o.a.j.t.JMeterThread: Thread is done: Tickets (open model) 1-49
2026-10-08 10:27:09,113 INFO o.a.j.t.JMeterThread: Thread finished: Tickets (open model) 1-49
2026-10-08 10:27:09,356 INFO o.a.j.t.JMeterThread: Thread started: Tickets (open model) 1-67
2026-10-08 10:27:11,933 INFO o.a.j.t.JMeterThread: Thread is done: Tickets (open model) 1-50
2026-10-08 10:27:11,933 INFO o.a.j.t.JMeterThread: Thread finished: Tickets (open model) 1-50
2026-10-08 10:27:12,461 INFO o.a.j.t.JMeterThread: Thread is done: Tickets (open model) 1-51
2026-10-08 10:27:12,461 INFO o.a.j.t.JMeterThread: Thread finished: Tickets (open model) 1-51
2026-10-08 10:27:14,358 INFO o.a.j.t.JMeterThread: Thread is done: Tickets (open model) 1-52
2026-10-08 10:27:14,358 INFO o.a.j.t.JMeterThread: Thread finished: Tickets (open model) 1-52
2026-10-08 10:27:15,101 INFO o.a.j.t.JMeterThread: Thread is done: Tickets (open model) 1-53
2026-10-08 10:27:15,101 INFO o.a.j.t.JMeterThread: Thread finished: Tickets (open model) 1-53
2026-10-08 10:27:15,812 INFO o.a.j.t.JMeterThread: Thread started: Tickets (open model) 1-68
2026-10-08 10:27:16,459 INFO o.a.j.t.JMeterThread: Thread started: Tickets (open model) 1-69
2026-10-08 10:27:16,798 INFO o.a.j.t.JMeterThread: Thread started: Tickets (open model) 1-70
2026-10-08 10:27:18,374 INFO o.a.j.t.JMeterThread: Thread is done: Tickets (open model) 1-54
2026-10-08 10:27:18,374 INFO o.a.j.t.JMeterThread: Thread finished: Tickets (open model) 1-54
2026-10-08 10:27:19,905 INFO o.a.j.t.JMeterThread: Thread started: Tickets (open model) 1-71
2026-10-08 10:27:20,430 INFO o.a.j.t.JMeterThread: Thread is done: Tickets (open model) 1-55
2026-10-08 10:27:20,430 INFO o.a.j.t.JMeterThread: Thread finished: Tickets (open model) 1-55
2026-10-08 10:27:22,777 INFO o.a.j.t.JMeterThread: Thread is done: Tickets (open model) 1-56
2026-10-08 10:27:22,777 INFO o.a.j.t.JMeterThread: Thread finished: Tickets (open model) 1-56
2026-10-08 10:27:32,440 INFO o.a.j.r.Summariser: summary +      9 in 00:00:28 =    0.3/s Avg: 118886 Min: 109086 Max: 120165 Err:     8 (88.89%) Active: 15 Started: 71 Finished: 56
2026-10-08 10:27:32,441 INFO o.a.j.r.Summariser: summary =     57 in 00:09:21 =    0.1/s Avg: 90359 Min: 22170 Max: 120188 Err:    24 (42.11%)
2026-10-08 10:27:32,441 INFO o.a.j.t.JMeterThread: Thread is done: Tickets (open model) 1-57
2026-10-08 10:27:32,441 INFO o.a.j.t.JMeterThread: Thread finished: Tickets (open model) 1-57
2026-10-08 10:27:33,540 INFO o.a.j.t.JMeterThread: Thread started: Tickets (open model) 1-72
2026-10-08 10:27:43,341 INFO o.a.j.t.JMeterThread: Thread started: Tickets (open model) 1-73
2026-10-08 10:27:49,622 INFO o.a.j.t.JMeterThread: Thread is done: Tickets (open model) 1-58
2026-10-08 10:27:49,623 INFO o.a.j.t.JMeterThread: Thread finished: Tickets (open model) 1-58
2026-10-08 10:27:49,726 INFO o.a.j.t.JMeterThread: Thread started: Tickets (open model) 1-74
2026-10-08 10:27:57,520 INFO o.a.j.t.JMeterThread: Thread started: Tickets (open model) 1-75
2026-10-08 10:28:01,469 INFO o.a.j.r.Summariser: summary +      2 in 00:00:29 =    0.1/s Avg: 120091 Min: 120048 Max: 120135 Err:     2 (100.00%) Active: 17 Started: 75 Finished: 58
2026-10-08 10:28:01,470 INFO o.a.j.r.Summariser: summary =     59 in 00:09:50 =    0.1/s Avg: 91367 Min: 22170 Max: 120188 Err:    26 (44.07%)
2026-10-08 10:28:01,470 INFO o.a.j.t.JMeterThread: Thread is done: Tickets (open model) 1-59
2026-10-08 10:28:01,470 INFO o.a.j.t.JMeterThread: Thread finished: Tickets (open model) 1-59
2026-10-08 10:28:01,954 INFO o.a.j.t.JMeterThread: Thread is done: Tickets (open model) 1-60
2026-10-08 10:28:01,954 INFO o.a.j.t.JMeterThread: Thread finished: Tickets (open model) 1-60
2026-10-08 10:28:05,168 INFO o.a.j.t.JMeterThread: Thread is done: Tickets (open model) 1-61
2026-10-08 10:28:05,168 INFO o.a.j.t.JMeterThread: Thread finished: Tickets (open model) 1-61
2026-10-08 10:28:05,472 INFO o.a.j.t.JMeterThread: Thread started: Tickets (open model) 1-76
2026-10-08 10:28:07,444 INFO o.a.j.t.JMeterThread: Thread started: Tickets (open model) 1-77
2026-10-08 10:28:07,664 INFO o.a.j.t.JMeterThread: Thread started: Tickets (open model) 1-78
2026-10-08 10:28:08,033 INFO o.a.j.t.JMeterThread: Thread started: Tickets (open model) 1-79
2026-10-08 10:28:10,657 INFO o.a.j.t.JMeterThread: Thread started: Tickets (open model) 1-80
2026-10-08 10:28:13,436 INFO o.a.j.t.JMeterThread: Thread started: Tickets (open model) 1-81
2026-10-08 10:28:15,827 INFO o.a.j.t.JMeterThread: Thread is done: Tickets (open model) 1-62
2026-10-08 10:28:15,827 INFO o.a.j.t.JMeterThread: Thread finished: Tickets (open model) 1-62
2026-10-08 10:28:18,755 INFO o.a.j.t.JMeterThread: Thread started: Tickets (open model) 1-82
2026-10-08 10:28:23,765 INFO o.a.j.t.JMeterThread: Thread is done: Tickets (open model) 1-63
2026-10-08 10:28:23,766 INFO o.a.j.t.JMeterThread: Thread finished: Tickets (open model) 1-63
2026-10-08 10:28:34,663 INFO o.a.j.t.JMeterThread: Thread started: Tickets (open model) 1-83
2026-10-08 10:28:35,550 INFO o.a.j.t.JMeterThread: Thread started: Tickets (open model) 1-84
2026-10-08 10:28:35,972 INFO o.a.j.r.Summariser: summary +      5 in 00:00:35 =    0.1/s Avg: 118974 Min: 116963 Max: 120149 Err:     3 (60.00%) Active: 21 Started: 84 Finished: 63
2026-10-08 10:28:35,972 INFO o.a.j.r.Summariser: summary =     64 in 00:10:25 =    0.1/s Avg: 93523 Min: 22170 Max: 120188 Err:    29 (45.31%)
2026-10-08 10:28:35,973 INFO o.a.j.t.JMeterThread: Thread is done: Tickets (open model) 1-64
2026-10-08 10:28:35,973 INFO o.a.j.t.JMeterThread: Thread finished: Tickets (open model) 1-64
2026-10-08 10:28:42,799 INFO o.a.j.t.JMeterThread: Thread started: Tickets (open model) 1-85
2026-10-08 10:28:44,635 INFO o.a.j.t.JMeterThread: Thread started: Tickets (open model) 1-86
2026-10-08 10:28:47,717 INFO o.a.j.t.JMeterThread: Thread is done: Tickets (open model) 1-65
2026-10-08 10:28:47,717 INFO o.a.j.t.JMeterThread: Thread finished: Tickets (open model) 1-65
2026-10-08 10:28:50,761 INFO o.a.j.t.JMeterThread: Thread started: Tickets (open model) 1-87
2026-10-08 10:28:51,341 INFO o.a.j.t.JMeterThread: Thread started: Tickets (open model) 1-88
2026-10-08 10:29:00,359 INFO o.a.j.r.Summariser: summary +      2 in 00:00:24 =    0.1/s Avg: 112861 Min: 107896 Max: 117827 Err:     0 (0.00%) Active: 23 Started: 88 Finished: 65
2026-10-08 10:29:00,359 INFO o.a.j.r.Summariser: summary =     66 in 00:10:49 =    0.1/s Avg: 94109 Min: 22170 Max: 120188 Err:    29 (43.94%)
2026-10-08 10:29:00,359 INFO o.a.j.t.JMeterThread: Thread is done: Tickets (open model) 1-66
2026-10-08 10:29:00,359 INFO o.a.j.t.JMeterThread: Thread finished: Tickets (open model) 1-66
2026-10-08 10:29:08,583 INFO o.a.j.t.JMeterThread: Thread started: Tickets (open model) 1-89
2026-10-08 10:29:09,382 INFO o.a.j.t.JMeterThread: Thread is done: Tickets (open model) 1-67
2026-10-08 10:29:09,382 INFO o.a.j.t.JMeterThread: Thread finished: Tickets (open model) 1-67
2026-10-08 10:29:15,946 INFO o.a.j.t.JMeterThread: Thread is done: Tickets (open model) 1-68
2026-10-08 10:29:15,946 INFO o.a.j.t.JMeterThread: Thread finished: Tickets (open model) 1-68
2026-10-08 10:29:16,531 INFO o.a.j.t.JMeterThread: Thread is done: Tickets (open model) 1-69
2026-10-08 10:29:16,531 INFO o.a.j.t.JMeterThread: Thread finished: Tickets (open model) 1-69
2026-10-08 10:29:16,929 INFO o.a.j.t.JMeterThread: Thread is done: Tickets (open model) 1-70
2026-10-08 10:29:16,930 INFO o.a.j.t.JMeterThread: Thread finished: Tickets (open model) 1-70
2026-10-08 10:29:20,094 INFO o.a.j.t.JMeterThread: Thread is done: Tickets (open model) 1-71
2026-10-08 10:29:20,094 INFO o.a.j.t.JMeterThread: Thread finished: Tickets (open model) 1-71
2026-10-08 10:29:20,360 INFO o.a.j.t.JMeterThread: Thread started: Tickets (open model) 1-90
2026-10-08 10:29:26,253 INFO o.a.j.t.JMeterThread: Thread started: Tickets (open model) 1-91
2026-10-08 10:29:32,647 INFO o.a.j.t.JMeterThread: Thread started: Tickets (open model) 1-92
2026-10-08 10:29:33,647 INFO o.a.j.r.Summariser: summary +      6 in 00:00:33 =    0.2/s Avg: 120108 Min: 120026 Max: 120188 Err:     6 (100.00%) Active: 21 Started: 92 Finished: 71
2026-10-08 10:29:33,647 INFO o.a.j.r.Summariser: summary =     72 in 00:11:23 =    0.1/s Avg: 96276 Min: 22170 Max: 120188 Err:    35 (48.61%)
2026-10-08 10:29:33,648 INFO o.a.j.t.JMeterThread: Thread is done: Tickets (open model) 1-72
2026-10-08 10:29:33,648 INFO o.a.j.t.JMeterThread: Thread finished: Tickets (open model) 1-72
2026-10-08 10:29:40,759 INFO o.a.j.t.JMeterThread: Thread started: Tickets (open model) 1-93
2026-10-08 10:29:41,271 INFO o.a.j.t.JMeterThread: Thread started: Tickets (open model) 1-94
2026-10-08 10:29:43,478 INFO o.a.j.t.JMeterThread: Thread is done: Tickets (open model) 1-73
2026-10-08 10:29:43,478 INFO o.a.j.t.JMeterThread: Thread finished: Tickets (open model) 1-73
2026-10-08 10:29:49,845 INFO o.a.j.t.JMeterThread: Thread is done: Tickets (open model) 1-74
2026-10-08 10:29:49,845 INFO o.a.j.t.JMeterThread: Thread finished: Tickets (open model) 1-74
2026-10-08 10:29:51,228 INFO o.a.j.t.JMeterThread: Thread started: Tickets (open model) 1-95
2026-10-08 10:29:51,687 INFO o.a.j.t.JMeterThread: Thread started: Tickets (open model) 1-96
2026-10-08 10:29:52,708 INFO o.a.j.t.JMeterThread: Thread started: Tickets (open model) 1-97
2026-10-08 10:29:57,659 INFO o.a.j.t.JMeterThread: Thread is done: Tickets (open model) 1-75
2026-10-08 10:29:57,659 INFO o.a.j.t.JMeterThread: Thread finished: Tickets (open model) 1-75
2026-10-08 10:30:00,380 INFO o.a.j.t.JMeterThread: Thread started: Tickets (open model) 1-98
2026-10-08 10:30:05,597 INFO o.a.j.r.Summariser: summary +      4 in 00:00:32 =    0.1/s Avg: 120128 Min: 120117 Max: 120137 Err:     4 (100.00%) Active: 23 Started: 98 Finished: 75
2026-10-08 10:30:05,599 INFO o.a.j.r.Summariser: summary =     76 in 00:11:54 =    0.1/s Avg: 97531 Min: 22170 Max: 120188 Err:    39 (51.32%)
2026-10-08 10:30:05,599 INFO o.a.j.t.JMeterThread: Thread is done: Tickets (open model) 1-76
2026-10-08 10:30:05,599 INFO o.a.j.t.JMeterThread: Thread finished: Tickets (open model) 1-76
2026-10-08 10:30:07,480 INFO o.a.j.t.JMeterThread: Thread is done: Tickets (open model) 1-77
2026-10-08 10:30:07,482 INFO o.a.j.t.JMeterThread: Thread finished: Tickets (open model) 1-77
2026-10-08 10:30:07,722 INFO o.a.j.t.JMeterThread: Thread is done: Tickets (open model) 1-78
2026-10-08 10:30:07,722 INFO o.a.j.t.JMeterThread: Thread finished: Tickets (open model) 1-78
2026-10-08 10:30:08,158 INFO o.a.j.t.JMeterThread: Thread is done: Tickets (open model) 1-79
2026-10-08 10:30:08,158 INFO o.a.j.t.JMeterThread: Thread finished: Tickets (open model) 1-79
2026-10-08 10:30:09,594 INFO o.a.j.t.JMeterThread: Thread started: Tickets (open model) 1-99
2026-10-08 10:30:10,783 INFO o.a.j.t.JMeterThread: Thread is done: Tickets (open model) 1-80
2026-10-08 10:30:10,783 INFO o.a.j.t.JMeterThread: Thread finished: Tickets (open model) 1-80
2026-10-08 10:30:10,873 INFO o.a.j.t.o.EvenArrivalsRamp: Generating 0 events, beginRate = 0.0 / sec, endRate = 0.0 / sec, duration = 190.0 sec
2026-10-08 10:30:10,873 INFO o.a.j.t.JMeterThread: Thread started: Tickets (open model) 1-100
2026-10-08 10:30:10,873 INFO o.a.j.t.o.OpenModelThreadGroup: There will be no more events, so will wait for 190 sec till the end of the schedule
2026-10-08 10:30:13,565 INFO o.a.j.t.JMeterThread: Thread is done: Tickets (open model) 1-81
2026-10-08 10:30:13,565 INFO o.a.j.t.JMeterThread: Thread finished: Tickets (open model) 1-81
2026-10-08 10:30:18,888 INFO o.a.j.t.JMeterThread: Thread is done: Tickets (open model) 1-82
2026-10-08 10:30:18,888 INFO o.a.j.t.JMeterThread: Thread finished: Tickets (open model) 1-82
2026-10-08 10:30:34,802 INFO o.a.j.r.Summariser: summary +      7 in 00:00:29 =    0.2/s Avg: 120105 Min: 120036 Max: 120137 Err:     7 (100.00%) Active: 18 Started: 100 Finished: 82
2026-10-08 10:30:34,803 INFO o.a.j.r.Summariser: summary =     83 in 00:12:24 =    0.1/s Avg: 99435 Min: 22170 Max: 120188 Err:    46 (55.42%)
2026-10-08 10:30:34,803 INFO o.a.j.t.JMeterThread: Thread is done: Tickets (open model) 1-83
2026-10-08 10:30:34,803 INFO o.a.j.t.JMeterThread: Thread finished: Tickets (open model) 1-83
2026-10-08 10:30:35,622 INFO o.a.j.t.JMeterThread: Thread is done: Tickets (open model) 1-84
2026-10-08 10:30:35,622 INFO o.a.j.t.JMeterThread: Thread finished: Tickets (open model) 1-84
2026-10-08 10:30:42,935 INFO o.a.j.t.JMeterThread: Thread is done: Tickets (open model) 1-85
2026-10-08 10:30:42,935 INFO o.a.j.t.JMeterThread: Thread finished: Tickets (open model) 1-85
2026-10-08 10:30:44,762 INFO o.a.j.t.JMeterThread: Thread is done: Tickets (open model) 1-86
2026-10-08 10:30:44,762 INFO o.a.j.t.JMeterThread: Thread finished: Tickets (open model) 1-86
2026-10-08 10:30:50,883 INFO o.a.j.t.JMeterThread: Thread is done: Tickets (open model) 1-87
2026-10-08 10:30:50,883 INFO o.a.j.t.JMeterThread: Thread finished: Tickets (open model) 1-87
2026-10-08 10:30:51,474 INFO o.a.j.t.JMeterThread: Thread is done: Tickets (open model) 1-88
2026-10-08 10:30:51,474 INFO o.a.j.t.JMeterThread: Thread finished: Tickets (open model) 1-88
2026-10-08 10:30:59,976 INFO o.a.j.t.JMeterThread: Thread is done: Tickets (open model) 1-89
2026-10-08 10:30:59,976 INFO o.a.j.t.JMeterThread: Thread finished: Tickets (open model) 1-89
2026-10-08 10:31:14,135 INFO o.a.j.t.JMeterThread: Thread is done: Tickets (open model) 1-90
2026-10-08 10:31:14,135 INFO o.a.j.t.JMeterThread: Thread finished: Tickets (open model) 1-90
2026-10-08 10:31:23,423 INFO o.a.j.t.JMeterThread: Thread is done: Tickets (open model) 1-91
2026-10-08 10:31:23,423 INFO o.a.j.t.JMeterThread: Thread finished: Tickets (open model) 1-91
2026-10-08 10:31:31,040 INFO o.a.j.r.Summariser: summary +      9 in 00:00:56 =    0.2/s Avg: 117923 Min: 111390 Max: 120135 Err:     5 (55.56%) Active: 9 Started: 100 Finished: 91
2026-10-08 10:31:31,041 INFO o.a.j.r.Summariser: summary =     92 in 00:13:20 =    0.1/s Avg: 101244 Min: 22170 Max: 120188 Err:    51 (55.43%)
2026-10-08 10:31:31,041 INFO o.a.j.t.JMeterThread: Thread is done: Tickets (open model) 1-92
2026-10-08 10:31:31,041 INFO o.a.j.t.JMeterThread: Thread finished: Tickets (open model) 1-92
2026-10-08 10:31:40,880 INFO o.a.j.t.JMeterThread: Thread is done: Tickets (open model) 1-93
2026-10-08 10:31:40,880 INFO o.a.j.t.JMeterThread: Thread finished: Tickets (open model) 1-93
2026-10-08 10:31:41,393 INFO o.a.j.t.JMeterThread: Thread is done: Tickets (open model) 1-94
2026-10-08 10:31:41,394 INFO o.a.j.t.JMeterThread: Thread finished: Tickets (open model) 1-94
2026-10-08 10:31:51,354 INFO o.a.j.t.JMeterThread: Thread is done: Tickets (open model) 1-95
2026-10-08 10:31:51,354 INFO o.a.j.t.JMeterThread: Thread finished: Tickets (open model) 1-95
2026-10-08 10:31:51,817 INFO o.a.j.t.JMeterThread: Thread is done: Tickets (open model) 1-96
2026-10-08 10:31:51,817 INFO o.a.j.t.JMeterThread: Thread finished: Tickets (open model) 1-96
2026-10-08 10:31:52,837 INFO o.a.j.t.JMeterThread: Thread is done: Tickets (open model) 1-97
2026-10-08 10:31:52,837 INFO o.a.j.t.JMeterThread: Thread finished: Tickets (open model) 1-97
2026-10-08 10:32:00,518 INFO o.a.j.r.Summariser: summary +      6 in 00:00:29 =    0.2/s Avg: 120126 Min: 120119 Max: 120136 Err:     6 (100.00%) Active: 3 Started: 100 Finished: 97
2026-10-08 10:32:00,518 INFO o.a.j.r.Summariser: summary =     98 in 00:13:49 =    0.1/s Avg: 102400 Min: 22170 Max: 120188 Err:    57 (58.16%)
2026-10-08 10:32:00,518 INFO o.a.j.t.JMeterThread: Thread is done: Tickets (open model) 1-98
2026-10-08 10:32:00,518 INFO o.a.j.t.JMeterThread: Thread finished: Tickets (open model) 1-98
2026-10-08 10:32:09,726 INFO o.a.j.t.JMeterThread: Thread is done: Tickets (open model) 1-99
2026-10-08 10:32:09,727 INFO o.a.j.t.JMeterThread: Thread finished: Tickets (open model) 1-99
2026-10-08 10:32:10,957 INFO o.a.j.t.JMeterThread: Thread is done: Tickets (open model) 1-100
2026-10-08 10:32:10,957 INFO o.a.j.t.JMeterThread: Thread finished: Tickets (open model) 1-100
2026-10-08 10:33:20,926 INFO o.a.j.t.o.OpenModelThreadGroup: There will be no more events, will shutdown the thread pool
2026-10-08 10:33:20,926 INFO o.a.j.t.o.OpenModelThreadGroup: Thread starting done
2026-10-08 10:33:20,926 INFO o.a.j.e.StandardJMeterEngine: Notifying test listeners of end of test
2026-10-08 10:33:20,926 INFO o.a.j.s.FileServer: Close: C:\Users\Owen\Desktop\ICT3113_Assignment_1\jmeter\data\team_narratives.tsv
2026-10-08 10:33:20,930 INFO o.a.j.r.Summariser: summary +      2 in 00:01:20 =    0.0/s Avg: 120106 Min: 120082 Max: 120130 Err:     2 (100.00%) Active: 0 Started: 100 Finished: 100
2026-10-08 10:33:20,930 INFO o.a.j.r.Summariser: summary =    100 in 00:15:10 =    0.1/s Avg: 102754 Min: 22170 Max: 120188 Err:    59 (59.00%)
