2026-10-08 10:35:13,737 INFO o.a.j.u.JMeterUtils: Setting Locale to en_EN
2026-10-08 10:35:13,744 INFO o.a.j.JMeter: Loading user properties from: user.properties
2026-10-08 10:35:13,744 INFO o.a.j.JMeter: Loading system properties from: system.properties
2026-10-08 10:35:13,745 INFO o.a.j.JMeter: Loading additional properties from: C:\Users\Owen\Desktop\ICT3113_Assignment_1\jmeter\results.properties
2026-10-08 10:35:13,745 INFO o.a.j.JMeter: Setting JMeter property: host=192.168.1.170
2026-10-08 10:35:13,745 INFO o.a.j.JMeter: Setting JMeter property: port=8000
2026-10-08 10:35:13,745 INFO o.a.j.JMeter: Setting JMeter property: protocol=http
2026-10-08 10:35:13,746 INFO o.a.j.JMeter: Setting JMeter property: rate=500
2026-10-08 10:35:13,746 INFO o.a.j.JMeter: Setting JMeter property: duration_s=720
2026-10-08 10:35:13,746 INFO o.a.j.JMeter: Setting JMeter property: drain_s=190
2026-10-08 10:35:13,746 INFO o.a.j.JMeter: Setting JMeter property: search_schedule=pause(1s)
2026-10-08 10:35:13,747 INFO o.a.j.JMeter: Setting JMeter property: seed=311302
2026-10-08 10:35:13,747 INFO o.a.j.JMeter: Setting JMeter property: search_seed=311352
2026-10-08 10:35:13,747 INFO o.a.j.JMeter: Setting JMeter property: data_file=C:\Users\Owen\Desktop\ICT3113_Assignment_1\jmeter\data\team_narratives.tsv
2026-10-08 10:35:13,747 INFO o.a.j.JMeter: Setting JMeter property: search_file=C:\Users\Owen\Desktop\ICT3113_Assignment_1\jmeter\data\search_terms.txt
2026-10-08 10:35:13,747 INFO o.a.j.JMeter: Setting JMeter property: timeout_ms=180000
2026-10-08 10:35:13,751 INFO o.a.j.JMeter: Copyright (c) 1998-2024 The Apache Software Foundation
2026-10-08 10:35:13,751 INFO o.a.j.JMeter: Version 5.6.3
2026-10-08 10:35:13,751 INFO o.a.j.JMeter: java.version=1.8.0_333
2026-10-08 10:35:13,751 INFO o.a.j.JMeter: java.vm.name=Java HotSpot(TM) 64-Bit Server VM
2026-10-08 10:35:13,751 INFO o.a.j.JMeter: os.name=Windows 11
2026-10-08 10:35:13,751 INFO o.a.j.JMeter: os.arch=amd64
2026-10-08 10:35:13,751 INFO o.a.j.JMeter: os.version=10.0
2026-10-08 10:35:13,751 INFO o.a.j.JMeter: file.encoding=Cp1252
2026-10-08 10:35:13,751 INFO o.a.j.JMeter: java.awt.headless=true
2026-10-08 10:35:13,751 INFO o.a.j.JMeter: Max memory     =1073741824
2026-10-08 10:35:13,751 INFO o.a.j.JMeter: Available Processors =16
2026-10-08 10:35:13,753 INFO o.a.j.JMeter: Default Locale=English (EN)
2026-10-08 10:35:13,754 INFO o.a.j.JMeter: JMeter  Locale=English (EN)
2026-10-08 10:35:13,754 INFO o.a.j.JMeter: JMeterHome=C:\Users\Owen\Downloads\apache-jmeter-5.6.3\apache-jmeter-5.6.3
2026-10-08 10:35:13,754 INFO o.a.j.JMeter: user.dir  =C:\Users\Owen\Downloads\apache-jmeter-5.6.3\apache-jmeter-5.6.3\bin
2026-10-08 10:35:13,754 INFO o.a.j.JMeter: PWD       =C:\Users\Owen\Downloads\apache-jmeter-5.6.3\apache-jmeter-5.6.3\bin
2026-10-08 10:35:18,690 INFO o.a.j.JMeter: IP: 10.5.0.2 Name: DESKTOP-AK5RA9C FullName: DESKTOP-AK5RA9C
2026-10-08 10:35:18,702 INFO o.a.j.s.FileServer: Default base='C:\Users\Owen\Downloads\apache-jmeter-5.6.3\apache-jmeter-5.6.3\bin'
2026-10-08 10:35:18,703 INFO o.a.j.s.FileServer: Set new base='C:\Users\Owen\Desktop\ICT3113_Assignment_1\jmeter'
2026-10-08 10:35:18,785 INFO o.a.j.s.SaveService: Testplan (JMX) version: 2.2. Testlog (JTL) version: 2.2
2026-10-08 10:35:18,795 INFO o.a.j.s.SaveService: Using SaveService properties file encoding UTF-8
2026-10-08 10:35:18,798 INFO o.a.j.s.SaveService: Using SaveService properties version 5.0
2026-10-08 10:35:18,802 INFO o.a.j.s.SaveService: Loading file: C:\Users\Owen\Desktop\ICT3113_Assignment_1\jmeter\ticket_load_test.jmx
2026-10-08 10:35:18,846 INFO o.a.j.p.h.s.HTTPSamplerBase: Parser for text/html is org.apache.jmeter.protocol.http.parser.LagartoBasedHtmlParser
2026-10-08 10:35:18,847 INFO o.a.j.p.h.s.HTTPSamplerBase: Parser for application/xhtml+xml is org.apache.jmeter.protocol.http.parser.LagartoBasedHtmlParser
2026-10-08 10:35:18,847 INFO o.a.j.p.h.s.HTTPSamplerBase: Parser for application/xml is org.apache.jmeter.protocol.http.parser.LagartoBasedHtmlParser
2026-10-08 10:35:18,847 INFO o.a.j.p.h.s.HTTPSamplerBase: Parser for text/xml is org.apache.jmeter.protocol.http.parser.LagartoBasedHtmlParser
2026-10-08 10:35:18,847 INFO o.a.j.p.h.s.HTTPSamplerBase: Parser for text/vnd.wap.wml is org.apache.jmeter.protocol.http.parser.RegexpHTMLParser
2026-10-08 10:35:18,847 INFO o.a.j.p.h.s.HTTPSamplerBase: Parser for text/css is org.apache.jmeter.protocol.http.parser.CssParser
2026-10-08 10:35:19,002 INFO o.a.j.JMeter: Creating summariser <summary>
2026-10-08 10:35:19,012 INFO o.a.j.e.StandardJMeterEngine: Running the test!
2026-10-08 10:35:19,012 INFO o.a.j.s.SampleEvent: List of sample_variables: [request_id, ticket_row]
2026-10-08 10:35:19,012 INFO o.a.j.s.SampleEvent: List of sample_variables: [request_id, ticket_row]
2026-10-08 10:35:19,016 INFO o.a.j.e.u.CompoundVariable: Note: Function class names must contain the string: '.functions.'
2026-10-08 10:35:19,016 INFO o.a.j.e.u.CompoundVariable: Note: Function class names must not contain the string: '.gui.'
2026-10-08 10:35:19,186 INFO o.a.j.JMeter: Running test (1791426919186)
2026-10-08 10:35:19,212 INFO o.a.j.e.StandardJMeterEngine: Starting ThreadGroup: 1 : Tickets (open model)
2026-10-08 10:35:19,212 INFO o.a.j.e.StandardJMeterEngine: Starting 0 threads for group Tickets (open model).
2026-10-08 10:35:19,212 INFO o.a.j.e.StandardJMeterEngine: Thread will continue on error
2026-10-08 10:35:19,213 INFO o.a.j.t.o.OpenModelThreadGroup: Starting OpenModelThreadGroup#1 with schedule rate(500/hour) random_arrivals(720 s) pause(190 s)
2026-10-08 10:35:19,244 INFO o.a.j.e.StandardJMeterEngine: Starting ThreadGroup: 2 : Searches (open model)
2026-10-08 10:35:19,244 INFO o.a.j.e.StandardJMeterEngine: Starting 0 threads for group Searches (open model).
2026-10-08 10:35:19,244 INFO o.a.j.e.StandardJMeterEngine: Thread will continue on error
2026-10-08 10:35:19,244 INFO o.a.j.t.o.OpenModelThreadGroup: Starting OpenModelThreadGroup#2 with schedule pause(1s)
2026-10-08 10:35:19,244 INFO o.a.j.t.o.OpenModelThreadGroup: Thread starting init
2026-10-08 10:35:19,245 INFO o.a.j.e.StandardJMeterEngine: All thread groups have been started
2026-10-08 10:35:19,245 INFO o.a.j.t.o.OpenModelThreadGroup: Thread starting init
2026-10-08 10:35:19,247 INFO o.a.j.t.o.EvenArrivalsRamp: Generating 0 events, beginRate = 0.0 / sec, endRate = 0.0 / sec, duration = 1.0 sec
2026-10-08 10:35:19,247 INFO o.a.j.t.o.OpenModelThreadGroup: There will be no more events, so will wait for 0 sec till the end of the schedule
2026-10-08 10:35:19,248 INFO o.a.j.t.o.PoissonArrivalsRamp: Generating 100 events, beginRate = 0.1388888888888889 / sec, endRate = 0.1388888888888889 / sec, duration = 720.0 sec
2026-10-08 10:35:19,922 INFO o.a.j.t.JMeterThread: Thread started: Tickets (open model) 1-1
2026-10-08 10:35:19,923 INFO o.a.j.s.FileServer: Stored: C:\Users\Owen\Desktop\ICT3113_Assignment_1\jmeter\data\team_narratives.tsv
2026-10-08 10:35:19,943 INFO o.a.j.p.h.s.HTTPHCAbstractImpl: Local host = DESKTOP-AK5RA9C
2026-10-08 10:35:19,948 INFO o.a.j.p.h.s.HTTPHC4Impl: HTTP request retry count = 0
2026-10-08 10:35:19,949 INFO o.a.j.s.SampleResult: Note: Sample TimeStamps are START times
2026-10-08 10:35:19,950 INFO o.a.j.s.SampleResult: sampleresult.default.encoding is set to UTF-8
2026-10-08 10:35:19,950 INFO o.a.j.s.SampleResult: sampleresult.useNanoTime=true
2026-10-08 10:35:19,950 INFO o.a.j.s.SampleResult: sampleresult.nanoThreadSleep=5000
2026-10-08 10:35:20,015 INFO o.a.j.t.o.OpenModelThreadGroup: There will be no more events, will shutdown the thread pool
2026-10-08 10:35:20,015 INFO o.a.j.t.o.OpenModelThreadGroup: Thread starting done
2026-10-08 10:35:20,484 INFO o.a.j.t.JMeterThread: Thread started: Tickets (open model) 1-2
2026-10-08 10:35:27,763 INFO o.a.j.t.JMeterThread: Thread started: Tickets (open model) 1-3
2026-10-08 10:35:30,730 INFO o.a.j.t.JMeterThread: Thread started: Tickets (open model) 1-4
2026-10-08 10:35:37,476 INFO o.a.j.t.JMeterThread: Thread started: Tickets (open model) 1-5
2026-10-08 10:35:38,058 INFO o.a.j.t.JMeterThread: Thread started: Tickets (open model) 1-6
2026-10-08 10:35:41,580 INFO o.a.j.t.JMeterThread: Thread is done: Tickets (open model) 1-1
2026-10-08 10:35:41,581 INFO o.a.j.t.JMeterThread: Thread finished: Tickets (open model) 1-1
2026-10-08 10:35:48,861 INFO o.a.j.t.JMeterThread: Thread is done: Tickets (open model) 1-2
2026-10-08 10:35:48,861 INFO o.a.j.t.JMeterThread: Thread finished: Tickets (open model) 1-2
2026-10-08 10:36:00,694 INFO o.a.j.r.Summariser: summary +      3 in 00:00:42 =    0.1/s Avg: 27630 Min: 21590 Max: 32928 Err:     0 (0.00%) Active: 4 Started: 6 Finished: 2
2026-10-08 10:36:00,695 INFO o.a.j.t.JMeterThread: Thread is done: Tickets (open model) 1-3
2026-10-08 10:36:00,695 INFO o.a.j.t.JMeterThread: Thread finished: Tickets (open model) 1-3
2026-10-08 10:36:10,860 INFO o.a.j.t.JMeterThread: Thread started: Tickets (open model) 1-7
2026-10-08 10:36:18,816 INFO o.a.j.t.JMeterThread: Thread started: Tickets (open model) 1-8
2026-10-08 10:36:19,593 INFO o.a.j.t.JMeterThread: Thread started: Tickets (open model) 1-9
2026-10-08 10:36:20,559 INFO o.a.j.t.JMeterThread: Thread started: Tickets (open model) 1-10
2026-10-08 10:36:20,633 INFO o.a.j.t.JMeterThread: Thread started: Tickets (open model) 1-11
2026-10-08 10:36:20,746 INFO o.a.j.t.JMeterThread: Thread is done: Tickets (open model) 1-4
2026-10-08 10:36:20,746 INFO o.a.j.t.JMeterThread: Thread finished: Tickets (open model) 1-4
2026-10-08 10:36:24,505 INFO o.a.j.t.JMeterThread: Thread is done: Tickets (open model) 1-5
2026-10-08 10:36:24,505 INFO o.a.j.t.JMeterThread: Thread finished: Tickets (open model) 1-5
2026-10-08 10:36:31,452 INFO o.a.j.r.Summariser: summary +      3 in 00:00:31 =    0.1/s Avg: 50144 Min: 47027 Max: 53391 Err:     0 (0.00%) Active: 6 Started: 11 Finished: 5
2026-10-08 10:36:31,452 INFO o.a.j.r.Summariser: summary =      6 in 00:01:12 =    0.1/s Avg: 38887 Min: 21590 Max: 53391 Err:     0 (0.00%)
2026-10-08 10:36:31,452 INFO o.a.j.t.JMeterThread: Thread is done: Tickets (open model) 1-6
2026-10-08 10:36:31,452 INFO o.a.j.t.JMeterThread: Thread finished: Tickets (open model) 1-6
2026-10-08 10:36:32,737 INFO o.a.j.t.JMeterThread: Thread started: Tickets (open model) 1-12
2026-10-08 10:36:33,612 INFO o.a.j.t.JMeterThread: Thread started: Tickets (open model) 1-13
2026-10-08 10:36:36,455 INFO o.a.j.t.JMeterThread: Thread started: Tickets (open model) 1-14
2026-10-08 10:36:45,598 INFO o.a.j.t.JMeterThread: Thread started: Tickets (open model) 1-15
2026-10-08 10:36:46,599 INFO o.a.j.t.JMeterThread: Thread is done: Tickets (open model) 1-7
2026-10-08 10:36:46,599 INFO o.a.j.t.JMeterThread: Thread finished: Tickets (open model) 1-7
2026-10-08 10:36:52,690 INFO o.a.j.t.JMeterThread: Thread is done: Tickets (open model) 1-8
2026-10-08 10:36:52,690 INFO o.a.j.t.JMeterThread: Thread finished: Tickets (open model) 1-8
2026-10-08 10:37:01,294 INFO o.a.j.t.JMeterThread: Thread started: Tickets (open model) 1-16
2026-10-08 10:37:02,723 INFO o.a.j.r.Summariser: summary +      3 in 00:00:31 =    0.1/s Avg: 37579 Min: 33873 Max: 43128 Err:     0 (0.00%) Active: 8 Started: 16 Finished: 8
2026-10-08 10:37:02,724 INFO o.a.j.r.Summariser: summary =      9 in 00:01:44 =    0.1/s Avg: 38451 Min: 21590 Max: 53391 Err:     0 (0.00%)
2026-10-08 10:37:02,724 INFO o.a.j.t.JMeterThread: Thread is done: Tickets (open model) 1-9
2026-10-08 10:37:02,724 INFO o.a.j.t.JMeterThread: Thread finished: Tickets (open model) 1-9
2026-10-08 10:37:09,442 INFO o.a.j.t.JMeterThread: Thread started: Tickets (open model) 1-17
2026-10-08 10:37:10,401 INFO o.a.j.t.JMeterThread: Thread is done: Tickets (open model) 1-10
2026-10-08 10:37:10,401 INFO o.a.j.t.JMeterThread: Thread finished: Tickets (open model) 1-10
2026-10-08 10:37:12,879 INFO o.a.j.t.JMeterThread: Thread started: Tickets (open model) 1-18
2026-10-08 10:37:20,379 INFO o.a.j.t.JMeterThread: Thread started: Tickets (open model) 1-19
2026-10-08 10:37:24,059 INFO o.a.j.t.JMeterThread: Thread started: Tickets (open model) 1-20
2026-10-08 10:37:33,563 INFO o.a.j.t.JMeterThread: Thread started: Tickets (open model) 1-21
2026-10-08 10:37:33,881 INFO o.a.j.r.Summariser: summary +      2 in 00:00:31 =    0.1/s Avg: 61544 Min: 49841 Max: 73247 Err:     0 (0.00%) Active: 11 Started: 21 Finished: 10
2026-10-08 10:37:33,882 INFO o.a.j.r.Summariser: summary =     11 in 00:02:15 =    0.1/s Avg: 42650 Min: 21590 Max: 73247 Err:     0 (0.00%)
2026-10-08 10:37:33,882 INFO o.a.j.t.JMeterThread: Thread is done: Tickets (open model) 1-11
2026-10-08 10:37:33,882 INFO o.a.j.t.JMeterThread: Thread finished: Tickets (open model) 1-11
2026-10-08 10:37:39,443 INFO o.a.j.t.JMeterThread: Thread is done: Tickets (open model) 1-12
2026-10-08 10:37:39,443 INFO o.a.j.t.JMeterThread: Thread finished: Tickets (open model) 1-12
2026-10-08 10:37:48,891 INFO o.a.j.t.JMeterThread: Thread is done: Tickets (open model) 1-13
2026-10-08 10:37:48,891 INFO o.a.j.t.JMeterThread: Thread finished: Tickets (open model) 1-13
2026-10-08 10:37:51,700 INFO o.a.j.t.JMeterThread: Thread started: Tickets (open model) 1-22
2026-10-08 10:37:54,791 INFO o.a.j.t.JMeterThread: Thread is done: Tickets (open model) 1-14
2026-10-08 10:37:54,791 INFO o.a.j.t.JMeterThread: Thread finished: Tickets (open model) 1-14
2026-10-08 10:37:59,495 INFO o.a.j.t.JMeterThread: Thread started: Tickets (open model) 1-23
2026-10-08 10:38:04,459 INFO o.a.j.t.JMeterThread: Thread started: Tickets (open model) 1-24
2026-10-08 10:38:09,438 INFO o.a.j.t.JMeterThread: Thread is done: Tickets (open model) 1-15
2026-10-08 10:38:09,438 INFO o.a.j.t.JMeterThread: Thread finished: Tickets (open model) 1-15
2026-10-08 10:38:27,871 INFO o.a.j.t.JMeterThread: Thread is done: Tickets (open model) 1-16
2026-10-08 10:38:27,871 INFO o.a.j.t.JMeterThread: Thread finished: Tickets (open model) 1-16
2026-10-08 10:38:36,042 INFO o.a.j.t.JMeterThread: Thread is done: Tickets (open model) 1-17
2026-10-08 10:38:36,042 INFO o.a.j.t.JMeterThread: Thread finished: Tickets (open model) 1-17
2026-10-08 10:38:47,796 INFO o.a.j.t.JMeterThread: Thread started: Tickets (open model) 1-25
2026-10-08 10:38:51,404 INFO o.a.j.t.JMeterThread: Thread is done: Tickets (open model) 1-18
2026-10-08 10:38:51,404 INFO o.a.j.t.JMeterThread: Thread finished: Tickets (open model) 1-18
2026-10-08 10:39:00,208 INFO o.a.j.r.Summariser: summary +      8 in 00:01:26 =    0.1/s Avg: 84459 Min: 66705 Max: 99826 Err:     0 (0.00%) Active: 7 Started: 25 Finished: 18
2026-10-08 10:39:00,209 INFO o.a.j.r.Summariser: summary =     19 in 00:03:41 =    0.1/s Avg: 60254 Min: 21590 Max: 99826 Err:     0 (0.00%)
2026-10-08 10:39:00,209 INFO o.a.j.t.JMeterThread: Thread is done: Tickets (open model) 1-19
2026-10-08 10:39:00,209 INFO o.a.j.t.JMeterThread: Thread finished: Tickets (open model) 1-19
2026-10-08 10:39:00,646 INFO o.a.j.t.JMeterThread: Thread started: Tickets (open model) 1-26
2026-10-08 10:39:02,254 INFO o.a.j.t.JMeterThread: Thread started: Tickets (open model) 1-27
2026-10-08 10:39:05,900 INFO o.a.j.t.JMeterThread: Thread started: Tickets (open model) 1-28
2026-10-08 10:39:11,951 INFO o.a.j.t.JMeterThread: Thread started: Tickets (open model) 1-29
2026-10-08 10:39:15,149 INFO o.a.j.t.JMeterThread: Thread is done: Tickets (open model) 1-20
2026-10-08 10:39:15,149 INFO o.a.j.t.JMeterThread: Thread finished: Tickets (open model) 1-20
2026-10-08 10:39:20,502 INFO o.a.j.t.JMeterThread: Thread is done: Tickets (open model) 1-21
2026-10-08 10:39:20,502 INFO o.a.j.t.JMeterThread: Thread finished: Tickets (open model) 1-21
2026-10-08 10:39:20,519 INFO o.a.j.t.JMeterThread: Thread started: Tickets (open model) 1-30
2026-10-08 10:39:29,233 INFO o.a.j.t.JMeterThread: Thread started: Tickets (open model) 1-31
2026-10-08 10:39:32,873 INFO o.a.j.t.JMeterThread: Thread started: Tickets (open model) 1-32
2026-10-08 10:39:39,399 INFO o.a.j.t.JMeterThread: Thread started: Tickets (open model) 1-33
2026-10-08 10:39:43,210 INFO o.a.j.t.JMeterThread: Thread is done: Tickets (open model) 1-22
2026-10-08 10:39:43,210 INFO o.a.j.t.JMeterThread: Thread finished: Tickets (open model) 1-22
2026-10-08 10:39:45,371 INFO o.a.j.t.JMeterThread: Thread started: Tickets (open model) 1-34
2026-10-08 10:39:48,820 INFO o.a.j.t.JMeterThread: Thread started: Tickets (open model) 1-35
2026-10-08 10:39:51,734 INFO o.a.j.t.JMeterThread: Thread started: Tickets (open model) 1-36
2026-10-08 10:39:52,259 INFO o.a.j.t.JMeterThread: Thread started: Tickets (open model) 1-37
2026-10-08 10:39:52,571 INFO o.a.j.t.JMeterThread: Thread is done: Tickets (open model) 1-23
2026-10-08 10:39:52,571 INFO o.a.j.t.JMeterThread: Thread finished: Tickets (open model) 1-23
2026-10-08 10:39:57,311 INFO o.a.j.t.JMeterThread: Thread started: Tickets (open model) 1-38
2026-10-08 10:40:02,008 INFO o.a.j.r.Summariser: summary +      5 in 00:01:02 =    0.1/s Avg: 112031 Min: 106938 Max: 117547 Err:     0 (0.00%) Active: 15 Started: 38 Finished: 23
2026-10-08 10:40:02,008 INFO o.a.j.r.Summariser: summary =     24 in 00:04:43 =    0.1/s Avg: 71040 Min: 21590 Max: 117547 Err:     0 (0.00%)
2026-10-08 10:40:02,008 INFO o.a.j.t.JMeterThread: Thread is done: Tickets (open model) 1-24
2026-10-08 10:40:02,008 INFO o.a.j.t.JMeterThread: Thread finished: Tickets (open model) 1-24
2026-10-08 10:40:08,008 INFO o.a.j.t.JMeterThread: Thread started: Tickets (open model) 1-39
2026-10-08 10:40:14,597 INFO o.a.j.t.JMeterThread: Thread started: Tickets (open model) 1-40
2026-10-08 10:40:15,974 INFO o.a.j.t.JMeterThread: Thread is done: Tickets (open model) 1-25
2026-10-08 10:40:15,974 INFO o.a.j.t.JMeterThread: Thread finished: Tickets (open model) 1-25
2026-10-08 10:40:17,680 INFO o.a.j.t.JMeterThread: Thread started: Tickets (open model) 1-41
2026-10-08 10:40:20,515 INFO o.a.j.t.JMeterThread: Thread started: Tickets (open model) 1-42
2026-10-08 10:40:24,415 INFO o.a.j.t.JMeterThread: Thread started: Tickets (open model) 1-43
2026-10-08 10:40:39,408 INFO o.a.j.t.JMeterThread: Thread is done: Tickets (open model) 1-26
2026-10-08 10:40:39,408 INFO o.a.j.t.JMeterThread: Thread finished: Tickets (open model) 1-26
2026-10-08 10:40:40,832 INFO o.a.j.t.JMeterThread: Thread is done: Tickets (open model) 1-27
2026-10-08 10:40:40,832 INFO o.a.j.t.JMeterThread: Thread finished: Tickets (open model) 1-27
2026-10-08 10:40:41,947 INFO o.a.j.t.JMeterThread: Thread is done: Tickets (open model) 1-28
2026-10-08 10:40:41,947 INFO o.a.j.t.JMeterThread: Thread finished: Tickets (open model) 1-28
2026-10-08 10:40:50,329 INFO o.a.j.t.JMeterThread: Thread started: Tickets (open model) 1-44
2026-10-08 10:40:53,624 INFO o.a.j.t.JMeterThread: Thread is done: Tickets (open model) 1-29
2026-10-08 10:40:53,625 INFO o.a.j.t.JMeterThread: Thread finished: Tickets (open model) 1-29
2026-10-08 10:41:07,099 INFO o.a.j.t.JMeterThread: Thread started: Tickets (open model) 1-45
2026-10-08 10:41:10,746 INFO o.a.j.t.JMeterThread: Thread started: Tickets (open model) 1-46
2026-10-08 10:41:12,752 INFO o.a.j.t.JMeterThread: Thread started: Tickets (open model) 1-47
2026-10-08 10:41:18,896 INFO o.a.j.t.JMeterThread: Thread is done: Tickets (open model) 1-30
2026-10-08 10:41:18,896 INFO o.a.j.t.JMeterThread: Thread finished: Tickets (open model) 1-30
2026-10-08 10:41:19,250 INFO o.a.j.t.JMeterThread: Thread started: Tickets (open model) 1-48
2026-10-08 10:41:20,365 INFO o.a.j.t.JMeterThread: Thread started: Tickets (open model) 1-49
2026-10-08 10:41:24,500 INFO o.a.j.t.JMeterThread: Thread is done: Tickets (open model) 1-31
2026-10-08 10:41:24,500 INFO o.a.j.t.JMeterThread: Thread finished: Tickets (open model) 1-31
2026-10-08 10:41:30,546 INFO o.a.j.t.JMeterThread: Thread started: Tickets (open model) 1-50
2026-10-08 10:41:30,561 INFO o.a.j.t.JMeterThread: Thread started: Tickets (open model) 1-51
2026-10-08 10:41:32,896 INFO o.a.j.t.JMeterThread: Thread started: Tickets (open model) 1-52
2026-10-08 10:41:32,939 INFO o.a.j.r.Summariser: summary +      8 in 00:01:31 =    0.1/s Avg: 104616 Min: 88176 Max: 120064 Err:     1 (12.50%) Active: 21 Started: 52 Finished: 31
2026-10-08 10:41:32,940 INFO o.a.j.r.Summariser: summary =     32 in 00:06:14 =    0.1/s Avg: 79434 Min: 21590 Max: 120064 Err:     1 (3.12%)
2026-10-08 10:41:32,940 INFO o.a.j.t.JMeterThread: Thread is done: Tickets (open model) 1-32
2026-10-08 10:41:32,940 INFO o.a.j.t.JMeterThread: Thread finished: Tickets (open model) 1-32
2026-10-08 10:41:39,521 INFO o.a.j.t.JMeterThread: Thread is done: Tickets (open model) 1-33
2026-10-08 10:41:39,521 INFO o.a.j.t.JMeterThread: Thread finished: Tickets (open model) 1-33
2026-10-08 10:41:40,341 INFO o.a.j.t.JMeterThread: Thread started: Tickets (open model) 1-53
2026-10-08 10:41:43,333 INFO o.a.j.t.JMeterThread: Thread started: Tickets (open model) 1-54
2026-10-08 10:41:45,105 INFO o.a.j.t.JMeterThread: Thread started: Tickets (open model) 1-55
2026-10-08 10:41:45,496 INFO o.a.j.t.JMeterThread: Thread is done: Tickets (open model) 1-34
2026-10-08 10:41:45,496 INFO o.a.j.t.JMeterThread: Thread finished: Tickets (open model) 1-34
2026-10-08 10:41:48,950 INFO o.a.j.t.JMeterThread: Thread is done: Tickets (open model) 1-35
2026-10-08 10:41:48,951 INFO o.a.j.t.JMeterThread: Thread finished: Tickets (open model) 1-35
2026-10-08 10:41:51,887 INFO o.a.j.t.JMeterThread: Thread is done: Tickets (open model) 1-36
2026-10-08 10:41:51,887 INFO o.a.j.t.JMeterThread: Thread finished: Tickets (open model) 1-36
2026-10-08 10:41:52,413 INFO o.a.j.t.JMeterThread: Thread is done: Tickets (open model) 1-37
2026-10-08 10:41:52,414 INFO o.a.j.t.JMeterThread: Thread finished: Tickets (open model) 1-37
2026-10-08 10:41:57,351 INFO o.a.j.t.JMeterThread: Thread is done: Tickets (open model) 1-38
2026-10-08 10:41:57,351 INFO o.a.j.t.JMeterThread: Thread finished: Tickets (open model) 1-38
2026-10-08 10:42:08,060 INFO o.a.j.t.JMeterThread: Thread is done: Tickets (open model) 1-39
2026-10-08 10:42:08,060 INFO o.a.j.t.JMeterThread: Thread finished: Tickets (open model) 1-39
2026-10-08 10:42:14,730 INFO o.a.j.t.JMeterThread: Thread is done: Tickets (open model) 1-40
2026-10-08 10:42:14,730 INFO o.a.j.t.JMeterThread: Thread finished: Tickets (open model) 1-40
2026-10-08 10:42:15,585 INFO o.a.j.t.JMeterThread: Thread started: Tickets (open model) 1-56
2026-10-08 10:42:17,808 INFO o.a.j.t.JMeterThread: Thread is done: Tickets (open model) 1-41
2026-10-08 10:42:17,808 INFO o.a.j.t.JMeterThread: Thread finished: Tickets (open model) 1-41
2026-10-08 10:42:20,552 INFO o.a.j.t.JMeterThread: Thread is done: Tickets (open model) 1-42
2026-10-08 10:42:20,553 INFO o.a.j.t.JMeterThread: Thread finished: Tickets (open model) 1-42
2026-10-08 10:42:24,476 INFO o.a.j.t.JMeterThread: Thread started: Tickets (open model) 1-57
2026-10-08 10:42:24,513 INFO o.a.j.t.JMeterThread: Thread is done: Tickets (open model) 1-43
2026-10-08 10:42:24,513 INFO o.a.j.t.JMeterThread: Thread finished: Tickets (open model) 1-43
2026-10-08 10:42:33,639 INFO o.a.j.t.JMeterThread: Thread started: Tickets (open model) 1-58
2026-10-08 10:42:36,813 INFO o.a.j.t.JMeterThread: Thread is done: Tickets (open model) 1-44
2026-10-08 10:42:36,813 INFO o.a.j.t.JMeterThread: Thread finished: Tickets (open model) 1-44
2026-10-08 10:42:44,127 INFO o.a.j.t.JMeterThread: Thread started: Tickets (open model) 1-59
2026-10-08 10:42:49,049 INFO o.a.j.t.JMeterThread: Thread is done: Tickets (open model) 1-45
2026-10-08 10:42:49,049 INFO o.a.j.t.JMeterThread: Thread finished: Tickets (open model) 1-45
2026-10-08 10:42:49,098 INFO o.a.j.t.JMeterThread: Thread started: Tickets (open model) 1-60
2026-10-08 10:42:50,896 INFO o.a.j.t.JMeterThread: Thread started: Tickets (open model) 1-61
2026-10-08 10:43:02,379 INFO o.a.j.t.JMeterThread: Thread started: Tickets (open model) 1-62
2026-10-08 10:43:03,206 INFO o.a.j.r.Summariser: summary +     14 in 00:01:30 =    0.2/s Avg: 117288 Min: 101948 Max: 120153 Err:    11 (78.57%) Active: 17 Started: 62 Finished: 45
2026-10-08 10:43:03,206 INFO o.a.j.r.Summariser: summary =     46 in 00:07:44 =    0.1/s Avg: 90955 Min: 21590 Max: 120153 Err:    12 (26.09%)
2026-10-08 10:43:03,208 INFO o.a.j.t.JMeterThread: Thread is done: Tickets (open model) 1-46
2026-10-08 10:43:03,208 INFO o.a.j.t.JMeterThread: Thread finished: Tickets (open model) 1-46
2026-10-08 10:43:09,582 INFO o.a.j.t.JMeterThread: Thread started: Tickets (open model) 1-63
2026-10-08 10:43:09,987 INFO o.a.j.t.JMeterThread: Thread started: Tickets (open model) 1-64
2026-10-08 10:43:12,892 INFO o.a.j.t.JMeterThread: Thread is done: Tickets (open model) 1-47
2026-10-08 10:43:12,892 INFO o.a.j.t.JMeterThread: Thread finished: Tickets (open model) 1-47
2026-10-08 10:43:14,394 INFO o.a.j.t.JMeterThread: Thread started: Tickets (open model) 1-65
2026-10-08 10:43:16,626 INFO o.a.j.t.JMeterThread: Thread started: Tickets (open model) 1-66
2026-10-08 10:43:19,369 INFO o.a.j.t.JMeterThread: Thread is done: Tickets (open model) 1-48
2026-10-08 10:43:19,369 INFO o.a.j.t.JMeterThread: Thread finished: Tickets (open model) 1-48
2026-10-08 10:43:20,419 INFO o.a.j.t.JMeterThread: Thread is done: Tickets (open model) 1-49
2026-10-08 10:43:20,420 INFO o.a.j.t.JMeterThread: Thread finished: Tickets (open model) 1-49
2026-10-08 10:43:24,582 INFO o.a.j.t.JMeterThread: Thread started: Tickets (open model) 1-67
2026-10-08 10:43:30,665 INFO o.a.j.r.Summariser: summary +      4 in 00:00:27 =    0.1/s Avg: 120106 Min: 120052 Max: 120138 Err:     4 (100.00%) Active: 18 Started: 67 Finished: 49
2026-10-08 10:43:30,666 INFO o.a.j.r.Summariser: summary =     50 in 00:08:11 =    0.1/s Avg: 93287 Min: 21590 Max: 120153 Err:    16 (32.00%)
2026-10-08 10:43:30,666 INFO o.a.j.t.JMeterThread: Thread is done: Tickets (open model) 1-50
2026-10-08 10:43:30,666 INFO o.a.j.t.JMeterThread: Thread finished: Tickets (open model) 1-50
2026-10-08 10:43:30,666 INFO o.a.j.t.JMeterThread: Thread is done: Tickets (open model) 1-51
2026-10-08 10:43:30,666 INFO o.a.j.t.JMeterThread: Thread finished: Tickets (open model) 1-51
2026-10-08 10:43:33,027 INFO o.a.j.t.JMeterThread: Thread is done: Tickets (open model) 1-52
2026-10-08 10:43:33,027 INFO o.a.j.t.JMeterThread: Thread finished: Tickets (open model) 1-52
2026-10-08 10:43:40,467 INFO o.a.j.t.JMeterThread: Thread is done: Tickets (open model) 1-53
2026-10-08 10:43:40,467 INFO o.a.j.t.JMeterThread: Thread finished: Tickets (open model) 1-53
2026-10-08 10:43:41,618 INFO o.a.j.t.JMeterThread: Thread started: Tickets (open model) 1-68
2026-10-08 10:43:43,466 INFO o.a.j.t.JMeterThread: Thread is done: Tickets (open model) 1-54
2026-10-08 10:43:43,467 INFO o.a.j.t.JMeterThread: Thread finished: Tickets (open model) 1-54
2026-10-08 10:43:45,182 INFO o.a.j.t.JMeterThread: Thread is done: Tickets (open model) 1-55
2026-10-08 10:43:45,182 INFO o.a.j.t.JMeterThread: Thread finished: Tickets (open model) 1-55
2026-10-08 10:43:47,908 INFO o.a.j.t.JMeterThread: Thread started: Tickets (open model) 1-69
2026-10-08 10:43:49,431 INFO o.a.j.t.JMeterThread: Thread started: Tickets (open model) 1-70
2026-10-08 10:43:51,768 INFO o.a.j.t.JMeterThread: Thread started: Tickets (open model) 1-71
2026-10-08 10:44:02,356 INFO o.a.j.t.JMeterThread: Thread started: Tickets (open model) 1-72
2026-10-08 10:44:05,299 INFO o.a.j.r.Summariser: summary +      6 in 00:00:35 =    0.2/s Avg: 118379 Min: 109712 Max: 120132 Err:     5 (83.33%) Active: 17 Started: 72 Finished: 55
2026-10-08 10:44:05,300 INFO o.a.j.r.Summariser: summary =     56 in 00:08:46 =    0.1/s Avg: 95976 Min: 21590 Max: 120153 Err:    21 (37.50%)
2026-10-08 10:44:05,300 INFO o.a.j.t.JMeterThread: Thread is done: Tickets (open model) 1-56
2026-10-08 10:44:05,300 INFO o.a.j.t.JMeterThread: Thread finished: Tickets (open model) 1-56
2026-10-08 10:44:08,129 INFO o.a.j.t.JMeterThread: Thread started: Tickets (open model) 1-73
2026-10-08 10:44:13,342 INFO o.a.j.t.JMeterThread: Thread is done: Tickets (open model) 1-57
2026-10-08 10:44:13,342 INFO o.a.j.t.JMeterThread: Thread finished: Tickets (open model) 1-57
2026-10-08 10:44:19,622 INFO o.a.j.t.JMeterThread: Thread started: Tickets (open model) 1-74
2026-10-08 10:44:19,906 INFO o.a.j.t.JMeterThread: Thread started: Tickets (open model) 1-75
2026-10-08 10:44:20,093 INFO o.a.j.t.JMeterThread: Thread started: Tickets (open model) 1-76
2026-10-08 10:44:27,571 INFO o.a.j.t.JMeterThread: Thread started: Tickets (open model) 1-77
2026-10-08 10:44:28,631 INFO o.a.j.t.JMeterThread: Thread started: Tickets (open model) 1-78
2026-10-08 10:44:33,765 INFO o.a.j.r.Summariser: summary +      2 in 00:00:28 =    0.1/s Avg: 114494 Min: 108864 Max: 120125 Err:     1 (50.00%) Active: 21 Started: 78 Finished: 57
2026-10-08 10:44:33,765 INFO o.a.j.r.Summariser: summary =     58 in 00:09:15 =    0.1/s Avg: 96614 Min: 21590 Max: 120153 Err:    22 (37.93%)
2026-10-08 10:44:33,765 INFO o.a.j.t.JMeterThread: Thread is done: Tickets (open model) 1-58
2026-10-08 10:44:33,766 INFO o.a.j.t.JMeterThread: Thread finished: Tickets (open model) 1-58
2026-10-08 10:44:44,260 INFO o.a.j.t.JMeterThread: Thread is done: Tickets (open model) 1-59
2026-10-08 10:44:44,260 INFO o.a.j.t.JMeterThread: Thread finished: Tickets (open model) 1-59
2026-10-08 10:44:49,226 INFO o.a.j.t.JMeterThread: Thread is done: Tickets (open model) 1-60
2026-10-08 10:44:49,226 INFO o.a.j.t.JMeterThread: Thread finished: Tickets (open model) 1-60
2026-10-08 10:44:50,681 INFO o.a.j.t.JMeterThread: Thread started: Tickets (open model) 1-79
2026-10-08 10:44:50,932 INFO o.a.j.t.JMeterThread: Thread is done: Tickets (open model) 1-61
2026-10-08 10:44:50,932 INFO o.a.j.t.JMeterThread: Thread finished: Tickets (open model) 1-61
2026-10-08 10:44:56,302 INFO o.a.j.t.JMeterThread: Thread started: Tickets (open model) 1-80
2026-10-08 10:44:59,102 INFO o.a.j.t.JMeterThread: Thread is done: Tickets (open model) 1-62
2026-10-08 10:44:59,102 INFO o.a.j.t.JMeterThread: Thread finished: Tickets (open model) 1-62
2026-10-08 10:45:09,671 INFO o.a.j.t.JMeterThread: Thread is done: Tickets (open model) 1-63
2026-10-08 10:45:09,671 INFO o.a.j.t.JMeterThread: Thread finished: Tickets (open model) 1-63
2026-10-08 10:45:10,120 INFO o.a.j.t.JMeterThread: Thread is done: Tickets (open model) 1-64
2026-10-08 10:45:10,120 INFO o.a.j.t.JMeterThread: Thread finished: Tickets (open model) 1-64
2026-10-08 10:45:14,528 INFO o.a.j.t.JMeterThread: Thread is done: Tickets (open model) 1-65
2026-10-08 10:45:14,528 INFO o.a.j.t.JMeterThread: Thread finished: Tickets (open model) 1-65
2026-10-08 10:45:16,749 INFO o.a.j.t.JMeterThread: Thread is done: Tickets (open model) 1-66
2026-10-08 10:45:16,749 INFO o.a.j.t.JMeterThread: Thread finished: Tickets (open model) 1-66
2026-10-08 10:45:20,740 INFO o.a.j.t.JMeterThread: Thread started: Tickets (open model) 1-81
2026-10-08 10:45:22,153 INFO o.a.j.t.JMeterThread: Thread started: Tickets (open model) 1-82
2026-10-08 10:45:22,917 INFO o.a.j.t.JMeterThread: Thread started: Tickets (open model) 1-83
2026-10-08 10:45:24,688 INFO o.a.j.t.JMeterThread: Thread is done: Tickets (open model) 1-67
2026-10-08 10:45:24,688 INFO o.a.j.t.JMeterThread: Thread finished: Tickets (open model) 1-67
2026-10-08 10:45:27,052 INFO o.a.j.t.JMeterThread: Thread started: Tickets (open model) 1-84
2026-10-08 10:45:31,936 INFO o.a.j.t.JMeterThread: Thread started: Tickets (open model) 1-85
2026-10-08 10:45:38,883 INFO o.a.j.t.JMeterThread: Thread is done: Tickets (open model) 1-68
2026-10-08 10:45:38,883 INFO o.a.j.t.JMeterThread: Thread finished: Tickets (open model) 1-68
2026-10-08 10:45:40,948 INFO o.a.j.t.JMeterThread: Thread started: Tickets (open model) 1-86
2026-10-08 10:45:48,036 INFO o.a.j.t.JMeterThread: Thread is done: Tickets (open model) 1-69
2026-10-08 10:45:48,037 INFO o.a.j.t.JMeterThread: Thread finished: Tickets (open model) 1-69
2026-10-08 10:45:48,635 INFO o.a.j.t.JMeterThread: Thread started: Tickets (open model) 1-87
2026-10-08 10:45:49,472 INFO o.a.j.t.JMeterThread: Thread is done: Tickets (open model) 1-70
2026-10-08 10:45:49,473 INFO o.a.j.t.JMeterThread: Thread finished: Tickets (open model) 1-70
2026-10-08 10:45:50,889 INFO o.a.j.t.JMeterThread: Thread started: Tickets (open model) 1-88
2026-10-08 10:45:51,898 INFO o.a.j.t.JMeterThread: Thread is done: Tickets (open model) 1-71
2026-10-08 10:45:51,898 INFO o.a.j.t.JMeterThread: Thread finished: Tickets (open model) 1-71
2026-10-08 10:45:57,839 INFO o.a.j.t.JMeterThread: Thread started: Tickets (open model) 1-89
2026-10-08 10:46:01,900 INFO o.a.j.t.JMeterThread: Thread started: Tickets (open model) 1-90
2026-10-08 10:46:02,479 INFO o.a.j.r.Summariser: summary +     14 in 00:01:29 =    0.2/s Avg: 119661 Min: 116722 Max: 120132 Err:    12 (85.71%) Active: 19 Started: 90 Finished: 71
2026-10-08 10:46:02,479 INFO o.a.j.r.Summariser: summary =     72 in 00:10:43 =    0.1/s Avg: 101096 Min: 21590 Max: 120153 Err:    34 (47.22%)
2026-10-08 10:46:02,480 INFO o.a.j.t.JMeterThread: Thread is done: Tickets (open model) 1-72
2026-10-08 10:46:02,480 INFO o.a.j.t.JMeterThread: Thread finished: Tickets (open model) 1-72
2026-10-08 10:46:04,366 INFO o.a.j.t.JMeterThread: Thread started: Tickets (open model) 1-91
2026-10-08 10:46:08,268 INFO o.a.j.t.JMeterThread: Thread is done: Tickets (open model) 1-73
2026-10-08 10:46:08,268 INFO o.a.j.t.JMeterThread: Thread finished: Tickets (open model) 1-73
2026-10-08 10:46:16,015 INFO o.a.j.t.JMeterThread: Thread started: Tickets (open model) 1-92
2026-10-08 10:46:18,441 INFO o.a.j.t.JMeterThread: Thread started: Tickets (open model) 1-93
2026-10-08 10:46:19,714 INFO o.a.j.t.JMeterThread: Thread is done: Tickets (open model) 1-74
2026-10-08 10:46:19,714 INFO o.a.j.t.JMeterThread: Thread finished: Tickets (open model) 1-74
2026-10-08 10:46:19,749 INFO o.a.j.t.JMeterThread: Thread started: Tickets (open model) 1-94
2026-10-08 10:46:20,055 INFO o.a.j.t.JMeterThread: Thread is done: Tickets (open model) 1-75
2026-10-08 10:46:20,055 INFO o.a.j.t.JMeterThread: Thread finished: Tickets (open model) 1-75
2026-10-08 10:46:20,244 INFO o.a.j.t.JMeterThread: Thread is done: Tickets (open model) 1-76
2026-10-08 10:46:20,244 INFO o.a.j.t.JMeterThread: Thread finished: Tickets (open model) 1-76
2026-10-08 10:46:27,620 INFO o.a.j.t.JMeterThread: Thread is done: Tickets (open model) 1-77
2026-10-08 10:46:27,620 INFO o.a.j.t.JMeterThread: Thread finished: Tickets (open model) 1-77
2026-10-08 10:46:28,765 INFO o.a.j.t.JMeterThread: Thread is done: Tickets (open model) 1-78
2026-10-08 10:46:28,765 INFO o.a.j.t.JMeterThread: Thread finished: Tickets (open model) 1-78
2026-10-08 10:46:34,037 INFO o.a.j.t.JMeterThread: Thread started: Tickets (open model) 1-95
2026-10-08 10:46:37,742 INFO o.a.j.t.JMeterThread: Thread started: Tickets (open model) 1-96
2026-10-08 10:46:47,531 INFO o.a.j.t.JMeterThread: Thread started: Tickets (open model) 1-97
2026-10-08 10:46:49,183 INFO o.a.j.t.JMeterThread: Thread started: Tickets (open model) 1-98
2026-10-08 10:46:50,814 INFO o.a.j.t.JMeterThread: Thread is done: Tickets (open model) 1-79
2026-10-08 10:46:50,814 INFO o.a.j.t.JMeterThread: Thread finished: Tickets (open model) 1-79
2026-10-08 10:46:56,436 INFO o.a.j.t.JMeterThread: Thread is done: Tickets (open model) 1-80
2026-10-08 10:46:56,436 INFO o.a.j.t.JMeterThread: Thread finished: Tickets (open model) 1-80
2026-10-08 10:46:59,728 INFO o.a.j.t.JMeterThread: Thread started: Tickets (open model) 1-99
2026-10-08 10:47:12,132 INFO o.a.j.t.JMeterThread: Thread started: Tickets (open model) 1-100
2026-10-08 10:47:12,132 INFO o.a.j.t.o.EvenArrivalsRamp: Generating 0 events, beginRate = 0.0 / sec, endRate = 0.0 / sec, duration = 190.0 sec
2026-10-08 10:47:12,132 INFO o.a.j.t.o.OpenModelThreadGroup: There will be no more events, so will wait for 196 sec till the end of the schedule
2026-10-08 10:47:14,133 INFO o.a.j.t.JMeterThread: Thread is done: Tickets (open model) 1-81
2026-10-08 10:47:14,134 INFO o.a.j.t.JMeterThread: Thread finished: Tickets (open model) 1-81
2026-10-08 10:47:22,197 INFO o.a.j.t.JMeterThread: Thread is done: Tickets (open model) 1-82
2026-10-08 10:47:22,197 INFO o.a.j.t.JMeterThread: Thread finished: Tickets (open model) 1-82
2026-10-08 10:47:23,064 INFO o.a.j.t.JMeterThread: Thread is done: Tickets (open model) 1-83
2026-10-08 10:47:23,064 INFO o.a.j.t.JMeterThread: Thread finished: Tickets (open model) 1-83
2026-10-08 10:47:27,095 INFO o.a.j.t.JMeterThread: Thread is done: Tickets (open model) 1-84
2026-10-08 10:47:27,095 INFO o.a.j.t.JMeterThread: Thread finished: Tickets (open model) 1-84
2026-10-08 10:47:32,075 INFO o.a.j.r.Summariser: summary +     13 in 00:01:30 =    0.1/s Avg: 119594 Min: 113392 Max: 120149 Err:    12 (92.31%) Active: 16 Started: 100 Finished: 84
2026-10-08 10:47:32,076 INFO o.a.j.r.Summariser: summary =     85 in 00:12:13 =    0.1/s Avg: 103925 Min: 21590 Max: 120153 Err:    46 (54.12%)
2026-10-08 10:47:32,076 INFO o.a.j.t.JMeterThread: Thread is done: Tickets (open model) 1-85
2026-10-08 10:47:32,076 INFO o.a.j.t.JMeterThread: Thread finished: Tickets (open model) 1-85
2026-10-08 10:47:41,077 INFO o.a.j.t.JMeterThread: Thread is done: Tickets (open model) 1-86
2026-10-08 10:47:41,077 INFO o.a.j.t.JMeterThread: Thread finished: Tickets (open model) 1-86
2026-10-08 10:47:48,736 INFO o.a.j.t.JMeterThread: Thread is done: Tickets (open model) 1-87
2026-10-08 10:47:48,736 INFO o.a.j.t.JMeterThread: Thread finished: Tickets (open model) 1-87
2026-10-08 10:47:51,024 INFO o.a.j.t.JMeterThread: Thread is done: Tickets (open model) 1-88
2026-10-08 10:47:51,024 INFO o.a.j.t.JMeterThread: Thread finished: Tickets (open model) 1-88
2026-10-08 10:47:57,020 INFO o.a.j.t.JMeterThread: Thread is done: Tickets (open model) 1-89
2026-10-08 10:47:57,020 INFO o.a.j.t.JMeterThread: Thread finished: Tickets (open model) 1-89
2026-10-08 10:48:02,020 INFO o.a.j.r.Summariser: summary +      5 in 00:00:30 =    0.2/s Avg: 119931 Min: 119180 Max: 120133 Err:     4 (80.00%) Active: 11 Started: 100 Finished: 89
2026-10-08 10:48:02,021 INFO o.a.j.r.Summariser: summary =     90 in 00:12:43 =    0.1/s Avg: 104814 Min: 21590 Max: 120153 Err:    50 (55.56%)
2026-10-08 10:48:02,021 INFO o.a.j.t.JMeterThread: Thread is done: Tickets (open model) 1-90
2026-10-08 10:48:02,021 INFO o.a.j.t.JMeterThread: Thread finished: Tickets (open model) 1-90
2026-10-08 10:48:04,490 INFO o.a.j.t.JMeterThread: Thread is done: Tickets (open model) 1-91
2026-10-08 10:48:04,490 INFO o.a.j.t.JMeterThread: Thread finished: Tickets (open model) 1-91
2026-10-08 10:48:16,149 INFO o.a.j.t.JMeterThread: Thread is done: Tickets (open model) 1-92
2026-10-08 10:48:16,150 INFO o.a.j.t.JMeterThread: Thread finished: Tickets (open model) 1-92
2026-10-08 10:48:18,583 INFO o.a.j.t.JMeterThread: Thread is done: Tickets (open model) 1-93
2026-10-08 10:48:18,583 INFO o.a.j.t.JMeterThread: Thread finished: Tickets (open model) 1-93
2026-10-08 10:48:19,858 INFO o.a.j.t.JMeterThread: Thread is done: Tickets (open model) 1-94
2026-10-08 10:48:19,859 INFO o.a.j.t.JMeterThread: Thread finished: Tickets (open model) 1-94
2026-10-08 10:48:34,168 INFO o.a.j.r.Summariser: summary +      5 in 00:00:32 =    0.2/s Avg: 120126 Min: 120108 Max: 120140 Err:     5 (100.00%) Active: 6 Started: 100 Finished: 94
2026-10-08 10:48:34,169 INFO o.a.j.r.Summariser: summary =     95 in 00:13:15 =    0.1/s Avg: 105620 Min: 21590 Max: 120153 Err:    55 (57.89%)
2026-10-08 10:48:34,169 INFO o.a.j.t.JMeterThread: Thread is done: Tickets (open model) 1-95
2026-10-08 10:48:34,169 INFO o.a.j.t.JMeterThread: Thread finished: Tickets (open model) 1-95
2026-10-08 10:48:37,884 INFO o.a.j.t.JMeterThread: Thread is done: Tickets (open model) 1-96
2026-10-08 10:48:37,884 INFO o.a.j.t.JMeterThread: Thread finished: Tickets (open model) 1-96
2026-10-08 10:48:47,661 INFO o.a.j.t.JMeterThread: Thread is done: Tickets (open model) 1-97
2026-10-08 10:48:47,661 INFO o.a.j.t.JMeterThread: Thread finished: Tickets (open model) 1-97
2026-10-08 10:48:49,267 INFO o.a.j.t.JMeterThread: Thread is done: Tickets (open model) 1-98
2026-10-08 10:48:49,267 INFO o.a.j.t.JMeterThread: Thread finished: Tickets (open model) 1-98
2026-10-08 10:48:59,856 INFO o.a.j.t.JMeterThread: Thread is done: Tickets (open model) 1-99
2026-10-08 10:48:59,856 INFO o.a.j.t.JMeterThread: Thread finished: Tickets (open model) 1-99
2026-10-08 10:49:11,160 INFO o.a.j.t.JMeterThread: Thread is done: Tickets (open model) 1-100
2026-10-08 10:49:11,160 INFO o.a.j.t.JMeterThread: Thread finished: Tickets (open model) 1-100
2026-10-08 10:50:29,019 INFO o.a.j.t.o.OpenModelThreadGroup: There will be no more events, will shutdown the thread pool
2026-10-08 10:50:29,019 INFO o.a.j.t.o.OpenModelThreadGroup: Thread starting done
2026-10-08 10:50:29,019 INFO o.a.j.e.StandardJMeterEngine: Notifying test listeners of end of test
2026-10-08 10:50:29,019 INFO o.a.j.s.FileServer: Close: C:\Users\Owen\Desktop\ICT3113_Assignment_1\jmeter\data\team_narratives.tsv
2026-10-08 10:50:29,020 INFO o.a.j.r.Summariser: summary +      5 in 00:01:55 =    0.0/s Avg: 119900 Min: 119025 Max: 120140 Err:     4 (80.00%) Active: 0 Started: 100 Finished: 100
2026-10-08 10:50:29,021 INFO o.a.j.r.Summariser: summary =    100 in 00:15:10 =    0.1/s Avg: 106334 Min: 21590 Max: 120153 Err:    59 (59.00%)
