2026-10-07 20:08:30,982 INFO o.a.j.u.JMeterUtils: Setting Locale to en_EN
2026-10-07 20:08:30,989 INFO o.a.j.JMeter: Loading user properties from: user.properties
2026-10-07 20:08:30,989 INFO o.a.j.JMeter: Loading system properties from: system.properties
2026-10-07 20:08:30,989 INFO o.a.j.JMeter: Loading additional properties from: C:\Users\Owen\Desktop\ICT3113_Assignment_1\jmeter\results.properties
2026-10-07 20:08:30,989 INFO o.a.j.JMeter: Setting JMeter property: host=192.168.1.170
2026-10-07 20:08:30,990 INFO o.a.j.JMeter: Setting JMeter property: port=8000
2026-10-07 20:08:30,990 INFO o.a.j.JMeter: Setting JMeter property: protocol=http
2026-10-07 20:08:30,990 INFO o.a.j.JMeter: Setting JMeter property: rate=125
2026-10-07 20:08:30,991 INFO o.a.j.JMeter: Setting JMeter property: duration_s=720
2026-10-07 20:08:30,991 INFO o.a.j.JMeter: Setting JMeter property: drain_s=190
2026-10-07 20:08:30,991 INFO o.a.j.JMeter: Setting JMeter property: search_schedule=pause(1s)
2026-10-07 20:08:30,991 INFO o.a.j.JMeter: Setting JMeter property: seed=311302
2026-10-07 20:08:30,991 INFO o.a.j.JMeter: Setting JMeter property: search_seed=311352
2026-10-07 20:08:30,991 INFO o.a.j.JMeter: Setting JMeter property: data_file=C:\Users\Owen\Desktop\ICT3113_Assignment_1\jmeter\data\team_narratives.tsv
2026-10-07 20:08:30,991 INFO o.a.j.JMeter: Setting JMeter property: search_file=C:\Users\Owen\Desktop\ICT3113_Assignment_1\jmeter\data\search_terms.txt
2026-10-07 20:08:30,991 INFO o.a.j.JMeter: Setting JMeter property: timeout_ms=180000
2026-10-07 20:08:30,995 INFO o.a.j.JMeter: Copyright (c) 1998-2024 The Apache Software Foundation
2026-10-07 20:08:30,995 INFO o.a.j.JMeter: Version 5.6.3
2026-10-07 20:08:30,995 INFO o.a.j.JMeter: java.version=1.8.0_333
2026-10-07 20:08:30,995 INFO o.a.j.JMeter: java.vm.name=Java HotSpot(TM) 64-Bit Server VM
2026-10-07 20:08:30,995 INFO o.a.j.JMeter: os.name=Windows 11
2026-10-07 20:08:30,995 INFO o.a.j.JMeter: os.arch=amd64
2026-10-07 20:08:30,995 INFO o.a.j.JMeter: os.version=10.0
2026-10-07 20:08:30,995 INFO o.a.j.JMeter: file.encoding=Cp1252
2026-10-07 20:08:30,995 INFO o.a.j.JMeter: java.awt.headless=true
2026-10-07 20:08:30,995 INFO o.a.j.JMeter: Max memory     =1073741824
2026-10-07 20:08:30,995 INFO o.a.j.JMeter: Available Processors =16
2026-10-07 20:08:30,998 INFO o.a.j.JMeter: Default Locale=English (EN)
2026-10-07 20:08:30,998 INFO o.a.j.JMeter: JMeter  Locale=English (EN)
2026-10-07 20:08:30,998 INFO o.a.j.JMeter: JMeterHome=C:\Users\Owen\Downloads\apache-jmeter-5.6.3\apache-jmeter-5.6.3
2026-10-07 20:08:30,998 INFO o.a.j.JMeter: user.dir  =C:\Users\Owen\Downloads\apache-jmeter-5.6.3\apache-jmeter-5.6.3\bin
2026-10-07 20:08:30,998 INFO o.a.j.JMeter: PWD       =C:\Users\Owen\Downloads\apache-jmeter-5.6.3\apache-jmeter-5.6.3\bin
2026-10-07 20:08:35,948 INFO o.a.j.JMeter: IP: 10.5.0.2 Name: DESKTOP-AK5RA9C FullName: DESKTOP-AK5RA9C
2026-10-07 20:08:35,960 INFO o.a.j.s.FileServer: Default base='C:\Users\Owen\Downloads\apache-jmeter-5.6.3\apache-jmeter-5.6.3\bin'
2026-10-07 20:08:35,961 INFO o.a.j.s.FileServer: Set new base='C:\Users\Owen\Desktop\ICT3113_Assignment_1\jmeter'
2026-10-07 20:08:36,038 INFO o.a.j.s.SaveService: Testplan (JMX) version: 2.2. Testlog (JTL) version: 2.2
2026-10-07 20:08:36,050 INFO o.a.j.s.SaveService: Using SaveService properties file encoding UTF-8
2026-10-07 20:08:36,053 INFO o.a.j.s.SaveService: Using SaveService properties version 5.0
2026-10-07 20:08:36,057 INFO o.a.j.s.SaveService: Loading file: C:\Users\Owen\Desktop\ICT3113_Assignment_1\jmeter\ticket_load_test.jmx
2026-10-07 20:08:36,103 INFO o.a.j.p.h.s.HTTPSamplerBase: Parser for text/html is org.apache.jmeter.protocol.http.parser.LagartoBasedHtmlParser
2026-10-07 20:08:36,103 INFO o.a.j.p.h.s.HTTPSamplerBase: Parser for application/xhtml+xml is org.apache.jmeter.protocol.http.parser.LagartoBasedHtmlParser
2026-10-07 20:08:36,103 INFO o.a.j.p.h.s.HTTPSamplerBase: Parser for application/xml is org.apache.jmeter.protocol.http.parser.LagartoBasedHtmlParser
2026-10-07 20:08:36,103 INFO o.a.j.p.h.s.HTTPSamplerBase: Parser for text/xml is org.apache.jmeter.protocol.http.parser.LagartoBasedHtmlParser
2026-10-07 20:08:36,103 INFO o.a.j.p.h.s.HTTPSamplerBase: Parser for text/vnd.wap.wml is org.apache.jmeter.protocol.http.parser.RegexpHTMLParser
2026-10-07 20:08:36,103 INFO o.a.j.p.h.s.HTTPSamplerBase: Parser for text/css is org.apache.jmeter.protocol.http.parser.CssParser
2026-10-07 20:08:36,258 INFO o.a.j.JMeter: Creating summariser <summary>
2026-10-07 20:08:36,269 INFO o.a.j.e.StandardJMeterEngine: Running the test!
2026-10-07 20:08:36,269 INFO o.a.j.s.SampleEvent: List of sample_variables: [request_id, ticket_row]
2026-10-07 20:08:36,269 INFO o.a.j.s.SampleEvent: List of sample_variables: [request_id, ticket_row]
2026-10-07 20:08:36,272 INFO o.a.j.e.u.CompoundVariable: Note: Function class names must contain the string: '.functions.'
2026-10-07 20:08:36,272 INFO o.a.j.e.u.CompoundVariable: Note: Function class names must not contain the string: '.gui.'
2026-10-07 20:08:36,442 INFO o.a.j.JMeter: Running test (1791374916442)
2026-10-07 20:08:36,468 INFO o.a.j.e.StandardJMeterEngine: Starting ThreadGroup: 1 : Tickets (open model)
2026-10-07 20:08:36,468 INFO o.a.j.e.StandardJMeterEngine: Starting 0 threads for group Tickets (open model).
2026-10-07 20:08:36,468 INFO o.a.j.e.StandardJMeterEngine: Thread will continue on error
2026-10-07 20:08:36,469 INFO o.a.j.t.o.OpenModelThreadGroup: Starting OpenModelThreadGroup#1 with schedule rate(125/hour) random_arrivals(720 s) pause(190 s)
2026-10-07 20:08:36,499 INFO o.a.j.e.StandardJMeterEngine: Starting ThreadGroup: 2 : Searches (open model)
2026-10-07 20:08:36,499 INFO o.a.j.e.StandardJMeterEngine: Starting 0 threads for group Searches (open model).
2026-10-07 20:08:36,499 INFO o.a.j.e.StandardJMeterEngine: Thread will continue on error
2026-10-07 20:08:36,499 INFO o.a.j.t.o.OpenModelThreadGroup: Starting OpenModelThreadGroup#2 with schedule pause(1s)
2026-10-07 20:08:36,499 INFO o.a.j.t.o.OpenModelThreadGroup: Thread starting init
2026-10-07 20:08:36,499 INFO o.a.j.e.StandardJMeterEngine: All thread groups have been started
2026-10-07 20:08:36,510 INFO o.a.j.t.o.OpenModelThreadGroup: Thread starting init
2026-10-07 20:08:36,512 INFO o.a.j.t.o.EvenArrivalsRamp: Generating 0 events, beginRate = 0.0 / sec, endRate = 0.0 / sec, duration = 1.0 sec
2026-10-07 20:08:36,512 INFO o.a.j.t.o.OpenModelThreadGroup: There will be no more events, so will wait for 0 sec till the end of the schedule
2026-10-07 20:08:36,512 INFO o.a.j.t.o.PoissonArrivalsRamp: Generating 25 events, beginRate = 0.034722222222222224 / sec, endRate = 0.034722222222222224 / sec, duration = 720.0 sec
2026-10-07 20:08:37,179 INFO o.a.j.t.JMeterThread: Thread started: Tickets (open model) 1-1
2026-10-07 20:08:37,180 INFO o.a.j.s.FileServer: Stored: C:\Users\Owen\Desktop\ICT3113_Assignment_1\jmeter\data\team_narratives.tsv
2026-10-07 20:08:37,199 INFO o.a.j.p.h.s.HTTPHCAbstractImpl: Local host = DESKTOP-AK5RA9C
2026-10-07 20:08:37,205 INFO o.a.j.p.h.s.HTTPHC4Impl: HTTP request retry count = 0
2026-10-07 20:08:37,206 INFO o.a.j.s.SampleResult: Note: Sample TimeStamps are START times
2026-10-07 20:08:37,206 INFO o.a.j.s.SampleResult: sampleresult.default.encoding is set to UTF-8
2026-10-07 20:08:37,206 INFO o.a.j.s.SampleResult: sampleresult.useNanoTime=true
2026-10-07 20:08:37,206 INFO o.a.j.s.SampleResult: sampleresult.nanoThreadSleep=5000
2026-10-07 20:08:37,270 INFO o.a.j.t.o.OpenModelThreadGroup: There will be no more events, will shutdown the thread pool
2026-10-07 20:08:37,270 INFO o.a.j.t.o.OpenModelThreadGroup: Thread starting done
2026-10-07 20:08:37,740 INFO o.a.j.t.JMeterThread: Thread started: Tickets (open model) 1-2
2026-10-07 20:08:48,143 INFO o.a.j.t.JMeterThread: Thread is done: Tickets (open model) 1-2
2026-10-07 20:08:48,143 INFO o.a.j.t.JMeterThread: Thread finished: Tickets (open model) 1-2
2026-10-07 20:09:00,692 INFO o.a.j.r.Summariser: summary +      2 in 00:00:24 =    0.1/s Avg: 16921 Min: 10398 Max: 23445 Err:     0 (0.00%) Active: 1 Started: 2 Finished: 1
2026-10-07 20:09:00,693 INFO o.a.j.t.JMeterThread: Thread is done: Tickets (open model) 1-1
2026-10-07 20:09:00,693 INFO o.a.j.t.JMeterThread: Thread finished: Tickets (open model) 1-1
2026-10-07 20:09:28,117 INFO o.a.j.t.JMeterThread: Thread started: Tickets (open model) 1-3
2026-10-07 20:09:34,891 INFO o.a.j.r.Summariser: summary +      1 in 00:00:34 =    0.0/s Avg:  6772 Min:  6772 Max:  6772 Err:     0 (0.00%) Active: 1 Started: 3 Finished: 2
2026-10-07 20:09:34,891 INFO o.a.j.r.Summariser: summary =      3 in 00:00:58 =    0.1/s Avg: 13538 Min:  6772 Max: 23445 Err:     0 (0.00%)
2026-10-07 20:09:34,892 INFO o.a.j.t.JMeterThread: Thread is done: Tickets (open model) 1-3
2026-10-07 20:09:34,892 INFO o.a.j.t.JMeterThread: Thread finished: Tickets (open model) 1-3
2026-10-07 20:09:36,844 INFO o.a.j.t.JMeterThread: Thread started: Tickets (open model) 1-4
2026-10-07 20:09:46,603 INFO o.a.j.t.JMeterThread: Thread is done: Tickets (open model) 1-4
2026-10-07 20:09:46,604 INFO o.a.j.t.JMeterThread: Thread finished: Tickets (open model) 1-4
2026-10-07 20:10:18,552 INFO o.a.j.t.JMeterThread: Thread started: Tickets (open model) 1-5
2026-10-07 20:10:22,127 INFO o.a.j.t.JMeterThread: Thread is done: Tickets (open model) 1-5
2026-10-07 20:10:22,127 INFO o.a.j.t.JMeterThread: Thread finished: Tickets (open model) 1-5
2026-10-07 20:10:30,135 INFO o.a.j.t.JMeterThread: Thread started: Tickets (open model) 1-6
2026-10-07 20:10:34,342 INFO o.a.j.r.Summariser: summary +      3 in 00:00:59 =    0.1/s Avg:  5846 Min:  3575 Max:  9758 Err:     0 (0.00%) Active: 1 Started: 6 Finished: 5
2026-10-07 20:10:34,343 INFO o.a.j.r.Summariser: summary =      6 in 00:01:58 =    0.1/s Avg:  9692 Min:  3575 Max: 23445 Err:     0 (0.00%)
2026-10-07 20:10:34,343 INFO o.a.j.t.JMeterThread: Thread is done: Tickets (open model) 1-6
2026-10-07 20:10:34,343 INFO o.a.j.t.JMeterThread: Thread finished: Tickets (open model) 1-6
2026-10-07 20:11:21,725 INFO o.a.j.t.JMeterThread: Thread started: Tickets (open model) 1-7
2026-10-07 20:11:28,330 INFO o.a.j.t.JMeterThread: Thread is done: Tickets (open model) 1-7
2026-10-07 20:11:28,330 INFO o.a.j.t.JMeterThread: Thread finished: Tickets (open model) 1-7
2026-10-07 20:13:06,087 INFO o.a.j.t.JMeterThread: Thread started: Tickets (open model) 1-8
2026-10-07 20:13:08,981 INFO o.a.j.t.JMeterThread: Thread started: Tickets (open model) 1-9
2026-10-07 20:13:09,504 INFO o.a.j.t.JMeterThread: Thread started: Tickets (open model) 1-10
2026-10-07 20:13:11,123 INFO o.a.j.t.JMeterThread: Thread is done: Tickets (open model) 1-8
2026-10-07 20:13:11,123 INFO o.a.j.t.JMeterThread: Thread finished: Tickets (open model) 1-8
2026-10-07 20:13:16,583 INFO o.a.j.t.JMeterThread: Thread is done: Tickets (open model) 1-9
2026-10-07 20:13:16,583 INFO o.a.j.t.JMeterThread: Thread finished: Tickets (open model) 1-9
2026-10-07 20:13:22,462 INFO o.a.j.t.JMeterThread: Thread is done: Tickets (open model) 1-10
2026-10-07 20:13:22,462 INFO o.a.j.t.JMeterThread: Thread finished: Tickets (open model) 1-10
2026-10-07 20:13:34,936 INFO o.a.j.t.JMeterThread: Thread started: Tickets (open model) 1-11
2026-10-07 20:13:41,660 INFO o.a.j.t.JMeterThread: Thread started: Tickets (open model) 1-12
2026-10-07 20:13:45,704 INFO o.a.j.t.JMeterThread: Thread is done: Tickets (open model) 1-11
2026-10-07 20:13:45,704 INFO o.a.j.t.JMeterThread: Thread finished: Tickets (open model) 1-11
2026-10-07 20:13:48,930 INFO o.a.j.t.JMeterThread: Thread is done: Tickets (open model) 1-12
2026-10-07 20:13:48,930 INFO o.a.j.t.JMeterThread: Thread finished: Tickets (open model) 1-12
2026-10-07 20:16:01,384 INFO o.a.j.t.JMeterThread: Thread started: Tickets (open model) 1-13
2026-10-07 20:16:06,047 INFO o.a.j.t.JMeterThread: Thread is done: Tickets (open model) 1-13
2026-10-07 20:16:06,047 INFO o.a.j.t.JMeterThread: Thread finished: Tickets (open model) 1-13
2026-10-07 20:16:19,629 INFO o.a.j.t.JMeterThread: Thread started: Tickets (open model) 1-14
2026-10-07 20:16:22,988 INFO o.a.j.t.JMeterThread: Thread is done: Tickets (open model) 1-14
2026-10-07 20:16:22,988 INFO o.a.j.t.JMeterThread: Thread finished: Tickets (open model) 1-14
2026-10-07 20:16:41,828 INFO o.a.j.t.JMeterThread: Thread started: Tickets (open model) 1-15
2026-10-07 20:16:48,459 INFO o.a.j.t.JMeterThread: Thread is done: Tickets (open model) 1-15
2026-10-07 20:16:48,459 INFO o.a.j.t.JMeterThread: Thread finished: Tickets (open model) 1-15
2026-10-07 20:17:09,012 INFO o.a.j.t.JMeterThread: Thread started: Tickets (open model) 1-16
2026-10-07 20:17:16,916 INFO o.a.j.t.JMeterThread: Thread is done: Tickets (open model) 1-16
2026-10-07 20:17:16,916 INFO o.a.j.t.JMeterThread: Thread finished: Tickets (open model) 1-16
2026-10-07 20:17:36,875 INFO o.a.j.t.JMeterThread: Thread started: Tickets (open model) 1-17
2026-10-07 20:17:37,167 INFO o.a.j.t.JMeterThread: Thread started: Tickets (open model) 1-18
2026-10-07 20:17:41,132 INFO o.a.j.t.JMeterThread: Thread is done: Tickets (open model) 1-17
2026-10-07 20:17:41,132 INFO o.a.j.t.JMeterThread: Thread finished: Tickets (open model) 1-17
2026-10-07 20:17:44,817 INFO o.a.j.t.JMeterThread: Thread started: Tickets (open model) 1-19
2026-10-07 20:17:45,568 INFO o.a.j.t.JMeterThread: Thread is done: Tickets (open model) 1-18
2026-10-07 20:17:45,568 INFO o.a.j.t.JMeterThread: Thread finished: Tickets (open model) 1-18
2026-10-07 20:17:49,962 INFO o.a.j.t.JMeterThread: Thread is done: Tickets (open model) 1-19
2026-10-07 20:17:49,962 INFO o.a.j.t.JMeterThread: Thread finished: Tickets (open model) 1-19
2026-10-07 20:18:13,551 INFO o.a.j.t.JMeterThread: Thread started: Tickets (open model) 1-20
2026-10-07 20:18:20,283 INFO o.a.j.t.JMeterThread: Thread is done: Tickets (open model) 1-20
2026-10-07 20:18:20,283 INFO o.a.j.t.JMeterThread: Thread finished: Tickets (open model) 1-20
2026-10-07 20:18:44,294 INFO o.a.j.t.JMeterThread: Thread started: Tickets (open model) 1-21
2026-10-07 20:18:47,924 INFO o.a.j.t.JMeterThread: Thread is done: Tickets (open model) 1-21
2026-10-07 20:18:47,924 INFO o.a.j.t.JMeterThread: Thread finished: Tickets (open model) 1-21
2026-10-07 20:19:08,145 INFO o.a.j.t.JMeterThread: Thread started: Tickets (open model) 1-22
2026-10-07 20:19:15,092 INFO o.a.j.t.JMeterThread: Thread started: Tickets (open model) 1-23
2026-10-07 20:19:16,954 INFO o.a.j.t.JMeterThread: Thread is done: Tickets (open model) 1-22
2026-10-07 20:19:16,954 INFO o.a.j.t.JMeterThread: Thread finished: Tickets (open model) 1-22
2026-10-07 20:19:19,146 INFO o.a.j.t.JMeterThread: Thread started: Tickets (open model) 1-24
2026-10-07 20:19:21,494 INFO o.a.j.t.JMeterThread: Thread is done: Tickets (open model) 1-23
2026-10-07 20:19:21,494 INFO o.a.j.t.JMeterThread: Thread finished: Tickets (open model) 1-23
2026-10-07 20:19:25,923 INFO o.a.j.t.JMeterThread: Thread is done: Tickets (open model) 1-24
2026-10-07 20:19:25,923 INFO o.a.j.t.JMeterThread: Thread finished: Tickets (open model) 1-24
2026-10-07 20:19:33,270 INFO o.a.j.t.o.EvenArrivalsRamp: Generating 0 events, beginRate = 0.0 / sec, endRate = 0.0 / sec, duration = 190.0 sec
2026-10-07 20:19:33,270 INFO o.a.j.t.JMeterThread: Thread started: Tickets (open model) 1-25
2026-10-07 20:19:33,270 INFO o.a.j.t.o.OpenModelThreadGroup: There will be no more events, so will wait for 253 sec till the end of the schedule
2026-10-07 20:19:39,275 INFO o.a.j.t.JMeterThread: Thread is done: Tickets (open model) 1-25
2026-10-07 20:19:39,275 INFO o.a.j.t.JMeterThread: Thread finished: Tickets (open model) 1-25
2026-10-07 20:23:46,284 INFO o.a.j.t.o.OpenModelThreadGroup: There will be no more events, will shutdown the thread pool
2026-10-07 20:23:46,284 INFO o.a.j.t.o.OpenModelThreadGroup: Thread starting done
2026-10-07 20:23:46,284 INFO o.a.j.e.StandardJMeterEngine: Notifying test listeners of end of test
2026-10-07 20:23:46,284 INFO o.a.j.s.FileServer: Close: C:\Users\Owen\Desktop\ICT3113_Assignment_1\jmeter\data\team_narratives.tsv
2026-10-07 20:23:46,286 INFO o.a.j.r.Summariser: summary +     19 in 00:13:12 =    0.0/s Avg:  6785 Min:  3358 Max: 12957 Err:     0 (0.00%) Active: 0 Started: 25 Finished: 25
2026-10-07 20:23:46,286 INFO o.a.j.r.Summariser: summary =     25 in 00:15:10 =    0.0/s Avg:  7483 Min:  3358 Max: 23445 Err:     0 (0.00%)
