2026-10-07 19:47:49,063 INFO o.a.j.u.JMeterUtils: Setting Locale to en_EN
2026-10-07 19:47:49,071 INFO o.a.j.JMeter: Loading user properties from: user.properties
2026-10-07 19:47:49,071 INFO o.a.j.JMeter: Loading system properties from: system.properties
2026-10-07 19:47:49,071 INFO o.a.j.JMeter: Loading additional properties from: C:\Users\Owen\Desktop\ICT3113_Assignment_1\jmeter\results.properties
2026-10-07 19:47:49,071 INFO o.a.j.JMeter: Setting JMeter property: host=192.168.1.170
2026-10-07 19:47:49,071 INFO o.a.j.JMeter: Setting JMeter property: port=8000
2026-10-07 19:47:49,071 INFO o.a.j.JMeter: Setting JMeter property: protocol=http
2026-10-07 19:47:49,071 INFO o.a.j.JMeter: Setting JMeter property: rate=125
2026-10-07 19:47:49,071 INFO o.a.j.JMeter: Setting JMeter property: duration_s=720
2026-10-07 19:47:49,071 INFO o.a.j.JMeter: Setting JMeter property: drain_s=190
2026-10-07 19:47:49,071 INFO o.a.j.JMeter: Setting JMeter property: search_schedule=pause(1s)
2026-10-07 19:47:49,071 INFO o.a.j.JMeter: Setting JMeter property: seed=311301
2026-10-07 19:47:49,071 INFO o.a.j.JMeter: Setting JMeter property: search_seed=311351
2026-10-07 19:47:49,071 INFO o.a.j.JMeter: Setting JMeter property: data_file=C:\Users\Owen\Desktop\ICT3113_Assignment_1\jmeter\data\team_narratives.tsv
2026-10-07 19:47:49,071 INFO o.a.j.JMeter: Setting JMeter property: search_file=C:\Users\Owen\Desktop\ICT3113_Assignment_1\jmeter\data\search_terms.txt
2026-10-07 19:47:49,071 INFO o.a.j.JMeter: Setting JMeter property: timeout_ms=180000
2026-10-07 19:47:49,077 INFO o.a.j.JMeter: Copyright (c) 1998-2024 The Apache Software Foundation
2026-10-07 19:47:49,077 INFO o.a.j.JMeter: Version 5.6.3
2026-10-07 19:47:49,077 INFO o.a.j.JMeter: java.version=1.8.0_333
2026-10-07 19:47:49,077 INFO o.a.j.JMeter: java.vm.name=Java HotSpot(TM) 64-Bit Server VM
2026-10-07 19:47:49,077 INFO o.a.j.JMeter: os.name=Windows 11
2026-10-07 19:47:49,077 INFO o.a.j.JMeter: os.arch=amd64
2026-10-07 19:47:49,077 INFO o.a.j.JMeter: os.version=10.0
2026-10-07 19:47:49,077 INFO o.a.j.JMeter: file.encoding=Cp1252
2026-10-07 19:47:49,077 INFO o.a.j.JMeter: java.awt.headless=true
2026-10-07 19:47:49,077 INFO o.a.j.JMeter: Max memory     =1073741824
2026-10-07 19:47:49,077 INFO o.a.j.JMeter: Available Processors =16
2026-10-07 19:47:49,079 INFO o.a.j.JMeter: Default Locale=English (EN)
2026-10-07 19:47:49,079 INFO o.a.j.JMeter: JMeter  Locale=English (EN)
2026-10-07 19:47:49,079 INFO o.a.j.JMeter: JMeterHome=C:\Users\Owen\Downloads\apache-jmeter-5.6.3\apache-jmeter-5.6.3
2026-10-07 19:47:49,079 INFO o.a.j.JMeter: user.dir  =C:\Users\Owen\Downloads\apache-jmeter-5.6.3\apache-jmeter-5.6.3\bin
2026-10-07 19:47:49,080 INFO o.a.j.JMeter: PWD       =C:\Users\Owen\Downloads\apache-jmeter-5.6.3\apache-jmeter-5.6.3\bin
2026-10-07 19:47:54,028 INFO o.a.j.JMeter: IP: 10.5.0.2 Name: DESKTOP-AK5RA9C FullName: DESKTOP-AK5RA9C
2026-10-07 19:47:54,039 INFO o.a.j.s.FileServer: Default base='C:\Users\Owen\Downloads\apache-jmeter-5.6.3\apache-jmeter-5.6.3\bin'
2026-10-07 19:47:54,041 INFO o.a.j.s.FileServer: Set new base='C:\Users\Owen\Desktop\ICT3113_Assignment_1\jmeter'
2026-10-07 19:47:54,116 INFO o.a.j.s.SaveService: Testplan (JMX) version: 2.2. Testlog (JTL) version: 2.2
2026-10-07 19:47:54,127 INFO o.a.j.s.SaveService: Using SaveService properties file encoding UTF-8
2026-10-07 19:47:54,130 INFO o.a.j.s.SaveService: Using SaveService properties version 5.0
2026-10-07 19:47:54,135 INFO o.a.j.s.SaveService: Loading file: C:\Users\Owen\Desktop\ICT3113_Assignment_1\jmeter\ticket_load_test.jmx
2026-10-07 19:47:54,180 INFO o.a.j.p.h.s.HTTPSamplerBase: Parser for text/html is org.apache.jmeter.protocol.http.parser.LagartoBasedHtmlParser
2026-10-07 19:47:54,180 INFO o.a.j.p.h.s.HTTPSamplerBase: Parser for application/xhtml+xml is org.apache.jmeter.protocol.http.parser.LagartoBasedHtmlParser
2026-10-07 19:47:54,180 INFO o.a.j.p.h.s.HTTPSamplerBase: Parser for application/xml is org.apache.jmeter.protocol.http.parser.LagartoBasedHtmlParser
2026-10-07 19:47:54,180 INFO o.a.j.p.h.s.HTTPSamplerBase: Parser for text/xml is org.apache.jmeter.protocol.http.parser.LagartoBasedHtmlParser
2026-10-07 19:47:54,180 INFO o.a.j.p.h.s.HTTPSamplerBase: Parser for text/vnd.wap.wml is org.apache.jmeter.protocol.http.parser.RegexpHTMLParser
2026-10-07 19:47:54,180 INFO o.a.j.p.h.s.HTTPSamplerBase: Parser for text/css is org.apache.jmeter.protocol.http.parser.CssParser
2026-10-07 19:47:54,335 INFO o.a.j.JMeter: Creating summariser <summary>
2026-10-07 19:47:54,347 INFO o.a.j.e.StandardJMeterEngine: Running the test!
2026-10-07 19:47:54,347 INFO o.a.j.s.SampleEvent: List of sample_variables: [request_id, ticket_row]
2026-10-07 19:47:54,347 INFO o.a.j.s.SampleEvent: List of sample_variables: [request_id, ticket_row]
2026-10-07 19:47:54,351 INFO o.a.j.e.u.CompoundVariable: Note: Function class names must contain the string: '.functions.'
2026-10-07 19:47:54,351 INFO o.a.j.e.u.CompoundVariable: Note: Function class names must not contain the string: '.gui.'
2026-10-07 19:47:54,523 INFO o.a.j.JMeter: Running test (1791373674523)
2026-10-07 19:47:54,550 INFO o.a.j.e.StandardJMeterEngine: Starting ThreadGroup: 1 : Tickets (open model)
2026-10-07 19:47:54,551 INFO o.a.j.e.StandardJMeterEngine: Starting 0 threads for group Tickets (open model).
2026-10-07 19:47:54,551 INFO o.a.j.e.StandardJMeterEngine: Thread will continue on error
2026-10-07 19:47:54,551 INFO o.a.j.t.o.OpenModelThreadGroup: Starting OpenModelThreadGroup#1 with schedule rate(125/hour) random_arrivals(720 s) pause(190 s)
2026-10-07 19:47:54,581 INFO o.a.j.e.StandardJMeterEngine: Starting ThreadGroup: 2 : Searches (open model)
2026-10-07 19:47:54,581 INFO o.a.j.e.StandardJMeterEngine: Starting 0 threads for group Searches (open model).
2026-10-07 19:47:54,581 INFO o.a.j.e.StandardJMeterEngine: Thread will continue on error
2026-10-07 19:47:54,581 INFO o.a.j.t.o.OpenModelThreadGroup: Starting OpenModelThreadGroup#2 with schedule pause(1s)
2026-10-07 19:47:54,581 INFO o.a.j.t.o.OpenModelThreadGroup: Thread starting init
2026-10-07 19:47:54,581 INFO o.a.j.e.StandardJMeterEngine: All thread groups have been started
2026-10-07 19:47:54,581 INFO o.a.j.t.o.OpenModelThreadGroup: Thread starting init
2026-10-07 19:47:54,583 INFO o.a.j.t.o.EvenArrivalsRamp: Generating 0 events, beginRate = 0.0 / sec, endRate = 0.0 / sec, duration = 1.0 sec
2026-10-07 19:47:54,583 INFO o.a.j.t.o.OpenModelThreadGroup: There will be no more events, so will wait for 0 sec till the end of the schedule
2026-10-07 19:47:54,583 INFO o.a.j.t.o.PoissonArrivalsRamp: Generating 25 events, beginRate = 0.034722222222222224 / sec, endRate = 0.034722222222222224 / sec, duration = 720.0 sec
2026-10-07 19:47:55,349 INFO o.a.j.t.o.OpenModelThreadGroup: There will be no more events, will shutdown the thread pool
2026-10-07 19:47:55,349 INFO o.a.j.t.o.OpenModelThreadGroup: Thread starting done
2026-10-07 19:48:16,398 INFO o.a.j.t.JMeterThread: Thread started: Tickets (open model) 1-1
2026-10-07 19:48:16,399 INFO o.a.j.s.FileServer: Stored: C:\Users\Owen\Desktop\ICT3113_Assignment_1\jmeter\data\team_narratives.tsv
2026-10-07 19:48:16,419 INFO o.a.j.p.h.s.HTTPHCAbstractImpl: Local host = DESKTOP-AK5RA9C
2026-10-07 19:48:16,424 INFO o.a.j.p.h.s.HTTPHC4Impl: HTTP request retry count = 0
2026-10-07 19:48:16,426 INFO o.a.j.s.SampleResult: Note: Sample TimeStamps are START times
2026-10-07 19:48:16,426 INFO o.a.j.s.SampleResult: sampleresult.default.encoding is set to UTF-8
2026-10-07 19:48:16,426 INFO o.a.j.s.SampleResult: sampleresult.useNanoTime=true
2026-10-07 19:48:16,426 INFO o.a.j.s.SampleResult: sampleresult.nanoThreadSleep=5000
2026-10-07 19:48:34,955 INFO o.a.j.r.Summariser: summary +      1 in 00:00:40 =    0.0/s Avg: 18486 Min: 18486 Max: 18486 Err:     0 (0.00%) Active: 1 Started: 1 Finished: 0
2026-10-07 19:48:34,956 INFO o.a.j.t.JMeterThread: Thread is done: Tickets (open model) 1-1
2026-10-07 19:48:34,956 INFO o.a.j.t.JMeterThread: Thread finished: Tickets (open model) 1-1
2026-10-07 19:49:12,621 INFO o.a.j.t.JMeterThread: Thread started: Tickets (open model) 1-2
2026-10-07 19:49:18,514 INFO o.a.j.t.JMeterThread: Thread is done: Tickets (open model) 1-2
2026-10-07 19:49:18,514 INFO o.a.j.t.JMeterThread: Thread finished: Tickets (open model) 1-2
2026-10-07 19:49:45,592 INFO o.a.j.t.JMeterThread: Thread started: Tickets (open model) 1-3
2026-10-07 19:49:52,530 INFO o.a.j.t.JMeterThread: Thread is done: Tickets (open model) 1-3
2026-10-07 19:49:52,530 INFO o.a.j.t.JMeterThread: Thread finished: Tickets (open model) 1-3
2026-10-07 19:50:22,724 INFO o.a.j.t.JMeterThread: Thread started: Tickets (open model) 1-4
2026-10-07 19:50:32,648 INFO o.a.j.r.Summariser: summary +      3 in 00:01:58 =    0.0/s Avg:  7583 Min:  5891 Max:  9922 Err:     0 (0.00%) Active: 1 Started: 4 Finished: 3
2026-10-07 19:50:32,649 INFO o.a.j.r.Summariser: summary =      4 in 00:02:38 =    0.0/s Avg: 10308 Min:  5891 Max: 18486 Err:     0 (0.00%)
2026-10-07 19:50:32,649 INFO o.a.j.t.JMeterThread: Thread is done: Tickets (open model) 1-4
2026-10-07 19:50:32,649 INFO o.a.j.t.JMeterThread: Thread finished: Tickets (open model) 1-4
2026-10-07 19:50:53,267 INFO o.a.j.t.JMeterThread: Thread started: Tickets (open model) 1-5
2026-10-07 19:50:57,143 INFO o.a.j.t.JMeterThread: Thread is done: Tickets (open model) 1-5
2026-10-07 19:50:57,143 INFO o.a.j.t.JMeterThread: Thread finished: Tickets (open model) 1-5
2026-10-07 19:51:03,593 INFO o.a.j.t.JMeterThread: Thread started: Tickets (open model) 1-6
2026-10-07 19:51:07,882 INFO o.a.j.t.JMeterThread: Thread is done: Tickets (open model) 1-6
2026-10-07 19:51:07,882 INFO o.a.j.t.JMeterThread: Thread finished: Tickets (open model) 1-6
2026-10-07 19:51:37,375 INFO o.a.j.t.JMeterThread: Thread started: Tickets (open model) 1-7
2026-10-07 19:51:43,848 INFO o.a.j.t.JMeterThread: Thread is done: Tickets (open model) 1-7
2026-10-07 19:51:43,848 INFO o.a.j.t.JMeterThread: Thread finished: Tickets (open model) 1-7
2026-10-07 19:52:38,437 INFO o.a.j.t.JMeterThread: Thread started: Tickets (open model) 1-8
2026-10-07 19:52:39,887 INFO o.a.j.t.JMeterThread: Thread started: Tickets (open model) 1-9
2026-10-07 19:52:41,044 INFO o.a.j.t.JMeterThread: Thread started: Tickets (open model) 1-10
2026-10-07 19:52:43,363 INFO o.a.j.t.JMeterThread: Thread is done: Tickets (open model) 1-8
2026-10-07 19:52:43,363 INFO o.a.j.t.JMeterThread: Thread finished: Tickets (open model) 1-8
2026-10-07 19:52:48,531 INFO o.a.j.t.JMeterThread: Thread is done: Tickets (open model) 1-9
2026-10-07 19:52:48,531 INFO o.a.j.t.JMeterThread: Thread finished: Tickets (open model) 1-9
2026-10-07 19:52:53,459 INFO o.a.j.t.JMeterThread: Thread is done: Tickets (open model) 1-10
2026-10-07 19:52:53,460 INFO o.a.j.t.JMeterThread: Thread finished: Tickets (open model) 1-10
2026-10-07 19:54:16,879 INFO o.a.j.t.JMeterThread: Thread started: Tickets (open model) 1-11
2026-10-07 19:54:19,393 INFO o.a.j.t.JMeterThread: Thread started: Tickets (open model) 1-12
2026-10-07 19:54:30,921 INFO o.a.j.r.Summariser: summary +      7 in 00:03:58 =    0.0/s Avg:  7807 Min:  3875 Max: 14041 Err:     0 (0.00%) Active: 2 Started: 12 Finished: 10
2026-10-07 19:54:30,921 INFO o.a.j.r.Summariser: summary =     11 in 00:06:36 =    0.0/s Avg:  8717 Min:  3875 Max: 18486 Err:     0 (0.00%)
2026-10-07 19:54:30,922 INFO o.a.j.t.JMeterThread: Thread is done: Tickets (open model) 1-11
2026-10-07 19:54:30,922 INFO o.a.j.t.JMeterThread: Thread finished: Tickets (open model) 1-11
2026-10-07 19:54:34,871 INFO o.a.j.t.JMeterThread: Thread is done: Tickets (open model) 1-12
2026-10-07 19:54:34,871 INFO o.a.j.t.JMeterThread: Thread finished: Tickets (open model) 1-12
2026-10-07 19:54:52,410 INFO o.a.j.t.JMeterThread: Thread started: Tickets (open model) 1-13
2026-10-07 19:54:55,756 INFO o.a.j.t.JMeterThread: Thread started: Tickets (open model) 1-14
2026-10-07 19:54:57,661 INFO o.a.j.t.JMeterThread: Thread is done: Tickets (open model) 1-13
2026-10-07 19:54:57,661 INFO o.a.j.t.JMeterThread: Thread finished: Tickets (open model) 1-13
2026-10-07 19:55:01,933 INFO o.a.j.r.Summariser: summary +      3 in 00:00:31 =    0.1/s Avg:  8967 Min:  5249 Max: 15477 Err:     0 (0.00%) Active: 1 Started: 14 Finished: 13
2026-10-07 19:55:01,934 INFO o.a.j.r.Summariser: summary =     14 in 00:07:07 =    0.0/s Avg:  8770 Min:  3875 Max: 18486 Err:     0 (0.00%)
2026-10-07 19:55:01,934 INFO o.a.j.t.JMeterThread: Thread is done: Tickets (open model) 1-14
2026-10-07 19:55:01,934 INFO o.a.j.t.JMeterThread: Thread finished: Tickets (open model) 1-14
2026-10-07 19:55:03,790 INFO o.a.j.t.JMeterThread: Thread started: Tickets (open model) 1-15
2026-10-07 19:55:10,333 INFO o.a.j.t.JMeterThread: Thread is done: Tickets (open model) 1-15
2026-10-07 19:55:10,333 INFO o.a.j.t.JMeterThread: Thread finished: Tickets (open model) 1-15
2026-10-07 19:55:26,776 INFO o.a.j.t.JMeterThread: Thread started: Tickets (open model) 1-16
2026-10-07 19:55:34,118 INFO o.a.j.r.Summariser: summary +      2 in 00:00:32 =    0.1/s Avg:  6941 Min:  6542 Max:  7340 Err:     0 (0.00%) Active: 1 Started: 16 Finished: 15
2026-10-07 19:55:34,119 INFO o.a.j.r.Summariser: summary =     16 in 00:07:40 =    0.0/s Avg:  8542 Min:  3875 Max: 18486 Err:     0 (0.00%)
2026-10-07 19:55:34,119 INFO o.a.j.t.JMeterThread: Thread is done: Tickets (open model) 1-16
2026-10-07 19:55:34,119 INFO o.a.j.t.JMeterThread: Thread finished: Tickets (open model) 1-16
2026-10-07 19:56:45,952 INFO o.a.j.t.JMeterThread: Thread started: Tickets (open model) 1-17
2026-10-07 19:56:50,539 INFO o.a.j.t.JMeterThread: Thread is done: Tickets (open model) 1-17
2026-10-07 19:56:50,539 INFO o.a.j.t.JMeterThread: Thread finished: Tickets (open model) 1-17
2026-10-07 19:57:26,765 INFO o.a.j.t.JMeterThread: Thread started: Tickets (open model) 1-18
2026-10-07 19:57:31,252 INFO o.a.j.r.Summariser: summary +      2 in 00:01:57 =    0.0/s Avg:  4535 Min:  4487 Max:  4584 Err:     0 (0.00%) Active: 1 Started: 18 Finished: 17
2026-10-07 19:57:31,253 INFO o.a.j.r.Summariser: summary =     18 in 00:09:37 =    0.0/s Avg:  8097 Min:  3875 Max: 18486 Err:     0 (0.00%)
2026-10-07 19:57:31,253 INFO o.a.j.t.JMeterThread: Thread is done: Tickets (open model) 1-18
2026-10-07 19:57:31,253 INFO o.a.j.t.JMeterThread: Thread finished: Tickets (open model) 1-18
2026-10-07 19:57:40,943 INFO o.a.j.t.JMeterThread: Thread started: Tickets (open model) 1-19
2026-10-07 19:57:45,303 INFO o.a.j.t.JMeterThread: Thread is done: Tickets (open model) 1-19
2026-10-07 19:57:45,303 INFO o.a.j.t.JMeterThread: Thread finished: Tickets (open model) 1-19
2026-10-07 19:57:50,867 INFO o.a.j.t.JMeterThread: Thread started: Tickets (open model) 1-20
2026-10-07 19:57:54,080 INFO o.a.j.t.JMeterThread: Thread started: Tickets (open model) 1-21
2026-10-07 19:57:56,991 INFO o.a.j.t.JMeterThread: Thread is done: Tickets (open model) 1-20
2026-10-07 19:57:56,991 INFO o.a.j.t.JMeterThread: Thread finished: Tickets (open model) 1-20
2026-10-07 19:58:00,623 INFO o.a.j.r.Summariser: summary +      3 in 00:00:29 =    0.1/s Avg:  5674 Min:  4359 Max:  6541 Err:     0 (0.00%) Active: 1 Started: 21 Finished: 20
2026-10-07 19:58:00,623 INFO o.a.j.r.Summariser: summary =     21 in 00:10:06 =    0.0/s Avg:  7750 Min:  3875 Max: 18486 Err:     0 (0.00%)
2026-10-07 19:58:00,624 INFO o.a.j.t.JMeterThread: Thread is done: Tickets (open model) 1-21
2026-10-07 19:58:00,624 INFO o.a.j.t.JMeterThread: Thread finished: Tickets (open model) 1-21
2026-10-07 19:58:02,178 INFO o.a.j.t.JMeterThread: Thread started: Tickets (open model) 1-22
2026-10-07 19:58:11,083 INFO o.a.j.t.JMeterThread: Thread is done: Tickets (open model) 1-22
2026-10-07 19:58:11,083 INFO o.a.j.t.JMeterThread: Thread finished: Tickets (open model) 1-22
2026-10-07 19:58:18,085 INFO o.a.j.t.JMeterThread: Thread started: Tickets (open model) 1-23
2026-10-07 19:58:22,673 INFO o.a.j.t.JMeterThread: Thread is done: Tickets (open model) 1-23
2026-10-07 19:58:22,673 INFO o.a.j.t.JMeterThread: Thread finished: Tickets (open model) 1-23
2026-10-07 19:58:26,223 INFO o.a.j.t.JMeterThread: Thread started: Tickets (open model) 1-24
2026-10-07 19:58:30,847 INFO o.a.j.r.Summariser: summary +      3 in 00:00:30 =    0.1/s Avg:  6037 Min:  4586 Max:  8903 Err:     0 (0.00%) Active: 1 Started: 24 Finished: 23
2026-10-07 19:58:30,848 INFO o.a.j.r.Summariser: summary =     24 in 00:10:36 =    0.0/s Avg:  7536 Min:  3875 Max: 18486 Err:     0 (0.00%)
2026-10-07 19:58:30,848 INFO o.a.j.t.JMeterThread: Thread is done: Tickets (open model) 1-24
2026-10-07 19:58:30,848 INFO o.a.j.t.JMeterThread: Thread finished: Tickets (open model) 1-24
2026-10-07 19:59:54,298 INFO o.a.j.t.o.EvenArrivalsRamp: Generating 0 events, beginRate = 0.0 / sec, endRate = 0.0 / sec, duration = 190.0 sec
2026-10-07 19:59:54,298 INFO o.a.j.t.o.OpenModelThreadGroup: There will be no more events, so will wait for 190 sec till the end of the schedule
2026-10-07 19:59:54,298 INFO o.a.j.t.JMeterThread: Thread started: Tickets (open model) 1-25
2026-10-07 20:00:00,895 INFO o.a.j.r.Summariser: summary +      1 in 00:01:30 =    0.0/s Avg:  6595 Min:  6595 Max:  6595 Err:     0 (0.00%) Active: 1 Started: 25 Finished: 24
2026-10-07 20:00:00,896 INFO o.a.j.r.Summariser: summary =     25 in 00:12:06 =    0.0/s Avg:  7499 Min:  3875 Max: 18486 Err:     0 (0.00%)
2026-10-07 20:00:00,896 INFO o.a.j.t.JMeterThread: Thread is done: Tickets (open model) 1-25
2026-10-07 20:00:00,896 INFO o.a.j.t.JMeterThread: Thread finished: Tickets (open model) 1-25
2026-10-07 20:03:04,354 INFO o.a.j.t.o.OpenModelThreadGroup: There will be no more events, will shutdown the thread pool
2026-10-07 20:03:04,354 INFO o.a.j.t.o.OpenModelThreadGroup: Thread starting done
2026-10-07 20:03:04,354 INFO o.a.j.e.StandardJMeterEngine: Notifying test listeners of end of test
2026-10-07 20:03:04,354 INFO o.a.j.s.FileServer: Close: C:\Users\Owen\Desktop\ICT3113_Assignment_1\jmeter\data\team_narratives.tsv
2026-10-07 20:03:04,356 INFO o.a.j.r.Summariser: summary =     25 in 00:15:10 =    0.0/s Avg:  7499 Min:  3875 Max: 18486 Err:     0 (0.00%)
