2026-10-08 13:32:29,123 INFO o.a.j.u.JMeterUtils: Setting Locale to en_EN
2026-10-08 13:32:29,130 INFO o.a.j.JMeter: Loading user properties from: user.properties
2026-10-08 13:32:29,131 INFO o.a.j.JMeter: Loading system properties from: system.properties
2026-10-08 13:32:29,131 INFO o.a.j.JMeter: Loading additional properties from: C:\Users\Owen\Desktop\ICT3113_Assignment_1\jmeter\results.properties
2026-10-08 13:32:29,131 INFO o.a.j.JMeter: Setting JMeter property: host=192.168.1.170
2026-10-08 13:32:29,131 INFO o.a.j.JMeter: Setting JMeter property: port=8000
2026-10-08 13:32:29,131 INFO o.a.j.JMeter: Setting JMeter property: protocol=http
2026-10-08 13:32:29,131 INFO o.a.j.JMeter: Setting JMeter property: rate=250
2026-10-08 13:32:29,131 INFO o.a.j.JMeter: Setting JMeter property: duration_s=720
2026-10-08 13:32:29,132 INFO o.a.j.JMeter: Setting JMeter property: drain_s=190
2026-10-08 13:32:29,132 INFO o.a.j.JMeter: Setting JMeter property: search_schedule=rate(450/hour)random_arrivals(720s)pause(190s)
2026-10-08 13:32:29,132 INFO o.a.j.JMeter: Setting JMeter property: seed=311302
2026-10-08 13:32:29,132 INFO o.a.j.JMeter: Setting JMeter property: search_seed=311352
2026-10-08 13:32:29,132 INFO o.a.j.JMeter: Setting JMeter property: data_file=C:\Users\Owen\Desktop\ICT3113_Assignment_1\jmeter\data\team_narratives.tsv
2026-10-08 13:32:29,132 INFO o.a.j.JMeter: Setting JMeter property: search_file=C:\Users\Owen\Desktop\ICT3113_Assignment_1\jmeter\data\search_terms.txt
2026-10-08 13:32:29,132 INFO o.a.j.JMeter: Setting JMeter property: timeout_ms=180000
2026-10-08 13:32:29,136 INFO o.a.j.JMeter: Copyright (c) 1998-2024 The Apache Software Foundation
2026-10-08 13:32:29,136 INFO o.a.j.JMeter: Version 5.6.3
2026-10-08 13:32:29,136 INFO o.a.j.JMeter: java.version=1.8.0_333
2026-10-08 13:32:29,136 INFO o.a.j.JMeter: java.vm.name=Java HotSpot(TM) 64-Bit Server VM
2026-10-08 13:32:29,136 INFO o.a.j.JMeter: os.name=Windows 11
2026-10-08 13:32:29,136 INFO o.a.j.JMeter: os.arch=amd64
2026-10-08 13:32:29,136 INFO o.a.j.JMeter: os.version=10.0
2026-10-08 13:32:29,136 INFO o.a.j.JMeter: file.encoding=Cp1252
2026-10-08 13:32:29,136 INFO o.a.j.JMeter: java.awt.headless=true
2026-10-08 13:32:29,136 INFO o.a.j.JMeter: Max memory     =1073741824
2026-10-08 13:32:29,136 INFO o.a.j.JMeter: Available Processors =16
2026-10-08 13:32:29,139 INFO o.a.j.JMeter: Default Locale=English (EN)
2026-10-08 13:32:29,139 INFO o.a.j.JMeter: JMeter  Locale=English (EN)
2026-10-08 13:32:29,139 INFO o.a.j.JMeter: JMeterHome=C:\Users\Owen\Downloads\apache-jmeter-5.6.3\apache-jmeter-5.6.3
2026-10-08 13:32:29,139 INFO o.a.j.JMeter: user.dir  =C:\Users\Owen\Downloads\apache-jmeter-5.6.3\apache-jmeter-5.6.3\bin
2026-10-08 13:32:29,139 INFO o.a.j.JMeter: PWD       =C:\Users\Owen\Downloads\apache-jmeter-5.6.3\apache-jmeter-5.6.3\bin
2026-10-08 13:32:34,086 INFO o.a.j.JMeter: IP: 10.5.0.2 Name: DESKTOP-AK5RA9C FullName: DESKTOP-AK5RA9C
2026-10-08 13:32:34,098 INFO o.a.j.s.FileServer: Default base='C:\Users\Owen\Downloads\apache-jmeter-5.6.3\apache-jmeter-5.6.3\bin'
2026-10-08 13:32:34,100 INFO o.a.j.s.FileServer: Set new base='C:\Users\Owen\Desktop\ICT3113_Assignment_1\jmeter'
2026-10-08 13:32:34,191 INFO o.a.j.s.SaveService: Testplan (JMX) version: 2.2. Testlog (JTL) version: 2.2
2026-10-08 13:32:34,205 INFO o.a.j.s.SaveService: Using SaveService properties file encoding UTF-8
2026-10-08 13:32:34,208 INFO o.a.j.s.SaveService: Using SaveService properties version 5.0
2026-10-08 13:32:34,214 INFO o.a.j.s.SaveService: Loading file: C:\Users\Owen\Desktop\ICT3113_Assignment_1\jmeter\ticket_load_test.jmx
2026-10-08 13:32:34,270 INFO o.a.j.p.h.s.HTTPSamplerBase: Parser for text/html is org.apache.jmeter.protocol.http.parser.LagartoBasedHtmlParser
2026-10-08 13:32:34,270 INFO o.a.j.p.h.s.HTTPSamplerBase: Parser for application/xhtml+xml is org.apache.jmeter.protocol.http.parser.LagartoBasedHtmlParser
2026-10-08 13:32:34,271 INFO o.a.j.p.h.s.HTTPSamplerBase: Parser for application/xml is org.apache.jmeter.protocol.http.parser.LagartoBasedHtmlParser
2026-10-08 13:32:34,271 INFO o.a.j.p.h.s.HTTPSamplerBase: Parser for text/xml is org.apache.jmeter.protocol.http.parser.LagartoBasedHtmlParser
2026-10-08 13:32:34,271 INFO o.a.j.p.h.s.HTTPSamplerBase: Parser for text/vnd.wap.wml is org.apache.jmeter.protocol.http.parser.RegexpHTMLParser
2026-10-08 13:32:34,271 INFO o.a.j.p.h.s.HTTPSamplerBase: Parser for text/css is org.apache.jmeter.protocol.http.parser.CssParser
2026-10-08 13:32:34,461 INFO o.a.j.JMeter: Creating summariser <summary>
2026-10-08 13:32:34,478 INFO o.a.j.e.StandardJMeterEngine: Running the test!
2026-10-08 13:32:34,478 INFO o.a.j.s.SampleEvent: List of sample_variables: [request_id, ticket_row]
2026-10-08 13:32:34,478 INFO o.a.j.s.SampleEvent: List of sample_variables: [request_id, ticket_row]
2026-10-08 13:32:34,483 INFO o.a.j.e.u.CompoundVariable: Note: Function class names must contain the string: '.functions.'
2026-10-08 13:32:34,483 INFO o.a.j.e.u.CompoundVariable: Note: Function class names must not contain the string: '.gui.'
2026-10-08 13:32:34,696 INFO o.a.j.JMeter: Running test (1791437554696)
2026-10-08 13:32:34,723 INFO o.a.j.e.StandardJMeterEngine: Starting ThreadGroup: 1 : Tickets (open model)
2026-10-08 13:32:34,723 INFO o.a.j.e.StandardJMeterEngine: Starting 0 threads for group Tickets (open model).
2026-10-08 13:32:34,723 INFO o.a.j.e.StandardJMeterEngine: Thread will continue on error
2026-10-08 13:32:34,723 INFO o.a.j.t.o.OpenModelThreadGroup: Starting OpenModelThreadGroup#1 with schedule rate(250/hour) random_arrivals(720 s) pause(190 s)
2026-10-08 13:32:34,759 INFO o.a.j.e.StandardJMeterEngine: Starting ThreadGroup: 2 : Searches (open model)
2026-10-08 13:32:34,759 INFO o.a.j.e.StandardJMeterEngine: Starting 0 threads for group Searches (open model).
2026-10-08 13:32:34,759 INFO o.a.j.e.StandardJMeterEngine: Thread will continue on error
2026-10-08 13:32:34,759 INFO o.a.j.t.o.OpenModelThreadGroup: Starting OpenModelThreadGroup#2 with schedule rate(450/hour)random_arrivals(720s)pause(190s)
2026-10-08 13:32:34,759 INFO o.a.j.t.o.OpenModelThreadGroup: Thread starting init
2026-10-08 13:32:34,760 INFO o.a.j.e.StandardJMeterEngine: All thread groups have been started
2026-10-08 13:32:34,760 INFO o.a.j.t.o.OpenModelThreadGroup: Thread starting init
2026-10-08 13:32:34,763 INFO o.a.j.t.o.PoissonArrivalsRamp: Generating 90 events, beginRate = 0.125 / sec, endRate = 0.125 / sec, duration = 720.0 sec
2026-10-08 13:32:34,763 INFO o.a.j.t.o.PoissonArrivalsRamp: Generating 50 events, beginRate = 0.06944444444444445 / sec, endRate = 0.06944444444444445 / sec, duration = 720.0 sec
2026-10-08 13:32:35,392 INFO o.a.j.t.JMeterThread: Thread started: Tickets (open model) 1-1
2026-10-08 13:32:35,393 INFO o.a.j.s.FileServer: Stored: C:\Users\Owen\Desktop\ICT3113_Assignment_1\jmeter\data\team_narratives.tsv
2026-10-08 13:32:35,419 INFO o.a.j.p.h.s.HTTPHCAbstractImpl: Local host = DESKTOP-AK5RA9C
2026-10-08 13:32:35,425 INFO o.a.j.p.h.s.HTTPHC4Impl: HTTP request retry count = 0
2026-10-08 13:32:35,426 INFO o.a.j.s.SampleResult: Note: Sample TimeStamps are START times
2026-10-08 13:32:35,426 INFO o.a.j.s.SampleResult: sampleresult.default.encoding is set to UTF-8
2026-10-08 13:32:35,426 INFO o.a.j.s.SampleResult: sampleresult.useNanoTime=true
2026-10-08 13:32:35,426 INFO o.a.j.s.SampleResult: sampleresult.nanoThreadSleep=5000
2026-10-08 13:32:35,951 INFO o.a.j.t.JMeterThread: Thread started: Tickets (open model) 1-2
2026-10-08 13:32:37,601 INFO o.a.j.t.JMeterThread: Thread started: Searches (open model) 2-1
2026-10-08 13:32:37,601 INFO o.a.j.s.FileServer: Stored: C:\Users\Owen\Desktop\ICT3113_Assignment_1\jmeter\data\search_terms.txt
2026-10-08 13:32:37,654 INFO o.a.j.t.JMeterThread: Thread is done: Searches (open model) 2-1
2026-10-08 13:32:37,654 INFO o.a.j.t.JMeterThread: Thread finished: Searches (open model) 2-1
2026-10-08 13:32:38,617 INFO o.a.j.t.JMeterThread: Thread started: Searches (open model) 2-2
2026-10-08 13:32:38,635 INFO o.a.j.t.JMeterThread: Thread is done: Searches (open model) 2-2
2026-10-08 13:32:38,635 INFO o.a.j.t.JMeterThread: Thread finished: Searches (open model) 2-2
2026-10-08 13:32:41,797 INFO o.a.j.t.JMeterThread: Thread started: Searches (open model) 2-3
2026-10-08 13:32:41,815 INFO o.a.j.t.JMeterThread: Thread is done: Searches (open model) 2-3
2026-10-08 13:32:41,815 INFO o.a.j.t.JMeterThread: Thread finished: Searches (open model) 2-3
2026-10-08 13:32:42,944 INFO o.a.j.t.JMeterThread: Thread started: Searches (open model) 2-4
2026-10-08 13:32:42,960 INFO o.a.j.t.JMeterThread: Thread is done: Searches (open model) 2-4
2026-10-08 13:32:42,960 INFO o.a.j.t.JMeterThread: Thread finished: Searches (open model) 2-4
2026-10-08 13:32:47,771 INFO o.a.j.t.JMeterThread: Thread started: Searches (open model) 2-5
2026-10-08 13:32:47,785 INFO o.a.j.t.JMeterThread: Thread is done: Searches (open model) 2-5
2026-10-08 13:32:47,785 INFO o.a.j.t.JMeterThread: Thread finished: Searches (open model) 2-5
2026-10-08 13:32:53,526 INFO o.a.j.t.JMeterThread: Thread started: Tickets (open model) 1-3
2026-10-08 13:33:07,132 INFO o.a.j.t.JMeterThread: Thread is done: Tickets (open model) 1-2
2026-10-08 13:33:07,132 INFO o.a.j.t.JMeterThread: Thread finished: Tickets (open model) 1-2
2026-10-08 13:33:26,326 INFO o.a.j.t.JMeterThread: Thread started: Tickets (open model) 1-4
2026-10-08 13:33:28,654 INFO o.a.j.t.JMeterThread: Thread is done: Tickets (open model) 1-1
2026-10-08 13:33:28,654 INFO o.a.j.t.JMeterThread: Thread finished: Tickets (open model) 1-1
2026-10-08 13:33:32,304 INFO o.a.j.t.JMeterThread: Thread started: Searches (open model) 2-6
2026-10-08 13:33:32,337 INFO o.a.j.r.Summariser: summary +      8 in 00:00:58 =    0.1/s Avg: 10561 Min:    13 Max: 53175 Err:     0 (0.00%) Active: 3 Started: 10 Finished: 7
2026-10-08 13:33:32,338 INFO o.a.j.t.JMeterThread: Thread is done: Searches (open model) 2-6
2026-10-08 13:33:32,338 INFO o.a.j.t.JMeterThread: Thread finished: Searches (open model) 2-6
2026-10-08 13:33:35,054 INFO o.a.j.t.JMeterThread: Thread started: Tickets (open model) 1-5
2026-10-08 13:33:36,027 INFO o.a.j.t.JMeterThread: Thread started: Tickets (open model) 1-6
2026-10-08 13:33:41,915 INFO o.a.j.t.JMeterThread: Thread is done: Tickets (open model) 1-3
2026-10-08 13:33:41,915 INFO o.a.j.t.JMeterThread: Thread finished: Tickets (open model) 1-3
2026-10-08 13:33:49,081 INFO o.a.j.t.JMeterThread: Thread started: Tickets (open model) 1-7
2026-10-08 13:33:51,922 INFO o.a.j.t.JMeterThread: Thread started: Tickets (open model) 1-8
2026-10-08 13:33:54,897 INFO o.a.j.t.JMeterThread: Thread started: Searches (open model) 2-7
2026-10-08 13:33:54,919 INFO o.a.j.t.JMeterThread: Thread is done: Searches (open model) 2-7
2026-10-08 13:33:54,919 INFO o.a.j.t.JMeterThread: Thread finished: Searches (open model) 2-7
2026-10-08 13:33:59,580 INFO o.a.j.t.JMeterThread: Thread started: Searches (open model) 2-8
2026-10-08 13:33:59,609 INFO o.a.j.t.JMeterThread: Thread is done: Searches (open model) 2-8
2026-10-08 13:33:59,609 INFO o.a.j.t.JMeterThread: Thread finished: Searches (open model) 2-8
2026-10-08 13:34:04,822 INFO o.a.j.t.JMeterThread: Thread started: Searches (open model) 2-9
2026-10-08 13:34:04,851 INFO o.a.j.r.Summariser: summary +      4 in 00:00:33 =    0.1/s Avg: 12115 Min:    20 Max: 48387 Err:     0 (0.00%) Active: 6 Started: 17 Finished: 11
2026-10-08 13:34:04,851 INFO o.a.j.r.Summariser: summary =     12 in 00:01:30 =    0.1/s Avg: 11079 Min:    13 Max: 53175 Err:     0 (0.00%)
2026-10-08 13:34:04,852 INFO o.a.j.t.JMeterThread: Thread is done: Searches (open model) 2-9
2026-10-08 13:34:04,852 INFO o.a.j.t.JMeterThread: Thread finished: Searches (open model) 2-9
2026-10-08 13:34:09,005 INFO o.a.j.t.JMeterThread: Thread is done: Tickets (open model) 1-4
2026-10-08 13:34:09,005 INFO o.a.j.t.JMeterThread: Thread finished: Tickets (open model) 1-4
2026-10-08 13:34:13,741 INFO o.a.j.t.JMeterThread: Thread is done: Tickets (open model) 1-5
2026-10-08 13:34:13,742 INFO o.a.j.t.JMeterThread: Thread finished: Tickets (open model) 1-5
2026-10-08 13:34:14,094 INFO o.a.j.t.JMeterThread: Thread started: Searches (open model) 2-10
2026-10-08 13:34:14,118 INFO o.a.j.t.JMeterThread: Thread is done: Searches (open model) 2-10
2026-10-08 13:34:14,118 INFO o.a.j.t.JMeterThread: Thread finished: Searches (open model) 2-10
2026-10-08 13:34:16,489 INFO o.a.j.t.JMeterThread: Thread started: Searches (open model) 2-11
2026-10-08 13:34:16,514 INFO o.a.j.t.JMeterThread: Thread is done: Searches (open model) 2-11
2026-10-08 13:34:16,514 INFO o.a.j.t.JMeterThread: Thread finished: Searches (open model) 2-11
2026-10-08 13:34:16,761 INFO o.a.j.t.JMeterThread: Thread started: Tickets (open model) 1-9
2026-10-08 13:34:20,519 INFO o.a.j.t.JMeterThread: Thread is done: Tickets (open model) 1-6
2026-10-08 13:34:20,519 INFO o.a.j.t.JMeterThread: Thread finished: Tickets (open model) 1-6
2026-10-08 13:34:20,962 INFO o.a.j.t.JMeterThread: Thread started: Searches (open model) 2-12
2026-10-08 13:34:20,982 INFO o.a.j.t.JMeterThread: Thread is done: Searches (open model) 2-12
2026-10-08 13:34:20,982 INFO o.a.j.t.JMeterThread: Thread finished: Searches (open model) 2-12
2026-10-08 13:34:24,908 INFO o.a.j.t.JMeterThread: Thread started: Tickets (open model) 1-10
2026-10-08 13:34:25,401 INFO o.a.j.t.JMeterThread: Thread started: Searches (open model) 2-13
2026-10-08 13:34:25,416 INFO o.a.j.t.JMeterThread: Thread is done: Searches (open model) 2-13
2026-10-08 13:34:25,416 INFO o.a.j.t.JMeterThread: Thread finished: Searches (open model) 2-13
2026-10-08 13:34:28,346 INFO o.a.j.t.JMeterThread: Thread started: Tickets (open model) 1-11
2026-10-08 13:34:32,559 INFO o.a.j.r.Summariser: summary +      8 in 00:00:28 =    0.3/s Avg: 21176 Min:    14 Max: 44490 Err:     0 (0.00%) Active: 5 Started: 24 Finished: 19
2026-10-08 13:34:32,560 INFO o.a.j.r.Summariser: summary =     20 in 00:01:58 =    0.2/s Avg: 15118 Min:    13 Max: 53175 Err:     0 (0.00%)
2026-10-08 13:34:32,560 INFO o.a.j.t.JMeterThread: Thread is done: Tickets (open model) 1-7
2026-10-08 13:34:32,560 INFO o.a.j.t.JMeterThread: Thread finished: Tickets (open model) 1-7
2026-10-08 13:34:37,888 INFO o.a.j.t.JMeterThread: Thread is done: Tickets (open model) 1-8
2026-10-08 13:34:37,888 INFO o.a.j.t.JMeterThread: Thread finished: Tickets (open model) 1-8
2026-10-08 13:34:39,525 INFO o.a.j.t.JMeterThread: Thread started: Tickets (open model) 1-12
2026-10-08 13:34:45,701 INFO o.a.j.t.JMeterThread: Thread is done: Tickets (open model) 1-9
2026-10-08 13:34:45,701 INFO o.a.j.t.JMeterThread: Thread finished: Tickets (open model) 1-9
2026-10-08 13:34:46,430 INFO o.a.j.t.JMeterThread: Thread started: Searches (open model) 2-14
2026-10-08 13:34:46,476 INFO o.a.j.t.JMeterThread: Thread is done: Searches (open model) 2-14
2026-10-08 13:34:46,476 INFO o.a.j.t.JMeterThread: Thread finished: Searches (open model) 2-14
2026-10-08 13:34:47,238 INFO o.a.j.t.JMeterThread: Thread started: Searches (open model) 2-15
2026-10-08 13:34:47,268 INFO o.a.j.t.JMeterThread: Thread is done: Searches (open model) 2-15
2026-10-08 13:34:47,269 INFO o.a.j.t.JMeterThread: Thread finished: Searches (open model) 2-15
2026-10-08 13:34:54,751 INFO o.a.j.t.JMeterThread: Thread is done: Tickets (open model) 1-10
2026-10-08 13:34:54,751 INFO o.a.j.t.JMeterThread: Thread finished: Tickets (open model) 1-10
2026-10-08 13:34:55,188 INFO o.a.j.t.JMeterThread: Thread started: Searches (open model) 2-16
2026-10-08 13:34:55,235 INFO o.a.j.t.JMeterThread: Thread is done: Searches (open model) 2-16
2026-10-08 13:34:55,235 INFO o.a.j.t.JMeterThread: Thread finished: Searches (open model) 2-16
2026-10-08 13:34:56,477 INFO o.a.j.t.JMeterThread: Thread started: Searches (open model) 2-17
2026-10-08 13:34:56,505 INFO o.a.j.t.JMeterThread: Thread is done: Searches (open model) 2-17
2026-10-08 13:34:56,505 INFO o.a.j.t.JMeterThread: Thread finished: Searches (open model) 2-17
2026-10-08 13:34:58,948 INFO o.a.j.t.JMeterThread: Thread started: Searches (open model) 2-18
2026-10-08 13:34:58,974 INFO o.a.j.t.JMeterThread: Thread is done: Searches (open model) 2-18
2026-10-08 13:34:58,974 INFO o.a.j.t.JMeterThread: Thread finished: Searches (open model) 2-18
2026-10-08 13:35:04,799 INFO o.a.j.t.JMeterThread: Thread started: Searches (open model) 2-19
2026-10-08 13:35:04,875 INFO o.a.j.r.Summariser: summary +      9 in 00:00:32 =    0.3/s Avg: 11665 Min:    26 Max: 45965 Err:     0 (0.00%) Active: 3 Started: 31 Finished: 28
2026-10-08 13:35:04,876 INFO o.a.j.r.Summariser: summary =     29 in 00:02:30 =    0.2/s Avg: 14046 Min:    13 Max: 53175 Err:     0 (0.00%)
2026-10-08 13:35:04,876 INFO o.a.j.t.JMeterThread: Thread is done: Searches (open model) 2-19
2026-10-08 13:35:04,876 INFO o.a.j.t.JMeterThread: Thread finished: Searches (open model) 2-19
2026-10-08 13:35:07,168 INFO o.a.j.t.JMeterThread: Thread started: Tickets (open model) 1-13
2026-10-08 13:35:13,827 INFO o.a.j.t.JMeterThread: Thread started: Searches (open model) 2-20
2026-10-08 13:35:13,862 INFO o.a.j.t.JMeterThread: Thread is done: Searches (open model) 2-20
2026-10-08 13:35:13,862 INFO o.a.j.t.JMeterThread: Thread finished: Searches (open model) 2-20
2026-10-08 13:35:19,926 INFO o.a.j.t.JMeterThread: Thread started: Tickets (open model) 1-14
2026-10-08 13:35:23,515 INFO o.a.j.t.JMeterThread: Thread is done: Tickets (open model) 1-11
2026-10-08 13:35:23,515 INFO o.a.j.t.JMeterThread: Thread finished: Tickets (open model) 1-11
2026-10-08 13:35:28,933 INFO o.a.j.t.JMeterThread: Thread is done: Tickets (open model) 1-12
2026-10-08 13:35:28,934 INFO o.a.j.t.JMeterThread: Thread finished: Tickets (open model) 1-12
2026-10-08 13:35:32,512 INFO o.a.j.t.JMeterThread: Thread started: Searches (open model) 2-21
2026-10-08 13:35:32,574 INFO o.a.j.r.Summariser: summary +      4 in 00:00:28 =    0.1/s Avg: 26166 Min:    32 Max: 55168 Err:     0 (0.00%) Active: 3 Started: 35 Finished: 32
2026-10-08 13:35:32,574 INFO o.a.j.r.Summariser: summary =     33 in 00:02:58 =    0.2/s Avg: 15515 Min:    13 Max: 55168 Err:     0 (0.00%)
2026-10-08 13:35:32,575 INFO o.a.j.t.JMeterThread: Thread is done: Searches (open model) 2-21
2026-10-08 13:35:32,575 INFO o.a.j.t.JMeterThread: Thread finished: Searches (open model) 2-21
2026-10-08 13:35:37,778 INFO o.a.j.t.JMeterThread: Thread started: Searches (open model) 2-22
2026-10-08 13:35:37,799 INFO o.a.j.t.JMeterThread: Thread is done: Searches (open model) 2-22
2026-10-08 13:35:37,799 INFO o.a.j.t.JMeterThread: Thread finished: Searches (open model) 2-22
2026-10-08 13:35:37,934 INFO o.a.j.t.JMeterThread: Thread is done: Tickets (open model) 1-13
2026-10-08 13:35:37,934 INFO o.a.j.t.JMeterThread: Thread finished: Tickets (open model) 1-13
2026-10-08 13:35:39,839 INFO o.a.j.t.JMeterThread: Thread started: Searches (open model) 2-23
2026-10-08 13:35:39,858 INFO o.a.j.t.JMeterThread: Thread is done: Searches (open model) 2-23
2026-10-08 13:35:39,858 INFO o.a.j.t.JMeterThread: Thread finished: Searches (open model) 2-23
2026-10-08 13:35:43,575 INFO o.a.j.t.JMeterThread: Thread is done: Tickets (open model) 1-14
2026-10-08 13:35:43,576 INFO o.a.j.t.JMeterThread: Thread finished: Tickets (open model) 1-14
2026-10-08 13:35:46,495 INFO o.a.j.t.JMeterThread: Thread started: Searches (open model) 2-24
2026-10-08 13:35:46,512 INFO o.a.j.t.JMeterThread: Thread is done: Searches (open model) 2-24
2026-10-08 13:35:46,513 INFO o.a.j.t.JMeterThread: Thread finished: Searches (open model) 2-24
2026-10-08 13:35:50,687 INFO o.a.j.t.JMeterThread: Thread started: Searches (open model) 2-25
2026-10-08 13:35:50,717 INFO o.a.j.t.JMeterThread: Thread is done: Searches (open model) 2-25
2026-10-08 13:35:50,717 INFO o.a.j.t.JMeterThread: Thread finished: Searches (open model) 2-25
2026-10-08 13:36:03,154 INFO o.a.j.t.JMeterThread: Thread started: Searches (open model) 2-26
2026-10-08 13:36:03,169 INFO o.a.j.r.Summariser: summary +      7 in 00:00:31 =    0.2/s Avg:  7787 Min:    14 Max: 30764 Err:     0 (0.00%) Active: 1 Started: 40 Finished: 39
2026-10-08 13:36:03,170 INFO o.a.j.r.Summariser: summary =     40 in 00:03:28 =    0.2/s Avg: 14163 Min:    13 Max: 55168 Err:     0 (0.00%)
2026-10-08 13:36:03,170 INFO o.a.j.t.JMeterThread: Thread is done: Searches (open model) 2-26
2026-10-08 13:36:03,170 INFO o.a.j.t.JMeterThread: Thread finished: Searches (open model) 2-26
2026-10-08 13:36:05,563 INFO o.a.j.t.JMeterThread: Thread started: Searches (open model) 2-27
2026-10-08 13:36:05,579 INFO o.a.j.t.JMeterThread: Thread is done: Searches (open model) 2-27
2026-10-08 13:36:05,579 INFO o.a.j.t.JMeterThread: Thread finished: Searches (open model) 2-27
2026-10-08 13:36:16,102 INFO o.a.j.t.JMeterThread: Thread started: Tickets (open model) 1-15
2026-10-08 13:36:18,730 INFO o.a.j.t.JMeterThread: Thread started: Searches (open model) 2-28
2026-10-08 13:36:18,748 INFO o.a.j.t.JMeterThread: Thread is done: Searches (open model) 2-28
2026-10-08 13:36:18,748 INFO o.a.j.t.JMeterThread: Thread finished: Searches (open model) 2-28
2026-10-08 13:36:27,405 INFO o.a.j.t.JMeterThread: Thread started: Tickets (open model) 1-16
2026-10-08 13:36:28,922 INFO o.a.j.t.JMeterThread: Thread is done: Tickets (open model) 1-15
2026-10-08 13:36:28,923 INFO o.a.j.t.JMeterThread: Thread finished: Tickets (open model) 1-15
2026-10-08 13:36:35,984 INFO o.a.j.t.JMeterThread: Thread started: Tickets (open model) 1-17
2026-10-08 13:36:36,456 INFO o.a.j.t.JMeterThread: Thread started: Searches (open model) 2-29
2026-10-08 13:36:36,475 INFO o.a.j.t.JMeterThread: Thread is done: Searches (open model) 2-29
2026-10-08 13:36:36,475 INFO o.a.j.t.JMeterThread: Thread finished: Searches (open model) 2-29
2026-10-08 13:36:39,433 INFO o.a.j.t.JMeterThread: Thread started: Searches (open model) 2-30
2026-10-08 13:36:39,471 INFO o.a.j.t.JMeterThread: Thread is done: Searches (open model) 2-30
2026-10-08 13:36:39,471 INFO o.a.j.t.JMeterThread: Thread finished: Searches (open model) 2-30
2026-10-08 13:36:40,853 INFO o.a.j.t.JMeterThread: Thread started: Searches (open model) 2-31
2026-10-08 13:36:40,868 INFO o.a.j.t.JMeterThread: Thread is done: Searches (open model) 2-31
2026-10-08 13:36:40,868 INFO o.a.j.t.JMeterThread: Thread finished: Searches (open model) 2-31
2026-10-08 13:36:44,699 INFO o.a.j.t.JMeterThread: Thread started: Tickets (open model) 1-18
2026-10-08 13:36:46,208 INFO o.a.j.t.JMeterThread: Thread is done: Tickets (open model) 1-16
2026-10-08 13:36:46,208 INFO o.a.j.t.JMeterThread: Thread finished: Tickets (open model) 1-16
2026-10-08 13:36:53,264 INFO o.a.j.t.JMeterThread: Thread is done: Tickets (open model) 1-17
2026-10-08 13:36:53,264 INFO o.a.j.t.JMeterThread: Thread finished: Tickets (open model) 1-17
2026-10-08 13:36:54,932 INFO o.a.j.t.JMeterThread: Thread started: Searches (open model) 2-32
2026-10-08 13:36:54,955 INFO o.a.j.t.JMeterThread: Thread is done: Searches (open model) 2-32
2026-10-08 13:36:54,955 INFO o.a.j.t.JMeterThread: Thread finished: Searches (open model) 2-32
2026-10-08 13:37:00,830 INFO o.a.j.t.JMeterThread: Thread started: Tickets (open model) 1-19
2026-10-08 13:37:04,284 INFO o.a.j.t.JMeterThread: Thread started: Tickets (open model) 1-20
2026-10-08 13:37:04,959 INFO o.a.j.r.Summariser: summary +     10 in 00:01:02 =    0.2/s Avg:  6927 Min:    14 Max: 20259 Err:     0 (0.00%) Active: 3 Started: 52 Finished: 49
2026-10-08 13:37:04,959 INFO o.a.j.r.Summariser: summary =     50 in 00:04:30 =    0.2/s Avg: 12716 Min:    13 Max: 55168 Err:     0 (0.00%)
2026-10-08 13:37:04,960 INFO o.a.j.t.JMeterThread: Thread is done: Tickets (open model) 1-18
2026-10-08 13:37:04,960 INFO o.a.j.t.JMeterThread: Thread finished: Tickets (open model) 1-18
2026-10-08 13:37:07,190 INFO o.a.j.t.JMeterThread: Thread started: Tickets (open model) 1-21
2026-10-08 13:37:07,713 INFO o.a.j.t.JMeterThread: Thread started: Tickets (open model) 1-22
2026-10-08 13:37:07,944 INFO o.a.j.t.JMeterThread: Thread started: Searches (open model) 2-33
2026-10-08 13:37:07,985 INFO o.a.j.t.JMeterThread: Thread is done: Searches (open model) 2-33
2026-10-08 13:37:07,985 INFO o.a.j.t.JMeterThread: Thread finished: Searches (open model) 2-33
2026-10-08 13:37:08,229 INFO o.a.j.t.JMeterThread: Thread started: Searches (open model) 2-34
2026-10-08 13:37:08,246 INFO o.a.j.t.JMeterThread: Thread is done: Searches (open model) 2-34
2026-10-08 13:37:08,246 INFO o.a.j.t.JMeterThread: Thread finished: Searches (open model) 2-34
2026-10-08 13:37:11,754 INFO o.a.j.t.JMeterThread: Thread started: Searches (open model) 2-35
2026-10-08 13:37:11,805 INFO o.a.j.t.JMeterThread: Thread is done: Searches (open model) 2-35
2026-10-08 13:37:11,805 INFO o.a.j.t.JMeterThread: Thread finished: Searches (open model) 2-35
2026-10-08 13:37:12,774 INFO o.a.j.t.JMeterThread: Thread started: Tickets (open model) 1-23
2026-10-08 13:37:16,191 INFO o.a.j.t.JMeterThread: Thread is done: Tickets (open model) 1-19
2026-10-08 13:37:16,191 INFO o.a.j.t.JMeterThread: Thread finished: Tickets (open model) 1-19
2026-10-08 13:37:22,916 INFO o.a.j.t.JMeterThread: Thread started: Searches (open model) 2-36
2026-10-08 13:37:22,953 INFO o.a.j.t.JMeterThread: Thread is done: Searches (open model) 2-36
2026-10-08 13:37:22,953 INFO o.a.j.t.JMeterThread: Thread finished: Searches (open model) 2-36
2026-10-08 13:37:33,119 INFO o.a.j.r.Summariser: summary +      6 in 00:00:28 =    0.2/s Avg:  7389 Min:    16 Max: 28833 Err:     0 (0.00%) Active: 4 Started: 59 Finished: 55
2026-10-08 13:37:33,120 INFO o.a.j.r.Summariser: summary =     56 in 00:04:58 =    0.2/s Avg: 12145 Min:    13 Max: 55168 Err:     0 (0.00%)
2026-10-08 13:37:33,120 INFO o.a.j.t.JMeterThread: Thread is done: Tickets (open model) 1-20
2026-10-08 13:37:33,120 INFO o.a.j.t.JMeterThread: Thread finished: Tickets (open model) 1-20
2026-10-08 13:37:33,146 INFO o.a.j.t.JMeterThread: Thread started: Tickets (open model) 1-24
2026-10-08 13:37:34,773 INFO o.a.j.t.JMeterThread: Thread started: Searches (open model) 2-37
2026-10-08 13:37:34,805 INFO o.a.j.t.JMeterThread: Thread is done: Searches (open model) 2-37
2026-10-08 13:37:34,805 INFO o.a.j.t.JMeterThread: Thread finished: Searches (open model) 2-37
2026-10-08 13:37:39,572 INFO o.a.j.t.JMeterThread: Thread is done: Tickets (open model) 1-21
2026-10-08 13:37:39,572 INFO o.a.j.t.JMeterThread: Thread finished: Tickets (open model) 1-21
2026-10-08 13:37:39,869 INFO o.a.j.t.JMeterThread: Thread started: Tickets (open model) 1-25
2026-10-08 13:37:44,552 INFO o.a.j.t.JMeterThread: Thread started: Searches (open model) 2-38
2026-10-08 13:37:44,578 INFO o.a.j.t.JMeterThread: Thread is done: Searches (open model) 2-38
2026-10-08 13:37:44,578 INFO o.a.j.t.JMeterThread: Thread finished: Searches (open model) 2-38
2026-10-08 13:38:04,357 INFO o.a.j.r.Summariser: summary +      4 in 00:00:31 =    0.1/s Avg: 22270 Min:    26 Max: 56642 Err:     0 (0.00%) Active: 4 Started: 63 Finished: 59
2026-10-08 13:38:04,358 INFO o.a.j.r.Summariser: summary =     60 in 00:05:30 =    0.2/s Avg: 12820 Min:    13 Max: 56642 Err:     0 (0.00%)
2026-10-08 13:38:04,358 INFO o.a.j.t.JMeterThread: Thread is done: Tickets (open model) 1-22
2026-10-08 13:38:04,358 INFO o.a.j.t.JMeterThread: Thread finished: Tickets (open model) 1-22
2026-10-08 13:38:05,783 INFO o.a.j.t.JMeterThread: Thread started: Tickets (open model) 1-26
2026-10-08 13:38:10,719 INFO o.a.j.t.JMeterThread: Thread started: Searches (open model) 2-39
2026-10-08 13:38:10,757 INFO o.a.j.t.JMeterThread: Thread is done: Searches (open model) 2-39
2026-10-08 13:38:10,757 INFO o.a.j.t.JMeterThread: Thread finished: Searches (open model) 2-39
2026-10-08 13:38:14,369 INFO o.a.j.t.JMeterThread: Thread is done: Tickets (open model) 1-23
2026-10-08 13:38:14,369 INFO o.a.j.t.JMeterThread: Thread finished: Tickets (open model) 1-23
2026-10-08 13:38:15,981 INFO o.a.j.t.JMeterThread: Thread started: Searches (open model) 2-40
2026-10-08 13:38:16,018 INFO o.a.j.t.JMeterThread: Thread is done: Searches (open model) 2-40
2026-10-08 13:38:16,018 INFO o.a.j.t.JMeterThread: Thread finished: Searches (open model) 2-40
2026-10-08 13:38:23,629 INFO o.a.j.t.JMeterThread: Thread started: Searches (open model) 2-41
2026-10-08 13:38:23,706 INFO o.a.j.t.JMeterThread: Thread is done: Searches (open model) 2-41
2026-10-08 13:38:23,706 INFO o.a.j.t.JMeterThread: Thread finished: Searches (open model) 2-41
2026-10-08 13:38:24,124 INFO o.a.j.t.JMeterThread: Thread is done: Tickets (open model) 1-24
2026-10-08 13:38:24,124 INFO o.a.j.t.JMeterThread: Thread finished: Tickets (open model) 1-24
2026-10-08 13:38:32,312 INFO o.a.j.t.JMeterThread: Thread started: Searches (open model) 2-42
2026-10-08 13:38:32,331 INFO o.a.j.r.Summariser: summary +      6 in 00:00:28 =    0.2/s Avg: 18789 Min:    18 Max: 61594 Err:     0 (0.00%) Active: 3 Started: 68 Finished: 65
2026-10-08 13:38:32,331 INFO o.a.j.r.Summariser: summary =     66 in 00:05:58 =    0.2/s Avg: 13363 Min:    13 Max: 61594 Err:     0 (0.00%)
2026-10-08 13:38:32,332 INFO o.a.j.t.JMeterThread: Thread is done: Searches (open model) 2-42
2026-10-08 13:38:32,332 INFO o.a.j.t.JMeterThread: Thread finished: Searches (open model) 2-42
2026-10-08 13:38:33,265 INFO o.a.j.t.JMeterThread: Thread started: Searches (open model) 2-43
2026-10-08 13:38:33,290 INFO o.a.j.t.JMeterThread: Thread is done: Searches (open model) 2-43
2026-10-08 13:38:33,290 INFO o.a.j.t.JMeterThread: Thread finished: Searches (open model) 2-43
2026-10-08 13:38:35,646 INFO o.a.j.t.JMeterThread: Thread started: Searches (open model) 2-44
2026-10-08 13:38:35,667 INFO o.a.j.t.JMeterThread: Thread is done: Searches (open model) 2-44
2026-10-08 13:38:35,667 INFO o.a.j.t.JMeterThread: Thread finished: Searches (open model) 2-44
2026-10-08 13:38:37,050 INFO o.a.j.t.JMeterThread: Thread started: Searches (open model) 2-45
2026-10-08 13:38:37,082 INFO o.a.j.t.JMeterThread: Thread is done: Searches (open model) 2-45
2026-10-08 13:38:37,082 INFO o.a.j.t.JMeterThread: Thread finished: Searches (open model) 2-45
2026-10-08 13:38:39,387 INFO o.a.j.t.JMeterThread: Thread is done: Tickets (open model) 1-25
2026-10-08 13:38:39,387 INFO o.a.j.t.JMeterThread: Thread finished: Tickets (open model) 1-25
2026-10-08 13:38:46,000 INFO o.a.j.t.JMeterThread: Thread started: Tickets (open model) 1-27
2026-10-08 13:38:48,322 INFO o.a.j.t.JMeterThread: Thread started: Searches (open model) 2-46
2026-10-08 13:38:48,341 INFO o.a.j.t.JMeterThread: Thread is done: Searches (open model) 2-46
2026-10-08 13:38:48,341 INFO o.a.j.t.JMeterThread: Thread finished: Searches (open model) 2-46
2026-10-08 13:38:56,676 INFO o.a.j.t.JMeterThread: Thread started: Searches (open model) 2-47
2026-10-08 13:38:56,695 INFO o.a.j.t.JMeterThread: Thread is done: Searches (open model) 2-47
2026-10-08 13:38:56,695 INFO o.a.j.t.JMeterThread: Thread finished: Searches (open model) 2-47
2026-10-08 13:38:58,799 INFO o.a.j.t.JMeterThread: Thread started: Tickets (open model) 1-28
2026-10-08 13:39:04,019 INFO o.a.j.r.Summariser: summary +      7 in 00:00:32 =    0.2/s Avg: 16837 Min:    18 Max: 59517 Err:     0 (0.00%) Active: 3 Started: 75 Finished: 72
2026-10-08 13:39:04,019 INFO o.a.j.r.Summariser: summary =     73 in 00:06:29 =    0.2/s Avg: 13696 Min:    13 Max: 61594 Err:     0 (0.00%)
2026-10-08 13:39:04,020 INFO o.a.j.t.JMeterThread: Thread is done: Tickets (open model) 1-26
2026-10-08 13:39:04,020 INFO o.a.j.t.JMeterThread: Thread finished: Tickets (open model) 1-26
2026-10-08 13:39:16,072 INFO o.a.j.t.JMeterThread: Thread started: Searches (open model) 2-48
2026-10-08 13:39:16,093 INFO o.a.j.t.JMeterThread: Thread is done: Searches (open model) 2-48
2026-10-08 13:39:16,093 INFO o.a.j.t.JMeterThread: Thread finished: Searches (open model) 2-48
2026-10-08 13:39:21,783 INFO o.a.j.t.JMeterThread: Thread started: Searches (open model) 2-49
2026-10-08 13:39:21,803 INFO o.a.j.t.JMeterThread: Thread is done: Searches (open model) 2-49
2026-10-08 13:39:21,803 INFO o.a.j.t.JMeterThread: Thread finished: Searches (open model) 2-49
2026-10-08 13:39:22,438 INFO o.a.j.t.JMeterThread: Thread is done: Tickets (open model) 1-27
2026-10-08 13:39:22,438 INFO o.a.j.t.JMeterThread: Thread finished: Tickets (open model) 1-27
2026-10-08 13:39:24,004 INFO o.a.j.t.JMeterThread: Thread started: Searches (open model) 2-50
2026-10-08 13:39:24,025 INFO o.a.j.t.JMeterThread: Thread is done: Searches (open model) 2-50
2026-10-08 13:39:24,025 INFO o.a.j.t.JMeterThread: Thread finished: Searches (open model) 2-50
2026-10-08 13:39:33,781 INFO o.a.j.t.JMeterThread: Thread started: Searches (open model) 2-51
2026-10-08 13:39:33,809 INFO o.a.j.r.Summariser: summary +      5 in 00:00:30 =    0.2/s Avg:  7304 Min:    19 Max: 36437 Err:     0 (0.00%) Active: 2 Started: 79 Finished: 77
2026-10-08 13:39:33,810 INFO o.a.j.r.Summariser: summary =     78 in 00:06:59 =    0.2/s Avg: 13286 Min:    13 Max: 61594 Err:     0 (0.00%)
2026-10-08 13:39:33,810 INFO o.a.j.t.JMeterThread: Thread is done: Searches (open model) 2-51
2026-10-08 13:39:33,810 INFO o.a.j.t.JMeterThread: Thread finished: Searches (open model) 2-51
2026-10-08 13:39:37,985 INFO o.a.j.t.JMeterThread: Thread started: Searches (open model) 2-52
2026-10-08 13:39:38,009 INFO o.a.j.t.JMeterThread: Thread is done: Searches (open model) 2-52
2026-10-08 13:39:38,009 INFO o.a.j.t.JMeterThread: Thread finished: Searches (open model) 2-52
2026-10-08 13:39:39,930 INFO o.a.j.t.JMeterThread: Thread started: Tickets (open model) 1-29
2026-10-08 13:39:43,255 INFO o.a.j.t.JMeterThread: Thread is done: Tickets (open model) 1-28
2026-10-08 13:39:43,255 INFO o.a.j.t.JMeterThread: Thread finished: Tickets (open model) 1-28
2026-10-08 13:39:47,742 INFO o.a.j.t.JMeterThread: Thread started: Searches (open model) 2-53
2026-10-08 13:39:47,769 INFO o.a.j.t.JMeterThread: Thread is done: Searches (open model) 2-53
2026-10-08 13:39:47,769 INFO o.a.j.t.JMeterThread: Thread finished: Searches (open model) 2-53
2026-10-08 13:39:54,299 INFO o.a.j.t.JMeterThread: Thread started: Searches (open model) 2-54
2026-10-08 13:39:54,321 INFO o.a.j.t.JMeterThread: Thread is done: Searches (open model) 2-54
2026-10-08 13:39:54,321 INFO o.a.j.t.JMeterThread: Thread finished: Searches (open model) 2-54
2026-10-08 13:39:55,161 INFO o.a.j.t.JMeterThread: Thread is done: Tickets (open model) 1-29
2026-10-08 13:39:55,161 INFO o.a.j.t.JMeterThread: Thread finished: Tickets (open model) 1-29
2026-10-08 13:39:59,594 INFO o.a.j.t.JMeterThread: Thread started: Tickets (open model) 1-30
2026-10-08 13:40:03,336 INFO o.a.j.t.JMeterThread: Thread started: Searches (open model) 2-55
2026-10-08 13:40:03,377 INFO o.a.j.r.Summariser: summary +      6 in 00:00:30 =    0.2/s Avg:  9965 Min:    21 Max: 44455 Err:     0 (0.00%) Active: 2 Started: 85 Finished: 83
2026-10-08 13:40:03,378 INFO o.a.j.r.Summariser: summary =     84 in 00:07:29 =    0.2/s Avg: 13049 Min:    13 Max: 61594 Err:     0 (0.00%)
2026-10-08 13:40:03,378 INFO o.a.j.t.JMeterThread: Thread is done: Searches (open model) 2-55
2026-10-08 13:40:03,378 INFO o.a.j.t.JMeterThread: Thread finished: Searches (open model) 2-55
2026-10-08 13:40:06,351 INFO o.a.j.t.JMeterThread: Thread started: Tickets (open model) 1-31
2026-10-08 13:40:08,565 INFO o.a.j.t.JMeterThread: Thread started: Searches (open model) 2-56
2026-10-08 13:40:08,605 INFO o.a.j.t.JMeterThread: Thread is done: Searches (open model) 2-56
2026-10-08 13:40:08,605 INFO o.a.j.t.JMeterThread: Thread finished: Searches (open model) 2-56
2026-10-08 13:40:17,838 INFO o.a.j.t.JMeterThread: Thread started: Tickets (open model) 1-32
2026-10-08 13:40:24,575 INFO o.a.j.t.JMeterThread: Thread is done: Tickets (open model) 1-30
2026-10-08 13:40:24,575 INFO o.a.j.t.JMeterThread: Thread finished: Tickets (open model) 1-30
2026-10-08 13:40:25,038 INFO o.a.j.t.JMeterThread: Thread started: Tickets (open model) 1-33
2026-10-08 13:40:29,079 INFO o.a.j.t.JMeterThread: Thread started: Searches (open model) 2-57
2026-10-08 13:40:29,128 INFO o.a.j.t.JMeterThread: Thread is done: Searches (open model) 2-57
2026-10-08 13:40:29,128 INFO o.a.j.t.JMeterThread: Thread finished: Searches (open model) 2-57
2026-10-08 13:40:29,854 INFO o.a.j.t.JMeterThread: Thread started: Tickets (open model) 1-34
2026-10-08 13:40:29,873 INFO o.a.j.t.JMeterThread: Thread is done: Tickets (open model) 1-31
2026-10-08 13:40:29,873 INFO o.a.j.t.JMeterThread: Thread finished: Tickets (open model) 1-31
2026-10-08 13:40:37,078 INFO o.a.j.t.JMeterThread: Thread started: Searches (open model) 2-58
2026-10-08 13:40:37,124 INFO o.a.j.t.JMeterThread: Thread is done: Searches (open model) 2-58
2026-10-08 13:40:37,124 INFO o.a.j.t.JMeterThread: Thread finished: Searches (open model) 2-58
2026-10-08 13:40:40,038 INFO o.a.j.t.JMeterThread: Thread started: Tickets (open model) 1-35
2026-10-08 13:40:44,965 INFO o.a.j.t.JMeterThread: Thread started: Searches (open model) 2-59
2026-10-08 13:40:44,997 INFO o.a.j.t.JMeterThread: Thread is done: Searches (open model) 2-59
2026-10-08 13:40:44,997 INFO o.a.j.t.JMeterThread: Thread finished: Searches (open model) 2-59
2026-10-08 13:40:47,762 INFO o.a.j.t.JMeterThread: Thread is done: Tickets (open model) 1-32
2026-10-08 13:40:47,762 INFO o.a.j.t.JMeterThread: Thread finished: Tickets (open model) 1-32
2026-10-08 13:40:52,988 INFO o.a.j.t.JMeterThread: Thread started: Searches (open model) 2-60
2026-10-08 13:40:53,061 INFO o.a.j.t.JMeterThread: Thread is done: Searches (open model) 2-60
2026-10-08 13:40:53,061 INFO o.a.j.t.JMeterThread: Thread finished: Searches (open model) 2-60
2026-10-08 13:40:55,580 INFO o.a.j.t.JMeterThread: Thread started: Searches (open model) 2-61
2026-10-08 13:40:55,617 INFO o.a.j.t.JMeterThread: Thread is done: Searches (open model) 2-61
2026-10-08 13:40:55,617 INFO o.a.j.t.JMeterThread: Thread finished: Searches (open model) 2-61
2026-10-08 13:40:55,765 INFO o.a.j.t.JMeterThread: Thread started: Searches (open model) 2-62
2026-10-08 13:40:55,783 INFO o.a.j.t.JMeterThread: Thread is done: Searches (open model) 2-62
2026-10-08 13:40:55,783 INFO o.a.j.t.JMeterThread: Thread finished: Searches (open model) 2-62
2026-10-08 13:41:02,755 INFO o.a.j.t.JMeterThread: Thread started: Searches (open model) 2-63
2026-10-08 13:41:02,786 INFO o.a.j.r.Summariser: summary +     11 in 00:00:59 =    0.2/s Avg:  7158 Min:    17 Max: 29922 Err:     0 (0.00%) Active: 4 Started: 98 Finished: 94
2026-10-08 13:41:02,787 INFO o.a.j.r.Summariser: summary =     95 in 00:08:28 =    0.2/s Avg: 12367 Min:    13 Max: 61594 Err:     0 (0.00%)
2026-10-08 13:41:02,787 INFO o.a.j.t.JMeterThread: Thread is done: Searches (open model) 2-63
2026-10-08 13:41:02,787 INFO o.a.j.t.JMeterThread: Thread finished: Searches (open model) 2-63
2026-10-08 13:41:06,025 INFO o.a.j.t.JMeterThread: Thread is done: Tickets (open model) 1-33
2026-10-08 13:41:06,025 INFO o.a.j.t.JMeterThread: Thread finished: Tickets (open model) 1-33
2026-10-08 13:41:07,221 INFO o.a.j.t.JMeterThread: Thread started: Tickets (open model) 1-36
2026-10-08 13:41:19,079 INFO o.a.j.t.JMeterThread: Thread started: Searches (open model) 2-64
2026-10-08 13:41:19,104 INFO o.a.j.t.JMeterThread: Thread is done: Searches (open model) 2-64
2026-10-08 13:41:19,104 INFO o.a.j.t.JMeterThread: Thread finished: Searches (open model) 2-64
2026-10-08 13:41:20,007 INFO o.a.j.t.JMeterThread: Thread is done: Tickets (open model) 1-34
2026-10-08 13:41:20,007 INFO o.a.j.t.JMeterThread: Thread finished: Tickets (open model) 1-34
2026-10-08 13:41:23,581 INFO o.a.j.t.JMeterThread: Thread started: Tickets (open model) 1-37
2026-10-08 13:41:24,537 INFO o.a.j.t.JMeterThread: Thread started: Searches (open model) 2-65
2026-10-08 13:41:24,555 INFO o.a.j.t.JMeterThread: Thread is done: Searches (open model) 2-65
2026-10-08 13:41:24,555 INFO o.a.j.t.JMeterThread: Thread finished: Searches (open model) 2-65
2026-10-08 13:41:26,437 INFO o.a.j.t.JMeterThread: Thread is done: Tickets (open model) 1-35
2026-10-08 13:41:26,437 INFO o.a.j.t.JMeterThread: Thread finished: Tickets (open model) 1-35
2026-10-08 13:41:32,428 INFO o.a.j.t.JMeterThread: Thread started: Searches (open model) 2-66
2026-10-08 13:41:32,466 INFO o.a.j.r.Summariser: summary +      6 in 00:00:30 =    0.2/s Avg: 22935 Min:    16 Max: 50151 Err:     0 (0.00%) Active: 3 Started: 103 Finished: 100
2026-10-08 13:41:32,467 INFO o.a.j.r.Summariser: summary =    101 in 00:08:58 =    0.2/s Avg: 12994 Min:    13 Max: 61594 Err:     0 (0.00%)
2026-10-08 13:41:32,467 INFO o.a.j.t.JMeterThread: Thread is done: Searches (open model) 2-66
2026-10-08 13:41:32,467 INFO o.a.j.t.JMeterThread: Thread finished: Searches (open model) 2-66
2026-10-08 13:41:35,085 INFO o.a.j.t.JMeterThread: Thread started: Tickets (open model) 1-38
2026-10-08 13:41:35,365 INFO o.a.j.t.JMeterThread: Thread started: Tickets (open model) 1-39
2026-10-08 13:41:38,981 INFO o.a.j.t.JMeterThread: Thread started: Searches (open model) 2-67
2026-10-08 13:41:39,015 INFO o.a.j.t.JMeterThread: Thread is done: Searches (open model) 2-67
2026-10-08 13:41:39,015 INFO o.a.j.t.JMeterThread: Thread finished: Searches (open model) 2-67
2026-10-08 13:41:43,027 INFO o.a.j.t.JMeterThread: Thread started: Tickets (open model) 1-40
2026-10-08 13:41:50,898 INFO o.a.j.t.JMeterThread: Thread is done: Tickets (open model) 1-36
2026-10-08 13:41:50,898 INFO o.a.j.t.JMeterThread: Thread finished: Tickets (open model) 1-36
2026-10-08 13:41:55,090 INFO o.a.j.t.JMeterThread: Thread started: Searches (open model) 2-68
2026-10-08 13:41:55,122 INFO o.a.j.t.JMeterThread: Thread is done: Searches (open model) 2-68
2026-10-08 13:41:55,122 INFO o.a.j.t.JMeterThread: Thread finished: Searches (open model) 2-68
2026-10-08 13:41:56,143 INFO o.a.j.t.JMeterThread: Thread is done: Tickets (open model) 1-37
2026-10-08 13:41:56,144 INFO o.a.j.t.JMeterThread: Thread finished: Tickets (open model) 1-37
2026-10-08 13:41:59,203 INFO o.a.j.t.JMeterThread: Thread started: Searches (open model) 2-69
2026-10-08 13:41:59,226 INFO o.a.j.t.JMeterThread: Thread is done: Searches (open model) 2-69
2026-10-08 13:41:59,226 INFO o.a.j.t.JMeterThread: Thread finished: Searches (open model) 2-69
2026-10-08 13:42:03,299 INFO o.a.j.r.Summariser: summary +      6 in 00:00:31 =    0.2/s Avg: 17422 Min:    23 Max: 43676 Err:     0 (0.00%) Active: 3 Started: 109 Finished: 106
2026-10-08 13:42:03,300 INFO o.a.j.r.Summariser: summary =    107 in 00:09:29 =    0.2/s Avg: 13243 Min:    13 Max: 61594 Err:     0 (0.00%)
2026-10-08 13:42:03,300 INFO o.a.j.t.JMeterThread: Thread is done: Tickets (open model) 1-38
2026-10-08 13:42:03,300 INFO o.a.j.t.JMeterThread: Thread finished: Tickets (open model) 1-38
2026-10-08 13:42:04,211 INFO o.a.j.t.JMeterThread: Thread started: Searches (open model) 2-70
2026-10-08 13:42:04,231 INFO o.a.j.t.JMeterThread: Thread is done: Searches (open model) 2-70
2026-10-08 13:42:04,231 INFO o.a.j.t.JMeterThread: Thread finished: Searches (open model) 2-70
2026-10-08 13:42:11,761 INFO o.a.j.t.JMeterThread: Thread started: Tickets (open model) 1-41
2026-10-08 13:42:11,910 INFO o.a.j.t.JMeterThread: Thread started: Searches (open model) 2-71
2026-10-08 13:42:11,941 INFO o.a.j.t.JMeterThread: Thread is done: Searches (open model) 2-71
2026-10-08 13:42:11,941 INFO o.a.j.t.JMeterThread: Thread finished: Searches (open model) 2-71
2026-10-08 13:42:20,490 INFO o.a.j.t.JMeterThread: Thread started: Searches (open model) 2-72
2026-10-08 13:42:20,509 INFO o.a.j.t.JMeterThread: Thread is done: Searches (open model) 2-72
2026-10-08 13:42:20,509 INFO o.a.j.t.JMeterThread: Thread finished: Searches (open model) 2-72
2026-10-08 13:42:23,030 INFO o.a.j.t.JMeterThread: Thread started: Searches (open model) 2-73
2026-10-08 13:42:23,047 INFO o.a.j.t.JMeterThread: Thread is done: Searches (open model) 2-73
2026-10-08 13:42:23,047 INFO o.a.j.t.JMeterThread: Thread finished: Searches (open model) 2-73
2026-10-08 13:42:31,334 INFO o.a.j.r.Summariser: summary +      5 in 00:00:28 =    0.2/s Avg: 11210 Min:    17 Max: 55969 Err:     0 (0.00%) Active: 3 Started: 114 Finished: 111
2026-10-08 13:42:31,335 INFO o.a.j.r.Summariser: summary =    112 in 00:09:57 =    0.2/s Avg: 13152 Min:    13 Max: 61594 Err:     0 (0.00%)
2026-10-08 13:42:31,335 INFO o.a.j.t.JMeterThread: Thread is done: Tickets (open model) 1-39
2026-10-08 13:42:31,335 INFO o.a.j.t.JMeterThread: Thread finished: Tickets (open model) 1-39
2026-10-08 13:42:35,686 INFO o.a.j.t.JMeterThread: Thread started: Searches (open model) 2-74
2026-10-08 13:42:35,705 INFO o.a.j.t.JMeterThread: Thread is done: Searches (open model) 2-74
2026-10-08 13:42:35,705 INFO o.a.j.t.JMeterThread: Thread finished: Searches (open model) 2-74
2026-10-08 13:42:36,203 INFO o.a.j.t.JMeterThread: Thread started: Tickets (open model) 1-42
2026-10-08 13:42:38,503 INFO o.a.j.t.JMeterThread: Thread started: Searches (open model) 2-75
2026-10-08 13:42:38,540 INFO o.a.j.t.JMeterThread: Thread is done: Searches (open model) 2-75
2026-10-08 13:42:38,540 INFO o.a.j.t.JMeterThread: Thread finished: Searches (open model) 2-75
2026-10-08 13:42:41,085 INFO o.a.j.t.JMeterThread: Thread started: Searches (open model) 2-76
2026-10-08 13:42:41,172 INFO o.a.j.t.JMeterThread: Thread is done: Searches (open model) 2-76
2026-10-08 13:42:41,173 INFO o.a.j.t.JMeterThread: Thread finished: Searches (open model) 2-76
2026-10-08 13:42:42,505 INFO o.a.j.t.JMeterThread: Thread started: Tickets (open model) 1-43
2026-10-08 13:42:44,872 INFO o.a.j.t.JMeterThread: Thread is done: Tickets (open model) 1-40
2026-10-08 13:42:44,872 INFO o.a.j.t.JMeterThread: Thread finished: Tickets (open model) 1-40
2026-10-08 13:42:50,650 INFO o.a.j.t.JMeterThread: Thread started: Searches (open model) 2-77
2026-10-08 13:42:50,687 INFO o.a.j.t.JMeterThread: Thread is done: Searches (open model) 2-77
2026-10-08 13:42:50,687 INFO o.a.j.t.JMeterThread: Thread finished: Searches (open model) 2-77
2026-10-08 13:42:50,951 INFO o.a.j.t.JMeterThread: Thread started: Searches (open model) 2-78
2026-10-08 13:42:50,985 INFO o.a.j.t.JMeterThread: Thread is done: Searches (open model) 2-78
2026-10-08 13:42:50,985 INFO o.a.j.t.JMeterThread: Thread finished: Searches (open model) 2-78
2026-10-08 13:42:55,406 INFO o.a.j.t.JMeterThread: Thread started: Searches (open model) 2-79
2026-10-08 13:42:55,431 INFO o.a.j.t.JMeterThread: Thread is done: Searches (open model) 2-79
2026-10-08 13:42:55,432 INFO o.a.j.t.JMeterThread: Thread finished: Searches (open model) 2-79
2026-10-08 13:42:59,135 INFO o.a.j.t.JMeterThread: Thread started: Searches (open model) 2-80
2026-10-08 13:42:59,164 INFO o.a.j.t.JMeterThread: Thread is done: Searches (open model) 2-80
2026-10-08 13:42:59,164 INFO o.a.j.t.JMeterThread: Thread finished: Searches (open model) 2-80
2026-10-08 13:43:00,448 INFO o.a.j.t.JMeterThread: Thread started: Searches (open model) 2-81
2026-10-08 13:43:00,482 INFO o.a.j.r.Summariser: summary +      9 in 00:00:29 =    0.3/s Avg:  6904 Min:    17 Max: 61843 Err:     0 (0.00%) Active: 4 Started: 124 Finished: 120
2026-10-08 13:43:00,483 INFO o.a.j.r.Summariser: summary =    121 in 00:10:26 =    0.2/s Avg: 12687 Min:    13 Max: 61843 Err:     0 (0.00%)
2026-10-08 13:43:00,483 INFO o.a.j.t.JMeterThread: Thread is done: Searches (open model) 2-81
2026-10-08 13:43:00,483 INFO o.a.j.t.JMeterThread: Thread finished: Searches (open model) 2-81
2026-10-08 13:43:02,207 INFO o.a.j.t.JMeterThread: Thread started: Searches (open model) 2-82
2026-10-08 13:43:02,226 INFO o.a.j.t.JMeterThread: Thread is done: Searches (open model) 2-82
2026-10-08 13:43:02,226 INFO o.a.j.t.JMeterThread: Thread finished: Searches (open model) 2-82
2026-10-08 13:43:06,355 INFO o.a.j.t.JMeterThread: Thread started: Tickets (open model) 1-44
2026-10-08 13:43:13,304 INFO o.a.j.t.JMeterThread: Thread started: Tickets (open model) 1-45
2026-10-08 13:43:16,115 INFO o.a.j.t.JMeterThread: Thread is done: Tickets (open model) 1-41
2026-10-08 13:43:16,115 INFO o.a.j.t.JMeterThread: Thread finished: Tickets (open model) 1-41
2026-10-08 13:43:17,356 INFO o.a.j.t.JMeterThread: Thread started: Tickets (open model) 1-46
2026-10-08 13:43:24,909 INFO o.a.j.t.JMeterThread: Thread is done: Tickets (open model) 1-42
2026-10-08 13:43:24,909 INFO o.a.j.t.JMeterThread: Thread finished: Tickets (open model) 1-42
2026-10-08 13:43:31,479 INFO o.a.j.t.JMeterThread: Thread started: Tickets (open model) 1-47
2026-10-08 13:43:35,897 INFO o.a.j.t.JMeterThread: Thread started: Searches (open model) 2-83
2026-10-08 13:43:35,925 INFO o.a.j.r.Summariser: summary +      4 in 00:00:35 =    0.1/s Avg: 28275 Min:    18 Max: 64353 Err:     0 (0.00%) Active: 6 Started: 130 Finished: 124
2026-10-08 13:43:35,925 INFO o.a.j.r.Summariser: summary =    125 in 00:11:01 =    0.2/s Avg: 13186 Min:    13 Max: 64353 Err:     0 (0.00%)
2026-10-08 13:43:35,926 INFO o.a.j.t.JMeterThread: Thread is done: Searches (open model) 2-83
2026-10-08 13:43:35,926 INFO o.a.j.t.JMeterThread: Thread finished: Searches (open model) 2-83
2026-10-08 13:43:35,977 INFO o.a.j.t.JMeterThread: Thread started: Searches (open model) 2-84
2026-10-08 13:43:35,996 INFO o.a.j.t.JMeterThread: Thread is done: Searches (open model) 2-84
2026-10-08 13:43:35,996 INFO o.a.j.t.JMeterThread: Thread finished: Searches (open model) 2-84
2026-10-08 13:43:38,176 INFO o.a.j.t.JMeterThread: Thread started: Searches (open model) 2-85
2026-10-08 13:43:38,194 INFO o.a.j.t.JMeterThread: Thread is done: Searches (open model) 2-85
2026-10-08 13:43:38,194 INFO o.a.j.t.JMeterThread: Thread finished: Searches (open model) 2-85
2026-10-08 13:43:51,539 INFO o.a.j.t.JMeterThread: Thread is done: Tickets (open model) 1-43
2026-10-08 13:43:51,539 INFO o.a.j.t.JMeterThread: Thread finished: Tickets (open model) 1-43
2026-10-08 13:43:53,198 INFO o.a.j.t.JMeterThread: Thread started: Tickets (open model) 1-48
2026-10-08 13:43:58,820 INFO o.a.j.t.JMeterThread: Thread started: Searches (open model) 2-86
2026-10-08 13:43:58,843 INFO o.a.j.t.JMeterThread: Thread is done: Searches (open model) 2-86
2026-10-08 13:43:58,843 INFO o.a.j.t.JMeterThread: Thread finished: Searches (open model) 2-86
2026-10-08 13:44:01,475 INFO o.a.j.r.Summariser: summary +      5 in 00:00:26 =    0.2/s Avg: 24841 Min:    16 Max: 69033 Err:     0 (0.00%) Active: 5 Started: 134 Finished: 129
2026-10-08 13:44:01,477 INFO o.a.j.r.Summariser: summary =    130 in 00:11:27 =    0.2/s Avg: 13634 Min:    13 Max: 69033 Err:     0 (0.00%)
2026-10-08 13:44:01,477 INFO o.a.j.t.JMeterThread: Thread is done: Tickets (open model) 1-44
2026-10-08 13:44:01,477 INFO o.a.j.t.JMeterThread: Thread finished: Tickets (open model) 1-44
2026-10-08 13:44:02,914 INFO o.a.j.t.JMeterThread: Thread started: Searches (open model) 2-87
2026-10-08 13:44:02,931 INFO o.a.j.t.JMeterThread: Thread is done: Searches (open model) 2-87
2026-10-08 13:44:02,931 INFO o.a.j.t.JMeterThread: Thread finished: Searches (open model) 2-87
2026-10-08 13:44:02,993 INFO o.a.j.t.JMeterThread: Thread started: Tickets (open model) 1-49
2026-10-08 13:44:08,364 INFO o.a.j.t.JMeterThread: Thread started: Searches (open model) 2-88
2026-10-08 13:44:08,396 INFO o.a.j.t.JMeterThread: Thread is done: Searches (open model) 2-88
2026-10-08 13:44:08,397 INFO o.a.j.t.JMeterThread: Thread finished: Searches (open model) 2-88
2026-10-08 13:44:14,192 INFO o.a.j.t.JMeterThread: Thread is done: Tickets (open model) 1-45
2026-10-08 13:44:14,193 INFO o.a.j.t.JMeterThread: Thread finished: Tickets (open model) 1-45
2026-10-08 13:44:14,342 INFO o.a.j.t.JMeterThread: Thread started: Searches (open model) 2-89
2026-10-08 13:44:14,359 INFO o.a.j.t.JMeterThread: Thread is done: Searches (open model) 2-89
2026-10-08 13:44:14,359 INFO o.a.j.t.JMeterThread: Thread finished: Searches (open model) 2-89
2026-10-08 13:44:26,074 INFO o.a.j.t.JMeterThread: Thread is done: Tickets (open model) 1-46
2026-10-08 13:44:26,074 INFO o.a.j.t.JMeterThread: Thread finished: Tickets (open model) 1-46
2026-10-08 13:44:27,597 INFO o.a.j.t.JMeterThread: Thread started: Tickets (open model) 1-50
2026-10-08 13:44:27,597 INFO o.a.j.t.o.EvenArrivalsRamp: Generating 0 events, beginRate = 0.0 / sec, endRate = 0.0 / sec, duration = 190.0 sec
2026-10-08 13:44:27,597 INFO o.a.j.t.o.OpenModelThreadGroup: There will be no more events, so will wait for 196 sec till the end of the schedule
2026-10-08 13:44:30,178 INFO o.a.j.t.o.EvenArrivalsRamp: Generating 0 events, beginRate = 0.0 / sec, endRate = 0.0 / sec, duration = 190.0 sec
2026-10-08 13:44:30,178 INFO o.a.j.t.JMeterThread: Thread started: Searches (open model) 2-90
2026-10-08 13:44:30,178 INFO o.a.j.t.o.OpenModelThreadGroup: There will be no more events, so will wait for 194 sec till the end of the schedule
2026-10-08 13:44:30,203 INFO o.a.j.r.Summariser: summary +      6 in 00:00:29 =    0.2/s Avg: 21615 Min:    16 Max: 68717 Err:     0 (0.00%) Active: 5 Started: 140 Finished: 135
2026-10-08 13:44:30,203 INFO o.a.j.r.Summariser: summary =    136 in 00:11:56 =    0.2/s Avg: 13986 Min:    13 Max: 69033 Err:     0 (0.00%)
2026-10-08 13:44:30,203 INFO o.a.j.t.JMeterThread: Thread is done: Searches (open model) 2-90
2026-10-08 13:44:30,203 INFO o.a.j.t.JMeterThread: Thread finished: Searches (open model) 2-90
2026-10-08 13:44:40,582 INFO o.a.j.t.JMeterThread: Thread is done: Tickets (open model) 1-47
2026-10-08 13:44:40,582 INFO o.a.j.t.JMeterThread: Thread finished: Tickets (open model) 1-47
2026-10-08 13:45:00,834 INFO o.a.j.r.Summariser: summary +      2 in 00:00:31 =    0.1/s Avg: 68369 Min: 67636 Max: 69102 Err:     0 (0.00%) Active: 3 Started: 140 Finished: 137
2026-10-08 13:45:00,834 INFO o.a.j.r.Summariser: summary =    138 in 00:12:26 =    0.2/s Avg: 14775 Min:    13 Max: 69102 Err:     0 (0.00%)
2026-10-08 13:45:00,835 INFO o.a.j.t.JMeterThread: Thread is done: Tickets (open model) 1-48
2026-10-08 13:45:00,835 INFO o.a.j.t.JMeterThread: Thread finished: Tickets (open model) 1-48
2026-10-08 13:45:23,547 INFO o.a.j.t.JMeterThread: Thread is done: Tickets (open model) 1-49
2026-10-08 13:45:23,547 INFO o.a.j.t.JMeterThread: Thread finished: Tickets (open model) 1-49
2026-10-08 13:45:45,550 INFO o.a.j.t.JMeterThread: Thread is done: Tickets (open model) 1-50
2026-10-08 13:45:45,550 INFO o.a.j.t.JMeterThread: Thread finished: Tickets (open model) 1-50
2026-10-08 13:47:44,481 INFO o.a.j.t.o.OpenModelThreadGroup: There will be no more events, will shutdown the thread pool
2026-10-08 13:47:44,481 INFO o.a.j.t.o.OpenModelThreadGroup: There will be no more events, will shutdown the thread pool
2026-10-08 13:47:44,481 INFO o.a.j.t.o.OpenModelThreadGroup: Thread starting done
2026-10-08 13:47:44,481 INFO o.a.j.t.o.OpenModelThreadGroup: Thread starting done
2026-10-08 13:47:44,481 INFO o.a.j.e.StandardJMeterEngine: Notifying test listeners of end of test
2026-10-08 13:47:44,481 INFO o.a.j.s.FileServer: Close: C:\Users\Owen\Desktop\ICT3113_Assignment_1\jmeter\data\team_narratives.tsv
2026-10-08 13:47:44,481 INFO o.a.j.s.FileServer: Close: C:\Users\Owen\Desktop\ICT3113_Assignment_1\jmeter\data\search_terms.txt
2026-10-08 13:47:44,481 INFO o.a.j.r.Summariser: summary +      2 in 00:02:44 =    0.0/s Avg: 79252 Min: 77952 Max: 80553 Err:     0 (0.00%) Active: 0 Started: 140 Finished: 140
2026-10-08 13:47:44,482 INFO o.a.j.r.Summariser: summary =    140 in 00:15:10 =    0.2/s Avg: 15696 Min:    13 Max: 80553 Err:     0 (0.00%)
