2026-10-08 07:36:50,104 INFO o.a.j.u.JMeterUtils: Setting Locale to en_EN
2026-10-08 07:36:50,113 INFO o.a.j.JMeter: Loading user properties from: user.properties
2026-10-08 07:36:50,113 INFO o.a.j.JMeter: Loading system properties from: system.properties
2026-10-08 07:36:50,113 INFO o.a.j.JMeter: Loading additional properties from: C:\Users\Owen\Desktop\ICT3113_Assignment_1\jmeter\results.properties
2026-10-08 07:36:50,113 INFO o.a.j.JMeter: Setting JMeter property: host=192.168.1.170
2026-10-08 07:36:50,113 INFO o.a.j.JMeter: Setting JMeter property: port=8000
2026-10-08 07:36:50,113 INFO o.a.j.JMeter: Setting JMeter property: protocol=http
2026-10-08 07:36:50,114 INFO o.a.j.JMeter: Setting JMeter property: rate=500
2026-10-08 07:36:50,114 INFO o.a.j.JMeter: Setting JMeter property: duration_s=720
2026-10-08 07:36:50,114 INFO o.a.j.JMeter: Setting JMeter property: drain_s=190
2026-10-08 07:36:50,114 INFO o.a.j.JMeter: Setting JMeter property: search_schedule=pause(1s)
2026-10-08 07:36:50,114 INFO o.a.j.JMeter: Setting JMeter property: seed=311303
2026-10-08 07:36:50,114 INFO o.a.j.JMeter: Setting JMeter property: search_seed=311353
2026-10-08 07:36:50,114 INFO o.a.j.JMeter: Setting JMeter property: data_file=C:\Users\Owen\Desktop\ICT3113_Assignment_1\jmeter\data\team_narratives.tsv
2026-10-08 07:36:50,114 INFO o.a.j.JMeter: Setting JMeter property: search_file=C:\Users\Owen\Desktop\ICT3113_Assignment_1\jmeter\data\search_terms.txt
2026-10-08 07:36:50,114 INFO o.a.j.JMeter: Setting JMeter property: timeout_ms=180000
2026-10-08 07:36:50,118 INFO o.a.j.JMeter: Copyright (c) 1998-2024 The Apache Software Foundation
2026-10-08 07:36:50,118 INFO o.a.j.JMeter: Version 5.6.3
2026-10-08 07:36:50,118 INFO o.a.j.JMeter: java.version=1.8.0_333
2026-10-08 07:36:50,118 INFO o.a.j.JMeter: java.vm.name=Java HotSpot(TM) 64-Bit Server VM
2026-10-08 07:36:50,118 INFO o.a.j.JMeter: os.name=Windows 11
2026-10-08 07:36:50,118 INFO o.a.j.JMeter: os.arch=amd64
2026-10-08 07:36:50,118 INFO o.a.j.JMeter: os.version=10.0
2026-10-08 07:36:50,118 INFO o.a.j.JMeter: file.encoding=Cp1252
2026-10-08 07:36:50,118 INFO o.a.j.JMeter: java.awt.headless=true
2026-10-08 07:36:50,118 INFO o.a.j.JMeter: Max memory     =1073741824
2026-10-08 07:36:50,118 INFO o.a.j.JMeter: Available Processors =16
2026-10-08 07:36:50,120 INFO o.a.j.JMeter: Default Locale=English (EN)
2026-10-08 07:36:50,121 INFO o.a.j.JMeter: JMeter  Locale=English (EN)
2026-10-08 07:36:50,121 INFO o.a.j.JMeter: JMeterHome=C:\Users\Owen\Downloads\apache-jmeter-5.6.3\apache-jmeter-5.6.3
2026-10-08 07:36:50,121 INFO o.a.j.JMeter: user.dir  =C:\Users\Owen\Downloads\apache-jmeter-5.6.3\apache-jmeter-5.6.3\bin
2026-10-08 07:36:50,121 INFO o.a.j.JMeter: PWD       =C:\Users\Owen\Downloads\apache-jmeter-5.6.3\apache-jmeter-5.6.3\bin
2026-10-08 07:36:55,085 INFO o.a.j.JMeter: IP: 10.5.0.2 Name: DESKTOP-AK5RA9C FullName: DESKTOP-AK5RA9C
2026-10-08 07:36:55,097 INFO o.a.j.s.FileServer: Default base='C:\Users\Owen\Downloads\apache-jmeter-5.6.3\apache-jmeter-5.6.3\bin'
2026-10-08 07:36:55,098 INFO o.a.j.s.FileServer: Set new base='C:\Users\Owen\Desktop\ICT3113_Assignment_1\jmeter'
2026-10-08 07:36:55,174 INFO o.a.j.s.SaveService: Testplan (JMX) version: 2.2. Testlog (JTL) version: 2.2
2026-10-08 07:36:55,185 INFO o.a.j.s.SaveService: Using SaveService properties file encoding UTF-8
2026-10-08 07:36:55,188 INFO o.a.j.s.SaveService: Using SaveService properties version 5.0
2026-10-08 07:36:55,192 INFO o.a.j.s.SaveService: Loading file: C:\Users\Owen\Desktop\ICT3113_Assignment_1\jmeter\ticket_load_test.jmx
2026-10-08 07:36:55,236 INFO o.a.j.p.h.s.HTTPSamplerBase: Parser for text/html is org.apache.jmeter.protocol.http.parser.LagartoBasedHtmlParser
2026-10-08 07:36:55,236 INFO o.a.j.p.h.s.HTTPSamplerBase: Parser for application/xhtml+xml is org.apache.jmeter.protocol.http.parser.LagartoBasedHtmlParser
2026-10-08 07:36:55,236 INFO o.a.j.p.h.s.HTTPSamplerBase: Parser for application/xml is org.apache.jmeter.protocol.http.parser.LagartoBasedHtmlParser
2026-10-08 07:36:55,236 INFO o.a.j.p.h.s.HTTPSamplerBase: Parser for text/xml is org.apache.jmeter.protocol.http.parser.LagartoBasedHtmlParser
2026-10-08 07:36:55,236 INFO o.a.j.p.h.s.HTTPSamplerBase: Parser for text/vnd.wap.wml is org.apache.jmeter.protocol.http.parser.RegexpHTMLParser
2026-10-08 07:36:55,236 INFO o.a.j.p.h.s.HTTPSamplerBase: Parser for text/css is org.apache.jmeter.protocol.http.parser.CssParser
2026-10-08 07:36:55,387 INFO o.a.j.JMeter: Creating summariser <summary>
2026-10-08 07:36:55,398 INFO o.a.j.e.StandardJMeterEngine: Running the test!
2026-10-08 07:36:55,399 INFO o.a.j.s.SampleEvent: List of sample_variables: [request_id, ticket_row]
2026-10-08 07:36:55,399 INFO o.a.j.s.SampleEvent: List of sample_variables: [request_id, ticket_row]
2026-10-08 07:36:55,402 INFO o.a.j.e.u.CompoundVariable: Note: Function class names must contain the string: '.functions.'
2026-10-08 07:36:55,402 INFO o.a.j.e.u.CompoundVariable: Note: Function class names must not contain the string: '.gui.'
2026-10-08 07:36:55,573 INFO o.a.j.JMeter: Running test (1791416215572)
2026-10-08 07:36:55,599 INFO o.a.j.e.StandardJMeterEngine: Starting ThreadGroup: 1 : Tickets (open model)
2026-10-08 07:36:55,599 INFO o.a.j.e.StandardJMeterEngine: Starting 0 threads for group Tickets (open model).
2026-10-08 07:36:55,599 INFO o.a.j.e.StandardJMeterEngine: Thread will continue on error
2026-10-08 07:36:55,599 INFO o.a.j.t.o.OpenModelThreadGroup: Starting OpenModelThreadGroup#1 with schedule rate(500/hour) random_arrivals(720 s) pause(190 s)
2026-10-08 07:36:55,631 INFO o.a.j.e.StandardJMeterEngine: Starting ThreadGroup: 2 : Searches (open model)
2026-10-08 07:36:55,631 INFO o.a.j.e.StandardJMeterEngine: Starting 0 threads for group Searches (open model).
2026-10-08 07:36:55,631 INFO o.a.j.e.StandardJMeterEngine: Thread will continue on error
2026-10-08 07:36:55,631 INFO o.a.j.t.o.OpenModelThreadGroup: Starting OpenModelThreadGroup#2 with schedule pause(1s)
2026-10-08 07:36:55,631 INFO o.a.j.t.o.OpenModelThreadGroup: Thread starting init
2026-10-08 07:36:55,631 INFO o.a.j.e.StandardJMeterEngine: All thread groups have been started
2026-10-08 07:36:55,631 INFO o.a.j.t.o.OpenModelThreadGroup: Thread starting init
2026-10-08 07:36:55,634 INFO o.a.j.t.o.EvenArrivalsRamp: Generating 0 events, beginRate = 0.0 / sec, endRate = 0.0 / sec, duration = 1.0 sec
2026-10-08 07:36:55,634 INFO o.a.j.t.o.OpenModelThreadGroup: There will be no more events, so will wait for 0 sec till the end of the schedule
2026-10-08 07:36:55,634 INFO o.a.j.t.o.PoissonArrivalsRamp: Generating 100 events, beginRate = 0.1388888888888889 / sec, endRate = 0.1388888888888889 / sec, duration = 720.0 sec
2026-10-08 07:36:56,400 INFO o.a.j.t.o.OpenModelThreadGroup: There will be no more events, will shutdown the thread pool
2026-10-08 07:36:56,400 INFO o.a.j.t.o.OpenModelThreadGroup: Thread starting done
2026-10-08 07:37:02,660 INFO o.a.j.t.JMeterThread: Thread started: Tickets (open model) 1-1
2026-10-08 07:37:02,660 INFO o.a.j.s.FileServer: Stored: C:\Users\Owen\Desktop\ICT3113_Assignment_1\jmeter\data\team_narratives.tsv
2026-10-08 07:37:02,681 INFO o.a.j.p.h.s.HTTPHCAbstractImpl: Local host = DESKTOP-AK5RA9C
2026-10-08 07:37:02,685 INFO o.a.j.p.h.s.HTTPHC4Impl: HTTP request retry count = 0
2026-10-08 07:37:02,686 INFO o.a.j.s.SampleResult: Note: Sample TimeStamps are START times
2026-10-08 07:37:02,686 INFO o.a.j.s.SampleResult: sampleresult.default.encoding is set to UTF-8
2026-10-08 07:37:02,686 INFO o.a.j.s.SampleResult: sampleresult.useNanoTime=true
2026-10-08 07:37:02,686 INFO o.a.j.s.SampleResult: sampleresult.nanoThreadSleep=5000
2026-10-08 07:37:11,104 INFO o.a.j.t.JMeterThread: Thread started: Tickets (open model) 1-2
2026-10-08 07:37:22,167 INFO o.a.j.t.JMeterThread: Thread is done: Tickets (open model) 1-1
2026-10-08 07:37:22,167 INFO o.a.j.t.JMeterThread: Thread finished: Tickets (open model) 1-1
2026-10-08 07:37:25,529 INFO o.a.j.t.JMeterThread: Thread is done: Tickets (open model) 1-2
2026-10-08 07:37:25,529 INFO o.a.j.t.JMeterThread: Thread finished: Tickets (open model) 1-2
2026-10-08 07:37:33,123 INFO o.a.j.t.JMeterThread: Thread started: Tickets (open model) 1-3
2026-10-08 07:37:35,786 INFO o.a.j.t.JMeterThread: Thread started: Tickets (open model) 1-4
2026-10-08 07:37:38,312 INFO o.a.j.t.JMeterThread: Thread is done: Tickets (open model) 1-3
2026-10-08 07:37:38,312 INFO o.a.j.t.JMeterThread: Thread finished: Tickets (open model) 1-3
2026-10-08 07:37:40,462 INFO o.a.j.t.JMeterThread: Thread started: Tickets (open model) 1-5
2026-10-08 07:37:45,839 INFO o.a.j.t.JMeterThread: Thread started: Tickets (open model) 1-6
2026-10-08 07:37:46,379 INFO o.a.j.t.JMeterThread: Thread is done: Tickets (open model) 1-4
2026-10-08 07:37:46,379 INFO o.a.j.t.JMeterThread: Thread finished: Tickets (open model) 1-4
2026-10-08 07:37:47,962 INFO o.a.j.t.JMeterThread: Thread is done: Tickets (open model) 1-5
2026-10-08 07:37:47,963 INFO o.a.j.t.JMeterThread: Thread finished: Tickets (open model) 1-5
2026-10-08 07:37:49,434 INFO o.a.j.t.JMeterThread: Thread started: Tickets (open model) 1-7
2026-10-08 07:37:50,104 INFO o.a.j.t.JMeterThread: Thread is done: Tickets (open model) 1-6
2026-10-08 07:37:50,104 INFO o.a.j.t.JMeterThread: Thread finished: Tickets (open model) 1-6
2026-10-08 07:37:55,209 INFO o.a.j.t.JMeterThread: Thread is done: Tickets (open model) 1-7
2026-10-08 07:37:55,209 INFO o.a.j.t.JMeterThread: Thread finished: Tickets (open model) 1-7
2026-10-08 07:38:23,300 INFO o.a.j.t.JMeterThread: Thread started: Tickets (open model) 1-8
2026-10-08 07:38:25,596 INFO o.a.j.t.JMeterThread: Thread is done: Tickets (open model) 1-8
2026-10-08 07:38:25,596 INFO o.a.j.t.JMeterThread: Thread finished: Tickets (open model) 1-8
2026-10-08 07:39:04,276 INFO o.a.j.t.JMeterThread: Thread started: Tickets (open model) 1-9
2026-10-08 07:39:06,628 INFO o.a.j.t.JMeterThread: Thread started: Tickets (open model) 1-10
2026-10-08 07:39:07,613 INFO o.a.j.t.JMeterThread: Thread is done: Tickets (open model) 1-9
2026-10-08 07:39:07,613 INFO o.a.j.t.JMeterThread: Thread finished: Tickets (open model) 1-9
2026-10-08 07:39:10,286 INFO o.a.j.t.JMeterThread: Thread is done: Tickets (open model) 1-10
2026-10-08 07:39:10,286 INFO o.a.j.t.JMeterThread: Thread finished: Tickets (open model) 1-10
2026-10-08 07:39:18,648 INFO o.a.j.t.JMeterThread: Thread started: Tickets (open model) 1-11
2026-10-08 07:39:19,073 INFO o.a.j.t.JMeterThread: Thread started: Tickets (open model) 1-12
2026-10-08 07:39:21,658 INFO o.a.j.t.JMeterThread: Thread started: Tickets (open model) 1-13
2026-10-08 07:39:27,613 INFO o.a.j.t.JMeterThread: Thread is done: Tickets (open model) 1-11
2026-10-08 07:39:27,613 INFO o.a.j.t.JMeterThread: Thread finished: Tickets (open model) 1-11
2026-10-08 07:39:29,475 INFO o.a.j.t.JMeterThread: Thread is done: Tickets (open model) 1-12
2026-10-08 07:39:29,475 INFO o.a.j.t.JMeterThread: Thread finished: Tickets (open model) 1-12
2026-10-08 07:39:32,363 INFO o.a.j.r.Summariser: summary +     13 in 00:02:37 =    0.1/s Avg:  8194 Min:  2294 Max: 19438 Err:     0 (0.00%) Active: 1 Started: 13 Finished: 12
2026-10-08 07:39:32,363 INFO o.a.j.t.JMeterThread: Thread is done: Tickets (open model) 1-13
2026-10-08 07:39:32,363 INFO o.a.j.t.JMeterThread: Thread finished: Tickets (open model) 1-13
2026-10-08 07:39:34,422 INFO o.a.j.t.JMeterThread: Thread started: Tickets (open model) 1-14
2026-10-08 07:39:36,424 INFO o.a.j.t.JMeterThread: Thread is done: Tickets (open model) 1-14
2026-10-08 07:39:36,424 INFO o.a.j.t.JMeterThread: Thread finished: Tickets (open model) 1-14
2026-10-08 07:39:37,733 INFO o.a.j.t.JMeterThread: Thread started: Tickets (open model) 1-15
2026-10-08 07:39:42,920 INFO o.a.j.t.JMeterThread: Thread is done: Tickets (open model) 1-15
2026-10-08 07:39:42,920 INFO o.a.j.t.JMeterThread: Thread finished: Tickets (open model) 1-15
2026-10-08 07:39:49,320 INFO o.a.j.t.JMeterThread: Thread started: Tickets (open model) 1-16
2026-10-08 07:39:55,732 INFO o.a.j.t.JMeterThread: Thread is done: Tickets (open model) 1-16
2026-10-08 07:39:55,733 INFO o.a.j.t.JMeterThread: Thread finished: Tickets (open model) 1-16
2026-10-08 07:40:11,431 INFO o.a.j.t.JMeterThread: Thread started: Tickets (open model) 1-17
2026-10-08 07:40:11,472 INFO o.a.j.t.JMeterThread: Thread started: Tickets (open model) 1-18
2026-10-08 07:40:14,171 INFO o.a.j.t.JMeterThread: Thread is done: Tickets (open model) 1-17
2026-10-08 07:40:14,171 INFO o.a.j.t.JMeterThread: Thread finished: Tickets (open model) 1-17
2026-10-08 07:40:17,483 INFO o.a.j.t.JMeterThread: Thread is done: Tickets (open model) 1-18
2026-10-08 07:40:17,483 INFO o.a.j.t.JMeterThread: Thread finished: Tickets (open model) 1-18
2026-10-08 07:40:30,206 INFO o.a.j.t.JMeterThread: Thread started: Tickets (open model) 1-19
2026-10-08 07:40:30,349 INFO o.a.j.t.JMeterThread: Thread started: Tickets (open model) 1-20
2026-10-08 07:40:33,394 INFO o.a.j.r.Summariser: summary +      6 in 00:01:01 =    0.1/s Avg:  4254 Min:  1999 Max:  6411 Err:     0 (0.00%) Active: 2 Started: 20 Finished: 18
2026-10-08 07:40:33,394 INFO o.a.j.r.Summariser: summary =     19 in 00:03:38 =    0.1/s Avg:  6950 Min:  1999 Max: 19438 Err:     0 (0.00%)
2026-10-08 07:40:33,394 INFO o.a.j.t.JMeterThread: Thread is done: Tickets (open model) 1-19
2026-10-08 07:40:33,394 INFO o.a.j.t.JMeterThread: Thread finished: Tickets (open model) 1-19
2026-10-08 07:40:38,303 INFO o.a.j.t.JMeterThread: Thread is done: Tickets (open model) 1-20
2026-10-08 07:40:38,303 INFO o.a.j.t.JMeterThread: Thread finished: Tickets (open model) 1-20
2026-10-08 07:40:47,316 INFO o.a.j.t.JMeterThread: Thread started: Tickets (open model) 1-21
2026-10-08 07:40:49,253 INFO o.a.j.t.JMeterThread: Thread is done: Tickets (open model) 1-21
2026-10-08 07:40:49,253 INFO o.a.j.t.JMeterThread: Thread finished: Tickets (open model) 1-21
2026-10-08 07:40:55,433 INFO o.a.j.t.JMeterThread: Thread started: Tickets (open model) 1-22
2026-10-08 07:40:57,080 INFO o.a.j.t.JMeterThread: Thread started: Tickets (open model) 1-23
2026-10-08 07:41:03,204 INFO o.a.j.r.Summariser: summary +      3 in 00:00:30 =    0.1/s Avg:  5885 Min:  1935 Max:  7952 Err:     0 (0.00%) Active: 2 Started: 23 Finished: 21
2026-10-08 07:41:03,205 INFO o.a.j.r.Summariser: summary =     22 in 00:04:08 =    0.1/s Avg:  6804 Min:  1935 Max: 19438 Err:     0 (0.00%)
2026-10-08 07:41:03,205 INFO o.a.j.t.JMeterThread: Thread is done: Tickets (open model) 1-22
2026-10-08 07:41:03,205 INFO o.a.j.t.JMeterThread: Thread finished: Tickets (open model) 1-22
2026-10-08 07:41:06,453 INFO o.a.j.t.JMeterThread: Thread started: Tickets (open model) 1-24
2026-10-08 07:41:06,571 INFO o.a.j.t.JMeterThread: Thread is done: Tickets (open model) 1-23
2026-10-08 07:41:06,571 INFO o.a.j.t.JMeterThread: Thread finished: Tickets (open model) 1-23
2026-10-08 07:41:08,845 INFO o.a.j.t.JMeterThread: Thread started: Tickets (open model) 1-25
2026-10-08 07:41:09,839 INFO o.a.j.t.JMeterThread: Thread is done: Tickets (open model) 1-24
2026-10-08 07:41:09,839 INFO o.a.j.t.JMeterThread: Thread finished: Tickets (open model) 1-24
2026-10-08 07:41:14,343 INFO o.a.j.t.JMeterThread: Thread is done: Tickets (open model) 1-25
2026-10-08 07:41:14,343 INFO o.a.j.t.JMeterThread: Thread finished: Tickets (open model) 1-25
2026-10-08 07:41:18,897 INFO o.a.j.t.JMeterThread: Thread started: Tickets (open model) 1-26
2026-10-08 07:41:20,418 INFO o.a.j.t.JMeterThread: Thread started: Tickets (open model) 1-27
2026-10-08 07:41:23,450 INFO o.a.j.t.JMeterThread: Thread started: Tickets (open model) 1-28
2026-10-08 07:41:27,141 INFO o.a.j.t.JMeterThread: Thread is done: Tickets (open model) 1-26
2026-10-08 07:41:27,141 INFO o.a.j.t.JMeterThread: Thread finished: Tickets (open model) 1-26
2026-10-08 07:41:32,319 INFO o.a.j.t.JMeterThread: Thread started: Tickets (open model) 1-29
2026-10-08 07:41:33,416 INFO o.a.j.r.Summariser: summary +      5 in 00:00:30 =    0.2/s Avg:  7922 Min:  3385 Max: 12997 Err:     0 (0.00%) Active: 3 Started: 29 Finished: 26
2026-10-08 07:41:33,416 INFO o.a.j.r.Summariser: summary =     27 in 00:04:38 =    0.1/s Avg:  7011 Min:  1935 Max: 19438 Err:     0 (0.00%)
2026-10-08 07:41:33,416 INFO o.a.j.t.JMeterThread: Thread is done: Tickets (open model) 1-27
2026-10-08 07:41:33,416 INFO o.a.j.t.JMeterThread: Thread finished: Tickets (open model) 1-27
2026-10-08 07:41:34,692 INFO o.a.j.t.JMeterThread: Thread started: Tickets (open model) 1-30
2026-10-08 07:41:39,983 INFO o.a.j.t.JMeterThread: Thread is done: Tickets (open model) 1-28
2026-10-08 07:41:39,983 INFO o.a.j.t.JMeterThread: Thread finished: Tickets (open model) 1-28
2026-10-08 07:41:40,856 INFO o.a.j.t.JMeterThread: Thread started: Tickets (open model) 1-31
2026-10-08 07:41:43,997 INFO o.a.j.t.JMeterThread: Thread is done: Tickets (open model) 1-29
2026-10-08 07:41:43,997 INFO o.a.j.t.JMeterThread: Thread finished: Tickets (open model) 1-29
2026-10-08 07:41:46,535 INFO o.a.j.t.JMeterThread: Thread started: Tickets (open model) 1-32
2026-10-08 07:41:52,655 INFO o.a.j.t.JMeterThread: Thread is done: Tickets (open model) 1-30
2026-10-08 07:41:52,655 INFO o.a.j.t.JMeterThread: Thread finished: Tickets (open model) 1-30
2026-10-08 07:41:54,369 INFO o.a.j.t.JMeterThread: Thread is done: Tickets (open model) 1-31
2026-10-08 07:41:54,369 INFO o.a.j.t.JMeterThread: Thread finished: Tickets (open model) 1-31
2026-10-08 07:41:58,863 INFO o.a.j.t.JMeterThread: Thread started: Tickets (open model) 1-33
2026-10-08 07:42:00,346 INFO o.a.j.r.Summariser: summary +      5 in 00:00:27 =    0.2/s Avg: 14697 Min: 11676 Max: 17961 Err:     0 (0.00%) Active: 2 Started: 33 Finished: 31
2026-10-08 07:42:00,346 INFO o.a.j.r.Summariser: summary =     32 in 00:05:05 =    0.1/s Avg:  8212 Min:  1935 Max: 19438 Err:     0 (0.00%)
2026-10-08 07:42:00,347 INFO o.a.j.t.JMeterThread: Thread is done: Tickets (open model) 1-32
2026-10-08 07:42:00,347 INFO o.a.j.t.JMeterThread: Thread finished: Tickets (open model) 1-32
2026-10-08 07:42:05,508 INFO o.a.j.t.JMeterThread: Thread started: Tickets (open model) 1-34
2026-10-08 07:42:06,260 INFO o.a.j.t.JMeterThread: Thread is done: Tickets (open model) 1-33
2026-10-08 07:42:06,260 INFO o.a.j.t.JMeterThread: Thread finished: Tickets (open model) 1-33
2026-10-08 07:42:07,644 INFO o.a.j.t.JMeterThread: Thread started: Tickets (open model) 1-35
2026-10-08 07:42:10,700 INFO o.a.j.t.JMeterThread: Thread is done: Tickets (open model) 1-34
2026-10-08 07:42:10,700 INFO o.a.j.t.JMeterThread: Thread finished: Tickets (open model) 1-34
2026-10-08 07:42:11,317 INFO o.a.j.t.JMeterThread: Thread started: Tickets (open model) 1-36
2026-10-08 07:42:12,535 INFO o.a.j.t.JMeterThread: Thread is done: Tickets (open model) 1-35
2026-10-08 07:42:12,535 INFO o.a.j.t.JMeterThread: Thread finished: Tickets (open model) 1-35
2026-10-08 07:42:17,118 INFO o.a.j.t.JMeterThread: Thread started: Tickets (open model) 1-37
2026-10-08 07:42:19,371 INFO o.a.j.t.JMeterThread: Thread started: Tickets (open model) 1-38
2026-10-08 07:42:20,302 INFO o.a.j.t.JMeterThread: Thread is done: Tickets (open model) 1-36
2026-10-08 07:42:20,302 INFO o.a.j.t.JMeterThread: Thread finished: Tickets (open model) 1-36
2026-10-08 07:42:22,541 INFO o.a.j.t.JMeterThread: Thread is done: Tickets (open model) 1-37
2026-10-08 07:42:22,541 INFO o.a.j.t.JMeterThread: Thread finished: Tickets (open model) 1-37
2026-10-08 07:42:25,746 INFO o.a.j.t.JMeterThread: Thread is done: Tickets (open model) 1-38
2026-10-08 07:42:25,746 INFO o.a.j.t.JMeterThread: Thread finished: Tickets (open model) 1-38
2026-10-08 07:42:36,707 INFO o.a.j.t.JMeterThread: Thread started: Tickets (open model) 1-39
2026-10-08 07:42:37,886 INFO o.a.j.t.JMeterThread: Thread started: Tickets (open model) 1-40
2026-10-08 07:42:39,440 INFO o.a.j.t.JMeterThread: Thread started: Tickets (open model) 1-41
2026-10-08 07:42:46,840 INFO o.a.j.t.JMeterThread: Thread is done: Tickets (open model) 1-39
2026-10-08 07:42:46,840 INFO o.a.j.t.JMeterThread: Thread finished: Tickets (open model) 1-39
2026-10-08 07:42:51,897 INFO o.a.j.t.JMeterThread: Thread is done: Tickets (open model) 1-40
2026-10-08 07:42:51,897 INFO o.a.j.t.JMeterThread: Thread finished: Tickets (open model) 1-40
2026-10-08 07:43:01,977 INFO o.a.j.r.Summariser: summary +      9 in 00:01:02 =    0.1/s Avg:  9436 Min:  4891 Max: 22535 Err:     0 (0.00%) Active: 1 Started: 41 Finished: 40
2026-10-08 07:43:01,977 INFO o.a.j.r.Summariser: summary =     41 in 00:06:06 =    0.1/s Avg:  8481 Min:  1935 Max: 22535 Err:     0 (0.00%)
2026-10-08 07:43:01,977 INFO o.a.j.t.JMeterThread: Thread is done: Tickets (open model) 1-41
2026-10-08 07:43:01,977 INFO o.a.j.t.JMeterThread: Thread finished: Tickets (open model) 1-41
2026-10-08 07:43:08,022 INFO o.a.j.t.JMeterThread: Thread started: Tickets (open model) 1-42
2026-10-08 07:43:09,498 INFO o.a.j.t.JMeterThread: Thread started: Tickets (open model) 1-43
2026-10-08 07:43:10,400 INFO o.a.j.t.JMeterThread: Thread started: Tickets (open model) 1-44
2026-10-08 07:43:10,950 INFO o.a.j.t.JMeterThread: Thread started: Tickets (open model) 1-45
2026-10-08 07:43:11,106 INFO o.a.j.t.JMeterThread: Thread is done: Tickets (open model) 1-42
2026-10-08 07:43:11,107 INFO o.a.j.t.JMeterThread: Thread finished: Tickets (open model) 1-42
2026-10-08 07:43:13,114 INFO o.a.j.t.JMeterThread: Thread started: Tickets (open model) 1-46
2026-10-08 07:43:16,022 INFO o.a.j.t.JMeterThread: Thread started: Tickets (open model) 1-47
2026-10-08 07:43:18,104 INFO o.a.j.t.JMeterThread: Thread started: Tickets (open model) 1-48
2026-10-08 07:43:19,776 INFO o.a.j.t.JMeterThread: Thread is done: Tickets (open model) 1-43
2026-10-08 07:43:19,776 INFO o.a.j.t.JMeterThread: Thread finished: Tickets (open model) 1-43
2026-10-08 07:43:22,550 INFO o.a.j.t.JMeterThread: Thread is done: Tickets (open model) 1-44
2026-10-08 07:43:22,550 INFO o.a.j.t.JMeterThread: Thread finished: Tickets (open model) 1-44
2026-10-08 07:43:26,779 INFO o.a.j.t.JMeterThread: Thread is done: Tickets (open model) 1-45
2026-10-08 07:43:26,779 INFO o.a.j.t.JMeterThread: Thread finished: Tickets (open model) 1-45
2026-10-08 07:43:27,188 INFO o.a.j.t.JMeterThread: Thread started: Tickets (open model) 1-49
2026-10-08 07:43:30,636 INFO o.a.j.r.Summariser: summary +      5 in 00:00:29 =    0.2/s Avg: 11771 Min:  3083 Max: 17520 Err:     0 (0.00%) Active: 4 Started: 49 Finished: 45
2026-10-08 07:43:30,636 INFO o.a.j.r.Summariser: summary =     46 in 00:06:35 =    0.1/s Avg:  8839 Min:  1935 Max: 22535 Err:     0 (0.00%)
2026-10-08 07:43:30,636 INFO o.a.j.t.JMeterThread: Thread is done: Tickets (open model) 1-46
2026-10-08 07:43:30,636 INFO o.a.j.t.JMeterThread: Thread finished: Tickets (open model) 1-46
2026-10-08 07:43:33,194 INFO o.a.j.t.JMeterThread: Thread started: Tickets (open model) 1-50
2026-10-08 07:43:35,518 INFO o.a.j.t.JMeterThread: Thread is done: Tickets (open model) 1-47
2026-10-08 07:43:35,518 INFO o.a.j.t.JMeterThread: Thread finished: Tickets (open model) 1-47
2026-10-08 07:43:42,063 INFO o.a.j.t.JMeterThread: Thread is done: Tickets (open model) 1-48
2026-10-08 07:43:42,063 INFO o.a.j.t.JMeterThread: Thread finished: Tickets (open model) 1-48
2026-10-08 07:43:45,561 INFO o.a.j.t.JMeterThread: Thread started: Tickets (open model) 1-51
2026-10-08 07:43:50,092 INFO o.a.j.t.JMeterThread: Thread is done: Tickets (open model) 1-49
2026-10-08 07:43:50,092 INFO o.a.j.t.JMeterThread: Thread finished: Tickets (open model) 1-49
2026-10-08 07:44:01,265 INFO o.a.j.t.JMeterThread: Thread started: Tickets (open model) 1-52
2026-10-08 07:44:01,726 INFO o.a.j.r.Summariser: summary +      4 in 00:00:31 =    0.1/s Avg: 23721 Min: 19495 Max: 28531 Err:     0 (0.00%) Active: 3 Started: 52 Finished: 49
2026-10-08 07:44:01,727 INFO o.a.j.r.Summariser: summary =     50 in 00:07:06 =    0.1/s Avg: 10029 Min:  1935 Max: 28531 Err:     0 (0.00%)
2026-10-08 07:44:01,727 INFO o.a.j.t.JMeterThread: Thread is done: Tickets (open model) 1-50
2026-10-08 07:44:01,727 INFO o.a.j.t.JMeterThread: Thread finished: Tickets (open model) 1-50
2026-10-08 07:44:01,983 INFO o.a.j.t.JMeterThread: Thread started: Tickets (open model) 1-53
2026-10-08 07:44:02,611 INFO o.a.j.t.JMeterThread: Thread started: Tickets (open model) 1-54
2026-10-08 07:44:05,159 INFO o.a.j.t.JMeterThread: Thread is done: Tickets (open model) 1-51
2026-10-08 07:44:05,159 INFO o.a.j.t.JMeterThread: Thread finished: Tickets (open model) 1-51
2026-10-08 07:44:08,819 INFO o.a.j.t.JMeterThread: Thread is done: Tickets (open model) 1-52
2026-10-08 07:44:08,819 INFO o.a.j.t.JMeterThread: Thread finished: Tickets (open model) 1-52
2026-10-08 07:44:11,856 INFO o.a.j.t.JMeterThread: Thread is done: Tickets (open model) 1-53
2026-10-08 07:44:11,856 INFO o.a.j.t.JMeterThread: Thread finished: Tickets (open model) 1-53
2026-10-08 07:44:12,300 INFO o.a.j.t.JMeterThread: Thread started: Tickets (open model) 1-55
2026-10-08 07:44:15,274 INFO o.a.j.t.JMeterThread: Thread is done: Tickets (open model) 1-54
2026-10-08 07:44:15,275 INFO o.a.j.t.JMeterThread: Thread finished: Tickets (open model) 1-54
2026-10-08 07:44:16,145 INFO o.a.j.t.JMeterThread: Thread started: Tickets (open model) 1-56
2026-10-08 07:44:17,555 INFO o.a.j.t.JMeterThread: Thread is done: Tickets (open model) 1-55
2026-10-08 07:44:17,555 INFO o.a.j.t.JMeterThread: Thread finished: Tickets (open model) 1-55
2026-10-08 07:44:24,351 INFO o.a.j.t.JMeterThread: Thread is done: Tickets (open model) 1-56
2026-10-08 07:44:24,352 INFO o.a.j.t.JMeterThread: Thread finished: Tickets (open model) 1-56
2026-10-08 07:44:35,160 INFO o.a.j.t.JMeterThread: Thread started: Tickets (open model) 1-57
2026-10-08 07:44:37,950 INFO o.a.j.t.JMeterThread: Thread is done: Tickets (open model) 1-57
2026-10-08 07:44:37,950 INFO o.a.j.t.JMeterThread: Thread finished: Tickets (open model) 1-57
2026-10-08 07:44:40,994 INFO o.a.j.t.JMeterThread: Thread started: Tickets (open model) 1-58
2026-10-08 07:44:46,587 INFO o.a.j.t.JMeterThread: Thread started: Tickets (open model) 1-59
2026-10-08 07:44:47,542 INFO o.a.j.t.JMeterThread: Thread started: Tickets (open model) 1-60
2026-10-08 07:44:49,005 INFO o.a.j.t.JMeterThread: Thread is done: Tickets (open model) 1-58
2026-10-08 07:44:49,005 INFO o.a.j.t.JMeterThread: Thread finished: Tickets (open model) 1-58
2026-10-08 07:44:55,791 INFO o.a.j.t.JMeterThread: Thread is done: Tickets (open model) 1-59
2026-10-08 07:44:55,791 INFO o.a.j.t.JMeterThread: Thread finished: Tickets (open model) 1-59
2026-10-08 07:44:59,045 INFO o.a.j.t.JMeterThread: Thread is done: Tickets (open model) 1-60
2026-10-08 07:44:59,045 INFO o.a.j.t.JMeterThread: Thread finished: Tickets (open model) 1-60
2026-10-08 07:44:59,620 INFO o.a.j.t.JMeterThread: Thread started: Tickets (open model) 1-61
2026-10-08 07:45:03,501 INFO o.a.j.t.JMeterThread: Thread started: Tickets (open model) 1-62
2026-10-08 07:45:04,186 INFO o.a.j.t.JMeterThread: Thread started: Tickets (open model) 1-63
2026-10-08 07:45:04,298 INFO o.a.j.r.Summariser: summary +     11 in 00:01:03 =    0.2/s Avg:  9029 Min:  2789 Max: 19596 Err:     0 (0.00%) Active: 3 Started: 63 Finished: 60
2026-10-08 07:45:04,299 INFO o.a.j.r.Summariser: summary =     61 in 00:08:09 =    0.1/s Avg:  9849 Min:  1935 Max: 28531 Err:     0 (0.00%)
2026-10-08 07:45:04,299 INFO o.a.j.t.JMeterThread: Thread is done: Tickets (open model) 1-61
2026-10-08 07:45:04,299 INFO o.a.j.t.JMeterThread: Thread finished: Tickets (open model) 1-61
2026-10-08 07:45:06,064 INFO o.a.j.t.JMeterThread: Thread is done: Tickets (open model) 1-62
2026-10-08 07:45:06,064 INFO o.a.j.t.JMeterThread: Thread finished: Tickets (open model) 1-62
2026-10-08 07:45:07,063 INFO o.a.j.t.JMeterThread: Thread started: Tickets (open model) 1-64
2026-10-08 07:45:11,132 INFO o.a.j.t.JMeterThread: Thread is done: Tickets (open model) 1-63
2026-10-08 07:45:11,132 INFO o.a.j.t.JMeterThread: Thread finished: Tickets (open model) 1-63
2026-10-08 07:45:13,147 INFO o.a.j.t.JMeterThread: Thread is done: Tickets (open model) 1-64
2026-10-08 07:45:13,148 INFO o.a.j.t.JMeterThread: Thread finished: Tickets (open model) 1-64
2026-10-08 07:45:26,301 INFO o.a.j.t.JMeterThread: Thread started: Tickets (open model) 1-65
2026-10-08 07:45:30,336 INFO o.a.j.r.Summariser: summary +      4 in 00:00:26 =    0.2/s Avg:  4906 Min:  2562 Max:  6945 Err:     0 (0.00%) Active: 1 Started: 65 Finished: 64
2026-10-08 07:45:30,337 INFO o.a.j.r.Summariser: summary =     65 in 00:08:35 =    0.1/s Avg:  9545 Min:  1935 Max: 28531 Err:     0 (0.00%)
2026-10-08 07:45:30,337 INFO o.a.j.t.JMeterThread: Thread is done: Tickets (open model) 1-65
2026-10-08 07:45:30,337 INFO o.a.j.t.JMeterThread: Thread finished: Tickets (open model) 1-65
2026-10-08 07:45:34,213 INFO o.a.j.t.JMeterThread: Thread started: Tickets (open model) 1-66
2026-10-08 07:45:38,766 INFO o.a.j.t.JMeterThread: Thread is done: Tickets (open model) 1-66
2026-10-08 07:45:38,767 INFO o.a.j.t.JMeterThread: Thread finished: Tickets (open model) 1-66
2026-10-08 07:45:44,519 INFO o.a.j.t.JMeterThread: Thread started: Tickets (open model) 1-67
2026-10-08 07:45:49,903 INFO o.a.j.t.JMeterThread: Thread is done: Tickets (open model) 1-67
2026-10-08 07:45:49,903 INFO o.a.j.t.JMeterThread: Thread finished: Tickets (open model) 1-67
2026-10-08 07:45:50,612 INFO o.a.j.t.JMeterThread: Thread started: Tickets (open model) 1-68
2026-10-08 07:45:51,542 INFO o.a.j.t.JMeterThread: Thread started: Tickets (open model) 1-69
2026-10-08 07:45:53,005 INFO o.a.j.t.JMeterThread: Thread started: Tickets (open model) 1-70
2026-10-08 07:45:54,585 INFO o.a.j.t.JMeterThread: Thread started: Tickets (open model) 1-71
2026-10-08 07:45:55,850 INFO o.a.j.t.JMeterThread: Thread is done: Tickets (open model) 1-68
2026-10-08 07:45:55,850 INFO o.a.j.t.JMeterThread: Thread finished: Tickets (open model) 1-68
2026-10-08 07:45:59,796 INFO o.a.j.t.JMeterThread: Thread is done: Tickets (open model) 1-69
2026-10-08 07:45:59,796 INFO o.a.j.t.JMeterThread: Thread finished: Tickets (open model) 1-69
2026-10-08 07:45:59,808 INFO o.a.j.t.JMeterThread: Thread started: Tickets (open model) 1-72
2026-10-08 07:46:03,937 INFO o.a.j.t.JMeterThread: Thread started: Tickets (open model) 1-73
2026-10-08 07:46:04,816 INFO o.a.j.r.Summariser: summary +      5 in 00:00:34 =    0.1/s Avg:  7047 Min:  4552 Max: 11810 Err:     0 (0.00%) Active: 4 Started: 73 Finished: 69
2026-10-08 07:46:04,816 INFO o.a.j.r.Summariser: summary =     70 in 00:09:09 =    0.1/s Avg:  9366 Min:  1935 Max: 28531 Err:     0 (0.00%)
2026-10-08 07:46:04,816 INFO o.a.j.t.JMeterThread: Thread is done: Tickets (open model) 1-70
2026-10-08 07:46:04,816 INFO o.a.j.t.JMeterThread: Thread finished: Tickets (open model) 1-70
2026-10-08 07:46:07,922 INFO o.a.j.t.JMeterThread: Thread started: Tickets (open model) 1-74
2026-10-08 07:46:08,748 INFO o.a.j.t.JMeterThread: Thread is done: Tickets (open model) 1-71
2026-10-08 07:46:08,748 INFO o.a.j.t.JMeterThread: Thread finished: Tickets (open model) 1-71
2026-10-08 07:46:11,532 INFO o.a.j.t.JMeterThread: Thread is done: Tickets (open model) 1-72
2026-10-08 07:46:11,533 INFO o.a.j.t.JMeterThread: Thread finished: Tickets (open model) 1-72
2026-10-08 07:46:18,813 INFO o.a.j.t.JMeterThread: Thread is done: Tickets (open model) 1-73
2026-10-08 07:46:18,814 INFO o.a.j.t.JMeterThread: Thread finished: Tickets (open model) 1-73
2026-10-08 07:46:18,916 INFO o.a.j.t.JMeterThread: Thread started: Tickets (open model) 1-75
2026-10-08 07:46:20,503 INFO o.a.j.t.JMeterThread: Thread is done: Tickets (open model) 1-74
2026-10-08 07:46:20,503 INFO o.a.j.t.JMeterThread: Thread finished: Tickets (open model) 1-74
2026-10-08 07:46:25,991 INFO o.a.j.t.JMeterThread: Thread started: Tickets (open model) 1-76
2026-10-08 07:46:27,339 INFO o.a.j.t.JMeterThread: Thread started: Tickets (open model) 1-77
2026-10-08 07:46:29,003 INFO o.a.j.t.JMeterThread: Thread is done: Tickets (open model) 1-75
2026-10-08 07:46:29,004 INFO o.a.j.t.JMeterThread: Thread finished: Tickets (open model) 1-75
2026-10-08 07:46:31,344 INFO o.a.j.r.Summariser: summary +      6 in 00:00:27 =    0.2/s Avg: 11463 Min:  5351 Max: 14875 Err:     0 (0.00%) Active: 2 Started: 77 Finished: 75
2026-10-08 07:46:31,344 INFO o.a.j.r.Summariser: summary =     76 in 00:09:36 =    0.1/s Avg:  9532 Min:  1935 Max: 28531 Err:     0 (0.00%)
2026-10-08 07:46:31,344 INFO o.a.j.t.JMeterThread: Thread is done: Tickets (open model) 1-76
2026-10-08 07:46:31,344 INFO o.a.j.t.JMeterThread: Thread finished: Tickets (open model) 1-76
2026-10-08 07:46:35,021 INFO o.a.j.t.JMeterThread: Thread started: Tickets (open model) 1-78
2026-10-08 07:46:38,510 INFO o.a.j.t.JMeterThread: Thread started: Tickets (open model) 1-79
2026-10-08 07:46:42,695 INFO o.a.j.t.JMeterThread: Thread is done: Tickets (open model) 1-77
2026-10-08 07:46:42,695 INFO o.a.j.t.JMeterThread: Thread finished: Tickets (open model) 1-77
2026-10-08 07:46:46,056 INFO o.a.j.t.JMeterThread: Thread started: Tickets (open model) 1-80
2026-10-08 07:46:48,750 INFO o.a.j.t.JMeterThread: Thread is done: Tickets (open model) 1-78
2026-10-08 07:46:48,750 INFO o.a.j.t.JMeterThread: Thread finished: Tickets (open model) 1-78
2026-10-08 07:46:54,154 INFO o.a.j.t.JMeterThread: Thread is done: Tickets (open model) 1-79
2026-10-08 07:46:54,154 INFO o.a.j.t.JMeterThread: Thread finished: Tickets (open model) 1-79
2026-10-08 07:46:56,566 INFO o.a.j.t.JMeterThread: Thread started: Tickets (open model) 1-81
2026-10-08 07:47:03,359 INFO o.a.j.t.JMeterThread: Thread started: Tickets (open model) 1-82
2026-10-08 07:47:04,601 INFO o.a.j.r.Summariser: summary +      4 in 00:00:33 =    0.1/s Avg: 15817 Min: 13727 Max: 18543 Err:     0 (0.00%) Active: 3 Started: 82 Finished: 79
2026-10-08 07:47:04,601 INFO o.a.j.r.Summariser: summary =     80 in 00:10:09 =    0.1/s Avg:  9846 Min:  1935 Max: 28531 Err:     0 (0.00%)
2026-10-08 07:47:04,602 INFO o.a.j.t.JMeterThread: Thread is done: Tickets (open model) 1-80
2026-10-08 07:47:04,602 INFO o.a.j.t.JMeterThread: Thread finished: Tickets (open model) 1-80
2026-10-08 07:47:05,754 INFO o.a.j.t.JMeterThread: Thread started: Tickets (open model) 1-83
2026-10-08 07:47:05,800 INFO o.a.j.t.JMeterThread: Thread started: Tickets (open model) 1-84
2026-10-08 07:47:09,844 INFO o.a.j.t.JMeterThread: Thread is done: Tickets (open model) 1-81
2026-10-08 07:47:09,844 INFO o.a.j.t.JMeterThread: Thread finished: Tickets (open model) 1-81
2026-10-08 07:47:12,735 INFO o.a.j.t.JMeterThread: Thread started: Tickets (open model) 1-85
2026-10-08 07:47:14,308 INFO o.a.j.t.JMeterThread: Thread started: Tickets (open model) 1-86
2026-10-08 07:47:15,185 INFO o.a.j.t.JMeterThread: Thread is done: Tickets (open model) 1-82
2026-10-08 07:47:15,185 INFO o.a.j.t.JMeterThread: Thread finished: Tickets (open model) 1-82
2026-10-08 07:47:15,662 INFO o.a.j.t.JMeterThread: Thread started: Tickets (open model) 1-87
2026-10-08 07:47:16,046 INFO o.a.j.t.JMeterThread: Thread started: Tickets (open model) 1-88
2026-10-08 07:47:21,917 INFO o.a.j.t.JMeterThread: Thread is done: Tickets (open model) 1-83
2026-10-08 07:47:21,917 INFO o.a.j.t.JMeterThread: Thread finished: Tickets (open model) 1-83
2026-10-08 07:47:22,518 INFO o.a.j.t.JMeterThread: Thread started: Tickets (open model) 1-89
2026-10-08 07:47:25,208 INFO o.a.j.t.JMeterThread: Thread is done: Tickets (open model) 1-84
2026-10-08 07:47:25,208 INFO o.a.j.t.JMeterThread: Thread finished: Tickets (open model) 1-84
2026-10-08 07:47:26,848 INFO o.a.j.t.JMeterThread: Thread started: Tickets (open model) 1-90
2026-10-08 07:47:28,931 INFO o.a.j.t.JMeterThread: Thread started: Tickets (open model) 1-91
2026-10-08 07:47:31,059 INFO o.a.j.r.Summariser: summary +      5 in 00:00:26 =    0.2/s Avg: 15798 Min: 11825 Max: 19408 Err:     0 (0.00%) Active: 7 Started: 91 Finished: 84
2026-10-08 07:47:31,060 INFO o.a.j.r.Summariser: summary =     85 in 00:10:35 =    0.1/s Avg: 10196 Min:  1935 Max: 28531 Err:     0 (0.00%)
2026-10-08 07:47:31,060 INFO o.a.j.t.JMeterThread: Thread is done: Tickets (open model) 1-85
2026-10-08 07:47:31,060 INFO o.a.j.t.JMeterThread: Thread finished: Tickets (open model) 1-85
2026-10-08 07:47:31,156 INFO o.a.j.t.JMeterThread: Thread started: Tickets (open model) 1-92
2026-10-08 07:47:32,666 INFO o.a.j.t.JMeterThread: Thread is done: Tickets (open model) 1-86
2026-10-08 07:47:32,666 INFO o.a.j.t.JMeterThread: Thread finished: Tickets (open model) 1-86
2026-10-08 07:47:35,183 INFO o.a.j.t.JMeterThread: Thread is done: Tickets (open model) 1-87
2026-10-08 07:47:35,183 INFO o.a.j.t.JMeterThread: Thread finished: Tickets (open model) 1-87
2026-10-08 07:47:43,359 INFO o.a.j.t.JMeterThread: Thread is done: Tickets (open model) 1-88
2026-10-08 07:47:43,359 INFO o.a.j.t.JMeterThread: Thread finished: Tickets (open model) 1-88
2026-10-08 07:47:45,745 INFO o.a.j.t.JMeterThread: Thread is done: Tickets (open model) 1-89
2026-10-08 07:47:45,745 INFO o.a.j.t.JMeterThread: Thread finished: Tickets (open model) 1-89
2026-10-08 07:47:48,776 INFO o.a.j.t.JMeterThread: Thread started: Tickets (open model) 1-93
2026-10-08 07:47:52,827 INFO o.a.j.t.JMeterThread: Thread is done: Tickets (open model) 1-90
2026-10-08 07:47:52,827 INFO o.a.j.t.JMeterThread: Thread finished: Tickets (open model) 1-90
2026-10-08 07:47:55,257 INFO o.a.j.t.JMeterThread: Thread started: Tickets (open model) 1-94
2026-10-08 07:47:58,154 INFO o.a.j.t.JMeterThread: Thread is done: Tickets (open model) 1-91
2026-10-08 07:47:58,154 INFO o.a.j.t.JMeterThread: Thread finished: Tickets (open model) 1-91
2026-10-08 07:48:02,096 INFO o.a.j.r.Summariser: summary +      7 in 00:00:31 =    0.2/s Avg: 24935 Min: 18356 Max: 30939 Err:     0 (0.00%) Active: 3 Started: 94 Finished: 91
2026-10-08 07:48:02,097 INFO o.a.j.r.Summariser: summary =     92 in 00:11:07 =    0.1/s Avg: 11317 Min:  1935 Max: 30939 Err:     0 (0.00%)
2026-10-08 07:48:02,097 INFO o.a.j.t.JMeterThread: Thread is done: Tickets (open model) 1-92
2026-10-08 07:48:02,097 INFO o.a.j.t.JMeterThread: Thread finished: Tickets (open model) 1-92
2026-10-08 07:48:09,359 INFO o.a.j.t.JMeterThread: Thread is done: Tickets (open model) 1-93
2026-10-08 07:48:09,359 INFO o.a.j.t.JMeterThread: Thread finished: Tickets (open model) 1-93
2026-10-08 07:48:12,409 INFO o.a.j.t.JMeterThread: Thread is done: Tickets (open model) 1-94
2026-10-08 07:48:12,410 INFO o.a.j.t.JMeterThread: Thread finished: Tickets (open model) 1-94
2026-10-08 07:48:23,165 INFO o.a.j.t.JMeterThread: Thread started: Tickets (open model) 1-95
2026-10-08 07:48:23,903 INFO o.a.j.t.JMeterThread: Thread started: Tickets (open model) 1-96
2026-10-08 07:48:25,386 INFO o.a.j.t.JMeterThread: Thread is done: Tickets (open model) 1-95
2026-10-08 07:48:25,386 INFO o.a.j.t.JMeterThread: Thread finished: Tickets (open model) 1-95
2026-10-08 07:48:29,925 INFO o.a.j.t.JMeterThread: Thread started: Tickets (open model) 1-97
2026-10-08 07:48:30,601 INFO o.a.j.r.Summariser: summary +      4 in 00:00:29 =    0.1/s Avg: 11662 Min:  2219 Max: 20582 Err:     0 (0.00%) Active: 2 Started: 97 Finished: 95
2026-10-08 07:48:30,601 INFO o.a.j.r.Summariser: summary =     96 in 00:11:35 =    0.1/s Avg: 11332 Min:  1935 Max: 30939 Err:     0 (0.00%)
2026-10-08 07:48:30,601 INFO o.a.j.t.JMeterThread: Thread is done: Tickets (open model) 1-96
2026-10-08 07:48:30,601 INFO o.a.j.t.JMeterThread: Thread finished: Tickets (open model) 1-96
2026-10-08 07:48:35,057 INFO o.a.j.t.JMeterThread: Thread started: Tickets (open model) 1-98
2026-10-08 07:48:35,143 INFO o.a.j.t.JMeterThread: Thread is done: Tickets (open model) 1-97
2026-10-08 07:48:35,143 INFO o.a.j.t.JMeterThread: Thread finished: Tickets (open model) 1-97
2026-10-08 07:48:37,032 INFO o.a.j.t.JMeterThread: Thread is done: Tickets (open model) 1-98
2026-10-08 07:48:37,032 INFO o.a.j.t.JMeterThread: Thread finished: Tickets (open model) 1-98
2026-10-08 07:48:44,619 INFO o.a.j.t.JMeterThread: Thread started: Tickets (open model) 1-99
2026-10-08 07:48:47,146 INFO o.a.j.t.JMeterThread: Thread is done: Tickets (open model) 1-99
2026-10-08 07:48:47,146 INFO o.a.j.t.JMeterThread: Thread finished: Tickets (open model) 1-99
2026-10-08 07:48:49,915 INFO o.a.j.t.o.EvenArrivalsRamp: Generating 0 events, beginRate = 0.0 / sec, endRate = 0.0 / sec, duration = 190.0 sec
2026-10-08 07:48:49,915 INFO o.a.j.t.JMeterThread: Thread started: Tickets (open model) 1-100
2026-10-08 07:48:49,915 INFO o.a.j.t.o.OpenModelThreadGroup: There will be no more events, so will wait for 195 sec till the end of the schedule
2026-10-08 07:48:53,147 INFO o.a.j.t.JMeterThread: Thread is done: Tickets (open model) 1-100
2026-10-08 07:48:53,147 INFO o.a.j.t.JMeterThread: Thread finished: Tickets (open model) 1-100
2026-10-08 07:52:05,402 INFO o.a.j.t.o.OpenModelThreadGroup: There will be no more events, will shutdown the thread pool
2026-10-08 07:52:05,402 INFO o.a.j.t.o.OpenModelThreadGroup: Thread starting done
2026-10-08 07:52:05,402 INFO o.a.j.e.StandardJMeterEngine: Notifying test listeners of end of test
2026-10-08 07:52:05,402 INFO o.a.j.s.FileServer: Close: C:\Users\Owen\Desktop\ICT3113_Assignment_1\jmeter\data\team_narratives.tsv
2026-10-08 07:52:05,404 INFO o.a.j.r.Summariser: summary +      4 in 00:03:35 =    0.0/s Avg:  3237 Min:  1974 Max:  5216 Err:     0 (0.00%) Active: 0 Started: 100 Finished: 100
2026-10-08 07:52:05,404 INFO o.a.j.r.Summariser: summary =    100 in 00:15:10 =    0.1/s Avg: 11008 Min:  1935 Max: 30939 Err:     0 (0.00%)
