2026-10-08 08:23:12,663 INFO o.a.j.u.JMeterUtils: Setting Locale to en_EN
2026-10-08 08:23:12,671 INFO o.a.j.JMeter: Loading user properties from: user.properties
2026-10-08 08:23:12,671 INFO o.a.j.JMeter: Loading system properties from: system.properties
2026-10-08 08:23:12,672 INFO o.a.j.JMeter: Loading additional properties from: C:\Users\Owen\Desktop\ICT3113_Assignment_1\jmeter\results.properties
2026-10-08 08:23:12,672 INFO o.a.j.JMeter: Setting JMeter property: host=192.168.1.170
2026-10-08 08:23:12,672 INFO o.a.j.JMeter: Setting JMeter property: port=8000
2026-10-08 08:23:12,672 INFO o.a.j.JMeter: Setting JMeter property: protocol=http
2026-10-08 08:23:12,672 INFO o.a.j.JMeter: Setting JMeter property: rate=125
2026-10-08 08:23:12,672 INFO o.a.j.JMeter: Setting JMeter property: duration_s=720
2026-10-08 08:23:12,672 INFO o.a.j.JMeter: Setting JMeter property: drain_s=190
2026-10-08 08:23:12,672 INFO o.a.j.JMeter: Setting JMeter property: search_schedule=pause(1s)
2026-10-08 08:23:12,672 INFO o.a.j.JMeter: Setting JMeter property: seed=311302
2026-10-08 08:23:12,673 INFO o.a.j.JMeter: Setting JMeter property: search_seed=311352
2026-10-08 08:23:12,673 INFO o.a.j.JMeter: Setting JMeter property: data_file=C:\Users\Owen\Desktop\ICT3113_Assignment_1\jmeter\data\team_narratives.tsv
2026-10-08 08:23:12,673 INFO o.a.j.JMeter: Setting JMeter property: search_file=C:\Users\Owen\Desktop\ICT3113_Assignment_1\jmeter\data\search_terms.txt
2026-10-08 08:23:12,673 INFO o.a.j.JMeter: Setting JMeter property: timeout_ms=180000
2026-10-08 08:23:12,677 INFO o.a.j.JMeter: Copyright (c) 1998-2024 The Apache Software Foundation
2026-10-08 08:23:12,677 INFO o.a.j.JMeter: Version 5.6.3
2026-10-08 08:23:12,677 INFO o.a.j.JMeter: java.version=1.8.0_333
2026-10-08 08:23:12,677 INFO o.a.j.JMeter: java.vm.name=Java HotSpot(TM) 64-Bit Server VM
2026-10-08 08:23:12,677 INFO o.a.j.JMeter: os.name=Windows 11
2026-10-08 08:23:12,677 INFO o.a.j.JMeter: os.arch=amd64
2026-10-08 08:23:12,677 INFO o.a.j.JMeter: os.version=10.0
2026-10-08 08:23:12,677 INFO o.a.j.JMeter: file.encoding=Cp1252
2026-10-08 08:23:12,677 INFO o.a.j.JMeter: java.awt.headless=true
2026-10-08 08:23:12,677 INFO o.a.j.JMeter: Max memory     =1073741824
2026-10-08 08:23:12,677 INFO o.a.j.JMeter: Available Processors =16
2026-10-08 08:23:12,680 INFO o.a.j.JMeter: Default Locale=English (EN)
2026-10-08 08:23:12,680 INFO o.a.j.JMeter: JMeter  Locale=English (EN)
2026-10-08 08:23:12,680 INFO o.a.j.JMeter: JMeterHome=C:\Users\Owen\Downloads\apache-jmeter-5.6.3\apache-jmeter-5.6.3
2026-10-08 08:23:12,680 INFO o.a.j.JMeter: user.dir  =C:\Users\Owen\Downloads\apache-jmeter-5.6.3\apache-jmeter-5.6.3\bin
2026-10-08 08:23:12,681 INFO o.a.j.JMeter: PWD       =C:\Users\Owen\Downloads\apache-jmeter-5.6.3\apache-jmeter-5.6.3\bin
2026-10-08 08:23:17,665 INFO o.a.j.JMeter: IP: 10.5.0.2 Name: DESKTOP-AK5RA9C FullName: DESKTOP-AK5RA9C
2026-10-08 08:23:17,676 INFO o.a.j.s.FileServer: Default base='C:\Users\Owen\Downloads\apache-jmeter-5.6.3\apache-jmeter-5.6.3\bin'
2026-10-08 08:23:17,677 INFO o.a.j.s.FileServer: Set new base='C:\Users\Owen\Desktop\ICT3113_Assignment_1\jmeter'
2026-10-08 08:23:17,754 INFO o.a.j.s.SaveService: Testplan (JMX) version: 2.2. Testlog (JTL) version: 2.2
2026-10-08 08:23:17,766 INFO o.a.j.s.SaveService: Using SaveService properties file encoding UTF-8
2026-10-08 08:23:17,769 INFO o.a.j.s.SaveService: Using SaveService properties version 5.0
2026-10-08 08:23:17,772 INFO o.a.j.s.SaveService: Loading file: C:\Users\Owen\Desktop\ICT3113_Assignment_1\jmeter\ticket_load_test.jmx
2026-10-08 08:23:17,818 INFO o.a.j.p.h.s.HTTPSamplerBase: Parser for text/html is org.apache.jmeter.protocol.http.parser.LagartoBasedHtmlParser
2026-10-08 08:23:17,818 INFO o.a.j.p.h.s.HTTPSamplerBase: Parser for application/xhtml+xml is org.apache.jmeter.protocol.http.parser.LagartoBasedHtmlParser
2026-10-08 08:23:17,818 INFO o.a.j.p.h.s.HTTPSamplerBase: Parser for application/xml is org.apache.jmeter.protocol.http.parser.LagartoBasedHtmlParser
2026-10-08 08:23:17,818 INFO o.a.j.p.h.s.HTTPSamplerBase: Parser for text/xml is org.apache.jmeter.protocol.http.parser.LagartoBasedHtmlParser
2026-10-08 08:23:17,818 INFO o.a.j.p.h.s.HTTPSamplerBase: Parser for text/vnd.wap.wml is org.apache.jmeter.protocol.http.parser.RegexpHTMLParser
2026-10-08 08:23:17,818 INFO o.a.j.p.h.s.HTTPSamplerBase: Parser for text/css is org.apache.jmeter.protocol.http.parser.CssParser
2026-10-08 08:23:17,976 INFO o.a.j.JMeter: Creating summariser <summary>
2026-10-08 08:23:17,987 INFO o.a.j.e.StandardJMeterEngine: Running the test!
2026-10-08 08:23:17,987 INFO o.a.j.s.SampleEvent: List of sample_variables: [request_id, ticket_row]
2026-10-08 08:23:17,987 INFO o.a.j.s.SampleEvent: List of sample_variables: [request_id, ticket_row]
2026-10-08 08:23:17,991 INFO o.a.j.e.u.CompoundVariable: Note: Function class names must contain the string: '.functions.'
2026-10-08 08:23:17,991 INFO o.a.j.e.u.CompoundVariable: Note: Function class names must not contain the string: '.gui.'
2026-10-08 08:23:18,164 INFO o.a.j.JMeter: Running test (1791418998164)
2026-10-08 08:23:18,191 INFO o.a.j.e.StandardJMeterEngine: Starting ThreadGroup: 1 : Tickets (open model)
2026-10-08 08:23:18,191 INFO o.a.j.e.StandardJMeterEngine: Starting 0 threads for group Tickets (open model).
2026-10-08 08:23:18,191 INFO o.a.j.e.StandardJMeterEngine: Thread will continue on error
2026-10-08 08:23:18,191 INFO o.a.j.t.o.OpenModelThreadGroup: Starting OpenModelThreadGroup#1 with schedule rate(125/hour) random_arrivals(720 s) pause(190 s)
2026-10-08 08:23:18,223 INFO o.a.j.e.StandardJMeterEngine: Starting ThreadGroup: 2 : Searches (open model)
2026-10-08 08:23:18,223 INFO o.a.j.e.StandardJMeterEngine: Starting 0 threads for group Searches (open model).
2026-10-08 08:23:18,223 INFO o.a.j.e.StandardJMeterEngine: Thread will continue on error
2026-10-08 08:23:18,224 INFO o.a.j.t.o.OpenModelThreadGroup: Starting OpenModelThreadGroup#2 with schedule pause(1s)
2026-10-08 08:23:18,224 INFO o.a.j.t.o.OpenModelThreadGroup: Thread starting init
2026-10-08 08:23:18,224 INFO o.a.j.e.StandardJMeterEngine: All thread groups have been started
2026-10-08 08:23:18,224 INFO o.a.j.t.o.OpenModelThreadGroup: Thread starting init
2026-10-08 08:23:18,226 INFO o.a.j.t.o.EvenArrivalsRamp: Generating 0 events, beginRate = 0.0 / sec, endRate = 0.0 / sec, duration = 1.0 sec
2026-10-08 08:23:18,226 INFO o.a.j.t.o.OpenModelThreadGroup: There will be no more events, so will wait for 0 sec till the end of the schedule
2026-10-08 08:23:18,227 INFO o.a.j.t.o.PoissonArrivalsRamp: Generating 25 events, beginRate = 0.034722222222222224 / sec, endRate = 0.034722222222222224 / sec, duration = 720.0 sec
2026-10-08 08:23:18,897 INFO o.a.j.t.JMeterThread: Thread started: Tickets (open model) 1-1
2026-10-08 08:23:18,898 INFO o.a.j.s.FileServer: Stored: C:\Users\Owen\Desktop\ICT3113_Assignment_1\jmeter\data\team_narratives.tsv
2026-10-08 08:23:18,917 INFO o.a.j.p.h.s.HTTPHCAbstractImpl: Local host = DESKTOP-AK5RA9C
2026-10-08 08:23:18,923 INFO o.a.j.p.h.s.HTTPHC4Impl: HTTP request retry count = 0
2026-10-08 08:23:18,923 INFO o.a.j.s.SampleResult: Note: Sample TimeStamps are START times
2026-10-08 08:23:18,924 INFO o.a.j.s.SampleResult: sampleresult.default.encoding is set to UTF-8
2026-10-08 08:23:18,924 INFO o.a.j.s.SampleResult: sampleresult.useNanoTime=true
2026-10-08 08:23:18,924 INFO o.a.j.s.SampleResult: sampleresult.nanoThreadSleep=5000
2026-10-08 08:23:18,990 INFO o.a.j.t.o.OpenModelThreadGroup: There will be no more events, will shutdown the thread pool
2026-10-08 08:23:18,990 INFO o.a.j.t.o.OpenModelThreadGroup: Thread starting done
2026-10-08 08:23:19,460 INFO o.a.j.t.JMeterThread: Thread started: Tickets (open model) 1-2
2026-10-08 08:23:48,970 INFO o.a.j.t.JMeterThread: Thread is done: Tickets (open model) 1-2
2026-10-08 08:23:48,970 INFO o.a.j.t.JMeterThread: Thread finished: Tickets (open model) 1-2
2026-10-08 08:24:08,823 INFO o.a.j.t.JMeterThread: Thread is done: Tickets (open model) 1-1
2026-10-08 08:24:08,823 INFO o.a.j.t.JMeterThread: Thread finished: Tickets (open model) 1-1
2026-10-08 08:24:09,837 INFO o.a.j.t.JMeterThread: Thread started: Tickets (open model) 1-3
2026-10-08 08:24:18,563 INFO o.a.j.t.JMeterThread: Thread started: Tickets (open model) 1-4
2026-10-08 08:24:21,191 INFO o.a.j.t.JMeterThread: Thread is done: Tickets (open model) 1-3
2026-10-08 08:24:21,191 INFO o.a.j.t.JMeterThread: Thread finished: Tickets (open model) 1-3
2026-10-08 08:24:43,210 INFO o.a.j.t.JMeterThread: Thread is done: Tickets (open model) 1-4
2026-10-08 08:24:43,210 INFO o.a.j.t.JMeterThread: Thread finished: Tickets (open model) 1-4
2026-10-08 08:25:00,271 INFO o.a.j.t.JMeterThread: Thread started: Tickets (open model) 1-5
2026-10-08 08:25:03,696 INFO o.a.j.r.Summariser: summary +      5 in 00:01:46 =    0.0/s Avg: 23756 Min:  3422 Max: 49859 Err:     0 (0.00%) Active: 1 Started: 5 Finished: 4
2026-10-08 08:25:03,696 INFO o.a.j.t.JMeterThread: Thread is done: Tickets (open model) 1-5
2026-10-08 08:25:03,696 INFO o.a.j.t.JMeterThread: Thread finished: Tickets (open model) 1-5
2026-10-08 08:25:11,855 INFO o.a.j.t.JMeterThread: Thread started: Tickets (open model) 1-6
2026-10-08 08:25:16,693 INFO o.a.j.t.JMeterThread: Thread is done: Tickets (open model) 1-6
2026-10-08 08:25:16,693 INFO o.a.j.t.JMeterThread: Thread finished: Tickets (open model) 1-6
2026-10-08 08:26:03,444 INFO o.a.j.t.JMeterThread: Thread started: Tickets (open model) 1-7
2026-10-08 08:26:13,512 INFO o.a.j.t.JMeterThread: Thread is done: Tickets (open model) 1-7
2026-10-08 08:26:13,512 INFO o.a.j.t.JMeterThread: Thread finished: Tickets (open model) 1-7
2026-10-08 08:27:47,805 INFO o.a.j.t.JMeterThread: Thread started: Tickets (open model) 1-8
2026-10-08 08:27:50,700 INFO o.a.j.t.JMeterThread: Thread started: Tickets (open model) 1-9
2026-10-08 08:27:51,223 INFO o.a.j.t.JMeterThread: Thread started: Tickets (open model) 1-10
2026-10-08 08:27:53,235 INFO o.a.j.t.JMeterThread: Thread is done: Tickets (open model) 1-8
2026-10-08 08:27:53,235 INFO o.a.j.t.JMeterThread: Thread finished: Tickets (open model) 1-8
2026-10-08 08:28:00,613 INFO o.a.j.r.Summariser: summary +      4 in 00:02:57 =    0.0/s Avg:  7560 Min:  4836 Max: 10066 Err:     0 (0.00%) Active: 2 Started: 10 Finished: 8
2026-10-08 08:28:00,613 INFO o.a.j.r.Summariser: summary =      9 in 00:04:42 =    0.0/s Avg: 16558 Min:  3422 Max: 49859 Err:     0 (0.00%)
2026-10-08 08:28:00,614 INFO o.a.j.t.JMeterThread: Thread is done: Tickets (open model) 1-9
2026-10-08 08:28:00,614 INFO o.a.j.t.JMeterThread: Thread finished: Tickets (open model) 1-9
2026-10-08 08:28:06,926 INFO o.a.j.t.JMeterThread: Thread is done: Tickets (open model) 1-10
2026-10-08 08:28:06,927 INFO o.a.j.t.JMeterThread: Thread finished: Tickets (open model) 1-10
2026-10-08 08:28:16,655 INFO o.a.j.t.JMeterThread: Thread started: Tickets (open model) 1-11
2026-10-08 08:28:23,379 INFO o.a.j.t.JMeterThread: Thread started: Tickets (open model) 1-12
2026-10-08 08:28:36,050 INFO o.a.j.t.JMeterThread: Thread is done: Tickets (open model) 1-11
2026-10-08 08:28:36,051 INFO o.a.j.t.JMeterThread: Thread finished: Tickets (open model) 1-11
2026-10-08 08:28:39,841 INFO o.a.j.t.JMeterThread: Thread is done: Tickets (open model) 1-12
2026-10-08 08:28:39,841 INFO o.a.j.t.JMeterThread: Thread finished: Tickets (open model) 1-12
2026-10-08 08:30:43,105 INFO o.a.j.t.JMeterThread: Thread started: Tickets (open model) 1-13
2026-10-08 08:30:50,110 INFO o.a.j.t.JMeterThread: Thread is done: Tickets (open model) 1-13
2026-10-08 08:30:50,110 INFO o.a.j.t.JMeterThread: Thread finished: Tickets (open model) 1-13
2026-10-08 08:31:01,348 INFO o.a.j.t.JMeterThread: Thread started: Tickets (open model) 1-14
2026-10-08 08:31:05,705 INFO o.a.j.r.Summariser: summary +      5 in 00:03:05 =    0.0/s Avg: 12582 Min:  4355 Max: 19393 Err:     0 (0.00%) Active: 1 Started: 14 Finished: 13
2026-10-08 08:31:05,706 INFO o.a.j.r.Summariser: summary =     14 in 00:07:48 =    0.0/s Avg: 15138 Min:  3422 Max: 49859 Err:     0 (0.00%)
2026-10-08 08:31:05,706 INFO o.a.j.t.JMeterThread: Thread is done: Tickets (open model) 1-14
2026-10-08 08:31:05,706 INFO o.a.j.t.JMeterThread: Thread finished: Tickets (open model) 1-14
2026-10-08 08:31:23,546 INFO o.a.j.t.JMeterThread: Thread started: Tickets (open model) 1-15
2026-10-08 08:31:34,259 INFO o.a.j.r.Summariser: summary +      1 in 00:00:29 =    0.0/s Avg: 10710 Min: 10710 Max: 10710 Err:     0 (0.00%) Active: 1 Started: 15 Finished: 14
2026-10-08 08:31:34,260 INFO o.a.j.r.Summariser: summary =     15 in 00:08:16 =    0.0/s Avg: 14843 Min:  3422 Max: 49859 Err:     0 (0.00%)
2026-10-08 08:31:34,260 INFO o.a.j.t.JMeterThread: Thread is done: Tickets (open model) 1-15
2026-10-08 08:31:34,260 INFO o.a.j.t.JMeterThread: Thread finished: Tickets (open model) 1-15
2026-10-08 08:31:50,731 INFO o.a.j.t.JMeterThread: Thread started: Tickets (open model) 1-16
2026-10-08 08:32:04,079 INFO o.a.j.r.Summariser: summary +      1 in 00:00:30 =    0.0/s Avg: 13347 Min: 13347 Max: 13347 Err:     0 (0.00%) Active: 1 Started: 16 Finished: 15
2026-10-08 08:32:04,080 INFO o.a.j.r.Summariser: summary =     16 in 00:08:46 =    0.0/s Avg: 14749 Min:  3422 Max: 49859 Err:     0 (0.00%)
2026-10-08 08:32:04,080 INFO o.a.j.t.JMeterThread: Thread is done: Tickets (open model) 1-16
2026-10-08 08:32:04,080 INFO o.a.j.t.JMeterThread: Thread finished: Tickets (open model) 1-16
2026-10-08 08:32:18,596 INFO o.a.j.t.JMeterThread: Thread started: Tickets (open model) 1-17
2026-10-08 08:32:18,874 INFO o.a.j.t.JMeterThread: Thread started: Tickets (open model) 1-18
2026-10-08 08:32:24,885 INFO o.a.j.t.JMeterThread: Thread is done: Tickets (open model) 1-17
2026-10-08 08:32:24,885 INFO o.a.j.t.JMeterThread: Thread finished: Tickets (open model) 1-17
2026-10-08 08:32:26,535 INFO o.a.j.t.JMeterThread: Thread started: Tickets (open model) 1-19
2026-10-08 08:32:32,229 INFO o.a.j.r.Summariser: summary +      2 in 00:00:28 =    0.1/s Avg:  9820 Min:  6287 Max: 13354 Err:     0 (0.00%) Active: 2 Started: 19 Finished: 17
2026-10-08 08:32:32,230 INFO o.a.j.r.Summariser: summary =     18 in 00:09:14 =    0.0/s Avg: 14202 Min:  3422 Max: 49859 Err:     0 (0.00%)
2026-10-08 08:32:32,230 INFO o.a.j.t.JMeterThread: Thread is done: Tickets (open model) 1-18
2026-10-08 08:32:32,230 INFO o.a.j.t.JMeterThread: Thread finished: Tickets (open model) 1-18
2026-10-08 08:32:38,752 INFO o.a.j.t.JMeterThread: Thread is done: Tickets (open model) 1-19
2026-10-08 08:32:38,752 INFO o.a.j.t.JMeterThread: Thread finished: Tickets (open model) 1-19
2026-10-08 08:32:55,269 INFO o.a.j.t.JMeterThread: Thread started: Tickets (open model) 1-20
2026-10-08 08:33:06,138 INFO o.a.j.t.JMeterThread: Thread is done: Tickets (open model) 1-20
2026-10-08 08:33:06,138 INFO o.a.j.t.JMeterThread: Thread finished: Tickets (open model) 1-20
2026-10-08 08:33:26,014 INFO o.a.j.t.JMeterThread: Thread started: Tickets (open model) 1-21
2026-10-08 08:33:30,016 INFO o.a.j.r.Summariser: summary +      3 in 00:00:58 =    0.1/s Avg:  9027 Min:  4000 Max: 12216 Err:     0 (0.00%) Active: 1 Started: 21 Finished: 20
2026-10-08 08:33:30,017 INFO o.a.j.r.Summariser: summary =     21 in 00:10:12 =    0.0/s Avg: 13462 Min:  3422 Max: 49859 Err:     0 (0.00%)
2026-10-08 08:33:30,017 INFO o.a.j.t.JMeterThread: Thread is done: Tickets (open model) 1-21
2026-10-08 08:33:30,017 INFO o.a.j.t.JMeterThread: Thread finished: Tickets (open model) 1-21
2026-10-08 08:33:49,868 INFO o.a.j.t.JMeterThread: Thread started: Tickets (open model) 1-22
2026-10-08 08:33:56,812 INFO o.a.j.t.JMeterThread: Thread started: Tickets (open model) 1-23
2026-10-08 08:34:00,865 INFO o.a.j.t.JMeterThread: Thread started: Tickets (open model) 1-24
2026-10-08 08:34:06,531 INFO o.a.j.t.JMeterThread: Thread is done: Tickets (open model) 1-22
2026-10-08 08:34:06,531 INFO o.a.j.t.JMeterThread: Thread finished: Tickets (open model) 1-22
2026-10-08 08:34:13,534 INFO o.a.j.t.JMeterThread: Thread is done: Tickets (open model) 1-23
2026-10-08 08:34:13,534 INFO o.a.j.t.JMeterThread: Thread finished: Tickets (open model) 1-23
2026-10-08 08:34:14,989 INFO o.a.j.t.o.EvenArrivalsRamp: Generating 0 events, beginRate = 0.0 / sec, endRate = 0.0 / sec, duration = 190.0 sec
2026-10-08 08:34:14,989 INFO o.a.j.t.JMeterThread: Thread started: Tickets (open model) 1-25
2026-10-08 08:34:14,989 INFO o.a.j.t.o.OpenModelThreadGroup: There will be no more events, so will wait for 253 sec till the end of the schedule
2026-10-08 08:34:20,713 INFO o.a.j.t.JMeterThread: Thread is done: Tickets (open model) 1-24
2026-10-08 08:34:20,713 INFO o.a.j.t.JMeterThread: Thread finished: Tickets (open model) 1-24
2026-10-08 08:34:30,817 INFO o.a.j.r.Summariser: summary +      4 in 00:01:01 =    0.1/s Avg: 17263 Min: 15827 Max: 19846 Err:     0 (0.00%) Active: 1 Started: 25 Finished: 24
2026-10-08 08:34:30,817 INFO o.a.j.r.Summariser: summary =     25 in 00:11:13 =    0.0/s Avg: 14070 Min:  3422 Max: 49859 Err:     0 (0.00%)
2026-10-08 08:34:30,818 INFO o.a.j.t.JMeterThread: Thread is done: Tickets (open model) 1-25
2026-10-08 08:34:30,818 INFO o.a.j.t.JMeterThread: Thread finished: Tickets (open model) 1-25
2026-10-08 08:38:27,993 INFO o.a.j.t.o.OpenModelThreadGroup: There will be no more events, will shutdown the thread pool
2026-10-08 08:38:27,993 INFO o.a.j.t.o.OpenModelThreadGroup: Thread starting done
2026-10-08 08:38:27,993 INFO o.a.j.e.StandardJMeterEngine: Notifying test listeners of end of test
2026-10-08 08:38:27,993 INFO o.a.j.s.FileServer: Close: C:\Users\Owen\Desktop\ICT3113_Assignment_1\jmeter\data\team_narratives.tsv
2026-10-08 08:38:27,994 INFO o.a.j.r.Summariser: summary =     25 in 00:15:10 =    0.0/s Avg: 14070 Min:  3422 Max: 49859 Err:     0 (0.00%)
