2026-10-08 08:40:17,570 INFO o.a.j.u.JMeterUtils: Setting Locale to en_EN
2026-10-08 08:40:17,578 INFO o.a.j.JMeter: Loading user properties from: user.properties
2026-10-08 08:40:17,578 INFO o.a.j.JMeter: Loading system properties from: system.properties
2026-10-08 08:40:17,578 INFO o.a.j.JMeter: Loading additional properties from: C:\Users\Owen\Desktop\ICT3113_Assignment_1\jmeter\results.properties
2026-10-08 08:40:17,578 INFO o.a.j.JMeter: Setting JMeter property: host=192.168.1.170
2026-10-08 08:40:17,579 INFO o.a.j.JMeter: Setting JMeter property: port=8000
2026-10-08 08:40:17,579 INFO o.a.j.JMeter: Setting JMeter property: protocol=http
2026-10-08 08:40:17,580 INFO o.a.j.JMeter: Setting JMeter property: rate=125
2026-10-08 08:40:17,580 INFO o.a.j.JMeter: Setting JMeter property: duration_s=720
2026-10-08 08:40:17,580 INFO o.a.j.JMeter: Setting JMeter property: drain_s=190
2026-10-08 08:40:17,580 INFO o.a.j.JMeter: Setting JMeter property: search_schedule=pause(1s)
2026-10-08 08:40:17,580 INFO o.a.j.JMeter: Setting JMeter property: seed=311303
2026-10-08 08:40:17,580 INFO o.a.j.JMeter: Setting JMeter property: search_seed=311353
2026-10-08 08:40:17,580 INFO o.a.j.JMeter: Setting JMeter property: data_file=C:\Users\Owen\Desktop\ICT3113_Assignment_1\jmeter\data\team_narratives.tsv
2026-10-08 08:40:17,580 INFO o.a.j.JMeter: Setting JMeter property: search_file=C:\Users\Owen\Desktop\ICT3113_Assignment_1\jmeter\data\search_terms.txt
2026-10-08 08:40:17,580 INFO o.a.j.JMeter: Setting JMeter property: timeout_ms=180000
2026-10-08 08:40:17,584 INFO o.a.j.JMeter: Copyright (c) 1998-2024 The Apache Software Foundation
2026-10-08 08:40:17,584 INFO o.a.j.JMeter: Version 5.6.3
2026-10-08 08:40:17,584 INFO o.a.j.JMeter: java.version=1.8.0_333
2026-10-08 08:40:17,584 INFO o.a.j.JMeter: java.vm.name=Java HotSpot(TM) 64-Bit Server VM
2026-10-08 08:40:17,584 INFO o.a.j.JMeter: os.name=Windows 11
2026-10-08 08:40:17,584 INFO o.a.j.JMeter: os.arch=amd64
2026-10-08 08:40:17,584 INFO o.a.j.JMeter: os.version=10.0
2026-10-08 08:40:17,584 INFO o.a.j.JMeter: file.encoding=Cp1252
2026-10-08 08:40:17,584 INFO o.a.j.JMeter: java.awt.headless=true
2026-10-08 08:40:17,584 INFO o.a.j.JMeter: Max memory     =1073741824
2026-10-08 08:40:17,584 INFO o.a.j.JMeter: Available Processors =16
2026-10-08 08:40:17,587 INFO o.a.j.JMeter: Default Locale=English (EN)
2026-10-08 08:40:17,587 INFO o.a.j.JMeter: JMeter  Locale=English (EN)
2026-10-08 08:40:17,587 INFO o.a.j.JMeter: JMeterHome=C:\Users\Owen\Downloads\apache-jmeter-5.6.3\apache-jmeter-5.6.3
2026-10-08 08:40:17,587 INFO o.a.j.JMeter: user.dir  =C:\Users\Owen\Downloads\apache-jmeter-5.6.3\apache-jmeter-5.6.3\bin
2026-10-08 08:40:17,587 INFO o.a.j.JMeter: PWD       =C:\Users\Owen\Downloads\apache-jmeter-5.6.3\apache-jmeter-5.6.3\bin
2026-10-08 08:40:22,539 INFO o.a.j.JMeter: IP: 10.5.0.2 Name: DESKTOP-AK5RA9C FullName: DESKTOP-AK5RA9C
2026-10-08 08:40:22,551 INFO o.a.j.s.FileServer: Default base='C:\Users\Owen\Downloads\apache-jmeter-5.6.3\apache-jmeter-5.6.3\bin'
2026-10-08 08:40:22,552 INFO o.a.j.s.FileServer: Set new base='C:\Users\Owen\Desktop\ICT3113_Assignment_1\jmeter'
2026-10-08 08:40:22,628 INFO o.a.j.s.SaveService: Testplan (JMX) version: 2.2. Testlog (JTL) version: 2.2
2026-10-08 08:40:22,639 INFO o.a.j.s.SaveService: Using SaveService properties file encoding UTF-8
2026-10-08 08:40:22,643 INFO o.a.j.s.SaveService: Using SaveService properties version 5.0
2026-10-08 08:40:22,648 INFO o.a.j.s.SaveService: Loading file: C:\Users\Owen\Desktop\ICT3113_Assignment_1\jmeter\ticket_load_test.jmx
2026-10-08 08:40:22,692 INFO o.a.j.p.h.s.HTTPSamplerBase: Parser for text/html is org.apache.jmeter.protocol.http.parser.LagartoBasedHtmlParser
2026-10-08 08:40:22,692 INFO o.a.j.p.h.s.HTTPSamplerBase: Parser for application/xhtml+xml is org.apache.jmeter.protocol.http.parser.LagartoBasedHtmlParser
2026-10-08 08:40:22,693 INFO o.a.j.p.h.s.HTTPSamplerBase: Parser for application/xml is org.apache.jmeter.protocol.http.parser.LagartoBasedHtmlParser
2026-10-08 08:40:22,693 INFO o.a.j.p.h.s.HTTPSamplerBase: Parser for text/xml is org.apache.jmeter.protocol.http.parser.LagartoBasedHtmlParser
2026-10-08 08:40:22,693 INFO o.a.j.p.h.s.HTTPSamplerBase: Parser for text/vnd.wap.wml is org.apache.jmeter.protocol.http.parser.RegexpHTMLParser
2026-10-08 08:40:22,693 INFO o.a.j.p.h.s.HTTPSamplerBase: Parser for text/css is org.apache.jmeter.protocol.http.parser.CssParser
2026-10-08 08:40:22,844 INFO o.a.j.JMeter: Creating summariser <summary>
2026-10-08 08:40:22,857 INFO o.a.j.e.StandardJMeterEngine: Running the test!
2026-10-08 08:40:22,857 INFO o.a.j.s.SampleEvent: List of sample_variables: [request_id, ticket_row]
2026-10-08 08:40:22,857 INFO o.a.j.s.SampleEvent: List of sample_variables: [request_id, ticket_row]
2026-10-08 08:40:22,861 INFO o.a.j.e.u.CompoundVariable: Note: Function class names must contain the string: '.functions.'
2026-10-08 08:40:22,861 INFO o.a.j.e.u.CompoundVariable: Note: Function class names must not contain the string: '.gui.'
2026-10-08 08:40:23,034 INFO o.a.j.JMeter: Running test (1791420023034)
2026-10-08 08:40:23,062 INFO o.a.j.e.StandardJMeterEngine: Starting ThreadGroup: 1 : Tickets (open model)
2026-10-08 08:40:23,062 INFO o.a.j.e.StandardJMeterEngine: Starting 0 threads for group Tickets (open model).
2026-10-08 08:40:23,062 INFO o.a.j.e.StandardJMeterEngine: Thread will continue on error
2026-10-08 08:40:23,062 INFO o.a.j.t.o.OpenModelThreadGroup: Starting OpenModelThreadGroup#1 with schedule rate(125/hour) random_arrivals(720 s) pause(190 s)
2026-10-08 08:40:23,093 INFO o.a.j.e.StandardJMeterEngine: Starting ThreadGroup: 2 : Searches (open model)
2026-10-08 08:40:23,093 INFO o.a.j.e.StandardJMeterEngine: Starting 0 threads for group Searches (open model).
2026-10-08 08:40:23,093 INFO o.a.j.e.StandardJMeterEngine: Thread will continue on error
2026-10-08 08:40:23,094 INFO o.a.j.t.o.OpenModelThreadGroup: Starting OpenModelThreadGroup#2 with schedule pause(1s)
2026-10-08 08:40:23,094 INFO o.a.j.t.o.OpenModelThreadGroup: Thread starting init
2026-10-08 08:40:23,094 INFO o.a.j.e.StandardJMeterEngine: All thread groups have been started
2026-10-08 08:40:23,094 INFO o.a.j.t.o.OpenModelThreadGroup: Thread starting init
2026-10-08 08:40:23,097 INFO o.a.j.t.o.EvenArrivalsRamp: Generating 0 events, beginRate = 0.0 / sec, endRate = 0.0 / sec, duration = 1.0 sec
2026-10-08 08:40:23,097 INFO o.a.j.t.o.OpenModelThreadGroup: There will be no more events, so will wait for 0 sec till the end of the schedule
2026-10-08 08:40:23,097 INFO o.a.j.t.o.PoissonArrivalsRamp: Generating 25 events, beginRate = 0.034722222222222224 / sec, endRate = 0.034722222222222224 / sec, duration = 720.0 sec
2026-10-08 08:40:23,858 INFO o.a.j.t.o.OpenModelThreadGroup: There will be no more events, will shutdown the thread pool
2026-10-08 08:40:23,858 INFO o.a.j.t.o.OpenModelThreadGroup: Thread starting done
2026-10-08 08:41:00,604 INFO o.a.j.t.JMeterThread: Thread started: Tickets (open model) 1-1
2026-10-08 08:41:00,605 INFO o.a.j.s.FileServer: Stored: C:\Users\Owen\Desktop\ICT3113_Assignment_1\jmeter\data\team_narratives.tsv
2026-10-08 08:41:00,626 INFO o.a.j.p.h.s.HTTPHCAbstractImpl: Local host = DESKTOP-AK5RA9C
2026-10-08 08:41:00,630 INFO o.a.j.p.h.s.HTTPHC4Impl: HTTP request retry count = 0
2026-10-08 08:41:00,631 INFO o.a.j.s.SampleResult: Note: Sample TimeStamps are START times
2026-10-08 08:41:00,631 INFO o.a.j.s.SampleResult: sampleresult.default.encoding is set to UTF-8
2026-10-08 08:41:00,631 INFO o.a.j.s.SampleResult: sampleresult.useNanoTime=true
2026-10-08 08:41:00,631 INFO o.a.j.s.SampleResult: sampleresult.nanoThreadSleep=5000
2026-10-08 08:41:13,298 INFO o.a.j.t.JMeterThread: Thread started: Tickets (open model) 1-2
2026-10-08 08:41:42,062 INFO o.a.j.t.JMeterThread: Thread is done: Tickets (open model) 1-1
2026-10-08 08:41:42,062 INFO o.a.j.t.JMeterThread: Thread finished: Tickets (open model) 1-1
2026-10-08 08:41:48,927 INFO o.a.j.t.JMeterThread: Thread is done: Tickets (open model) 1-2
2026-10-08 08:41:48,927 INFO o.a.j.t.JMeterThread: Thread finished: Tickets (open model) 1-2
2026-10-08 08:42:46,106 INFO o.a.j.t.JMeterThread: Thread started: Tickets (open model) 1-3
2026-10-08 08:42:58,681 INFO o.a.j.t.JMeterThread: Thread is done: Tickets (open model) 1-3
2026-10-08 08:42:58,682 INFO o.a.j.t.JMeterThread: Thread finished: Tickets (open model) 1-3
2026-10-08 08:43:01,880 INFO o.a.j.t.JMeterThread: Thread started: Tickets (open model) 1-4
2026-10-08 08:43:16,777 INFO o.a.j.t.JMeterThread: Thread started: Tickets (open model) 1-5
2026-10-08 08:43:17,994 INFO o.a.j.t.JMeterThread: Thread is done: Tickets (open model) 1-4
2026-10-08 08:43:17,994 INFO o.a.j.t.JMeterThread: Thread finished: Tickets (open model) 1-4
2026-10-08 08:43:21,095 INFO o.a.j.t.JMeterThread: Thread is done: Tickets (open model) 1-5
2026-10-08 08:43:21,095 INFO o.a.j.t.JMeterThread: Thread finished: Tickets (open model) 1-5
2026-10-08 08:44:22,892 INFO o.a.j.t.JMeterThread: Thread started: Tickets (open model) 1-6
2026-10-08 08:44:27,587 INFO o.a.j.t.JMeterThread: Thread is done: Tickets (open model) 1-6
2026-10-08 08:44:27,587 INFO o.a.j.t.JMeterThread: Thread finished: Tickets (open model) 1-6
2026-10-08 08:44:36,304 INFO o.a.j.t.JMeterThread: Thread started: Tickets (open model) 1-7
2026-10-08 08:44:46,026 INFO o.a.j.t.JMeterThread: Thread is done: Tickets (open model) 1-7
2026-10-08 08:44:46,026 INFO o.a.j.t.JMeterThread: Thread finished: Tickets (open model) 1-7
2026-10-08 08:45:44,578 INFO o.a.j.t.JMeterThread: Thread started: Tickets (open model) 1-8
2026-10-08 08:45:49,649 INFO o.a.j.t.JMeterThread: Thread is done: Tickets (open model) 1-8
2026-10-08 08:45:49,649 INFO o.a.j.t.JMeterThread: Thread finished: Tickets (open model) 1-8
2026-10-08 08:46:38,409 INFO o.a.j.t.JMeterThread: Thread started: Tickets (open model) 1-9
2026-10-08 08:46:45,494 INFO o.a.j.t.JMeterThread: Thread is done: Tickets (open model) 1-9
2026-10-08 08:46:45,495 INFO o.a.j.t.JMeterThread: Thread finished: Tickets (open model) 1-9
2026-10-08 08:46:54,647 INFO o.a.j.t.JMeterThread: Thread started: Tickets (open model) 1-10
2026-10-08 08:47:01,270 INFO o.a.j.r.Summariser: summary +     10 in 00:06:38 =    0.0/s Avg: 14320 Min:  4316 Max: 41388 Err:     0 (0.00%) Active: 1 Started: 10 Finished: 9
2026-10-08 08:47:01,270 INFO o.a.j.t.JMeterThread: Thread is done: Tickets (open model) 1-10
2026-10-08 08:47:01,270 INFO o.a.j.t.JMeterThread: Thread finished: Tickets (open model) 1-10
2026-10-08 08:47:28,724 INFO o.a.j.t.JMeterThread: Thread started: Tickets (open model) 1-11
2026-10-08 08:47:30,071 INFO o.a.j.t.JMeterThread: Thread started: Tickets (open model) 1-12
2026-10-08 08:47:47,185 INFO o.a.j.t.JMeterThread: Thread is done: Tickets (open model) 1-11
2026-10-08 08:47:47,185 INFO o.a.j.t.JMeterThread: Thread finished: Tickets (open model) 1-11
2026-10-08 08:47:51,782 INFO o.a.j.t.JMeterThread: Thread is done: Tickets (open model) 1-12
2026-10-08 08:47:51,782 INFO o.a.j.t.JMeterThread: Thread finished: Tickets (open model) 1-12
2026-10-08 08:48:14,047 INFO o.a.j.t.JMeterThread: Thread started: Tickets (open model) 1-13
2026-10-08 08:48:20,353 INFO o.a.j.t.JMeterThread: Thread is done: Tickets (open model) 1-13
2026-10-08 08:48:20,353 INFO o.a.j.t.JMeterThread: Thread finished: Tickets (open model) 1-13
2026-10-08 08:48:30,960 INFO o.a.j.t.JMeterThread: Thread started: Tickets (open model) 1-14
2026-10-08 08:48:34,522 INFO o.a.j.t.JMeterThread: Thread started: Tickets (open model) 1-15
2026-10-08 08:48:35,452 INFO o.a.j.r.Summariser: summary +      4 in 00:01:34 =    0.0/s Avg: 12741 Min:  4491 Max: 21709 Err:     0 (0.00%) Active: 2 Started: 15 Finished: 13
2026-10-08 08:48:35,453 INFO o.a.j.r.Summariser: summary =     14 in 00:08:12 =    0.0/s Avg: 13869 Min:  4316 Max: 41388 Err:     0 (0.00%)
2026-10-08 08:48:35,453 INFO o.a.j.t.JMeterThread: Thread is done: Tickets (open model) 1-14
2026-10-08 08:48:35,453 INFO o.a.j.t.JMeterThread: Thread finished: Tickets (open model) 1-14
2026-10-08 08:48:45,919 INFO o.a.j.t.JMeterThread: Thread is done: Tickets (open model) 1-15
2026-10-08 08:48:45,919 INFO o.a.j.t.JMeterThread: Thread finished: Tickets (open model) 1-15
2026-10-08 08:49:01,673 INFO o.a.j.t.JMeterThread: Thread started: Tickets (open model) 1-16
2026-10-08 08:49:14,958 INFO o.a.j.t.JMeterThread: Thread is done: Tickets (open model) 1-16
2026-10-08 08:49:14,958 INFO o.a.j.t.JMeterThread: Thread finished: Tickets (open model) 1-16
2026-10-08 08:49:20,464 INFO o.a.j.t.JMeterThread: Thread started: Tickets (open model) 1-17
2026-10-08 08:49:26,340 INFO o.a.j.t.JMeterThread: Thread is done: Tickets (open model) 1-17
2026-10-08 08:49:26,340 INFO o.a.j.t.JMeterThread: Thread finished: Tickets (open model) 1-17
2026-10-08 08:49:54,799 INFO o.a.j.t.JMeterThread: Thread started: Tickets (open model) 1-18
2026-10-08 08:50:02,226 INFO o.a.j.r.Summariser: summary +      4 in 00:01:27 =    0.0/s Avg:  9495 Min:  5875 Max: 13284 Err:     0 (0.00%) Active: 1 Started: 18 Finished: 17
2026-10-08 08:50:02,226 INFO o.a.j.r.Summariser: summary =     18 in 00:09:39 =    0.0/s Avg: 12897 Min:  4316 Max: 41388 Err:     0 (0.00%)
2026-10-08 08:50:02,227 INFO o.a.j.t.JMeterThread: Thread is done: Tickets (open model) 1-18
2026-10-08 08:50:02,227 INFO o.a.j.t.JMeterThread: Thread finished: Tickets (open model) 1-18
2026-10-08 08:50:30,817 INFO o.a.j.t.JMeterThread: Thread started: Tickets (open model) 1-19
2026-10-08 08:50:37,184 INFO o.a.j.t.JMeterThread: Thread is done: Tickets (open model) 1-19
2026-10-08 08:50:37,185 INFO o.a.j.t.JMeterThread: Thread finished: Tickets (open model) 1-19
2026-10-08 08:50:41,767 INFO o.a.j.t.JMeterThread: Thread started: Tickets (open model) 1-20
2026-10-08 08:50:43,504 INFO o.a.j.t.JMeterThread: Thread started: Tickets (open model) 1-21
2026-10-08 08:50:52,190 INFO o.a.j.t.JMeterThread: Thread is done: Tickets (open model) 1-20
2026-10-08 08:50:52,190 INFO o.a.j.t.JMeterThread: Thread finished: Tickets (open model) 1-20
2026-10-08 08:50:54,297 INFO o.a.j.t.JMeterThread: Thread started: Tickets (open model) 1-22
2026-10-08 08:50:56,218 INFO o.a.j.t.JMeterThread: Thread is done: Tickets (open model) 1-21
2026-10-08 08:50:56,218 INFO o.a.j.t.JMeterThread: Thread finished: Tickets (open model) 1-21
2026-10-08 08:50:56,389 INFO o.a.j.t.JMeterThread: Thread started: Tickets (open model) 1-23
2026-10-08 08:51:13,339 INFO o.a.j.t.JMeterThread: Thread is done: Tickets (open model) 1-22
2026-10-08 08:51:13,339 INFO o.a.j.t.JMeterThread: Thread finished: Tickets (open model) 1-22
2026-10-08 08:51:20,472 INFO o.a.j.t.JMeterThread: Thread is done: Tickets (open model) 1-23
2026-10-08 08:51:20,472 INFO o.a.j.t.JMeterThread: Thread finished: Tickets (open model) 1-23
2026-10-08 08:51:51,360 INFO o.a.j.t.JMeterThread: Thread started: Tickets (open model) 1-24
2026-10-08 08:51:58,344 INFO o.a.j.t.JMeterThread: Thread is done: Tickets (open model) 1-24
2026-10-08 08:51:58,344 INFO o.a.j.t.JMeterThread: Thread finished: Tickets (open model) 1-24
2026-10-08 08:52:17,373 INFO o.a.j.t.o.EvenArrivalsRamp: Generating 0 events, beginRate = 0.0 / sec, endRate = 0.0 / sec, duration = 190.0 sec
2026-10-08 08:52:17,373 INFO o.a.j.t.o.OpenModelThreadGroup: There will be no more events, so will wait for 195 sec till the end of the schedule
2026-10-08 08:52:17,373 INFO o.a.j.t.JMeterThread: Thread started: Tickets (open model) 1-25
2026-10-08 08:52:27,409 INFO o.a.j.t.JMeterThread: Thread is done: Tickets (open model) 1-25
2026-10-08 08:52:27,409 INFO o.a.j.t.JMeterThread: Thread finished: Tickets (open model) 1-25
2026-10-08 08:55:32,860 INFO o.a.j.t.o.OpenModelThreadGroup: There will be no more events, will shutdown the thread pool
2026-10-08 08:55:32,860 INFO o.a.j.t.o.OpenModelThreadGroup: Thread starting done
2026-10-08 08:55:32,860 INFO o.a.j.e.StandardJMeterEngine: Notifying test listeners of end of test
2026-10-08 08:55:32,860 INFO o.a.j.s.FileServer: Close: C:\Users\Owen\Desktop\ICT3113_Assignment_1\jmeter\data\team_narratives.tsv
2026-10-08 08:55:32,862 INFO o.a.j.r.Summariser: summary +      7 in 00:05:31 =    0.0/s Avg: 12805 Min:  6365 Max: 24081 Err:     0 (0.00%) Active: 0 Started: 25 Finished: 25
2026-10-08 08:55:32,862 INFO o.a.j.r.Summariser: summary =     25 in 00:15:10 =    0.0/s Avg: 12871 Min:  4316 Max: 41388 Err:     0 (0.00%)
