2026-10-08 08:04:02,227 INFO o.a.j.u.JMeterUtils: Setting Locale to en_EN
2026-10-08 08:04:02,234 INFO o.a.j.JMeter: Loading user properties from: user.properties
2026-10-08 08:04:02,235 INFO o.a.j.JMeter: Loading system properties from: system.properties
2026-10-08 08:04:02,235 INFO o.a.j.JMeter: Loading additional properties from: C:\Users\Owen\Desktop\ICT3113_Assignment_1\jmeter\results.properties
2026-10-08 08:04:02,235 INFO o.a.j.JMeter: Setting JMeter property: host=192.168.1.170
2026-10-08 08:04:02,235 INFO o.a.j.JMeter: Setting JMeter property: port=8000
2026-10-08 08:04:02,235 INFO o.a.j.JMeter: Setting JMeter property: protocol=http
2026-10-08 08:04:02,235 INFO o.a.j.JMeter: Setting JMeter property: rate=125
2026-10-08 08:04:02,235 INFO o.a.j.JMeter: Setting JMeter property: duration_s=720
2026-10-08 08:04:02,235 INFO o.a.j.JMeter: Setting JMeter property: drain_s=190
2026-10-08 08:04:02,235 INFO o.a.j.JMeter: Setting JMeter property: search_schedule=pause(1s)
2026-10-08 08:04:02,235 INFO o.a.j.JMeter: Setting JMeter property: seed=311301
2026-10-08 08:04:02,235 INFO o.a.j.JMeter: Setting JMeter property: search_seed=311351
2026-10-08 08:04:02,236 INFO o.a.j.JMeter: Setting JMeter property: data_file=C:\Users\Owen\Desktop\ICT3113_Assignment_1\jmeter\data\team_narratives.tsv
2026-10-08 08:04:02,236 INFO o.a.j.JMeter: Setting JMeter property: search_file=C:\Users\Owen\Desktop\ICT3113_Assignment_1\jmeter\data\search_terms.txt
2026-10-08 08:04:02,236 INFO o.a.j.JMeter: Setting JMeter property: timeout_ms=180000
2026-10-08 08:04:02,240 INFO o.a.j.JMeter: Copyright (c) 1998-2024 The Apache Software Foundation
2026-10-08 08:04:02,240 INFO o.a.j.JMeter: Version 5.6.3
2026-10-08 08:04:02,240 INFO o.a.j.JMeter: java.version=1.8.0_333
2026-10-08 08:04:02,240 INFO o.a.j.JMeter: java.vm.name=Java HotSpot(TM) 64-Bit Server VM
2026-10-08 08:04:02,240 INFO o.a.j.JMeter: os.name=Windows 11
2026-10-08 08:04:02,240 INFO o.a.j.JMeter: os.arch=amd64
2026-10-08 08:04:02,240 INFO o.a.j.JMeter: os.version=10.0
2026-10-08 08:04:02,240 INFO o.a.j.JMeter: file.encoding=Cp1252
2026-10-08 08:04:02,240 INFO o.a.j.JMeter: java.awt.headless=true
2026-10-08 08:04:02,240 INFO o.a.j.JMeter: Max memory     =1073741824
2026-10-08 08:04:02,240 INFO o.a.j.JMeter: Available Processors =16
2026-10-08 08:04:02,242 INFO o.a.j.JMeter: Default Locale=English (EN)
2026-10-08 08:04:02,243 INFO o.a.j.JMeter: JMeter  Locale=English (EN)
2026-10-08 08:04:02,243 INFO o.a.j.JMeter: JMeterHome=C:\Users\Owen\Downloads\apache-jmeter-5.6.3\apache-jmeter-5.6.3
2026-10-08 08:04:02,243 INFO o.a.j.JMeter: user.dir  =C:\Users\Owen\Downloads\apache-jmeter-5.6.3\apache-jmeter-5.6.3\bin
2026-10-08 08:04:02,243 INFO o.a.j.JMeter: PWD       =C:\Users\Owen\Downloads\apache-jmeter-5.6.3\apache-jmeter-5.6.3\bin
2026-10-08 08:04:07,207 INFO o.a.j.JMeter: IP: 10.5.0.2 Name: DESKTOP-AK5RA9C FullName: DESKTOP-AK5RA9C
2026-10-08 08:04:07,219 INFO o.a.j.s.FileServer: Default base='C:\Users\Owen\Downloads\apache-jmeter-5.6.3\apache-jmeter-5.6.3\bin'
2026-10-08 08:04:07,220 INFO o.a.j.s.FileServer: Set new base='C:\Users\Owen\Desktop\ICT3113_Assignment_1\jmeter'
2026-10-08 08:04:07,296 INFO o.a.j.s.SaveService: Testplan (JMX) version: 2.2. Testlog (JTL) version: 2.2
2026-10-08 08:04:07,308 INFO o.a.j.s.SaveService: Using SaveService properties file encoding UTF-8
2026-10-08 08:04:07,310 INFO o.a.j.s.SaveService: Using SaveService properties version 5.0
2026-10-08 08:04:07,314 INFO o.a.j.s.SaveService: Loading file: C:\Users\Owen\Desktop\ICT3113_Assignment_1\jmeter\ticket_load_test.jmx
2026-10-08 08:04:07,360 INFO o.a.j.p.h.s.HTTPSamplerBase: Parser for text/html is org.apache.jmeter.protocol.http.parser.LagartoBasedHtmlParser
2026-10-08 08:04:07,360 INFO o.a.j.p.h.s.HTTPSamplerBase: Parser for application/xhtml+xml is org.apache.jmeter.protocol.http.parser.LagartoBasedHtmlParser
2026-10-08 08:04:07,360 INFO o.a.j.p.h.s.HTTPSamplerBase: Parser for application/xml is org.apache.jmeter.protocol.http.parser.LagartoBasedHtmlParser
2026-10-08 08:04:07,360 INFO o.a.j.p.h.s.HTTPSamplerBase: Parser for text/xml is org.apache.jmeter.protocol.http.parser.LagartoBasedHtmlParser
2026-10-08 08:04:07,360 INFO o.a.j.p.h.s.HTTPSamplerBase: Parser for text/vnd.wap.wml is org.apache.jmeter.protocol.http.parser.RegexpHTMLParser
2026-10-08 08:04:07,360 INFO o.a.j.p.h.s.HTTPSamplerBase: Parser for text/css is org.apache.jmeter.protocol.http.parser.CssParser
2026-10-08 08:04:07,517 INFO o.a.j.JMeter: Creating summariser <summary>
2026-10-08 08:04:07,529 INFO o.a.j.e.StandardJMeterEngine: Running the test!
2026-10-08 08:04:07,529 INFO o.a.j.s.SampleEvent: List of sample_variables: [request_id, ticket_row]
2026-10-08 08:04:07,529 INFO o.a.j.s.SampleEvent: List of sample_variables: [request_id, ticket_row]
2026-10-08 08:04:07,532 INFO o.a.j.e.u.CompoundVariable: Note: Function class names must contain the string: '.functions.'
2026-10-08 08:04:07,532 INFO o.a.j.e.u.CompoundVariable: Note: Function class names must not contain the string: '.gui.'
2026-10-08 08:04:07,700 INFO o.a.j.JMeter: Running test (1791417847700)
2026-10-08 08:04:07,726 INFO o.a.j.e.StandardJMeterEngine: Starting ThreadGroup: 1 : Tickets (open model)
2026-10-08 08:04:07,726 INFO o.a.j.e.StandardJMeterEngine: Starting 0 threads for group Tickets (open model).
2026-10-08 08:04:07,726 INFO o.a.j.e.StandardJMeterEngine: Thread will continue on error
2026-10-08 08:04:07,727 INFO o.a.j.t.o.OpenModelThreadGroup: Starting OpenModelThreadGroup#1 with schedule rate(125/hour) random_arrivals(720 s) pause(190 s)
2026-10-08 08:04:07,758 INFO o.a.j.e.StandardJMeterEngine: Starting ThreadGroup: 2 : Searches (open model)
2026-10-08 08:04:07,758 INFO o.a.j.e.StandardJMeterEngine: Starting 0 threads for group Searches (open model).
2026-10-08 08:04:07,758 INFO o.a.j.e.StandardJMeterEngine: Thread will continue on error
2026-10-08 08:04:07,758 INFO o.a.j.t.o.OpenModelThreadGroup: Starting OpenModelThreadGroup#2 with schedule pause(1s)
2026-10-08 08:04:07,758 INFO o.a.j.t.o.OpenModelThreadGroup: Thread starting init
2026-10-08 08:04:07,759 INFO o.a.j.e.StandardJMeterEngine: All thread groups have been started
2026-10-08 08:04:07,759 INFO o.a.j.t.o.OpenModelThreadGroup: Thread starting init
2026-10-08 08:04:07,761 INFO o.a.j.t.o.EvenArrivalsRamp: Generating 0 events, beginRate = 0.0 / sec, endRate = 0.0 / sec, duration = 1.0 sec
2026-10-08 08:04:07,761 INFO o.a.j.t.o.OpenModelThreadGroup: There will be no more events, so will wait for 0 sec till the end of the schedule
2026-10-08 08:04:07,761 INFO o.a.j.t.o.PoissonArrivalsRamp: Generating 25 events, beginRate = 0.034722222222222224 / sec, endRate = 0.034722222222222224 / sec, duration = 720.0 sec
2026-10-08 08:04:08,531 INFO o.a.j.t.o.OpenModelThreadGroup: There will be no more events, will shutdown the thread pool
2026-10-08 08:04:08,531 INFO o.a.j.t.o.OpenModelThreadGroup: Thread starting done
2026-10-08 08:04:29,580 INFO o.a.j.t.JMeterThread: Thread started: Tickets (open model) 1-1
2026-10-08 08:04:29,581 INFO o.a.j.s.FileServer: Stored: C:\Users\Owen\Desktop\ICT3113_Assignment_1\jmeter\data\team_narratives.tsv
2026-10-08 08:04:29,601 INFO o.a.j.p.h.s.HTTPHCAbstractImpl: Local host = DESKTOP-AK5RA9C
2026-10-08 08:04:29,605 INFO o.a.j.p.h.s.HTTPHC4Impl: HTTP request retry count = 0
2026-10-08 08:04:29,606 INFO o.a.j.s.SampleResult: Note: Sample TimeStamps are START times
2026-10-08 08:04:29,606 INFO o.a.j.s.SampleResult: sampleresult.default.encoding is set to UTF-8
2026-10-08 08:04:29,606 INFO o.a.j.s.SampleResult: sampleresult.useNanoTime=true
2026-10-08 08:04:29,606 INFO o.a.j.s.SampleResult: sampleresult.nanoThreadSleep=5000
2026-10-08 08:05:11,827 INFO o.a.j.t.JMeterThread: Thread is done: Tickets (open model) 1-1
2026-10-08 08:05:11,827 INFO o.a.j.t.JMeterThread: Thread finished: Tickets (open model) 1-1
2026-10-08 08:05:25,803 INFO o.a.j.t.JMeterThread: Thread started: Tickets (open model) 1-2
2026-10-08 08:05:33,113 INFO o.a.j.r.Summariser: summary +      2 in 00:01:25 =    0.0/s Avg: 24742 Min:  7307 Max: 42178 Err:     0 (0.00%) Active: 1 Started: 2 Finished: 1
2026-10-08 08:05:33,114 INFO o.a.j.t.JMeterThread: Thread is done: Tickets (open model) 1-2
2026-10-08 08:05:33,114 INFO o.a.j.t.JMeterThread: Thread finished: Tickets (open model) 1-2
2026-10-08 08:05:58,775 INFO o.a.j.t.JMeterThread: Thread started: Tickets (open model) 1-3
2026-10-08 08:06:09,753 INFO o.a.j.t.JMeterThread: Thread is done: Tickets (open model) 1-3
2026-10-08 08:06:09,753 INFO o.a.j.t.JMeterThread: Thread finished: Tickets (open model) 1-3
2026-10-08 08:06:35,907 INFO o.a.j.t.JMeterThread: Thread started: Tickets (open model) 1-4
2026-10-08 08:06:52,556 INFO o.a.j.t.JMeterThread: Thread is done: Tickets (open model) 1-4
2026-10-08 08:06:52,556 INFO o.a.j.t.JMeterThread: Thread finished: Tickets (open model) 1-4
2026-10-08 08:07:06,449 INFO o.a.j.t.JMeterThread: Thread started: Tickets (open model) 1-5
2026-10-08 08:07:09,718 INFO o.a.j.t.JMeterThread: Thread is done: Tickets (open model) 1-5
2026-10-08 08:07:09,718 INFO o.a.j.t.JMeterThread: Thread finished: Tickets (open model) 1-5
2026-10-08 08:07:16,777 INFO o.a.j.t.JMeterThread: Thread started: Tickets (open model) 1-6
2026-10-08 08:07:21,421 INFO o.a.j.t.JMeterThread: Thread is done: Tickets (open model) 1-6
2026-10-08 08:07:21,421 INFO o.a.j.t.JMeterThread: Thread finished: Tickets (open model) 1-6
2026-10-08 08:07:50,560 INFO o.a.j.t.JMeterThread: Thread started: Tickets (open model) 1-7
2026-10-08 08:08:02,656 INFO o.a.j.r.Summariser: summary +      5 in 00:02:30 =    0.0/s Avg:  9525 Min:  3268 Max: 16647 Err:     0 (0.00%) Active: 1 Started: 7 Finished: 6
2026-10-08 08:08:02,656 INFO o.a.j.r.Summariser: summary =      7 in 00:03:55 =    0.0/s Avg: 13873 Min:  3268 Max: 42178 Err:     0 (0.00%)
2026-10-08 08:08:02,656 INFO o.a.j.t.JMeterThread: Thread is done: Tickets (open model) 1-7
2026-10-08 08:08:02,657 INFO o.a.j.t.JMeterThread: Thread finished: Tickets (open model) 1-7
2026-10-08 08:08:51,619 INFO o.a.j.t.JMeterThread: Thread started: Tickets (open model) 1-8
2026-10-08 08:08:53,068 INFO o.a.j.t.JMeterThread: Thread started: Tickets (open model) 1-9
2026-10-08 08:08:54,227 INFO o.a.j.t.JMeterThread: Thread started: Tickets (open model) 1-10
2026-10-08 08:08:56,510 INFO o.a.j.t.JMeterThread: Thread is done: Tickets (open model) 1-8
2026-10-08 08:08:56,510 INFO o.a.j.t.JMeterThread: Thread finished: Tickets (open model) 1-8
2026-10-08 08:09:03,532 INFO o.a.j.r.Summariser: summary +      2 in 00:01:01 =    0.0/s Avg:  7675 Min:  4889 Max: 10462 Err:     0 (0.00%) Active: 2 Started: 10 Finished: 8
2026-10-08 08:09:03,534 INFO o.a.j.r.Summariser: summary =      9 in 00:04:56 =    0.0/s Avg: 12496 Min:  3268 Max: 42178 Err:     0 (0.00%)
2026-10-08 08:09:03,534 INFO o.a.j.t.JMeterThread: Thread is done: Tickets (open model) 1-9
2026-10-08 08:09:03,534 INFO o.a.j.t.JMeterThread: Thread finished: Tickets (open model) 1-9
2026-10-08 08:09:09,567 INFO o.a.j.t.JMeterThread: Thread is done: Tickets (open model) 1-10
2026-10-08 08:09:09,567 INFO o.a.j.t.JMeterThread: Thread finished: Tickets (open model) 1-10
2026-10-08 08:10:30,062 INFO o.a.j.t.JMeterThread: Thread started: Tickets (open model) 1-11
2026-10-08 08:10:32,574 INFO o.a.j.t.JMeterThread: Thread started: Tickets (open model) 1-12
2026-10-08 08:10:50,503 INFO o.a.j.t.JMeterThread: Thread is done: Tickets (open model) 1-11
2026-10-08 08:10:50,503 INFO o.a.j.t.JMeterThread: Thread finished: Tickets (open model) 1-11
2026-10-08 08:10:54,476 INFO o.a.j.t.JMeterThread: Thread is done: Tickets (open model) 1-12
2026-10-08 08:10:54,476 INFO o.a.j.t.JMeterThread: Thread finished: Tickets (open model) 1-12
2026-10-08 08:11:05,593 INFO o.a.j.t.JMeterThread: Thread started: Tickets (open model) 1-13
2026-10-08 08:11:08,937 INFO o.a.j.t.JMeterThread: Thread started: Tickets (open model) 1-14
2026-10-08 08:11:12,047 INFO o.a.j.t.JMeterThread: Thread is done: Tickets (open model) 1-13
2026-10-08 08:11:12,047 INFO o.a.j.t.JMeterThread: Thread finished: Tickets (open model) 1-13
2026-10-08 08:11:16,419 INFO o.a.j.t.JMeterThread: Thread is done: Tickets (open model) 1-14
2026-10-08 08:11:16,419 INFO o.a.j.t.JMeterThread: Thread finished: Tickets (open model) 1-14
2026-10-08 08:11:16,971 INFO o.a.j.t.JMeterThread: Thread started: Tickets (open model) 1-15
2026-10-08 08:11:28,198 INFO o.a.j.t.JMeterThread: Thread is done: Tickets (open model) 1-15
2026-10-08 08:11:28,198 INFO o.a.j.t.JMeterThread: Thread finished: Tickets (open model) 1-15
2026-10-08 08:11:39,958 INFO o.a.j.t.JMeterThread: Thread started: Tickets (open model) 1-16
2026-10-08 08:11:54,480 INFO o.a.j.t.JMeterThread: Thread is done: Tickets (open model) 1-16
2026-10-08 08:11:54,480 INFO o.a.j.t.JMeterThread: Thread finished: Tickets (open model) 1-16
2026-10-08 08:12:59,135 INFO o.a.j.t.JMeterThread: Thread started: Tickets (open model) 1-17
2026-10-08 08:13:05,567 INFO o.a.j.r.Summariser: summary +      8 in 00:04:02 =    0.0/s Avg: 12973 Min:  6429 Max: 21900 Err:     0 (0.00%) Active: 1 Started: 17 Finished: 16
2026-10-08 08:13:05,568 INFO o.a.j.r.Summariser: summary =     17 in 00:08:58 =    0.0/s Avg: 12720 Min:  3268 Max: 42178 Err:     0 (0.00%)
2026-10-08 08:13:05,568 INFO o.a.j.t.JMeterThread: Thread is done: Tickets (open model) 1-17
2026-10-08 08:13:05,568 INFO o.a.j.t.JMeterThread: Thread finished: Tickets (open model) 1-17
2026-10-08 08:13:39,947 INFO o.a.j.t.JMeterThread: Thread started: Tickets (open model) 1-18
2026-10-08 08:13:47,313 INFO o.a.j.t.JMeterThread: Thread is done: Tickets (open model) 1-18
2026-10-08 08:13:47,314 INFO o.a.j.t.JMeterThread: Thread finished: Tickets (open model) 1-18
2026-10-08 08:13:54,125 INFO o.a.j.t.JMeterThread: Thread started: Tickets (open model) 1-19
2026-10-08 08:14:00,659 INFO o.a.j.r.Summariser: summary +      2 in 00:00:55 =    0.0/s Avg:  6949 Min:  6533 Max:  7365 Err:     0 (0.00%) Active: 1 Started: 19 Finished: 18
2026-10-08 08:14:00,659 INFO o.a.j.r.Summariser: summary =     19 in 00:09:53 =    0.0/s Avg: 12113 Min:  3268 Max: 42178 Err:     0 (0.00%)
2026-10-08 08:14:00,659 INFO o.a.j.t.JMeterThread: Thread is done: Tickets (open model) 1-19
2026-10-08 08:14:00,659 INFO o.a.j.t.JMeterThread: Thread finished: Tickets (open model) 1-19
2026-10-08 08:14:04,050 INFO o.a.j.t.JMeterThread: Thread started: Tickets (open model) 1-20
2026-10-08 08:14:07,261 INFO o.a.j.t.JMeterThread: Thread started: Tickets (open model) 1-21
2026-10-08 08:14:14,775 INFO o.a.j.t.JMeterThread: Thread is done: Tickets (open model) 1-20
2026-10-08 08:14:14,775 INFO o.a.j.t.JMeterThread: Thread finished: Tickets (open model) 1-20
2026-10-08 08:14:15,361 INFO o.a.j.t.JMeterThread: Thread started: Tickets (open model) 1-22
2026-10-08 08:14:18,905 INFO o.a.j.t.JMeterThread: Thread is done: Tickets (open model) 1-21
2026-10-08 08:14:18,905 INFO o.a.j.t.JMeterThread: Thread finished: Tickets (open model) 1-21
2026-10-08 08:14:31,267 INFO o.a.j.t.JMeterThread: Thread started: Tickets (open model) 1-23
2026-10-08 08:14:36,310 INFO o.a.j.t.JMeterThread: Thread is done: Tickets (open model) 1-22
2026-10-08 08:14:36,310 INFO o.a.j.t.JMeterThread: Thread finished: Tickets (open model) 1-22
2026-10-08 08:14:39,405 INFO o.a.j.t.JMeterThread: Thread started: Tickets (open model) 1-24
2026-10-08 08:14:43,351 INFO o.a.j.t.JMeterThread: Thread is done: Tickets (open model) 1-23
2026-10-08 08:14:43,351 INFO o.a.j.t.JMeterThread: Thread finished: Tickets (open model) 1-23
2026-10-08 08:14:50,301 INFO o.a.j.t.JMeterThread: Thread is done: Tickets (open model) 1-24
2026-10-08 08:14:50,301 INFO o.a.j.t.JMeterThread: Thread finished: Tickets (open model) 1-24
2026-10-08 08:16:07,480 INFO o.a.j.t.o.EvenArrivalsRamp: Generating 0 events, beginRate = 0.0 / sec, endRate = 0.0 / sec, duration = 190.0 sec
2026-10-08 08:16:07,480 INFO o.a.j.t.o.OpenModelThreadGroup: There will be no more events, so will wait for 190 sec till the end of the schedule
2026-10-08 08:16:07,480 INFO o.a.j.t.JMeterThread: Thread started: Tickets (open model) 1-25
2026-10-08 08:16:18,241 INFO o.a.j.t.JMeterThread: Thread is done: Tickets (open model) 1-25
2026-10-08 08:16:18,241 INFO o.a.j.t.JMeterThread: Thread finished: Tickets (open model) 1-25
2026-10-08 08:19:17,542 INFO o.a.j.t.o.OpenModelThreadGroup: There will be no more events, will shutdown the thread pool
2026-10-08 08:19:17,542 INFO o.a.j.t.o.OpenModelThreadGroup: Thread starting done
2026-10-08 08:19:17,542 INFO o.a.j.e.StandardJMeterEngine: Notifying test listeners of end of test
2026-10-08 08:19:17,542 INFO o.a.j.s.FileServer: Close: C:\Users\Owen\Desktop\ICT3113_Assignment_1\jmeter\data\team_narratives.tsv
2026-10-08 08:19:17,544 INFO o.a.j.r.Summariser: summary +      6 in 00:05:17 =    0.0/s Avg: 12841 Min: 10724 Max: 20947 Err:     0 (0.00%) Active: 0 Started: 25 Finished: 25
2026-10-08 08:19:17,544 INFO o.a.j.r.Summariser: summary =     25 in 00:15:10 =    0.0/s Avg: 12287 Min:  3268 Max: 42178 Err:     0 (0.00%)
