2026-10-08 09:33:58,969 INFO o.a.j.u.JMeterUtils: Setting Locale to en_EN
2026-10-08 09:33:58,977 INFO o.a.j.JMeter: Loading user properties from: user.properties
2026-10-08 09:33:58,977 INFO o.a.j.JMeter: Loading system properties from: system.properties
2026-10-08 09:33:58,978 INFO o.a.j.JMeter: Loading additional properties from: C:\Users\Owen\Desktop\ICT3113_Assignment_1\jmeter\results.properties
2026-10-08 09:33:58,978 INFO o.a.j.JMeter: Setting JMeter property: host=192.168.1.170
2026-10-08 09:33:58,978 INFO o.a.j.JMeter: Setting JMeter property: port=8000
2026-10-08 09:33:58,978 INFO o.a.j.JMeter: Setting JMeter property: protocol=http
2026-10-08 09:33:58,980 INFO o.a.j.JMeter: Setting JMeter property: rate=250
2026-10-08 09:33:58,980 INFO o.a.j.JMeter: Setting JMeter property: duration_s=720
2026-10-08 09:33:58,980 INFO o.a.j.JMeter: Setting JMeter property: drain_s=190
2026-10-08 09:33:58,980 INFO o.a.j.JMeter: Setting JMeter property: search_schedule=rate(450/hour)random_arrivals(720s)pause(190s)
2026-10-08 09:33:58,980 INFO o.a.j.JMeter: Setting JMeter property: seed=311302
2026-10-08 09:33:58,980 INFO o.a.j.JMeter: Setting JMeter property: search_seed=311352
2026-10-08 09:33:58,980 INFO o.a.j.JMeter: Setting JMeter property: data_file=C:\Users\Owen\Desktop\ICT3113_Assignment_1\jmeter\data\team_narratives.tsv
2026-10-08 09:33:58,980 INFO o.a.j.JMeter: Setting JMeter property: search_file=C:\Users\Owen\Desktop\ICT3113_Assignment_1\jmeter\data\search_terms.txt
2026-10-08 09:33:58,980 INFO o.a.j.JMeter: Setting JMeter property: timeout_ms=180000
2026-10-08 09:33:58,984 INFO o.a.j.JMeter: Copyright (c) 1998-2024 The Apache Software Foundation
2026-10-08 09:33:58,984 INFO o.a.j.JMeter: Version 5.6.3
2026-10-08 09:33:58,984 INFO o.a.j.JMeter: java.version=1.8.0_333
2026-10-08 09:33:58,984 INFO o.a.j.JMeter: java.vm.name=Java HotSpot(TM) 64-Bit Server VM
2026-10-08 09:33:58,984 INFO o.a.j.JMeter: os.name=Windows 11
2026-10-08 09:33:58,984 INFO o.a.j.JMeter: os.arch=amd64
2026-10-08 09:33:58,984 INFO o.a.j.JMeter: os.version=10.0
2026-10-08 09:33:58,984 INFO o.a.j.JMeter: file.encoding=Cp1252
2026-10-08 09:33:58,985 INFO o.a.j.JMeter: java.awt.headless=true
2026-10-08 09:33:58,985 INFO o.a.j.JMeter: Max memory     =1073741824
2026-10-08 09:33:58,985 INFO o.a.j.JMeter: Available Processors =16
2026-10-08 09:33:58,987 INFO o.a.j.JMeter: Default Locale=English (EN)
2026-10-08 09:33:58,987 INFO o.a.j.JMeter: JMeter  Locale=English (EN)
2026-10-08 09:33:58,987 INFO o.a.j.JMeter: JMeterHome=C:\Users\Owen\Downloads\apache-jmeter-5.6.3\apache-jmeter-5.6.3
2026-10-08 09:33:58,987 INFO o.a.j.JMeter: user.dir  =C:\Users\Owen\Downloads\apache-jmeter-5.6.3\apache-jmeter-5.6.3\bin
2026-10-08 09:33:58,988 INFO o.a.j.JMeter: PWD       =C:\Users\Owen\Downloads\apache-jmeter-5.6.3\apache-jmeter-5.6.3\bin
2026-10-08 09:34:03,949 INFO o.a.j.JMeter: IP: 10.5.0.2 Name: DESKTOP-AK5RA9C FullName: DESKTOP-AK5RA9C
2026-10-08 09:34:03,961 INFO o.a.j.s.FileServer: Default base='C:\Users\Owen\Downloads\apache-jmeter-5.6.3\apache-jmeter-5.6.3\bin'
2026-10-08 09:34:03,962 INFO o.a.j.s.FileServer: Set new base='C:\Users\Owen\Desktop\ICT3113_Assignment_1\jmeter'
2026-10-08 09:34:04,039 INFO o.a.j.s.SaveService: Testplan (JMX) version: 2.2. Testlog (JTL) version: 2.2
2026-10-08 09:34:04,050 INFO o.a.j.s.SaveService: Using SaveService properties file encoding UTF-8
2026-10-08 09:34:04,052 INFO o.a.j.s.SaveService: Using SaveService properties version 5.0
2026-10-08 09:34:04,055 INFO o.a.j.s.SaveService: Loading file: C:\Users\Owen\Desktop\ICT3113_Assignment_1\jmeter\ticket_load_test.jmx
2026-10-08 09:34:04,099 INFO o.a.j.p.h.s.HTTPSamplerBase: Parser for text/html is org.apache.jmeter.protocol.http.parser.LagartoBasedHtmlParser
2026-10-08 09:34:04,100 INFO o.a.j.p.h.s.HTTPSamplerBase: Parser for application/xhtml+xml is org.apache.jmeter.protocol.http.parser.LagartoBasedHtmlParser
2026-10-08 09:34:04,100 INFO o.a.j.p.h.s.HTTPSamplerBase: Parser for application/xml is org.apache.jmeter.protocol.http.parser.LagartoBasedHtmlParser
2026-10-08 09:34:04,100 INFO o.a.j.p.h.s.HTTPSamplerBase: Parser for text/xml is org.apache.jmeter.protocol.http.parser.LagartoBasedHtmlParser
2026-10-08 09:34:04,100 INFO o.a.j.p.h.s.HTTPSamplerBase: Parser for text/vnd.wap.wml is org.apache.jmeter.protocol.http.parser.RegexpHTMLParser
2026-10-08 09:34:04,100 INFO o.a.j.p.h.s.HTTPSamplerBase: Parser for text/css is org.apache.jmeter.protocol.http.parser.CssParser
2026-10-08 09:34:04,256 INFO o.a.j.JMeter: Creating summariser <summary>
2026-10-08 09:34:04,267 INFO o.a.j.e.StandardJMeterEngine: Running the test!
2026-10-08 09:34:04,268 INFO o.a.j.s.SampleEvent: List of sample_variables: [request_id, ticket_row]
2026-10-08 09:34:04,268 INFO o.a.j.s.SampleEvent: List of sample_variables: [request_id, ticket_row]
2026-10-08 09:34:04,271 INFO o.a.j.e.u.CompoundVariable: Note: Function class names must contain the string: '.functions.'
2026-10-08 09:34:04,271 INFO o.a.j.e.u.CompoundVariable: Note: Function class names must not contain the string: '.gui.'
2026-10-08 09:34:04,441 INFO o.a.j.JMeter: Running test (1791423244441)
2026-10-08 09:34:04,468 INFO o.a.j.e.StandardJMeterEngine: Starting ThreadGroup: 1 : Tickets (open model)
2026-10-08 09:34:04,468 INFO o.a.j.e.StandardJMeterEngine: Starting 0 threads for group Tickets (open model).
2026-10-08 09:34:04,470 INFO o.a.j.e.StandardJMeterEngine: Thread will continue on error
2026-10-08 09:34:04,470 INFO o.a.j.t.o.OpenModelThreadGroup: Starting OpenModelThreadGroup#1 with schedule rate(250/hour) random_arrivals(720 s) pause(190 s)
2026-10-08 09:34:04,501 INFO o.a.j.e.StandardJMeterEngine: Starting ThreadGroup: 2 : Searches (open model)
2026-10-08 09:34:04,501 INFO o.a.j.e.StandardJMeterEngine: Starting 0 threads for group Searches (open model).
2026-10-08 09:34:04,501 INFO o.a.j.e.StandardJMeterEngine: Thread will continue on error
2026-10-08 09:34:04,502 INFO o.a.j.t.o.OpenModelThreadGroup: Starting OpenModelThreadGroup#2 with schedule rate(450/hour)random_arrivals(720s)pause(190s)
2026-10-08 09:34:04,501 INFO o.a.j.t.o.OpenModelThreadGroup: Thread starting init
2026-10-08 09:34:04,502 INFO o.a.j.e.StandardJMeterEngine: All thread groups have been started
2026-10-08 09:34:04,502 INFO o.a.j.t.o.OpenModelThreadGroup: Thread starting init
2026-10-08 09:34:04,505 INFO o.a.j.t.o.PoissonArrivalsRamp: Generating 90 events, beginRate = 0.125 / sec, endRate = 0.125 / sec, duration = 720.0 sec
2026-10-08 09:34:04,505 INFO o.a.j.t.o.PoissonArrivalsRamp: Generating 50 events, beginRate = 0.06944444444444445 / sec, endRate = 0.06944444444444445 / sec, duration = 720.0 sec
2026-10-08 09:34:05,177 INFO o.a.j.t.JMeterThread: Thread started: Tickets (open model) 1-1
2026-10-08 09:34:05,178 INFO o.a.j.s.FileServer: Stored: C:\Users\Owen\Desktop\ICT3113_Assignment_1\jmeter\data\team_narratives.tsv
2026-10-08 09:34:05,198 INFO o.a.j.p.h.s.HTTPHCAbstractImpl: Local host = DESKTOP-AK5RA9C
2026-10-08 09:34:05,203 INFO o.a.j.p.h.s.HTTPHC4Impl: HTTP request retry count = 0
2026-10-08 09:34:05,204 INFO o.a.j.s.SampleResult: Note: Sample TimeStamps are START times
2026-10-08 09:34:05,204 INFO o.a.j.s.SampleResult: sampleresult.default.encoding is set to UTF-8
2026-10-08 09:34:05,204 INFO o.a.j.s.SampleResult: sampleresult.useNanoTime=true
2026-10-08 09:34:05,204 INFO o.a.j.s.SampleResult: sampleresult.nanoThreadSleep=5000
2026-10-08 09:34:05,740 INFO o.a.j.t.JMeterThread: Thread started: Tickets (open model) 1-2
2026-10-08 09:34:06,063 INFO o.a.j.t.JMeterThread: Thread is done: Tickets (open model) 1-1
2026-10-08 09:34:06,063 INFO o.a.j.t.JMeterThread: Thread finished: Tickets (open model) 1-1
2026-10-08 09:34:07,390 INFO o.a.j.t.JMeterThread: Thread started: Searches (open model) 2-1
2026-10-08 09:34:07,390 INFO o.a.j.s.FileServer: Stored: C:\Users\Owen\Desktop\ICT3113_Assignment_1\jmeter\data\search_terms.txt
2026-10-08 09:34:07,453 INFO o.a.j.t.JMeterThread: Thread is done: Searches (open model) 2-1
2026-10-08 09:34:07,453 INFO o.a.j.t.JMeterThread: Thread finished: Searches (open model) 2-1
2026-10-08 09:34:08,405 INFO o.a.j.t.JMeterThread: Thread started: Searches (open model) 2-2
2026-10-08 09:34:08,437 INFO o.a.j.t.JMeterThread: Thread is done: Searches (open model) 2-2
2026-10-08 09:34:08,438 INFO o.a.j.t.JMeterThread: Thread finished: Searches (open model) 2-2
2026-10-08 09:34:11,587 INFO o.a.j.t.JMeterThread: Thread started: Searches (open model) 2-3
2026-10-08 09:34:11,627 INFO o.a.j.t.JMeterThread: Thread is done: Searches (open model) 2-3
2026-10-08 09:34:11,627 INFO o.a.j.t.JMeterThread: Thread finished: Searches (open model) 2-3
2026-10-08 09:34:12,732 INFO o.a.j.t.JMeterThread: Thread started: Searches (open model) 2-4
2026-10-08 09:34:12,748 INFO o.a.j.t.JMeterThread: Thread is done: Searches (open model) 2-4
2026-10-08 09:34:12,748 INFO o.a.j.t.JMeterThread: Thread finished: Searches (open model) 2-4
2026-10-08 09:34:13,079 INFO o.a.j.t.JMeterThread: Thread is done: Tickets (open model) 1-2
2026-10-08 09:34:13,079 INFO o.a.j.t.JMeterThread: Thread finished: Tickets (open model) 1-2
2026-10-08 09:34:17,560 INFO o.a.j.t.JMeterThread: Thread started: Searches (open model) 2-5
2026-10-08 09:34:17,590 INFO o.a.j.t.JMeterThread: Thread is done: Searches (open model) 2-5
2026-10-08 09:34:17,590 INFO o.a.j.t.JMeterThread: Thread finished: Searches (open model) 2-5
2026-10-08 09:34:23,315 INFO o.a.j.t.JMeterThread: Thread started: Tickets (open model) 1-3
2026-10-08 09:34:34,174 INFO o.a.j.r.Summariser: summary +      8 in 00:00:30 =    0.3/s Avg:  2398 Min:    15 Max: 10857 Err:     0 (0.00%) Active: 1 Started: 8 Finished: 7
2026-10-08 09:34:34,175 INFO o.a.j.t.JMeterThread: Thread is done: Tickets (open model) 1-3
2026-10-08 09:34:34,175 INFO o.a.j.t.JMeterThread: Thread finished: Tickets (open model) 1-3
2026-10-08 09:34:56,115 INFO o.a.j.t.JMeterThread: Thread started: Tickets (open model) 1-4
2026-10-08 09:35:02,093 INFO o.a.j.t.JMeterThread: Thread started: Searches (open model) 2-6
2026-10-08 09:35:02,139 INFO o.a.j.r.Summariser: summary +      1 in 00:00:28 =    0.0/s Avg:    43 Min:    43 Max:    43 Err:     0 (0.00%) Active: 2 Started: 10 Finished: 8
2026-10-08 09:35:02,139 INFO o.a.j.r.Summariser: summary =      9 in 00:00:58 =    0.2/s Avg:  2136 Min:    15 Max: 10857 Err:     0 (0.00%)
2026-10-08 09:35:02,139 INFO o.a.j.t.JMeterThread: Thread is done: Searches (open model) 2-6
2026-10-08 09:35:02,139 INFO o.a.j.t.JMeterThread: Thread finished: Searches (open model) 2-6
2026-10-08 09:35:04,843 INFO o.a.j.t.JMeterThread: Thread started: Tickets (open model) 1-5
2026-10-08 09:35:05,815 INFO o.a.j.t.JMeterThread: Thread started: Tickets (open model) 1-6
2026-10-08 09:35:12,250 INFO o.a.j.t.JMeterThread: Thread is done: Tickets (open model) 1-4
2026-10-08 09:35:12,250 INFO o.a.j.t.JMeterThread: Thread finished: Tickets (open model) 1-4
2026-10-08 09:35:15,435 INFO o.a.j.t.JMeterThread: Thread is done: Tickets (open model) 1-5
2026-10-08 09:35:15,435 INFO o.a.j.t.JMeterThread: Thread finished: Tickets (open model) 1-5
2026-10-08 09:35:18,868 INFO o.a.j.t.JMeterThread: Thread started: Tickets (open model) 1-7
2026-10-08 09:35:20,154 INFO o.a.j.t.JMeterThread: Thread is done: Tickets (open model) 1-6
2026-10-08 09:35:20,154 INFO o.a.j.t.JMeterThread: Thread finished: Tickets (open model) 1-6
2026-10-08 09:35:21,710 INFO o.a.j.t.JMeterThread: Thread started: Tickets (open model) 1-8
2026-10-08 09:35:24,686 INFO o.a.j.t.JMeterThread: Thread started: Searches (open model) 2-7
2026-10-08 09:35:24,702 INFO o.a.j.t.JMeterThread: Thread is done: Searches (open model) 2-7
2026-10-08 09:35:24,702 INFO o.a.j.t.JMeterThread: Thread finished: Searches (open model) 2-7
2026-10-08 09:35:29,344 INFO o.a.j.t.JMeterThread: Thread is done: Tickets (open model) 1-7
2026-10-08 09:35:29,344 INFO o.a.j.t.JMeterThread: Thread finished: Tickets (open model) 1-7
2026-10-08 09:35:29,368 INFO o.a.j.t.JMeterThread: Thread started: Searches (open model) 2-8
2026-10-08 09:35:29,405 INFO o.a.j.t.JMeterThread: Thread is done: Searches (open model) 2-8
2026-10-08 09:35:29,405 INFO o.a.j.t.JMeterThread: Thread finished: Searches (open model) 2-8
2026-10-08 09:35:33,857 INFO o.a.j.r.Summariser: summary +      7 in 00:00:32 =    0.2/s Avg:  9104 Min:    15 Max: 16134 Err:     0 (0.00%) Active: 1 Started: 16 Finished: 15
2026-10-08 09:35:33,858 INFO o.a.j.r.Summariser: summary =     16 in 00:01:29 =    0.2/s Avg:  5185 Min:    15 Max: 16134 Err:     0 (0.00%)
2026-10-08 09:35:33,858 INFO o.a.j.t.JMeterThread: Thread is done: Tickets (open model) 1-8
2026-10-08 09:35:33,858 INFO o.a.j.t.JMeterThread: Thread finished: Tickets (open model) 1-8
2026-10-08 09:35:34,612 INFO o.a.j.t.JMeterThread: Thread started: Searches (open model) 2-9
2026-10-08 09:35:34,640 INFO o.a.j.t.JMeterThread: Thread is done: Searches (open model) 2-9
2026-10-08 09:35:34,640 INFO o.a.j.t.JMeterThread: Thread finished: Searches (open model) 2-9
2026-10-08 09:35:43,882 INFO o.a.j.t.JMeterThread: Thread started: Searches (open model) 2-10
2026-10-08 09:35:43,906 INFO o.a.j.t.JMeterThread: Thread is done: Searches (open model) 2-10
2026-10-08 09:35:43,906 INFO o.a.j.t.JMeterThread: Thread finished: Searches (open model) 2-10
2026-10-08 09:35:46,277 INFO o.a.j.t.JMeterThread: Thread started: Searches (open model) 2-11
2026-10-08 09:35:46,296 INFO o.a.j.t.JMeterThread: Thread is done: Searches (open model) 2-11
2026-10-08 09:35:46,297 INFO o.a.j.t.JMeterThread: Thread finished: Searches (open model) 2-11
2026-10-08 09:35:46,550 INFO o.a.j.t.JMeterThread: Thread started: Tickets (open model) 1-9
2026-10-08 09:35:50,752 INFO o.a.j.t.JMeterThread: Thread started: Searches (open model) 2-12
2026-10-08 09:35:50,790 INFO o.a.j.t.JMeterThread: Thread is done: Searches (open model) 2-12
2026-10-08 09:35:50,790 INFO o.a.j.t.JMeterThread: Thread finished: Searches (open model) 2-12
2026-10-08 09:35:53,567 INFO o.a.j.t.JMeterThread: Thread is done: Tickets (open model) 1-9
2026-10-08 09:35:53,567 INFO o.a.j.t.JMeterThread: Thread finished: Tickets (open model) 1-9
2026-10-08 09:35:54,697 INFO o.a.j.t.JMeterThread: Thread started: Tickets (open model) 1-10
2026-10-08 09:35:55,190 INFO o.a.j.t.JMeterThread: Thread started: Searches (open model) 2-13
2026-10-08 09:35:55,211 INFO o.a.j.t.JMeterThread: Thread is done: Searches (open model) 2-13
2026-10-08 09:35:55,211 INFO o.a.j.t.JMeterThread: Thread finished: Searches (open model) 2-13
2026-10-08 09:35:58,135 INFO o.a.j.t.JMeterThread: Thread started: Tickets (open model) 1-11
2026-10-08 09:36:00,665 INFO o.a.j.r.Summariser: summary +      7 in 00:00:27 =    0.3/s Avg:  1872 Min:    18 Max:  7015 Err:     0 (0.00%) Active: 2 Started: 24 Finished: 22
2026-10-08 09:36:00,666 INFO o.a.j.r.Summariser: summary =     23 in 00:01:56 =    0.2/s Avg:  4176 Min:    15 Max: 16134 Err:     0 (0.00%)
2026-10-08 09:36:00,666 INFO o.a.j.t.JMeterThread: Thread is done: Tickets (open model) 1-10
2026-10-08 09:36:00,666 INFO o.a.j.t.JMeterThread: Thread finished: Tickets (open model) 1-10
2026-10-08 09:36:09,315 INFO o.a.j.t.JMeterThread: Thread started: Tickets (open model) 1-12
2026-10-08 09:36:16,220 INFO o.a.j.t.JMeterThread: Thread started: Searches (open model) 2-14
2026-10-08 09:36:16,248 INFO o.a.j.t.JMeterThread: Thread is done: Searches (open model) 2-14
2026-10-08 09:36:16,248 INFO o.a.j.t.JMeterThread: Thread finished: Searches (open model) 2-14
2026-10-08 09:36:17,028 INFO o.a.j.t.JMeterThread: Thread started: Searches (open model) 2-15
2026-10-08 09:36:17,062 INFO o.a.j.t.JMeterThread: Thread is done: Searches (open model) 2-15
2026-10-08 09:36:17,062 INFO o.a.j.t.JMeterThread: Thread finished: Searches (open model) 2-15
2026-10-08 09:36:24,977 INFO o.a.j.t.JMeterThread: Thread started: Searches (open model) 2-16
2026-10-08 09:36:25,032 INFO o.a.j.t.JMeterThread: Thread is done: Searches (open model) 2-16
2026-10-08 09:36:25,032 INFO o.a.j.t.JMeterThread: Thread finished: Searches (open model) 2-16
2026-10-08 09:36:25,132 INFO o.a.j.t.JMeterThread: Thread is done: Tickets (open model) 1-11
2026-10-08 09:36:25,132 INFO o.a.j.t.JMeterThread: Thread finished: Tickets (open model) 1-11
2026-10-08 09:36:26,266 INFO o.a.j.t.JMeterThread: Thread started: Searches (open model) 2-17
2026-10-08 09:36:26,292 INFO o.a.j.t.JMeterThread: Thread is done: Searches (open model) 2-17
2026-10-08 09:36:26,292 INFO o.a.j.t.JMeterThread: Thread finished: Searches (open model) 2-17
2026-10-08 09:36:28,737 INFO o.a.j.t.JMeterThread: Thread started: Searches (open model) 2-18
2026-10-08 09:36:28,764 INFO o.a.j.t.JMeterThread: Thread is done: Searches (open model) 2-18
2026-10-08 09:36:28,764 INFO o.a.j.t.JMeterThread: Thread finished: Searches (open model) 2-18
2026-10-08 09:36:30,091 INFO o.a.j.r.Summariser: summary +      7 in 00:00:29 =    0.2/s Avg:  6847 Min:    25 Max: 26996 Err:     0 (0.00%) Active: 1 Started: 30 Finished: 29
2026-10-08 09:36:30,091 INFO o.a.j.r.Summariser: summary =     30 in 00:02:26 =    0.2/s Avg:  4800 Min:    15 Max: 26996 Err:     0 (0.00%)
2026-10-08 09:36:30,092 INFO o.a.j.t.JMeterThread: Thread is done: Tickets (open model) 1-12
2026-10-08 09:36:30,092 INFO o.a.j.t.JMeterThread: Thread finished: Tickets (open model) 1-12
2026-10-08 09:36:34,589 INFO o.a.j.t.JMeterThread: Thread started: Searches (open model) 2-19
2026-10-08 09:36:34,633 INFO o.a.j.t.JMeterThread: Thread is done: Searches (open model) 2-19
2026-10-08 09:36:34,633 INFO o.a.j.t.JMeterThread: Thread finished: Searches (open model) 2-19
2026-10-08 09:36:36,956 INFO o.a.j.t.JMeterThread: Thread started: Tickets (open model) 1-13
2026-10-08 09:36:43,168 INFO o.a.j.t.JMeterThread: Thread is done: Tickets (open model) 1-13
2026-10-08 09:36:43,170 INFO o.a.j.t.JMeterThread: Thread finished: Tickets (open model) 1-13
2026-10-08 09:36:43,615 INFO o.a.j.t.JMeterThread: Thread started: Searches (open model) 2-20
2026-10-08 09:36:43,642 INFO o.a.j.t.JMeterThread: Thread is done: Searches (open model) 2-20
2026-10-08 09:36:43,642 INFO o.a.j.t.JMeterThread: Thread finished: Searches (open model) 2-20
2026-10-08 09:36:49,714 INFO o.a.j.t.JMeterThread: Thread started: Tickets (open model) 1-14
2026-10-08 09:36:54,072 INFO o.a.j.t.JMeterThread: Thread is done: Tickets (open model) 1-14
2026-10-08 09:36:54,072 INFO o.a.j.t.JMeterThread: Thread finished: Tickets (open model) 1-14
2026-10-08 09:37:02,300 INFO o.a.j.t.JMeterThread: Thread started: Searches (open model) 2-21
2026-10-08 09:37:02,322 INFO o.a.j.r.Summariser: summary +      5 in 00:00:32 =    0.2/s Avg:  2131 Min:    20 Max:  6212 Err:     0 (0.00%) Active: 1 Started: 35 Finished: 34
2026-10-08 09:37:02,322 INFO o.a.j.r.Summariser: summary =     35 in 00:02:58 =    0.2/s Avg:  4418 Min:    15 Max: 26996 Err:     0 (0.00%)
2026-10-08 09:37:02,323 INFO o.a.j.t.JMeterThread: Thread is done: Searches (open model) 2-21
2026-10-08 09:37:02,323 INFO o.a.j.t.JMeterThread: Thread finished: Searches (open model) 2-21
2026-10-08 09:37:07,567 INFO o.a.j.t.JMeterThread: Thread started: Searches (open model) 2-22
2026-10-08 09:37:07,588 INFO o.a.j.t.JMeterThread: Thread is done: Searches (open model) 2-22
2026-10-08 09:37:07,588 INFO o.a.j.t.JMeterThread: Thread finished: Searches (open model) 2-22
2026-10-08 09:37:09,628 INFO o.a.j.t.JMeterThread: Thread started: Searches (open model) 2-23
2026-10-08 09:37:09,670 INFO o.a.j.t.JMeterThread: Thread is done: Searches (open model) 2-23
2026-10-08 09:37:09,670 INFO o.a.j.t.JMeterThread: Thread finished: Searches (open model) 2-23
2026-10-08 09:37:16,284 INFO o.a.j.t.JMeterThread: Thread started: Searches (open model) 2-24
2026-10-08 09:37:16,302 INFO o.a.j.t.JMeterThread: Thread is done: Searches (open model) 2-24
2026-10-08 09:37:16,302 INFO o.a.j.t.JMeterThread: Thread finished: Searches (open model) 2-24
2026-10-08 09:37:20,476 INFO o.a.j.t.JMeterThread: Thread started: Searches (open model) 2-25
2026-10-08 09:37:20,517 INFO o.a.j.t.JMeterThread: Thread is done: Searches (open model) 2-25
2026-10-08 09:37:20,517 INFO o.a.j.t.JMeterThread: Thread finished: Searches (open model) 2-25
2026-10-08 09:37:32,943 INFO o.a.j.t.JMeterThread: Thread started: Searches (open model) 2-26
2026-10-08 09:37:32,975 INFO o.a.j.r.Summariser: summary +      5 in 00:00:31 =    0.2/s Avg:    29 Min:    17 Max:    41 Err:     0 (0.00%) Active: 1 Started: 40 Finished: 39
2026-10-08 09:37:32,976 INFO o.a.j.r.Summariser: summary =     40 in 00:03:29 =    0.2/s Avg:  3870 Min:    15 Max: 26996 Err:     0 (0.00%)
2026-10-08 09:37:32,976 INFO o.a.j.t.JMeterThread: Thread is done: Searches (open model) 2-26
2026-10-08 09:37:32,976 INFO o.a.j.t.JMeterThread: Thread finished: Searches (open model) 2-26
2026-10-08 09:37:35,353 INFO o.a.j.t.JMeterThread: Thread started: Searches (open model) 2-27
2026-10-08 09:37:35,386 INFO o.a.j.t.JMeterThread: Thread is done: Searches (open model) 2-27
2026-10-08 09:37:35,386 INFO o.a.j.t.JMeterThread: Thread finished: Searches (open model) 2-27
2026-10-08 09:37:45,891 INFO o.a.j.t.JMeterThread: Thread started: Tickets (open model) 1-15
2026-10-08 09:37:48,519 INFO o.a.j.t.JMeterThread: Thread started: Searches (open model) 2-28
2026-10-08 09:37:48,539 INFO o.a.j.t.JMeterThread: Thread is done: Searches (open model) 2-28
2026-10-08 09:37:48,539 INFO o.a.j.t.JMeterThread: Thread finished: Searches (open model) 2-28
2026-10-08 09:37:57,195 INFO o.a.j.t.JMeterThread: Thread started: Tickets (open model) 1-16
2026-10-08 09:37:57,662 INFO o.a.j.t.JMeterThread: Thread is done: Tickets (open model) 1-15
2026-10-08 09:37:57,662 INFO o.a.j.t.JMeterThread: Thread finished: Tickets (open model) 1-15
2026-10-08 09:38:05,772 INFO o.a.j.t.JMeterThread: Thread started: Tickets (open model) 1-17
2026-10-08 09:38:06,245 INFO o.a.j.t.JMeterThread: Thread started: Searches (open model) 2-29
2026-10-08 09:38:06,267 INFO o.a.j.t.JMeterThread: Thread is done: Searches (open model) 2-29
2026-10-08 09:38:06,267 INFO o.a.j.t.JMeterThread: Thread finished: Searches (open model) 2-29
2026-10-08 09:38:09,222 INFO o.a.j.t.JMeterThread: Thread started: Searches (open model) 2-30
2026-10-08 09:38:09,254 INFO o.a.j.t.JMeterThread: Thread is done: Searches (open model) 2-30
2026-10-08 09:38:09,254 INFO o.a.j.t.JMeterThread: Thread finished: Searches (open model) 2-30
2026-10-08 09:38:10,642 INFO o.a.j.t.JMeterThread: Thread started: Searches (open model) 2-31
2026-10-08 09:38:10,657 INFO o.a.j.t.JMeterThread: Thread is done: Searches (open model) 2-31
2026-10-08 09:38:10,657 INFO o.a.j.t.JMeterThread: Thread finished: Searches (open model) 2-31
2026-10-08 09:38:11,204 INFO o.a.j.t.JMeterThread: Thread is done: Tickets (open model) 1-16
2026-10-08 09:38:11,205 INFO o.a.j.t.JMeterThread: Thread finished: Tickets (open model) 1-16
2026-10-08 09:38:14,487 INFO o.a.j.t.JMeterThread: Thread started: Tickets (open model) 1-18
2026-10-08 09:38:17,163 INFO o.a.j.t.JMeterThread: Thread is done: Tickets (open model) 1-17
2026-10-08 09:38:17,164 INFO o.a.j.t.JMeterThread: Thread finished: Tickets (open model) 1-17
2026-10-08 09:38:24,720 INFO o.a.j.t.JMeterThread: Thread started: Searches (open model) 2-32
2026-10-08 09:38:24,758 INFO o.a.j.t.JMeterThread: Thread is done: Searches (open model) 2-32
2026-10-08 09:38:24,758 INFO o.a.j.t.JMeterThread: Thread finished: Searches (open model) 2-32
2026-10-08 09:38:24,773 INFO o.a.j.t.JMeterThread: Thread is done: Tickets (open model) 1-18
2026-10-08 09:38:24,773 INFO o.a.j.t.JMeterThread: Thread finished: Tickets (open model) 1-18
2026-10-08 09:38:30,619 INFO o.a.j.t.JMeterThread: Thread started: Tickets (open model) 1-19
2026-10-08 09:38:34,074 INFO o.a.j.t.JMeterThread: Thread started: Tickets (open model) 1-20
2026-10-08 09:38:36,978 INFO o.a.j.t.JMeterThread: Thread started: Tickets (open model) 1-21
2026-10-08 09:38:37,503 INFO o.a.j.t.JMeterThread: Thread started: Tickets (open model) 1-22
2026-10-08 09:38:37,734 INFO o.a.j.t.JMeterThread: Thread started: Searches (open model) 2-33
2026-10-08 09:38:37,764 INFO o.a.j.t.JMeterThread: Thread is done: Searches (open model) 2-33
2026-10-08 09:38:37,764 INFO o.a.j.t.JMeterThread: Thread finished: Searches (open model) 2-33
2026-10-08 09:38:38,018 INFO o.a.j.t.JMeterThread: Thread started: Searches (open model) 2-34
2026-10-08 09:38:38,041 INFO o.a.j.t.JMeterThread: Thread is done: Searches (open model) 2-34
2026-10-08 09:38:38,041 INFO o.a.j.t.JMeterThread: Thread finished: Searches (open model) 2-34
2026-10-08 09:38:38,346 INFO o.a.j.t.JMeterThread: Thread is done: Tickets (open model) 1-19
2026-10-08 09:38:38,346 INFO o.a.j.t.JMeterThread: Thread finished: Tickets (open model) 1-19
2026-10-08 09:38:41,542 INFO o.a.j.t.JMeterThread: Thread started: Searches (open model) 2-35
2026-10-08 09:38:41,567 INFO o.a.j.t.JMeterThread: Thread is done: Searches (open model) 2-35
2026-10-08 09:38:41,567 INFO o.a.j.t.JMeterThread: Thread finished: Searches (open model) 2-35
2026-10-08 09:38:42,564 INFO o.a.j.t.JMeterThread: Thread started: Tickets (open model) 1-23
2026-10-08 09:38:50,646 INFO o.a.j.t.JMeterThread: Thread is done: Tickets (open model) 1-20
2026-10-08 09:38:50,646 INFO o.a.j.t.JMeterThread: Thread finished: Tickets (open model) 1-20
2026-10-08 09:38:52,706 INFO o.a.j.t.JMeterThread: Thread started: Searches (open model) 2-36
2026-10-08 09:38:52,759 INFO o.a.j.t.JMeterThread: Thread is done: Searches (open model) 2-36
2026-10-08 09:38:52,761 INFO o.a.j.t.JMeterThread: Thread finished: Searches (open model) 2-36
2026-10-08 09:38:55,962 INFO o.a.j.t.JMeterThread: Thread is done: Tickets (open model) 1-21
2026-10-08 09:38:55,962 INFO o.a.j.t.JMeterThread: Thread finished: Tickets (open model) 1-21
2026-10-08 09:39:02,934 INFO o.a.j.t.JMeterThread: Thread started: Tickets (open model) 1-24
2026-10-08 09:39:04,561 INFO o.a.j.t.JMeterThread: Thread started: Searches (open model) 2-37
2026-10-08 09:39:04,607 INFO o.a.j.r.Summariser: summary +     18 in 00:01:32 =    0.2/s Avg:  5058 Min:    14 Max: 18982 Err:     0 (0.00%) Active: 4 Started: 61 Finished: 57
2026-10-08 09:39:04,607 INFO o.a.j.r.Summariser: summary =     58 in 00:05:00 =    0.2/s Avg:  4239 Min:    14 Max: 26996 Err:     0 (0.00%)
2026-10-08 09:39:04,607 INFO o.a.j.t.JMeterThread: Thread is done: Searches (open model) 2-37
2026-10-08 09:39:04,607 INFO o.a.j.t.JMeterThread: Thread finished: Searches (open model) 2-37
2026-10-08 09:39:09,657 INFO o.a.j.t.JMeterThread: Thread started: Tickets (open model) 1-25
2026-10-08 09:39:14,341 INFO o.a.j.t.JMeterThread: Thread started: Searches (open model) 2-38
2026-10-08 09:39:14,378 INFO o.a.j.t.JMeterThread: Thread is done: Searches (open model) 2-38
2026-10-08 09:39:14,378 INFO o.a.j.t.JMeterThread: Thread finished: Searches (open model) 2-38
2026-10-08 09:39:19,824 INFO o.a.j.t.JMeterThread: Thread is done: Tickets (open model) 1-22
2026-10-08 09:39:19,824 INFO o.a.j.t.JMeterThread: Thread finished: Tickets (open model) 1-22
2026-10-08 09:39:28,762 INFO o.a.j.t.JMeterThread: Thread is done: Tickets (open model) 1-23
2026-10-08 09:39:28,763 INFO o.a.j.t.JMeterThread: Thread finished: Tickets (open model) 1-23
2026-10-08 09:39:35,572 INFO o.a.j.t.JMeterThread: Thread started: Tickets (open model) 1-26
2026-10-08 09:39:36,865 INFO o.a.j.t.JMeterThread: Thread is done: Tickets (open model) 1-24
2026-10-08 09:39:36,865 INFO o.a.j.t.JMeterThread: Thread finished: Tickets (open model) 1-24
2026-10-08 09:39:40,508 INFO o.a.j.t.JMeterThread: Thread started: Searches (open model) 2-39
2026-10-08 09:39:40,531 INFO o.a.j.t.JMeterThread: Thread is done: Searches (open model) 2-39
2026-10-08 09:39:40,531 INFO o.a.j.t.JMeterThread: Thread finished: Searches (open model) 2-39
2026-10-08 09:39:45,771 INFO o.a.j.t.JMeterThread: Thread started: Searches (open model) 2-40
2026-10-08 09:39:45,828 INFO o.a.j.t.JMeterThread: Thread is done: Searches (open model) 2-40
2026-10-08 09:39:45,828 INFO o.a.j.t.JMeterThread: Thread finished: Searches (open model) 2-40
2026-10-08 09:39:47,706 INFO o.a.j.t.JMeterThread: Thread is done: Tickets (open model) 1-25
2026-10-08 09:39:47,706 INFO o.a.j.t.JMeterThread: Thread finished: Tickets (open model) 1-25
2026-10-08 09:39:53,417 INFO o.a.j.t.JMeterThread: Thread started: Searches (open model) 2-41
2026-10-08 09:39:53,447 INFO o.a.j.t.JMeterThread: Thread is done: Searches (open model) 2-41
2026-10-08 09:39:53,447 INFO o.a.j.t.JMeterThread: Thread finished: Searches (open model) 2-41
2026-10-08 09:40:02,101 INFO o.a.j.t.JMeterThread: Thread started: Searches (open model) 2-42
2026-10-08 09:40:02,131 INFO o.a.j.r.Summariser: summary +      9 in 00:00:58 =    0.2/s Avg: 17851 Min:    21 Max: 46198 Err:     0 (0.00%) Active: 2 Started: 68 Finished: 66
2026-10-08 09:40:02,132 INFO o.a.j.r.Summariser: summary =     67 in 00:05:58 =    0.2/s Avg:  6067 Min:    14 Max: 46198 Err:     0 (0.00%)
2026-10-08 09:40:02,132 INFO o.a.j.t.JMeterThread: Thread is done: Searches (open model) 2-42
2026-10-08 09:40:02,132 INFO o.a.j.t.JMeterThread: Thread finished: Searches (open model) 2-42
2026-10-08 09:40:03,055 INFO o.a.j.t.JMeterThread: Thread started: Searches (open model) 2-43
2026-10-08 09:40:03,091 INFO o.a.j.t.JMeterThread: Thread is done: Searches (open model) 2-43
2026-10-08 09:40:03,091 INFO o.a.j.t.JMeterThread: Thread finished: Searches (open model) 2-43
2026-10-08 09:40:05,436 INFO o.a.j.t.JMeterThread: Thread started: Searches (open model) 2-44
2026-10-08 09:40:05,454 INFO o.a.j.t.JMeterThread: Thread is done: Searches (open model) 2-44
2026-10-08 09:40:05,454 INFO o.a.j.t.JMeterThread: Thread finished: Searches (open model) 2-44
2026-10-08 09:40:06,838 INFO o.a.j.t.JMeterThread: Thread started: Searches (open model) 2-45
2026-10-08 09:40:06,856 INFO o.a.j.t.JMeterThread: Thread is done: Searches (open model) 2-45
2026-10-08 09:40:06,856 INFO o.a.j.t.JMeterThread: Thread finished: Searches (open model) 2-45
2026-10-08 09:40:08,681 INFO o.a.j.t.JMeterThread: Thread is done: Tickets (open model) 1-26
2026-10-08 09:40:08,681 INFO o.a.j.t.JMeterThread: Thread finished: Tickets (open model) 1-26
2026-10-08 09:40:15,790 INFO o.a.j.t.JMeterThread: Thread started: Tickets (open model) 1-27
2026-10-08 09:40:18,112 INFO o.a.j.t.JMeterThread: Thread started: Searches (open model) 2-46
2026-10-08 09:40:18,129 INFO o.a.j.t.JMeterThread: Thread is done: Searches (open model) 2-46
2026-10-08 09:40:18,129 INFO o.a.j.t.JMeterThread: Thread finished: Searches (open model) 2-46
2026-10-08 09:40:26,464 INFO o.a.j.t.JMeterThread: Thread started: Searches (open model) 2-47
2026-10-08 09:40:26,492 INFO o.a.j.t.JMeterThread: Thread is done: Searches (open model) 2-47
2026-10-08 09:40:26,492 INFO o.a.j.t.JMeterThread: Thread finished: Searches (open model) 2-47
2026-10-08 09:40:28,587 INFO o.a.j.t.JMeterThread: Thread started: Tickets (open model) 1-28
2026-10-08 09:40:30,147 INFO o.a.j.r.Summariser: summary +      7 in 00:00:28 =    0.2/s Avg:  6796 Min:    16 Max: 33107 Err:     0 (0.00%) Active: 2 Started: 75 Finished: 73
2026-10-08 09:40:30,148 INFO o.a.j.r.Summariser: summary =     74 in 00:06:26 =    0.2/s Avg:  6136 Min:    14 Max: 46198 Err:     0 (0.00%)
2026-10-08 09:40:30,148 INFO o.a.j.t.JMeterThread: Thread is done: Tickets (open model) 1-27
2026-10-08 09:40:30,148 INFO o.a.j.t.JMeterThread: Thread finished: Tickets (open model) 1-27
2026-10-08 09:40:31,209 INFO o.a.j.t.JMeterThread: Thread is done: Tickets (open model) 1-28
2026-10-08 09:40:31,209 INFO o.a.j.t.JMeterThread: Thread finished: Tickets (open model) 1-28
2026-10-08 09:40:45,861 INFO o.a.j.t.JMeterThread: Thread started: Searches (open model) 2-48
2026-10-08 09:40:45,904 INFO o.a.j.t.JMeterThread: Thread is done: Searches (open model) 2-48
2026-10-08 09:40:45,904 INFO o.a.j.t.JMeterThread: Thread finished: Searches (open model) 2-48
2026-10-08 09:40:51,573 INFO o.a.j.t.JMeterThread: Thread started: Searches (open model) 2-49
2026-10-08 09:40:51,598 INFO o.a.j.t.JMeterThread: Thread is done: Searches (open model) 2-49
2026-10-08 09:40:51,599 INFO o.a.j.t.JMeterThread: Thread finished: Searches (open model) 2-49
2026-10-08 09:40:53,793 INFO o.a.j.t.JMeterThread: Thread started: Searches (open model) 2-50
2026-10-08 09:40:53,811 INFO o.a.j.t.JMeterThread: Thread is done: Searches (open model) 2-50
2026-10-08 09:40:53,811 INFO o.a.j.t.JMeterThread: Thread finished: Searches (open model) 2-50
2026-10-08 09:41:03,571 INFO o.a.j.t.JMeterThread: Thread started: Searches (open model) 2-51
2026-10-08 09:41:03,592 INFO o.a.j.r.Summariser: summary +      5 in 00:00:33 =    0.1/s Avg:   544 Min:    16 Max:  2621 Err:     0 (0.00%) Active: 1 Started: 79 Finished: 78
2026-10-08 09:41:03,592 INFO o.a.j.r.Summariser: summary =     79 in 00:06:59 =    0.2/s Avg:  5782 Min:    14 Max: 46198 Err:     0 (0.00%)
2026-10-08 09:41:03,593 INFO o.a.j.t.JMeterThread: Thread is done: Searches (open model) 2-51
2026-10-08 09:41:03,593 INFO o.a.j.t.JMeterThread: Thread finished: Searches (open model) 2-51
2026-10-08 09:41:07,774 INFO o.a.j.t.JMeterThread: Thread started: Searches (open model) 2-52
2026-10-08 09:41:07,807 INFO o.a.j.t.JMeterThread: Thread is done: Searches (open model) 2-52
2026-10-08 09:41:07,808 INFO o.a.j.t.JMeterThread: Thread finished: Searches (open model) 2-52
2026-10-08 09:41:09,719 INFO o.a.j.t.JMeterThread: Thread started: Tickets (open model) 1-29
2026-10-08 09:41:17,524 INFO o.a.j.t.JMeterThread: Thread started: Searches (open model) 2-53
2026-10-08 09:41:17,545 INFO o.a.j.t.JMeterThread: Thread is done: Searches (open model) 2-53
2026-10-08 09:41:17,545 INFO o.a.j.t.JMeterThread: Thread finished: Searches (open model) 2-53
2026-10-08 09:41:18,982 INFO o.a.j.t.JMeterThread: Thread is done: Tickets (open model) 1-29
2026-10-08 09:41:18,982 INFO o.a.j.t.JMeterThread: Thread finished: Tickets (open model) 1-29
2026-10-08 09:41:24,089 INFO o.a.j.t.JMeterThread: Thread started: Searches (open model) 2-54
2026-10-08 09:41:24,122 INFO o.a.j.t.JMeterThread: Thread is done: Searches (open model) 2-54
2026-10-08 09:41:24,122 INFO o.a.j.t.JMeterThread: Thread finished: Searches (open model) 2-54
2026-10-08 09:41:29,384 INFO o.a.j.t.JMeterThread: Thread started: Tickets (open model) 1-30
2026-10-08 09:41:33,124 INFO o.a.j.t.JMeterThread: Thread started: Searches (open model) 2-55
2026-10-08 09:41:33,200 INFO o.a.j.r.Summariser: summary +      5 in 00:00:30 =    0.2/s Avg:  1884 Min:    20 Max:  9262 Err:     0 (0.00%) Active: 2 Started: 85 Finished: 83
2026-10-08 09:41:33,201 INFO o.a.j.r.Summariser: summary =     84 in 00:07:29 =    0.2/s Avg:  5550 Min:    14 Max: 46198 Err:     0 (0.00%)
2026-10-08 09:41:33,201 INFO o.a.j.t.JMeterThread: Thread is done: Searches (open model) 2-55
2026-10-08 09:41:33,201 INFO o.a.j.t.JMeterThread: Thread finished: Searches (open model) 2-55
2026-10-08 09:41:36,139 INFO o.a.j.t.JMeterThread: Thread started: Tickets (open model) 1-31
2026-10-08 09:41:38,354 INFO o.a.j.t.JMeterThread: Thread started: Searches (open model) 2-56
2026-10-08 09:41:38,408 INFO o.a.j.t.JMeterThread: Thread is done: Searches (open model) 2-56
2026-10-08 09:41:38,409 INFO o.a.j.t.JMeterThread: Thread finished: Searches (open model) 2-56
2026-10-08 09:41:47,237 INFO o.a.j.t.JMeterThread: Thread is done: Tickets (open model) 1-30
2026-10-08 09:41:47,237 INFO o.a.j.t.JMeterThread: Thread finished: Tickets (open model) 1-30
2026-10-08 09:41:47,627 INFO o.a.j.t.JMeterThread: Thread started: Tickets (open model) 1-32
2026-10-08 09:41:50,775 INFO o.a.j.t.JMeterThread: Thread is done: Tickets (open model) 1-31
2026-10-08 09:41:50,775 INFO o.a.j.t.JMeterThread: Thread finished: Tickets (open model) 1-31
2026-10-08 09:41:54,827 INFO o.a.j.t.JMeterThread: Thread started: Tickets (open model) 1-33
2026-10-08 09:41:58,869 INFO o.a.j.t.JMeterThread: Thread started: Searches (open model) 2-57
2026-10-08 09:41:58,922 INFO o.a.j.t.JMeterThread: Thread is done: Searches (open model) 2-57
2026-10-08 09:41:58,922 INFO o.a.j.t.JMeterThread: Thread finished: Searches (open model) 2-57
2026-10-08 09:41:59,643 INFO o.a.j.t.JMeterThread: Thread started: Tickets (open model) 1-34
2026-10-08 09:42:04,548 INFO o.a.j.r.Summariser: summary +      5 in 00:00:31 =    0.2/s Avg:  9902 Min:    53 Max: 17852 Err:     0 (0.00%) Active: 3 Started: 91 Finished: 88
2026-10-08 09:42:04,548 INFO o.a.j.r.Summariser: summary =     89 in 00:08:00 =    0.2/s Avg:  5795 Min:    14 Max: 46198 Err:     0 (0.00%)
2026-10-08 09:42:04,548 INFO o.a.j.t.JMeterThread: Thread is done: Tickets (open model) 1-32
2026-10-08 09:42:04,548 INFO o.a.j.t.JMeterThread: Thread finished: Tickets (open model) 1-32
2026-10-08 09:42:06,866 INFO o.a.j.t.JMeterThread: Thread started: Searches (open model) 2-58
2026-10-08 09:42:06,923 INFO o.a.j.t.JMeterThread: Thread is done: Searches (open model) 2-58
2026-10-08 09:42:06,923 INFO o.a.j.t.JMeterThread: Thread finished: Searches (open model) 2-58
2026-10-08 09:42:09,827 INFO o.a.j.t.JMeterThread: Thread started: Tickets (open model) 1-35
2026-10-08 09:42:14,755 INFO o.a.j.t.JMeterThread: Thread started: Searches (open model) 2-59
2026-10-08 09:42:14,815 INFO o.a.j.t.JMeterThread: Thread is done: Searches (open model) 2-59
2026-10-08 09:42:14,815 INFO o.a.j.t.JMeterThread: Thread finished: Searches (open model) 2-59
2026-10-08 09:42:20,268 INFO o.a.j.t.JMeterThread: Thread is done: Tickets (open model) 1-33
2026-10-08 09:42:20,268 INFO o.a.j.t.JMeterThread: Thread finished: Tickets (open model) 1-33
2026-10-08 09:42:22,777 INFO o.a.j.t.JMeterThread: Thread started: Searches (open model) 2-60
2026-10-08 09:42:22,811 INFO o.a.j.t.JMeterThread: Thread is done: Searches (open model) 2-60
2026-10-08 09:42:22,811 INFO o.a.j.t.JMeterThread: Thread finished: Searches (open model) 2-60
2026-10-08 09:42:25,368 INFO o.a.j.t.JMeterThread: Thread started: Searches (open model) 2-61
2026-10-08 09:42:25,417 INFO o.a.j.t.JMeterThread: Thread is done: Searches (open model) 2-61
2026-10-08 09:42:25,417 INFO o.a.j.t.JMeterThread: Thread finished: Searches (open model) 2-61
2026-10-08 09:42:25,555 INFO o.a.j.t.JMeterThread: Thread started: Searches (open model) 2-62
2026-10-08 09:42:25,591 INFO o.a.j.t.JMeterThread: Thread is done: Searches (open model) 2-62
2026-10-08 09:42:25,592 INFO o.a.j.t.JMeterThread: Thread finished: Searches (open model) 2-62
2026-10-08 09:42:32,544 INFO o.a.j.t.JMeterThread: Thread started: Searches (open model) 2-63
2026-10-08 09:42:32,574 INFO o.a.j.r.Summariser: summary +      7 in 00:00:28 =    0.2/s Avg:  3671 Min:    28 Max: 25439 Err:     0 (0.00%) Active: 3 Started: 98 Finished: 95
2026-10-08 09:42:32,574 INFO o.a.j.r.Summariser: summary =     96 in 00:08:28 =    0.2/s Avg:  5640 Min:    14 Max: 46198 Err:     0 (0.00%)
2026-10-08 09:42:32,574 INFO o.a.j.t.JMeterThread: Thread is done: Searches (open model) 2-63
2026-10-08 09:42:32,574 INFO o.a.j.t.JMeterThread: Thread finished: Searches (open model) 2-63
2026-10-08 09:42:36,049 INFO o.a.j.t.JMeterThread: Thread is done: Tickets (open model) 1-34
2026-10-08 09:42:36,049 INFO o.a.j.t.JMeterThread: Thread finished: Tickets (open model) 1-34
2026-10-08 09:42:37,010 INFO o.a.j.t.JMeterThread: Thread started: Tickets (open model) 1-36
2026-10-08 09:42:42,379 INFO o.a.j.t.JMeterThread: Thread is done: Tickets (open model) 1-35
2026-10-08 09:42:42,379 INFO o.a.j.t.JMeterThread: Thread finished: Tickets (open model) 1-35
2026-10-08 09:42:48,868 INFO o.a.j.t.JMeterThread: Thread started: Searches (open model) 2-64
2026-10-08 09:42:48,889 INFO o.a.j.t.JMeterThread: Thread is done: Searches (open model) 2-64
2026-10-08 09:42:48,889 INFO o.a.j.t.JMeterThread: Thread finished: Searches (open model) 2-64
2026-10-08 09:42:53,370 INFO o.a.j.t.JMeterThread: Thread started: Tickets (open model) 1-37
2026-10-08 09:42:54,326 INFO o.a.j.t.JMeterThread: Thread started: Searches (open model) 2-65
2026-10-08 09:42:54,363 INFO o.a.j.t.JMeterThread: Thread is done: Searches (open model) 2-65
2026-10-08 09:42:54,363 INFO o.a.j.t.JMeterThread: Thread finished: Searches (open model) 2-65
2026-10-08 09:43:02,216 INFO o.a.j.t.JMeterThread: Thread started: Searches (open model) 2-66
2026-10-08 09:43:02,239 INFO o.a.j.r.Summariser: summary +      5 in 00:00:30 =    0.2/s Avg: 13807 Min:    20 Max: 36404 Err:     0 (0.00%) Active: 3 Started: 103 Finished: 100
2026-10-08 09:43:02,240 INFO o.a.j.r.Summariser: summary =    101 in 00:08:58 =    0.2/s Avg:  6044 Min:    14 Max: 46198 Err:     0 (0.00%)
2026-10-08 09:43:02,240 INFO o.a.j.t.JMeterThread: Thread is done: Searches (open model) 2-66
2026-10-08 09:43:02,240 INFO o.a.j.t.JMeterThread: Thread finished: Searches (open model) 2-66
2026-10-08 09:43:04,875 INFO o.a.j.t.JMeterThread: Thread started: Tickets (open model) 1-38
2026-10-08 09:43:05,154 INFO o.a.j.t.JMeterThread: Thread started: Tickets (open model) 1-39
2026-10-08 09:43:07,796 INFO o.a.j.t.JMeterThread: Thread is done: Tickets (open model) 1-36
2026-10-08 09:43:07,796 INFO o.a.j.t.JMeterThread: Thread finished: Tickets (open model) 1-36
2026-10-08 09:43:08,770 INFO o.a.j.t.JMeterThread: Thread started: Searches (open model) 2-67
2026-10-08 09:43:08,804 INFO o.a.j.t.JMeterThread: Thread is done: Searches (open model) 2-67
2026-10-08 09:43:08,804 INFO o.a.j.t.JMeterThread: Thread finished: Searches (open model) 2-67
2026-10-08 09:43:12,139 INFO o.a.j.t.JMeterThread: Thread is done: Tickets (open model) 1-37
2026-10-08 09:43:12,139 INFO o.a.j.t.JMeterThread: Thread finished: Tickets (open model) 1-37
2026-10-08 09:43:12,815 INFO o.a.j.t.JMeterThread: Thread started: Tickets (open model) 1-40
2026-10-08 09:43:17,721 INFO o.a.j.t.JMeterThread: Thread is done: Tickets (open model) 1-38
2026-10-08 09:43:17,721 INFO o.a.j.t.JMeterThread: Thread finished: Tickets (open model) 1-38
2026-10-08 09:43:24,878 INFO o.a.j.t.JMeterThread: Thread started: Searches (open model) 2-68
2026-10-08 09:43:24,910 INFO o.a.j.t.JMeterThread: Thread is done: Searches (open model) 2-68
2026-10-08 09:43:24,912 INFO o.a.j.t.JMeterThread: Thread finished: Searches (open model) 2-68
2026-10-08 09:43:28,992 INFO o.a.j.t.JMeterThread: Thread started: Searches (open model) 2-69
2026-10-08 09:43:29,023 INFO o.a.j.t.JMeterThread: Thread is done: Searches (open model) 2-69
2026-10-08 09:43:29,023 INFO o.a.j.t.JMeterThread: Thread finished: Searches (open model) 2-69
2026-10-08 09:43:33,999 INFO o.a.j.t.JMeterThread: Thread started: Searches (open model) 2-70
2026-10-08 09:43:34,022 INFO o.a.j.r.Summariser: summary +      7 in 00:00:32 =    0.2/s Avg:  8930 Min:    22 Max: 30785 Err:     0 (0.00%) Active: 3 Started: 110 Finished: 107
2026-10-08 09:43:34,022 INFO o.a.j.r.Summariser: summary =    108 in 00:09:30 =    0.2/s Avg:  6231 Min:    14 Max: 46198 Err:     0 (0.00%)
2026-10-08 09:43:34,022 INFO o.a.j.t.JMeterThread: Thread is done: Searches (open model) 2-70
2026-10-08 09:43:34,022 INFO o.a.j.t.JMeterThread: Thread finished: Searches (open model) 2-70
2026-10-08 09:43:41,549 INFO o.a.j.t.JMeterThread: Thread started: Tickets (open model) 1-41
2026-10-08 09:43:41,700 INFO o.a.j.t.JMeterThread: Thread started: Searches (open model) 2-71
2026-10-08 09:43:41,716 INFO o.a.j.t.JMeterThread: Thread is done: Searches (open model) 2-71
2026-10-08 09:43:41,716 INFO o.a.j.t.JMeterThread: Thread finished: Searches (open model) 2-71
2026-10-08 09:43:42,932 INFO o.a.j.t.JMeterThread: Thread is done: Tickets (open model) 1-39
2026-10-08 09:43:42,932 INFO o.a.j.t.JMeterThread: Thread finished: Tickets (open model) 1-39
2026-10-08 09:43:50,278 INFO o.a.j.t.JMeterThread: Thread started: Searches (open model) 2-72
2026-10-08 09:43:50,297 INFO o.a.j.t.JMeterThread: Thread is done: Searches (open model) 2-72
2026-10-08 09:43:50,297 INFO o.a.j.t.JMeterThread: Thread finished: Searches (open model) 2-72
2026-10-08 09:43:52,819 INFO o.a.j.t.JMeterThread: Thread started: Searches (open model) 2-73
2026-10-08 09:43:52,850 INFO o.a.j.t.JMeterThread: Thread is done: Searches (open model) 2-73
2026-10-08 09:43:52,850 INFO o.a.j.t.JMeterThread: Thread finished: Searches (open model) 2-73
2026-10-08 09:43:55,438 INFO o.a.j.t.JMeterThread: Thread is done: Tickets (open model) 1-40
2026-10-08 09:43:55,438 INFO o.a.j.t.JMeterThread: Thread finished: Tickets (open model) 1-40
2026-10-08 09:44:05,475 INFO o.a.j.t.JMeterThread: Thread started: Searches (open model) 2-74
2026-10-08 09:44:05,496 INFO o.a.j.r.Summariser: summary +      6 in 00:00:31 =    0.2/s Avg: 13413 Min:    16 Max: 42622 Err:     0 (0.00%) Active: 2 Started: 115 Finished: 113
2026-10-08 09:44:05,496 INFO o.a.j.r.Summariser: summary =    114 in 00:10:01 =    0.2/s Avg:  6609 Min:    14 Max: 46198 Err:     0 (0.00%)
2026-10-08 09:44:05,497 INFO o.a.j.t.JMeterThread: Thread is done: Searches (open model) 2-74
2026-10-08 09:44:05,497 INFO o.a.j.t.JMeterThread: Thread finished: Searches (open model) 2-74
2026-10-08 09:44:05,993 INFO o.a.j.t.JMeterThread: Thread started: Tickets (open model) 1-42
2026-10-08 09:44:08,292 INFO o.a.j.t.JMeterThread: Thread started: Searches (open model) 2-75
2026-10-08 09:44:08,340 INFO o.a.j.t.JMeterThread: Thread is done: Searches (open model) 2-75
2026-10-08 09:44:08,340 INFO o.a.j.t.JMeterThread: Thread finished: Searches (open model) 2-75
2026-10-08 09:44:10,875 INFO o.a.j.t.JMeterThread: Thread started: Searches (open model) 2-76
2026-10-08 09:44:10,906 INFO o.a.j.t.JMeterThread: Thread is done: Searches (open model) 2-76
2026-10-08 09:44:10,906 INFO o.a.j.t.JMeterThread: Thread finished: Searches (open model) 2-76
2026-10-08 09:44:12,293 INFO o.a.j.t.JMeterThread: Thread started: Tickets (open model) 1-43
2026-10-08 09:44:20,438 INFO o.a.j.t.JMeterThread: Thread started: Searches (open model) 2-77
2026-10-08 09:44:20,470 INFO o.a.j.t.JMeterThread: Thread is done: Searches (open model) 2-77
2026-10-08 09:44:20,470 INFO o.a.j.t.JMeterThread: Thread finished: Searches (open model) 2-77
2026-10-08 09:44:20,741 INFO o.a.j.t.JMeterThread: Thread started: Searches (open model) 2-78
2026-10-08 09:44:20,768 INFO o.a.j.t.JMeterThread: Thread is done: Searches (open model) 2-78
2026-10-08 09:44:20,768 INFO o.a.j.t.JMeterThread: Thread finished: Searches (open model) 2-78
2026-10-08 09:44:23,474 INFO o.a.j.t.JMeterThread: Thread is done: Tickets (open model) 1-41
2026-10-08 09:44:23,474 INFO o.a.j.t.JMeterThread: Thread finished: Tickets (open model) 1-41
2026-10-08 09:44:25,194 INFO o.a.j.t.JMeterThread: Thread started: Searches (open model) 2-79
2026-10-08 09:44:25,218 INFO o.a.j.t.JMeterThread: Thread is done: Searches (open model) 2-79
2026-10-08 09:44:25,218 INFO o.a.j.t.JMeterThread: Thread finished: Searches (open model) 2-79
2026-10-08 09:44:28,924 INFO o.a.j.t.JMeterThread: Thread started: Searches (open model) 2-80
2026-10-08 09:44:28,974 INFO o.a.j.t.JMeterThread: Thread is done: Searches (open model) 2-80
2026-10-08 09:44:28,974 INFO o.a.j.t.JMeterThread: Thread finished: Searches (open model) 2-80
2026-10-08 09:44:30,238 INFO o.a.j.t.JMeterThread: Thread started: Searches (open model) 2-81
2026-10-08 09:44:30,270 INFO o.a.j.r.Summariser: summary +      8 in 00:00:25 =    0.3/s Avg:  5270 Min:    23 Max: 41924 Err:     0 (0.00%) Active: 3 Started: 124 Finished: 121
2026-10-08 09:44:30,271 INFO o.a.j.r.Summariser: summary =    122 in 00:10:26 =    0.2/s Avg:  6521 Min:    14 Max: 46198 Err:     0 (0.00%)
2026-10-08 09:44:30,271 INFO o.a.j.t.JMeterThread: Thread is done: Searches (open model) 2-81
2026-10-08 09:44:30,271 INFO o.a.j.t.JMeterThread: Thread finished: Searches (open model) 2-81
2026-10-08 09:44:31,699 INFO o.a.j.t.JMeterThread: Thread is done: Tickets (open model) 1-42
2026-10-08 09:44:31,699 INFO o.a.j.t.JMeterThread: Thread finished: Tickets (open model) 1-42
2026-10-08 09:44:31,995 INFO o.a.j.t.JMeterThread: Thread started: Searches (open model) 2-82
2026-10-08 09:44:32,013 INFO o.a.j.t.JMeterThread: Thread is done: Searches (open model) 2-82
2026-10-08 09:44:32,013 INFO o.a.j.t.JMeterThread: Thread finished: Searches (open model) 2-82
2026-10-08 09:44:36,144 INFO o.a.j.t.JMeterThread: Thread started: Tickets (open model) 1-44
2026-10-08 09:44:43,093 INFO o.a.j.t.JMeterThread: Thread started: Tickets (open model) 1-45
2026-10-08 09:44:47,145 INFO o.a.j.t.JMeterThread: Thread started: Tickets (open model) 1-46
2026-10-08 09:44:56,985 INFO o.a.j.t.JMeterThread: Thread is done: Tickets (open model) 1-43
2026-10-08 09:44:56,985 INFO o.a.j.t.JMeterThread: Thread finished: Tickets (open model) 1-43
2026-10-08 09:45:01,268 INFO o.a.j.t.JMeterThread: Thread started: Tickets (open model) 1-47
2026-10-08 09:45:05,333 INFO o.a.j.r.Summariser: summary +      4 in 00:00:35 =    0.1/s Avg: 24900 Min:    17 Max: 44692 Err:     0 (0.00%) Active: 4 Started: 129 Finished: 125
2026-10-08 09:45:05,333 INFO o.a.j.r.Summariser: summary =    126 in 00:11:01 =    0.2/s Avg:  7105 Min:    14 Max: 46198 Err:     0 (0.00%)
2026-10-08 09:45:05,334 INFO o.a.j.t.JMeterThread: Thread is done: Tickets (open model) 1-44
2026-10-08 09:45:05,334 INFO o.a.j.t.JMeterThread: Thread finished: Tickets (open model) 1-44
2026-10-08 09:45:05,685 INFO o.a.j.t.JMeterThread: Thread started: Searches (open model) 2-83
2026-10-08 09:45:05,713 INFO o.a.j.t.JMeterThread: Thread is done: Searches (open model) 2-83
2026-10-08 09:45:05,713 INFO o.a.j.t.JMeterThread: Thread finished: Searches (open model) 2-83
2026-10-08 09:45:05,766 INFO o.a.j.t.JMeterThread: Thread started: Searches (open model) 2-84
2026-10-08 09:45:05,792 INFO o.a.j.t.JMeterThread: Thread is done: Searches (open model) 2-84
2026-10-08 09:45:05,792 INFO o.a.j.t.JMeterThread: Thread finished: Searches (open model) 2-84
2026-10-08 09:45:07,966 INFO o.a.j.t.JMeterThread: Thread started: Searches (open model) 2-85
2026-10-08 09:45:07,984 INFO o.a.j.t.JMeterThread: Thread is done: Searches (open model) 2-85
2026-10-08 09:45:07,984 INFO o.a.j.t.JMeterThread: Thread finished: Searches (open model) 2-85
2026-10-08 09:45:16,503 INFO o.a.j.t.JMeterThread: Thread is done: Tickets (open model) 1-45
2026-10-08 09:45:16,503 INFO o.a.j.t.JMeterThread: Thread finished: Tickets (open model) 1-45
2026-10-08 09:45:22,987 INFO o.a.j.t.JMeterThread: Thread started: Tickets (open model) 1-48
2026-10-08 09:45:28,576 INFO o.a.j.t.JMeterThread: Thread is done: Tickets (open model) 1-46
2026-10-08 09:45:28,577 INFO o.a.j.t.JMeterThread: Thread finished: Tickets (open model) 1-46
2026-10-08 09:45:28,609 INFO o.a.j.t.JMeterThread: Thread started: Searches (open model) 2-86
2026-10-08 09:45:28,636 INFO o.a.j.t.JMeterThread: Thread is done: Searches (open model) 2-86
2026-10-08 09:45:28,636 INFO o.a.j.t.JMeterThread: Thread finished: Searches (open model) 2-86
2026-10-08 09:45:32,702 INFO o.a.j.t.JMeterThread: Thread started: Searches (open model) 2-87
2026-10-08 09:45:32,729 INFO o.a.j.r.Summariser: summary +      7 in 00:00:27 =    0.3/s Avg: 10708 Min:    17 Max: 41431 Err:     0 (0.00%) Active: 3 Started: 135 Finished: 132
2026-10-08 09:45:32,729 INFO o.a.j.r.Summariser: summary =    133 in 00:11:28 =    0.2/s Avg:  7294 Min:    14 Max: 46198 Err:     0 (0.00%)
2026-10-08 09:45:32,730 INFO o.a.j.t.JMeterThread: Thread is done: Searches (open model) 2-87
2026-10-08 09:45:32,730 INFO o.a.j.t.JMeterThread: Thread finished: Searches (open model) 2-87
2026-10-08 09:45:32,782 INFO o.a.j.t.JMeterThread: Thread started: Tickets (open model) 1-49
2026-10-08 09:45:38,152 INFO o.a.j.t.JMeterThread: Thread started: Searches (open model) 2-88
2026-10-08 09:45:38,178 INFO o.a.j.t.JMeterThread: Thread is done: Searches (open model) 2-88
2026-10-08 09:45:38,178 INFO o.a.j.t.JMeterThread: Thread finished: Searches (open model) 2-88
2026-10-08 09:45:42,127 INFO o.a.j.t.JMeterThread: Thread is done: Tickets (open model) 1-47
2026-10-08 09:45:42,127 INFO o.a.j.t.JMeterThread: Thread finished: Tickets (open model) 1-47
2026-10-08 09:45:44,132 INFO o.a.j.t.JMeterThread: Thread started: Searches (open model) 2-89
2026-10-08 09:45:44,152 INFO o.a.j.t.JMeterThread: Thread is done: Searches (open model) 2-89
2026-10-08 09:45:44,152 INFO o.a.j.t.JMeterThread: Thread finished: Searches (open model) 2-89
2026-10-08 09:45:57,386 INFO o.a.j.t.JMeterThread: Thread started: Tickets (open model) 1-50
2026-10-08 09:45:57,386 INFO o.a.j.t.o.EvenArrivalsRamp: Generating 0 events, beginRate = 0.0 / sec, endRate = 0.0 / sec, duration = 190.0 sec
2026-10-08 09:45:57,386 INFO o.a.j.t.o.OpenModelThreadGroup: There will be no more events, so will wait for 196 sec till the end of the schedule
2026-10-08 09:45:59,966 INFO o.a.j.t.o.EvenArrivalsRamp: Generating 0 events, beginRate = 0.0 / sec, endRate = 0.0 / sec, duration = 190.0 sec
2026-10-08 09:45:59,966 INFO o.a.j.t.JMeterThread: Thread started: Searches (open model) 2-90
2026-10-08 09:45:59,966 INFO o.a.j.t.o.OpenModelThreadGroup: There will be no more events, so will wait for 194 sec till the end of the schedule
2026-10-08 09:46:00,008 INFO o.a.j.r.Summariser: summary +      4 in 00:00:27 =    0.1/s Avg: 10235 Min:    19 Max: 40858 Err:     0 (0.00%) Active: 4 Started: 140 Finished: 136
2026-10-08 09:46:00,009 INFO o.a.j.r.Summariser: summary =    137 in 00:11:56 =    0.2/s Avg:  7380 Min:    14 Max: 46198 Err:     0 (0.00%)
2026-10-08 09:46:00,009 INFO o.a.j.t.JMeterThread: Thread is done: Searches (open model) 2-90
2026-10-08 09:46:00,009 INFO o.a.j.t.JMeterThread: Thread finished: Searches (open model) 2-90
2026-10-08 09:46:01,634 INFO o.a.j.t.JMeterThread: Thread is done: Tickets (open model) 1-48
2026-10-08 09:46:01,634 INFO o.a.j.t.JMeterThread: Thread finished: Tickets (open model) 1-48
2026-10-08 09:46:02,549 INFO o.a.j.t.JMeterThread: Thread is done: Tickets (open model) 1-49
2026-10-08 09:46:02,549 INFO o.a.j.t.JMeterThread: Thread finished: Tickets (open model) 1-49
2026-10-08 09:46:03,223 INFO o.a.j.t.JMeterThread: Thread is done: Tickets (open model) 1-50
2026-10-08 09:46:03,223 INFO o.a.j.t.JMeterThread: Thread finished: Tickets (open model) 1-50
2026-10-08 09:49:14,270 INFO o.a.j.t.o.OpenModelThreadGroup: There will be no more events, will shutdown the thread pool
2026-10-08 09:49:14,270 INFO o.a.j.t.o.OpenModelThreadGroup: Thread starting done
2026-10-08 09:49:14,271 INFO o.a.j.t.o.OpenModelThreadGroup: There will be no more events, will shutdown the thread pool
2026-10-08 09:49:14,271 INFO o.a.j.t.o.OpenModelThreadGroup: Thread starting done
2026-10-08 09:49:14,271 INFO o.a.j.e.StandardJMeterEngine: Notifying test listeners of end of test
2026-10-08 09:49:14,271 INFO o.a.j.s.FileServer: Close: C:\Users\Owen\Desktop\ICT3113_Assignment_1\jmeter\data\team_narratives.tsv
2026-10-08 09:49:14,271 INFO o.a.j.s.FileServer: Close: C:\Users\Owen\Desktop\ICT3113_Assignment_1\jmeter\data\search_terms.txt
2026-10-08 09:49:14,271 INFO o.a.j.r.Summariser: summary +      3 in 00:03:14 =    0.0/s Avg: 24749 Min:  5837 Max: 38646 Err:     0 (0.00%) Active: 0 Started: 140 Finished: 140
2026-10-08 09:49:14,272 INFO o.a.j.r.Summariser: summary =    140 in 00:15:10 =    0.2/s Avg:  7752 Min:    14 Max: 46198 Err:     0 (0.00%)
