2026-10-08 17:59:40,860 INFO o.a.j.u.JMeterUtils: Setting Locale to en_EN
2026-10-08 17:59:40,868 INFO o.a.j.JMeter: Loading user properties from: user.properties
2026-10-08 17:59:40,868 INFO o.a.j.JMeter: Loading system properties from: system.properties
2026-10-08 17:59:40,868 INFO o.a.j.JMeter: Loading additional properties from: C:\Users\Owen\Desktop\ICT3113_Assignment_1\jmeter\results.properties
2026-10-08 17:59:40,868 INFO o.a.j.JMeter: Setting JMeter property: host=192.168.1.170
2026-10-08 17:59:40,868 INFO o.a.j.JMeter: Setting JMeter property: port=8000
2026-10-08 17:59:40,868 INFO o.a.j.JMeter: Setting JMeter property: protocol=http
2026-10-08 17:59:40,872 INFO o.a.j.JMeter: Setting JMeter property: rate=250
2026-10-08 17:59:40,872 INFO o.a.j.JMeter: Setting JMeter property: duration_s=720
2026-10-08 17:59:40,872 INFO o.a.j.JMeter: Setting JMeter property: drain_s=190
2026-10-08 17:59:40,872 INFO o.a.j.JMeter: Setting JMeter property: search_schedule=pause(1s)
2026-10-08 17:59:40,872 INFO o.a.j.JMeter: Setting JMeter property: seed=311301
2026-10-08 17:59:40,872 INFO o.a.j.JMeter: Setting JMeter property: search_seed=311351
2026-10-08 17:59:40,872 INFO o.a.j.JMeter: Setting JMeter property: data_file=C:\Users\Owen\Desktop\ICT3113_Assignment_1\jmeter\data\team_narratives.tsv
2026-10-08 17:59:40,872 INFO o.a.j.JMeter: Setting JMeter property: search_file=C:\Users\Owen\Desktop\ICT3113_Assignment_1\jmeter\data\search_terms.txt
2026-10-08 17:59:40,872 INFO o.a.j.JMeter: Setting JMeter property: timeout_ms=180000
2026-10-08 17:59:40,876 INFO o.a.j.JMeter: Copyright (c) 1998-2024 The Apache Software Foundation
2026-10-08 17:59:40,876 INFO o.a.j.JMeter: Version 5.6.3
2026-10-08 17:59:40,876 INFO o.a.j.JMeter: java.version=1.8.0_333
2026-10-08 17:59:40,876 INFO o.a.j.JMeter: java.vm.name=Java HotSpot(TM) 64-Bit Server VM
2026-10-08 17:59:40,876 INFO o.a.j.JMeter: os.name=Windows 11
2026-10-08 17:59:40,876 INFO o.a.j.JMeter: os.arch=amd64
2026-10-08 17:59:40,876 INFO o.a.j.JMeter: os.version=10.0
2026-10-08 17:59:40,876 INFO o.a.j.JMeter: file.encoding=Cp1252
2026-10-08 17:59:40,876 INFO o.a.j.JMeter: java.awt.headless=true
2026-10-08 17:59:40,877 INFO o.a.j.JMeter: Max memory     =1073741824
2026-10-08 17:59:40,877 INFO o.a.j.JMeter: Available Processors =16
2026-10-08 17:59:40,879 INFO o.a.j.JMeter: Default Locale=English (EN)
2026-10-08 17:59:40,879 INFO o.a.j.JMeter: JMeter  Locale=English (EN)
2026-10-08 17:59:40,879 INFO o.a.j.JMeter: JMeterHome=C:\Users\Owen\Downloads\apache-jmeter-5.6.3\apache-jmeter-5.6.3
2026-10-08 17:59:40,879 INFO o.a.j.JMeter: user.dir  =C:\Users\Owen\Downloads\apache-jmeter-5.6.3\apache-jmeter-5.6.3\bin
2026-10-08 17:59:40,879 INFO o.a.j.JMeter: PWD       =C:\Users\Owen\Downloads\apache-jmeter-5.6.3\apache-jmeter-5.6.3\bin
2026-10-08 17:59:45,852 INFO o.a.j.JMeter: IP: 10.5.0.2 Name: DESKTOP-AK5RA9C FullName: DESKTOP-AK5RA9C
2026-10-08 17:59:45,864 INFO o.a.j.s.FileServer: Default base='C:\Users\Owen\Downloads\apache-jmeter-5.6.3\apache-jmeter-5.6.3\bin'
2026-10-08 17:59:45,865 INFO o.a.j.s.FileServer: Set new base='C:\Users\Owen\Desktop\ICT3113_Assignment_1\jmeter'
2026-10-08 17:59:45,955 INFO o.a.j.s.SaveService: Testplan (JMX) version: 2.2. Testlog (JTL) version: 2.2
2026-10-08 17:59:45,971 INFO o.a.j.s.SaveService: Using SaveService properties file encoding UTF-8
2026-10-08 17:59:45,975 INFO o.a.j.s.SaveService: Using SaveService properties version 5.0
2026-10-08 17:59:45,980 INFO o.a.j.s.SaveService: Loading file: C:\Users\Owen\Desktop\ICT3113_Assignment_1\jmeter\ticket_load_test.jmx
2026-10-08 17:59:46,029 INFO o.a.j.p.h.s.HTTPSamplerBase: Parser for text/html is org.apache.jmeter.protocol.http.parser.LagartoBasedHtmlParser
2026-10-08 17:59:46,029 INFO o.a.j.p.h.s.HTTPSamplerBase: Parser for application/xhtml+xml is org.apache.jmeter.protocol.http.parser.LagartoBasedHtmlParser
2026-10-08 17:59:46,029 INFO o.a.j.p.h.s.HTTPSamplerBase: Parser for application/xml is org.apache.jmeter.protocol.http.parser.LagartoBasedHtmlParser
2026-10-08 17:59:46,029 INFO o.a.j.p.h.s.HTTPSamplerBase: Parser for text/xml is org.apache.jmeter.protocol.http.parser.LagartoBasedHtmlParser
2026-10-08 17:59:46,029 INFO o.a.j.p.h.s.HTTPSamplerBase: Parser for text/vnd.wap.wml is org.apache.jmeter.protocol.http.parser.RegexpHTMLParser
2026-10-08 17:59:46,029 INFO o.a.j.p.h.s.HTTPSamplerBase: Parser for text/css is org.apache.jmeter.protocol.http.parser.CssParser
2026-10-08 17:59:46,190 INFO o.a.j.JMeter: Creating summariser <summary>
2026-10-08 17:59:46,202 INFO o.a.j.e.StandardJMeterEngine: Running the test!
2026-10-08 17:59:46,202 INFO o.a.j.s.SampleEvent: List of sample_variables: [request_id, ticket_row]
2026-10-08 17:59:46,202 INFO o.a.j.s.SampleEvent: List of sample_variables: [request_id, ticket_row]
2026-10-08 17:59:46,205 INFO o.a.j.e.u.CompoundVariable: Note: Function class names must contain the string: '.functions.'
2026-10-08 17:59:46,205 INFO o.a.j.e.u.CompoundVariable: Note: Function class names must not contain the string: '.gui.'
2026-10-08 17:59:46,380 INFO o.a.j.JMeter: Running test (1791453586380)
2026-10-08 17:59:46,409 INFO o.a.j.e.StandardJMeterEngine: Starting ThreadGroup: 1 : Tickets (open model)
2026-10-08 17:59:46,409 INFO o.a.j.e.StandardJMeterEngine: Starting 0 threads for group Tickets (open model).
2026-10-08 17:59:46,409 INFO o.a.j.e.StandardJMeterEngine: Thread will continue on error
2026-10-08 17:59:46,409 INFO o.a.j.t.o.OpenModelThreadGroup: Starting OpenModelThreadGroup#1 with schedule rate(250/hour) random_arrivals(720 s) pause(190 s)
2026-10-08 17:59:46,440 INFO o.a.j.e.StandardJMeterEngine: Starting ThreadGroup: 2 : Searches (open model)
2026-10-08 17:59:46,440 INFO o.a.j.e.StandardJMeterEngine: Starting 0 threads for group Searches (open model).
2026-10-08 17:59:46,440 INFO o.a.j.e.StandardJMeterEngine: Thread will continue on error
2026-10-08 17:59:46,440 INFO o.a.j.t.o.OpenModelThreadGroup: Starting OpenModelThreadGroup#2 with schedule pause(1s)
2026-10-08 17:59:46,440 INFO o.a.j.t.o.OpenModelThreadGroup: Thread starting init
2026-10-08 17:59:46,441 INFO o.a.j.e.StandardJMeterEngine: All thread groups have been started
2026-10-08 17:59:46,441 INFO o.a.j.t.o.OpenModelThreadGroup: Thread starting init
2026-10-08 17:59:46,443 INFO o.a.j.t.o.EvenArrivalsRamp: Generating 0 events, beginRate = 0.0 / sec, endRate = 0.0 / sec, duration = 1.0 sec
2026-10-08 17:59:46,443 INFO o.a.j.t.o.OpenModelThreadGroup: There will be no more events, so will wait for 0 sec till the end of the schedule
2026-10-08 17:59:46,444 INFO o.a.j.t.o.PoissonArrivalsRamp: Generating 50 events, beginRate = 0.06944444444444445 / sec, endRate = 0.06944444444444445 / sec, duration = 720.0 sec
2026-10-08 17:59:47,214 INFO o.a.j.t.o.OpenModelThreadGroup: There will be no more events, will shutdown the thread pool
2026-10-08 17:59:47,214 INFO o.a.j.t.o.OpenModelThreadGroup: Thread starting done
2026-10-08 18:00:08,252 INFO o.a.j.t.JMeterThread: Thread started: Tickets (open model) 1-1
2026-10-08 18:00:08,252 INFO o.a.j.s.FileServer: Stored: C:\Users\Owen\Desktop\ICT3113_Assignment_1\jmeter\data\team_narratives.tsv
2026-10-08 18:00:08,272 INFO o.a.j.p.h.s.HTTPHCAbstractImpl: Local host = DESKTOP-AK5RA9C
2026-10-08 18:00:08,276 INFO o.a.j.p.h.s.HTTPHC4Impl: HTTP request retry count = 0
2026-10-08 18:00:08,277 INFO o.a.j.s.SampleResult: Note: Sample TimeStamps are START times
2026-10-08 18:00:08,277 INFO o.a.j.s.SampleResult: sampleresult.default.encoding is set to UTF-8
2026-10-08 18:00:08,277 INFO o.a.j.s.SampleResult: sampleresult.useNanoTime=true
2026-10-08 18:00:08,278 INFO o.a.j.s.SampleResult: sampleresult.nanoThreadSleep=5000
2026-10-08 18:00:33,131 INFO o.a.j.t.JMeterThread: Thread started: Tickets (open model) 1-2
2026-10-08 18:00:41,612 INFO o.a.j.t.JMeterThread: Thread started: Tickets (open model) 1-3
2026-10-08 18:00:44,744 INFO o.a.j.t.JMeterThread: Thread is done: Tickets (open model) 1-1
2026-10-08 18:00:44,744 INFO o.a.j.t.JMeterThread: Thread finished: Tickets (open model) 1-1
2026-10-08 18:01:00,592 INFO o.a.j.r.Summariser: summary +      2 in 00:01:14 =    0.0/s Avg: 31940 Min: 27456 Max: 36425 Err:     0 (0.00%) Active: 2 Started: 3 Finished: 1
2026-10-08 18:01:00,593 INFO o.a.j.t.JMeterThread: Thread is done: Tickets (open model) 1-2
2026-10-08 18:01:00,593 INFO o.a.j.t.JMeterThread: Thread finished: Tickets (open model) 1-2
2026-10-08 18:01:04,485 INFO o.a.j.t.JMeterThread: Thread started: Tickets (open model) 1-4
2026-10-08 18:01:25,360 INFO o.a.j.t.JMeterThread: Thread is done: Tickets (open model) 1-3
2026-10-08 18:01:25,360 INFO o.a.j.t.JMeterThread: Thread finished: Tickets (open model) 1-3
2026-10-08 18:01:37,457 INFO o.a.j.t.JMeterThread: Thread started: Tickets (open model) 1-5
2026-10-08 18:02:01,454 INFO o.a.j.r.Summariser: summary +      2 in 00:01:01 =    0.0/s Avg: 50357 Min: 43747 Max: 56967 Err:     0 (0.00%) Active: 2 Started: 5 Finished: 3
2026-10-08 18:02:01,455 INFO o.a.j.r.Summariser: summary =      4 in 00:02:15 =    0.0/s Avg: 41148 Min: 27456 Max: 56967 Err:     0 (0.00%)
2026-10-08 18:02:01,455 INFO o.a.j.t.JMeterThread: Thread is done: Tickets (open model) 1-4
2026-10-08 18:02:01,455 INFO o.a.j.t.JMeterThread: Thread finished: Tickets (open model) 1-4
2026-10-08 18:02:08,062 INFO o.a.j.t.JMeterThread: Thread is done: Tickets (open model) 1-5
2026-10-08 18:02:08,062 INFO o.a.j.t.JMeterThread: Thread finished: Tickets (open model) 1-5
2026-10-08 18:02:14,580 INFO o.a.j.t.JMeterThread: Thread started: Tickets (open model) 1-6
2026-10-08 18:02:21,650 INFO o.a.j.t.JMeterThread: Thread is done: Tickets (open model) 1-6
2026-10-08 18:02:21,650 INFO o.a.j.t.JMeterThread: Thread finished: Tickets (open model) 1-6
2026-10-08 18:02:37,760 INFO o.a.j.t.JMeterThread: Thread started: Tickets (open model) 1-7
2026-10-08 18:02:42,474 INFO o.a.j.t.JMeterThread: Thread started: Tickets (open model) 1-8
2026-10-08 18:02:45,121 INFO o.a.j.t.JMeterThread: Thread started: Tickets (open model) 1-9
2026-10-08 18:02:53,218 INFO o.a.j.t.JMeterThread: Thread is done: Tickets (open model) 1-7
2026-10-08 18:02:53,218 INFO o.a.j.t.JMeterThread: Thread finished: Tickets (open model) 1-7
2026-10-08 18:02:55,442 INFO o.a.j.t.JMeterThread: Thread started: Tickets (open model) 1-10
2026-10-08 18:03:05,418 INFO o.a.j.r.Summariser: summary +      4 in 00:01:04 =    0.1/s Avg: 19017 Min:  7068 Max: 30602 Err:     0 (0.00%) Active: 3 Started: 10 Finished: 7
2026-10-08 18:03:05,418 INFO o.a.j.r.Summariser: summary =      8 in 00:03:19 =    0.0/s Avg: 30083 Min:  7068 Max: 56967 Err:     0 (0.00%)
2026-10-08 18:03:05,418 INFO o.a.j.t.JMeterThread: Thread is done: Tickets (open model) 1-8
2026-10-08 18:03:05,418 INFO o.a.j.t.JMeterThread: Thread finished: Tickets (open model) 1-8
2026-10-08 18:03:20,465 INFO o.a.j.t.JMeterThread: Thread is done: Tickets (open model) 1-9
2026-10-08 18:03:20,465 INFO o.a.j.t.JMeterThread: Thread finished: Tickets (open model) 1-9
2026-10-08 18:03:29,230 INFO o.a.j.t.JMeterThread: Thread started: Tickets (open model) 1-11
2026-10-08 18:03:32,986 INFO o.a.j.r.Summariser: summary +      2 in 00:00:28 =    0.1/s Avg: 36442 Min: 35342 Max: 37542 Err:     0 (0.00%) Active: 2 Started: 11 Finished: 9
2026-10-08 18:03:32,987 INFO o.a.j.r.Summariser: summary =     10 in 00:03:47 =    0.0/s Avg: 31355 Min:  7068 Max: 56967 Err:     0 (0.00%)
2026-10-08 18:03:32,987 INFO o.a.j.t.JMeterThread: Thread is done: Tickets (open model) 1-10
2026-10-08 18:03:32,987 INFO o.a.j.t.JMeterThread: Thread finished: Tickets (open model) 1-10
2026-10-08 18:03:35,610 INFO o.a.j.t.JMeterThread: Thread started: Tickets (open model) 1-12
2026-10-08 18:03:54,404 INFO o.a.j.t.JMeterThread: Thread started: Tickets (open model) 1-13
2026-10-08 18:04:13,677 INFO o.a.j.t.JMeterThread: Thread is done: Tickets (open model) 1-11
2026-10-08 18:04:13,677 INFO o.a.j.t.JMeterThread: Thread finished: Tickets (open model) 1-11
2026-10-08 18:04:21,566 INFO o.a.j.t.JMeterThread: Thread is done: Tickets (open model) 1-12
2026-10-08 18:04:21,567 INFO o.a.j.t.JMeterThread: Thread finished: Tickets (open model) 1-12
2026-10-08 18:04:30,292 INFO o.a.j.t.JMeterThread: Thread started: Tickets (open model) 1-14
2026-10-08 18:04:31,741 INFO o.a.j.t.JMeterThread: Thread started: Tickets (open model) 1-15
2026-10-08 18:04:32,901 INFO o.a.j.t.JMeterThread: Thread started: Tickets (open model) 1-16
2026-10-08 18:04:35,133 INFO o.a.j.r.Summariser: summary +      3 in 00:01:02 =    0.0/s Avg: 43708 Min: 40727 Max: 45954 Err:     0 (0.00%) Active: 4 Started: 16 Finished: 12
2026-10-08 18:04:35,134 INFO o.a.j.r.Summariser: summary =     13 in 00:04:49 =    0.0/s Avg: 34205 Min:  7068 Max: 56967 Err:     0 (0.00%)
2026-10-08 18:04:35,134 INFO o.a.j.t.JMeterThread: Thread is done: Tickets (open model) 1-13
2026-10-08 18:04:35,134 INFO o.a.j.t.JMeterThread: Thread finished: Tickets (open model) 1-13
2026-10-08 18:04:44,115 INFO o.a.j.t.JMeterThread: Thread is done: Tickets (open model) 1-14
2026-10-08 18:04:44,115 INFO o.a.j.t.JMeterThread: Thread finished: Tickets (open model) 1-14
2026-10-08 18:04:44,976 INFO o.a.j.t.JMeterThread: Thread started: Tickets (open model) 1-17
2026-10-08 18:05:02,995 INFO o.a.j.t.JMeterThread: Thread started: Tickets (open model) 1-18
2026-10-08 18:05:09,201 INFO o.a.j.t.JMeterThread: Thread is done: Tickets (open model) 1-15
2026-10-08 18:05:09,201 INFO o.a.j.t.JMeterThread: Thread finished: Tickets (open model) 1-15
2026-10-08 18:05:24,002 INFO o.a.j.t.JMeterThread: Thread started: Tickets (open model) 1-19
2026-10-08 18:05:24,197 INFO o.a.j.t.JMeterThread: Thread started: Tickets (open model) 1-20
2026-10-08 18:05:39,553 INFO o.a.j.t.JMeterThread: Thread is done: Tickets (open model) 1-16
2026-10-08 18:05:39,553 INFO o.a.j.t.JMeterThread: Thread finished: Tickets (open model) 1-16
2026-10-08 18:05:51,720 INFO o.a.j.t.JMeterThread: Thread is done: Tickets (open model) 1-17
2026-10-08 18:05:51,720 INFO o.a.j.t.JMeterThread: Thread finished: Tickets (open model) 1-17
2026-10-08 18:06:07,554 INFO o.a.j.t.JMeterThread: Thread is done: Tickets (open model) 1-18
2026-10-08 18:06:07,554 INFO o.a.j.t.JMeterThread: Thread finished: Tickets (open model) 1-18
2026-10-08 18:06:08,733 INFO o.a.j.t.JMeterThread: Thread started: Tickets (open model) 1-21
2026-10-08 18:06:11,247 INFO o.a.j.t.JMeterThread: Thread started: Tickets (open model) 1-22
2026-10-08 18:06:21,066 INFO o.a.j.t.JMeterThread: Thread is done: Tickets (open model) 1-19
2026-10-08 18:06:21,066 INFO o.a.j.t.JMeterThread: Thread finished: Tickets (open model) 1-19
2026-10-08 18:06:43,736 INFO o.a.j.t.JMeterThread: Thread is done: Tickets (open model) 1-20
2026-10-08 18:06:43,736 INFO o.a.j.t.JMeterThread: Thread finished: Tickets (open model) 1-20
2026-10-08 18:06:44,266 INFO o.a.j.t.JMeterThread: Thread started: Tickets (open model) 1-23
2026-10-08 18:06:47,093 INFO o.a.j.t.JMeterThread: Thread started: Tickets (open model) 1-24
2026-10-08 18:06:47,610 INFO o.a.j.t.JMeterThread: Thread started: Tickets (open model) 1-25
2026-10-08 18:06:49,506 INFO o.a.j.t.JMeterThread: Thread started: Tickets (open model) 1-26
2026-10-08 18:06:52,263 INFO o.a.j.t.JMeterThread: Thread is done: Tickets (open model) 1-21
2026-10-08 18:06:52,263 INFO o.a.j.t.JMeterThread: Thread finished: Tickets (open model) 1-21
2026-10-08 18:06:53,484 INFO o.a.j.t.JMeterThread: Thread started: Tickets (open model) 1-27
2026-10-08 18:06:55,655 INFO o.a.j.t.JMeterThread: Thread started: Tickets (open model) 1-28
2026-10-08 18:07:18,630 INFO o.a.j.t.JMeterThread: Thread started: Tickets (open model) 1-29
2026-10-08 18:07:32,013 INFO o.a.j.r.Summariser: summary +      9 in 00:02:57 =    0.1/s Avg: 56679 Min: 13820 Max: 80763 Err:     0 (0.00%) Active: 8 Started: 29 Finished: 21
2026-10-08 18:07:32,013 INFO o.a.j.r.Summariser: summary =     22 in 00:07:46 =    0.0/s Avg: 43399 Min:  7068 Max: 80763 Err:     0 (0.00%)
2026-10-08 18:07:32,014 INFO o.a.j.t.JMeterThread: Thread is done: Tickets (open model) 1-22
2026-10-08 18:07:32,014 INFO o.a.j.t.JMeterThread: Thread finished: Tickets (open model) 1-22
2026-10-08 18:07:37,085 INFO o.a.j.t.JMeterThread: Thread started: Tickets (open model) 1-30
2026-10-08 18:07:46,283 INFO o.a.j.t.JMeterThread: Thread is done: Tickets (open model) 1-23
2026-10-08 18:07:46,283 INFO o.a.j.t.JMeterThread: Thread finished: Tickets (open model) 1-23
2026-10-08 18:08:00,722 INFO o.a.j.r.Summariser: summary +      2 in 00:00:29 =    0.1/s Avg: 67821 Min: 62016 Max: 73627 Err:     0 (0.00%) Active: 7 Started: 30 Finished: 23
2026-10-08 18:08:00,723 INFO o.a.j.r.Summariser: summary =     24 in 00:08:14 =    0.0/s Avg: 45434 Min:  7068 Max: 80763 Err:     0 (0.00%)
2026-10-08 18:08:00,723 INFO o.a.j.t.JMeterThread: Thread is done: Tickets (open model) 1-24
2026-10-08 18:08:00,723 INFO o.a.j.t.JMeterThread: Thread finished: Tickets (open model) 1-24
2026-10-08 18:08:22,060 INFO o.a.j.t.JMeterThread: Thread is done: Tickets (open model) 1-25
2026-10-08 18:08:22,060 INFO o.a.j.t.JMeterThread: Thread finished: Tickets (open model) 1-25
2026-10-08 18:08:35,097 INFO o.a.j.t.JMeterThread: Thread started: Tickets (open model) 1-31
2026-10-08 18:08:37,819 INFO o.a.j.t.JMeterThread: Thread started: Tickets (open model) 1-32
2026-10-08 18:08:49,650 INFO o.a.j.t.JMeterThread: Thread is done: Tickets (open model) 1-26
2026-10-08 18:08:49,650 INFO o.a.j.t.JMeterThread: Thread finished: Tickets (open model) 1-26
2026-10-08 18:08:52,075 INFO o.a.j.t.JMeterThread: Thread started: Tickets (open model) 1-33
2026-10-08 18:08:53,588 INFO o.a.j.t.JMeterThread: Thread is done: Tickets (open model) 1-27
2026-10-08 18:08:53,588 INFO o.a.j.t.JMeterThread: Thread finished: Tickets (open model) 1-27
2026-10-08 18:08:55,729 INFO o.a.j.t.JMeterThread: Thread is done: Tickets (open model) 1-28
2026-10-08 18:08:55,729 INFO o.a.j.t.JMeterThread: Thread finished: Tickets (open model) 1-28
2026-10-08 18:09:08,818 INFO o.a.j.t.JMeterThread: Thread started: Tickets (open model) 1-34
2026-10-08 18:09:18,619 INFO o.a.j.t.JMeterThread: Thread started: Tickets (open model) 1-35
2026-10-08 18:09:18,737 INFO o.a.j.t.JMeterThread: Thread is done: Tickets (open model) 1-29
2026-10-08 18:09:18,737 INFO o.a.j.t.JMeterThread: Thread finished: Tickets (open model) 1-29
2026-10-08 18:09:32,799 INFO o.a.j.t.JMeterThread: Thread started: Tickets (open model) 1-36
2026-10-08 18:09:37,236 INFO o.a.j.t.JMeterThread: Thread is done: Tickets (open model) 1-30
2026-10-08 18:09:37,237 INFO o.a.j.t.JMeterThread: Thread finished: Tickets (open model) 1-30
2026-10-08 18:09:42,723 INFO o.a.j.t.JMeterThread: Thread started: Tickets (open model) 1-37
2026-10-08 18:09:45,935 INFO o.a.j.t.JMeterThread: Thread started: Tickets (open model) 1-38
2026-10-08 18:09:48,714 INFO o.a.j.t.JMeterThread: Thread started: Tickets (open model) 1-39
2026-10-08 18:09:54,034 INFO o.a.j.t.JMeterThread: Thread started: Tickets (open model) 1-40
2026-10-08 18:10:09,941 INFO o.a.j.t.JMeterThread: Thread started: Tickets (open model) 1-41
2026-10-08 18:10:14,494 INFO o.a.j.t.JMeterThread: Thread is done: Tickets (open model) 1-31
2026-10-08 18:10:14,494 INFO o.a.j.t.JMeterThread: Thread finished: Tickets (open model) 1-31
2026-10-08 18:10:18,078 INFO o.a.j.t.JMeterThread: Thread started: Tickets (open model) 1-42
2026-10-08 18:10:19,914 INFO o.a.j.t.JMeterThread: Thread started: Tickets (open model) 1-43
2026-10-08 18:10:37,987 INFO o.a.j.t.JMeterThread: Thread is done: Tickets (open model) 1-32
2026-10-08 18:10:37,987 INFO o.a.j.t.JMeterThread: Thread finished: Tickets (open model) 1-32
2026-10-08 18:10:43,860 INFO o.a.j.t.JMeterThread: Thread started: Tickets (open model) 1-44
2026-10-08 18:10:52,199 INFO o.a.j.t.JMeterThread: Thread is done: Tickets (open model) 1-33
2026-10-08 18:10:52,199 INFO o.a.j.t.JMeterThread: Thread finished: Tickets (open model) 1-33
2026-10-08 18:11:01,531 INFO o.a.j.t.JMeterThread: Thread started: Tickets (open model) 1-45
2026-10-08 18:11:07,926 INFO o.a.j.t.JMeterThread: Thread started: Tickets (open model) 1-46
2026-10-08 18:11:08,954 INFO o.a.j.t.JMeterThread: Thread is done: Tickets (open model) 1-34
2026-10-08 18:11:08,954 INFO o.a.j.t.JMeterThread: Thread finished: Tickets (open model) 1-34
2026-10-08 18:11:18,729 INFO o.a.j.t.JMeterThread: Thread is done: Tickets (open model) 1-35
2026-10-08 18:11:18,730 INFO o.a.j.t.JMeterThread: Thread finished: Tickets (open model) 1-35
2026-10-08 18:11:26,521 INFO o.a.j.t.JMeterThread: Thread started: Tickets (open model) 1-47
2026-10-08 18:11:32,989 INFO o.a.j.r.Summariser: summary +     12 in 00:03:32 =    0.1/s Avg: 116260 Min: 94447 Max: 120189 Err:    10 (83.33%) Active: 12 Started: 47 Finished: 35
2026-10-08 18:11:32,989 INFO o.a.j.r.Summariser: summary =     36 in 00:11:47 =    0.1/s Avg: 69043 Min:  7068 Max: 120189 Err:    10 (27.78%)
2026-10-08 18:11:32,990 INFO o.a.j.t.JMeterThread: Thread is done: Tickets (open model) 1-36
2026-10-08 18:11:32,990 INFO o.a.j.t.JMeterThread: Thread finished: Tickets (open model) 1-36
2026-10-08 18:11:35,658 INFO o.a.j.t.JMeterThread: Thread started: Tickets (open model) 1-48
2026-10-08 18:11:42,835 INFO o.a.j.t.JMeterThread: Thread is done: Tickets (open model) 1-37
2026-10-08 18:11:42,835 INFO o.a.j.t.JMeterThread: Thread finished: Tickets (open model) 1-37
2026-10-08 18:11:44,872 INFO o.a.j.t.JMeterThread: Thread started: Tickets (open model) 1-49
2026-10-08 18:11:46,050 INFO o.a.j.t.JMeterThread: Thread is done: Tickets (open model) 1-38
2026-10-08 18:11:46,050 INFO o.a.j.t.JMeterThread: Thread finished: Tickets (open model) 1-38
2026-10-08 18:11:46,152 INFO o.a.j.t.o.EvenArrivalsRamp: Generating 0 events, beginRate = 0.0 / sec, endRate = 0.0 / sec, duration = 190.0 sec
2026-10-08 18:11:46,152 INFO o.a.j.t.o.OpenModelThreadGroup: There will be no more events, so will wait for 190 sec till the end of the schedule
2026-10-08 18:11:46,152 INFO o.a.j.t.JMeterThread: Thread started: Tickets (open model) 1-50
2026-10-08 18:11:48,867 INFO o.a.j.t.JMeterThread: Thread is done: Tickets (open model) 1-39
2026-10-08 18:11:48,867 INFO o.a.j.t.JMeterThread: Thread finished: Tickets (open model) 1-39
2026-10-08 18:11:54,188 INFO o.a.j.t.JMeterThread: Thread is done: Tickets (open model) 1-40
2026-10-08 18:11:54,188 INFO o.a.j.t.JMeterThread: Thread finished: Tickets (open model) 1-40
2026-10-08 18:12:10,110 INFO o.a.j.t.JMeterThread: Thread is done: Tickets (open model) 1-41
2026-10-08 18:12:10,110 INFO o.a.j.t.JMeterThread: Thread finished: Tickets (open model) 1-41
2026-10-08 18:12:18,217 INFO o.a.j.t.JMeterThread: Thread is done: Tickets (open model) 1-42
2026-10-08 18:12:18,217 INFO o.a.j.t.JMeterThread: Thread finished: Tickets (open model) 1-42
2026-10-08 18:12:20,056 INFO o.a.j.t.JMeterThread: Thread is done: Tickets (open model) 1-43
2026-10-08 18:12:20,056 INFO o.a.j.t.JMeterThread: Thread finished: Tickets (open model) 1-43
2026-10-08 18:12:43,934 INFO o.a.j.t.JMeterThread: Thread is done: Tickets (open model) 1-44
2026-10-08 18:12:43,934 INFO o.a.j.t.JMeterThread: Thread finished: Tickets (open model) 1-44
2026-10-08 18:13:01,695 INFO o.a.j.r.Summariser: summary +      9 in 00:01:29 =    0.1/s Avg: 120133 Min: 120073 Max: 120166 Err:     9 (100.00%) Active: 6 Started: 50 Finished: 44
2026-10-08 18:13:01,695 INFO o.a.j.r.Summariser: summary =     45 in 00:13:15 =    0.1/s Avg: 79261 Min:  7068 Max: 120189 Err:    19 (42.22%)
2026-10-08 18:13:01,696 INFO o.a.j.t.JMeterThread: Thread is done: Tickets (open model) 1-45
2026-10-08 18:13:01,696 INFO o.a.j.t.JMeterThread: Thread finished: Tickets (open model) 1-45
2026-10-08 18:13:08,075 INFO o.a.j.t.JMeterThread: Thread is done: Tickets (open model) 1-46
2026-10-08 18:13:08,075 INFO o.a.j.t.JMeterThread: Thread finished: Tickets (open model) 1-46
2026-10-08 18:13:26,761 INFO o.a.j.t.JMeterThread: Thread is done: Tickets (open model) 1-47
2026-10-08 18:13:26,761 INFO o.a.j.t.JMeterThread: Thread finished: Tickets (open model) 1-47
2026-10-08 18:13:35,806 INFO o.a.j.r.Summariser: summary +      3 in 00:00:34 =    0.1/s Avg: 120176 Min: 120144 Max: 120238 Err:     3 (100.00%) Active: 3 Started: 50 Finished: 47
2026-10-08 18:13:35,806 INFO o.a.j.r.Summariser: summary =     48 in 00:13:49 =    0.1/s Avg: 81818 Min:  7068 Max: 120238 Err:    22 (45.83%)
2026-10-08 18:13:35,806 INFO o.a.j.t.JMeterThread: Thread is done: Tickets (open model) 1-48
2026-10-08 18:13:35,807 INFO o.a.j.t.JMeterThread: Thread finished: Tickets (open model) 1-48
2026-10-08 18:13:45,014 INFO o.a.j.t.JMeterThread: Thread is done: Tickets (open model) 1-49
2026-10-08 18:13:45,014 INFO o.a.j.t.JMeterThread: Thread finished: Tickets (open model) 1-49
2026-10-08 18:13:46,307 INFO o.a.j.t.JMeterThread: Thread is done: Tickets (open model) 1-50
2026-10-08 18:13:46,307 INFO o.a.j.t.JMeterThread: Thread finished: Tickets (open model) 1-50
2026-10-08 18:14:56,204 INFO o.a.j.t.o.OpenModelThreadGroup: There will be no more events, will shutdown the thread pool
2026-10-08 18:14:56,204 INFO o.a.j.t.o.OpenModelThreadGroup: Thread starting done
2026-10-08 18:14:56,204 INFO o.a.j.e.StandardJMeterEngine: Notifying test listeners of end of test
2026-10-08 18:14:56,204 INFO o.a.j.s.FileServer: Close: C:\Users\Owen\Desktop\ICT3113_Assignment_1\jmeter\data\team_narratives.tsv
2026-10-08 18:14:56,206 INFO o.a.j.r.Summariser: summary +      2 in 00:01:20 =    0.0/s Avg: 120146 Min: 120140 Max: 120153 Err:     2 (100.00%) Active: 0 Started: 50 Finished: 50
2026-10-08 18:14:56,206 INFO o.a.j.r.Summariser: summary =     50 in 00:15:10 =    0.1/s Avg: 83351 Min:  7068 Max: 120238 Err:    24 (48.00%)
