2026-10-07 21:44:50,845 INFO o.a.j.u.JMeterUtils: Setting Locale to en_EN
2026-10-07 21:44:50,852 INFO o.a.j.JMeter: Loading user properties from: user.properties
2026-10-07 21:44:50,852 INFO o.a.j.JMeter: Loading system properties from: system.properties
2026-10-07 21:44:50,852 INFO o.a.j.JMeter: Loading additional properties from: C:\Users\Owen\Desktop\ICT3113_Assignment_1\jmeter\results.properties
2026-10-07 21:44:50,853 INFO o.a.j.JMeter: Setting JMeter property: host=192.168.1.170
2026-10-07 21:44:50,853 INFO o.a.j.JMeter: Setting JMeter property: port=8000
2026-10-07 21:44:50,853 INFO o.a.j.JMeter: Setting JMeter property: protocol=http
2026-10-07 21:44:50,854 INFO o.a.j.JMeter: Setting JMeter property: rate=250
2026-10-07 21:44:50,854 INFO o.a.j.JMeter: Setting JMeter property: duration_s=720
2026-10-07 21:44:50,854 INFO o.a.j.JMeter: Setting JMeter property: drain_s=190
2026-10-07 21:44:50,854 INFO o.a.j.JMeter: Setting JMeter property: search_schedule=rate(450/hour)random_arrivals(720s)pause(190s)
2026-10-07 21:44:50,854 INFO o.a.j.JMeter: Setting JMeter property: seed=311303
2026-10-07 21:44:50,854 INFO o.a.j.JMeter: Setting JMeter property: search_seed=311353
2026-10-07 21:44:50,854 INFO o.a.j.JMeter: Setting JMeter property: data_file=C:\Users\Owen\Desktop\ICT3113_Assignment_1\jmeter\data\team_narratives.tsv
2026-10-07 21:44:50,854 INFO o.a.j.JMeter: Setting JMeter property: search_file=C:\Users\Owen\Desktop\ICT3113_Assignment_1\jmeter\data\search_terms.txt
2026-10-07 21:44:50,854 INFO o.a.j.JMeter: Setting JMeter property: timeout_ms=180000
2026-10-07 21:44:50,859 INFO o.a.j.JMeter: Copyright (c) 1998-2024 The Apache Software Foundation
2026-10-07 21:44:50,859 INFO o.a.j.JMeter: Version 5.6.3
2026-10-07 21:44:50,859 INFO o.a.j.JMeter: java.version=1.8.0_333
2026-10-07 21:44:50,859 INFO o.a.j.JMeter: java.vm.name=Java HotSpot(TM) 64-Bit Server VM
2026-10-07 21:44:50,859 INFO o.a.j.JMeter: os.name=Windows 11
2026-10-07 21:44:50,859 INFO o.a.j.JMeter: os.arch=amd64
2026-10-07 21:44:50,859 INFO o.a.j.JMeter: os.version=10.0
2026-10-07 21:44:50,859 INFO o.a.j.JMeter: file.encoding=Cp1252
2026-10-07 21:44:50,859 INFO o.a.j.JMeter: java.awt.headless=true
2026-10-07 21:44:50,859 INFO o.a.j.JMeter: Max memory     =1073741824
2026-10-07 21:44:50,859 INFO o.a.j.JMeter: Available Processors =16
2026-10-07 21:44:50,862 INFO o.a.j.JMeter: Default Locale=English (EN)
2026-10-07 21:44:50,862 INFO o.a.j.JMeter: JMeter  Locale=English (EN)
2026-10-07 21:44:50,862 INFO o.a.j.JMeter: JMeterHome=C:\Users\Owen\Downloads\apache-jmeter-5.6.3\apache-jmeter-5.6.3
2026-10-07 21:44:50,862 INFO o.a.j.JMeter: user.dir  =C:\Users\Owen\Downloads\apache-jmeter-5.6.3\apache-jmeter-5.6.3\bin
2026-10-07 21:44:50,863 INFO o.a.j.JMeter: PWD       =C:\Users\Owen\Downloads\apache-jmeter-5.6.3\apache-jmeter-5.6.3\bin
2026-10-07 21:44:55,820 INFO o.a.j.JMeter: IP: 10.5.0.2 Name: DESKTOP-AK5RA9C FullName: DESKTOP-AK5RA9C
2026-10-07 21:44:55,832 INFO o.a.j.s.FileServer: Default base='C:\Users\Owen\Downloads\apache-jmeter-5.6.3\apache-jmeter-5.6.3\bin'
2026-10-07 21:44:55,833 INFO o.a.j.s.FileServer: Set new base='C:\Users\Owen\Desktop\ICT3113_Assignment_1\jmeter'
2026-10-07 21:44:55,911 INFO o.a.j.s.SaveService: Testplan (JMX) version: 2.2. Testlog (JTL) version: 2.2
2026-10-07 21:44:55,922 INFO o.a.j.s.SaveService: Using SaveService properties file encoding UTF-8
2026-10-07 21:44:55,925 INFO o.a.j.s.SaveService: Using SaveService properties version 5.0
2026-10-07 21:44:55,929 INFO o.a.j.s.SaveService: Loading file: C:\Users\Owen\Desktop\ICT3113_Assignment_1\jmeter\ticket_load_test.jmx
2026-10-07 21:44:55,974 INFO o.a.j.p.h.s.HTTPSamplerBase: Parser for text/html is org.apache.jmeter.protocol.http.parser.LagartoBasedHtmlParser
2026-10-07 21:44:55,974 INFO o.a.j.p.h.s.HTTPSamplerBase: Parser for application/xhtml+xml is org.apache.jmeter.protocol.http.parser.LagartoBasedHtmlParser
2026-10-07 21:44:55,974 INFO o.a.j.p.h.s.HTTPSamplerBase: Parser for application/xml is org.apache.jmeter.protocol.http.parser.LagartoBasedHtmlParser
2026-10-07 21:44:55,974 INFO o.a.j.p.h.s.HTTPSamplerBase: Parser for text/xml is org.apache.jmeter.protocol.http.parser.LagartoBasedHtmlParser
2026-10-07 21:44:55,974 INFO o.a.j.p.h.s.HTTPSamplerBase: Parser for text/vnd.wap.wml is org.apache.jmeter.protocol.http.parser.RegexpHTMLParser
2026-10-07 21:44:55,974 INFO o.a.j.p.h.s.HTTPSamplerBase: Parser for text/css is org.apache.jmeter.protocol.http.parser.CssParser
2026-10-07 21:44:56,129 INFO o.a.j.JMeter: Creating summariser <summary>
2026-10-07 21:44:56,142 INFO o.a.j.e.StandardJMeterEngine: Running the test!
2026-10-07 21:44:56,143 INFO o.a.j.s.SampleEvent: List of sample_variables: [request_id, ticket_row]
2026-10-07 21:44:56,143 INFO o.a.j.s.SampleEvent: List of sample_variables: [request_id, ticket_row]
2026-10-07 21:44:56,146 INFO o.a.j.e.u.CompoundVariable: Note: Function class names must contain the string: '.functions.'
2026-10-07 21:44:56,146 INFO o.a.j.e.u.CompoundVariable: Note: Function class names must not contain the string: '.gui.'
2026-10-07 21:44:56,320 INFO o.a.j.JMeter: Running test (1791380696320)
2026-10-07 21:44:56,348 INFO o.a.j.e.StandardJMeterEngine: Starting ThreadGroup: 1 : Tickets (open model)
2026-10-07 21:44:56,348 INFO o.a.j.e.StandardJMeterEngine: Starting 0 threads for group Tickets (open model).
2026-10-07 21:44:56,348 INFO o.a.j.e.StandardJMeterEngine: Thread will continue on error
2026-10-07 21:44:56,348 INFO o.a.j.t.o.OpenModelThreadGroup: Starting OpenModelThreadGroup#1 with schedule rate(250/hour) random_arrivals(720 s) pause(190 s)
2026-10-07 21:44:56,379 INFO o.a.j.e.StandardJMeterEngine: Starting ThreadGroup: 2 : Searches (open model)
2026-10-07 21:44:56,379 INFO o.a.j.e.StandardJMeterEngine: Starting 0 threads for group Searches (open model).
2026-10-07 21:44:56,380 INFO o.a.j.e.StandardJMeterEngine: Thread will continue on error
2026-10-07 21:44:56,380 INFO o.a.j.t.o.OpenModelThreadGroup: Starting OpenModelThreadGroup#2 with schedule rate(450/hour)random_arrivals(720s)pause(190s)
2026-10-07 21:44:56,380 INFO o.a.j.t.o.OpenModelThreadGroup: Thread starting init
2026-10-07 21:44:56,380 INFO o.a.j.e.StandardJMeterEngine: All thread groups have been started
2026-10-07 21:44:56,380 INFO o.a.j.t.o.OpenModelThreadGroup: Thread starting init
2026-10-07 21:44:56,383 INFO o.a.j.t.o.PoissonArrivalsRamp: Generating 90 events, beginRate = 0.125 / sec, endRate = 0.125 / sec, duration = 720.0 sec
2026-10-07 21:44:56,383 INFO o.a.j.t.o.PoissonArrivalsRamp: Generating 50 events, beginRate = 0.06944444444444445 / sec, endRate = 0.06944444444444445 / sec, duration = 720.0 sec
2026-10-07 21:45:03,409 INFO o.a.j.t.JMeterThread: Thread started: Tickets (open model) 1-1
2026-10-07 21:45:03,410 INFO o.a.j.s.FileServer: Stored: C:\Users\Owen\Desktop\ICT3113_Assignment_1\jmeter\data\team_narratives.tsv
2026-10-07 21:45:03,434 INFO o.a.j.p.h.s.HTTPHCAbstractImpl: Local host = DESKTOP-AK5RA9C
2026-10-07 21:45:03,440 INFO o.a.j.p.h.s.HTTPHC4Impl: HTTP request retry count = 0
2026-10-07 21:45:03,441 INFO o.a.j.s.SampleResult: Note: Sample TimeStamps are START times
2026-10-07 21:45:03,441 INFO o.a.j.s.SampleResult: sampleresult.default.encoding is set to UTF-8
2026-10-07 21:45:03,441 INFO o.a.j.s.SampleResult: sampleresult.useNanoTime=true
2026-10-07 21:45:03,441 INFO o.a.j.s.SampleResult: sampleresult.nanoThreadSleep=5000
2026-10-07 21:45:16,728 INFO o.a.j.t.JMeterThread: Thread started: Searches (open model) 2-1
2026-10-07 21:45:16,729 INFO o.a.j.s.FileServer: Stored: C:\Users\Owen\Desktop\ICT3113_Assignment_1\jmeter\data\search_terms.txt
2026-10-07 21:45:16,798 INFO o.a.j.t.JMeterThread: Thread is done: Searches (open model) 2-1
2026-10-07 21:45:16,798 INFO o.a.j.t.JMeterThread: Thread finished: Searches (open model) 2-1
2026-10-07 21:45:18,685 INFO o.a.j.t.JMeterThread: Thread is done: Tickets (open model) 1-1
2026-10-07 21:45:18,686 INFO o.a.j.t.JMeterThread: Thread finished: Tickets (open model) 1-1
2026-10-07 21:45:25,299 INFO o.a.j.t.JMeterThread: Thread started: Searches (open model) 2-2
2026-10-07 21:45:25,331 INFO o.a.j.t.JMeterThread: Thread is done: Searches (open model) 2-2
2026-10-07 21:45:25,331 INFO o.a.j.t.JMeterThread: Thread finished: Searches (open model) 2-2
2026-10-07 21:45:25,560 INFO o.a.j.t.JMeterThread: Thread started: Searches (open model) 2-3
2026-10-07 21:45:25,613 INFO o.a.j.t.JMeterThread: Thread is done: Searches (open model) 2-3
2026-10-07 21:45:25,613 INFO o.a.j.t.JMeterThread: Thread finished: Searches (open model) 2-3
2026-10-07 21:45:33,864 INFO o.a.j.t.JMeterThread: Thread started: Tickets (open model) 1-2
2026-10-07 21:45:38,875 INFO o.a.j.t.JMeterThread: Thread is done: Tickets (open model) 1-2
2026-10-07 21:45:38,875 INFO o.a.j.t.JMeterThread: Thread finished: Tickets (open model) 1-2
2026-10-07 21:45:41,139 INFO o.a.j.t.JMeterThread: Thread started: Searches (open model) 2-4
2026-10-07 21:45:41,175 INFO o.a.j.t.JMeterThread: Thread is done: Searches (open model) 2-4
2026-10-07 21:45:41,175 INFO o.a.j.t.JMeterThread: Thread finished: Searches (open model) 2-4
2026-10-07 21:45:41,206 INFO o.a.j.t.JMeterThread: Thread started: Tickets (open model) 1-3
2026-10-07 21:45:42,973 INFO o.a.j.t.JMeterThread: Thread started: Searches (open model) 2-5
2026-10-07 21:45:42,987 INFO o.a.j.t.JMeterThread: Thread is done: Searches (open model) 2-5
2026-10-07 21:45:42,987 INFO o.a.j.t.JMeterThread: Thread finished: Searches (open model) 2-5
2026-10-07 21:45:46,583 INFO o.a.j.t.JMeterThread: Thread started: Tickets (open model) 1-4
2026-10-07 21:45:47,934 INFO o.a.j.t.JMeterThread: Thread is done: Tickets (open model) 1-3
2026-10-07 21:45:47,934 INFO o.a.j.t.JMeterThread: Thread finished: Tickets (open model) 1-3
2026-10-07 21:45:48,863 INFO o.a.j.t.JMeterThread: Thread started: Searches (open model) 2-6
2026-10-07 21:45:48,884 INFO o.a.j.t.JMeterThread: Thread is done: Searches (open model) 2-6
2026-10-07 21:45:48,884 INFO o.a.j.t.JMeterThread: Thread finished: Searches (open model) 2-6
2026-10-07 21:45:54,281 INFO o.a.j.t.JMeterThread: Thread started: Searches (open model) 2-7
2026-10-07 21:45:54,298 INFO o.a.j.t.JMeterThread: Thread is done: Searches (open model) 2-7
2026-10-07 21:45:54,298 INFO o.a.j.t.JMeterThread: Thread finished: Searches (open model) 2-7
2026-10-07 21:45:56,937 INFO o.a.j.t.JMeterThread: Thread started: Searches (open model) 2-8
2026-10-07 21:45:56,987 INFO o.a.j.t.JMeterThread: Thread is done: Searches (open model) 2-8
2026-10-07 21:45:56,987 INFO o.a.j.t.JMeterThread: Thread finished: Searches (open model) 2-8
2026-10-07 21:45:57,878 INFO o.a.j.t.JMeterThread: Thread is done: Tickets (open model) 1-4
2026-10-07 21:45:57,878 INFO o.a.j.t.JMeterThread: Thread finished: Tickets (open model) 1-4
2026-10-07 21:46:10,745 INFO o.a.j.t.JMeterThread: Thread started: Searches (open model) 2-9
2026-10-07 21:46:10,770 INFO o.a.j.t.JMeterThread: Thread is done: Searches (open model) 2-9
2026-10-07 21:46:10,770 INFO o.a.j.t.JMeterThread: Thread finished: Searches (open model) 2-9
2026-10-07 21:46:25,172 INFO o.a.j.t.JMeterThread: Thread started: Searches (open model) 2-10
2026-10-07 21:46:25,201 INFO o.a.j.t.JMeterThread: Thread is done: Searches (open model) 2-10
2026-10-07 21:46:25,201 INFO o.a.j.t.JMeterThread: Thread finished: Searches (open model) 2-10
2026-10-07 21:46:28,393 INFO o.a.j.t.JMeterThread: Thread started: Searches (open model) 2-11
2026-10-07 21:46:28,408 INFO o.a.j.t.JMeterThread: Thread is done: Searches (open model) 2-11
2026-10-07 21:46:28,409 INFO o.a.j.t.JMeterThread: Thread finished: Searches (open model) 2-11
2026-10-07 21:46:46,183 INFO o.a.j.t.JMeterThread: Thread started: Searches (open model) 2-12
2026-10-07 21:46:46,206 INFO o.a.j.t.JMeterThread: Thread is done: Searches (open model) 2-12
2026-10-07 21:46:46,207 INFO o.a.j.t.JMeterThread: Thread finished: Searches (open model) 2-12
2026-10-07 21:46:53,384 INFO o.a.j.t.JMeterThread: Thread started: Searches (open model) 2-13
2026-10-07 21:46:53,405 INFO o.a.j.t.JMeterThread: Thread is done: Searches (open model) 2-13
2026-10-07 21:46:53,405 INFO o.a.j.t.JMeterThread: Thread finished: Searches (open model) 2-13
2026-10-07 21:46:55,077 INFO o.a.j.t.JMeterThread: Thread started: Searches (open model) 2-14
2026-10-07 21:46:55,101 INFO o.a.j.t.JMeterThread: Thread is done: Searches (open model) 2-14
2026-10-07 21:46:55,101 INFO o.a.j.t.JMeterThread: Thread finished: Searches (open model) 2-14
2026-10-07 21:47:01,360 INFO o.a.j.t.JMeterThread: Thread started: Searches (open model) 2-15
2026-10-07 21:47:01,403 INFO o.a.j.r.Summariser: summary +     19 in 00:02:05 =    0.2/s Avg:  2035 Min:    13 Max: 15190 Err:     0 (0.00%) Active: 1 Started: 19 Finished: 18
2026-10-07 21:47:01,404 INFO o.a.j.t.JMeterThread: Thread is done: Searches (open model) 2-15
2026-10-07 21:47:01,404 INFO o.a.j.t.JMeterThread: Thread finished: Searches (open model) 2-15
2026-10-07 21:47:05,018 INFO o.a.j.t.JMeterThread: Thread started: Tickets (open model) 1-5
2026-10-07 21:47:07,252 INFO o.a.j.t.JMeterThread: Thread started: Searches (open model) 2-16
2026-10-07 21:47:07,290 INFO o.a.j.t.JMeterThread: Thread is done: Searches (open model) 2-16
2026-10-07 21:47:07,291 INFO o.a.j.t.JMeterThread: Thread finished: Searches (open model) 2-16
2026-10-07 21:47:09,010 INFO o.a.j.t.JMeterThread: Thread is done: Tickets (open model) 1-5
2026-10-07 21:47:09,010 INFO o.a.j.t.JMeterThread: Thread finished: Tickets (open model) 1-5
2026-10-07 21:47:17,173 INFO o.a.j.t.JMeterThread: Thread started: Searches (open model) 2-17
2026-10-07 21:47:17,226 INFO o.a.j.t.JMeterThread: Thread is done: Searches (open model) 2-17
2026-10-07 21:47:17,226 INFO o.a.j.t.JMeterThread: Thread finished: Searches (open model) 2-17
2026-10-07 21:47:18,521 INFO o.a.j.t.JMeterThread: Thread started: Searches (open model) 2-18
2026-10-07 21:47:18,562 INFO o.a.j.t.JMeterThread: Thread is done: Searches (open model) 2-18
2026-10-07 21:47:18,562 INFO o.a.j.t.JMeterThread: Thread finished: Searches (open model) 2-18
2026-10-07 21:47:19,391 INFO o.a.j.t.JMeterThread: Thread started: Tickets (open model) 1-6
2026-10-07 21:47:20,843 INFO o.a.j.t.JMeterThread: Thread started: Searches (open model) 2-19
2026-10-07 21:47:20,890 INFO o.a.j.t.JMeterThread: Thread is done: Searches (open model) 2-19
2026-10-07 21:47:20,890 INFO o.a.j.t.JMeterThread: Thread finished: Searches (open model) 2-19
2026-10-07 21:47:22,403 INFO o.a.j.t.JMeterThread: Thread started: Tickets (open model) 1-7
2026-10-07 21:47:23,686 INFO o.a.j.t.JMeterThread: Thread is done: Tickets (open model) 1-6
2026-10-07 21:47:23,686 INFO o.a.j.t.JMeterThread: Thread finished: Tickets (open model) 1-6
2026-10-07 21:47:25,208 INFO o.a.j.t.JMeterThread: Thread started: Searches (open model) 2-20
2026-10-07 21:47:25,253 INFO o.a.j.t.JMeterThread: Thread is done: Searches (open model) 2-20
2026-10-07 21:47:25,253 INFO o.a.j.t.JMeterThread: Thread finished: Searches (open model) 2-20
2026-10-07 21:47:26,611 INFO o.a.j.t.JMeterThread: Thread started: Searches (open model) 2-21
2026-10-07 21:47:26,640 INFO o.a.j.t.JMeterThread: Thread is done: Searches (open model) 2-21
2026-10-07 21:47:26,640 INFO o.a.j.t.JMeterThread: Thread finished: Searches (open model) 2-21
2026-10-07 21:47:30,385 INFO o.a.j.r.Summariser: summary +      9 in 00:00:29 =    0.3/s Avg:  1834 Min:    27 Max:  7981 Err:     0 (0.00%) Active: 1 Started: 28 Finished: 27
2026-10-07 21:47:30,386 INFO o.a.j.r.Summariser: summary =     28 in 00:02:34 =    0.2/s Avg:  1970 Min:    13 Max: 15190 Err:     0 (0.00%)
2026-10-07 21:47:30,386 INFO o.a.j.t.JMeterThread: Thread is done: Tickets (open model) 1-7
2026-10-07 21:47:30,386 INFO o.a.j.t.JMeterThread: Thread finished: Tickets (open model) 1-7
2026-10-07 21:47:35,163 INFO o.a.j.t.JMeterThread: Thread started: Tickets (open model) 1-8
2026-10-07 21:47:36,679 INFO o.a.j.t.JMeterThread: Thread started: Searches (open model) 2-22
2026-10-07 21:47:36,699 INFO o.a.j.t.JMeterThread: Thread is done: Searches (open model) 2-22
2026-10-07 21:47:36,699 INFO o.a.j.t.JMeterThread: Thread finished: Searches (open model) 2-22
2026-10-07 21:47:38,476 INFO o.a.j.t.JMeterThread: Thread started: Tickets (open model) 1-9
2026-10-07 21:47:39,592 INFO o.a.j.t.JMeterThread: Thread is done: Tickets (open model) 1-8
2026-10-07 21:47:39,592 INFO o.a.j.t.JMeterThread: Thread finished: Tickets (open model) 1-8
2026-10-07 21:47:41,808 INFO o.a.j.t.JMeterThread: Thread started: Searches (open model) 2-23
2026-10-07 21:47:41,828 INFO o.a.j.t.JMeterThread: Thread is done: Searches (open model) 2-23
2026-10-07 21:47:41,828 INFO o.a.j.t.JMeterThread: Thread finished: Searches (open model) 2-23
2026-10-07 21:47:44,591 INFO o.a.j.t.JMeterThread: Thread is done: Tickets (open model) 1-9
2026-10-07 21:47:44,592 INFO o.a.j.t.JMeterThread: Thread finished: Tickets (open model) 1-9
2026-10-07 21:47:50,062 INFO o.a.j.t.JMeterThread: Thread started: Tickets (open model) 1-10
2026-10-07 21:47:54,872 INFO o.a.j.t.JMeterThread: Thread is done: Tickets (open model) 1-10
2026-10-07 21:47:54,872 INFO o.a.j.t.JMeterThread: Thread finished: Tickets (open model) 1-10
2026-10-07 21:48:02,438 INFO o.a.j.t.JMeterThread: Thread started: Searches (open model) 2-24
2026-10-07 21:48:02,455 INFO o.a.j.r.Summariser: summary +      6 in 00:00:32 =    0.2/s Avg:  2567 Min:    15 Max:  6114 Err:     0 (0.00%) Active: 1 Started: 34 Finished: 33
2026-10-07 21:48:02,456 INFO o.a.j.r.Summariser: summary =     34 in 00:03:06 =    0.2/s Avg:  2075 Min:    13 Max: 15190 Err:     0 (0.00%)
2026-10-07 21:48:02,456 INFO o.a.j.t.JMeterThread: Thread is done: Searches (open model) 2-24
2026-10-07 21:48:02,456 INFO o.a.j.t.JMeterThread: Thread finished: Searches (open model) 2-24
2026-10-07 21:48:06,964 INFO o.a.j.t.JMeterThread: Thread started: Searches (open model) 2-25
2026-10-07 21:48:07,011 INFO o.a.j.t.JMeterThread: Thread is done: Searches (open model) 2-25
2026-10-07 21:48:07,011 INFO o.a.j.t.JMeterThread: Thread finished: Searches (open model) 2-25
2026-10-07 21:48:12,175 INFO o.a.j.t.JMeterThread: Thread started: Tickets (open model) 1-11
2026-10-07 21:48:16,426 INFO o.a.j.t.JMeterThread: Thread started: Searches (open model) 2-26
2026-10-07 21:48:16,495 INFO o.a.j.t.JMeterThread: Thread is done: Searches (open model) 2-26
2026-10-07 21:48:16,495 INFO o.a.j.t.JMeterThread: Thread finished: Searches (open model) 2-26
2026-10-07 21:48:21,479 INFO o.a.j.t.JMeterThread: Thread started: Searches (open model) 2-27
2026-10-07 21:48:21,514 INFO o.a.j.t.JMeterThread: Thread is done: Searches (open model) 2-27
2026-10-07 21:48:21,514 INFO o.a.j.t.JMeterThread: Thread finished: Searches (open model) 2-27
2026-10-07 21:48:22,176 INFO o.a.j.t.JMeterThread: Thread started: Searches (open model) 2-28
2026-10-07 21:48:22,196 INFO o.a.j.t.JMeterThread: Thread is done: Searches (open model) 2-28
2026-10-07 21:48:22,196 INFO o.a.j.t.JMeterThread: Thread finished: Searches (open model) 2-28
2026-10-07 21:48:22,762 INFO o.a.j.t.JMeterThread: Thread is done: Tickets (open model) 1-11
2026-10-07 21:48:22,762 INFO o.a.j.t.JMeterThread: Thread finished: Tickets (open model) 1-11
2026-10-07 21:48:30,949 INFO o.a.j.t.JMeterThread: Thread started: Tickets (open model) 1-12
2026-10-07 21:48:34,213 INFO o.a.j.r.Summariser: summary +      6 in 00:00:32 =    0.2/s Avg:  2336 Min:    19 Max: 10586 Err:     0 (0.00%) Active: 1 Started: 40 Finished: 39
2026-10-07 21:48:34,214 INFO o.a.j.r.Summariser: summary =     40 in 00:03:38 =    0.2/s Avg:  2115 Min:    13 Max: 15190 Err:     0 (0.00%)
2026-10-07 21:48:34,214 INFO o.a.j.t.JMeterThread: Thread is done: Tickets (open model) 1-12
2026-10-07 21:48:34,214 INFO o.a.j.t.JMeterThread: Thread finished: Tickets (open model) 1-12
2026-10-07 21:48:37,519 INFO o.a.j.t.JMeterThread: Thread started: Searches (open model) 2-29
2026-10-07 21:48:37,541 INFO o.a.j.t.JMeterThread: Thread is done: Searches (open model) 2-29
2026-10-07 21:48:37,541 INFO o.a.j.t.JMeterThread: Thread finished: Searches (open model) 2-29
2026-10-07 21:48:48,059 INFO o.a.j.t.JMeterThread: Thread started: Tickets (open model) 1-13
2026-10-07 21:48:52,162 INFO o.a.j.t.JMeterThread: Thread is done: Tickets (open model) 1-13
2026-10-07 21:48:52,162 INFO o.a.j.t.JMeterThread: Thread finished: Tickets (open model) 1-13
2026-10-07 21:48:56,176 INFO o.a.j.t.JMeterThread: Thread started: Tickets (open model) 1-14
2026-10-07 21:48:57,747 INFO o.a.j.t.JMeterThread: Thread started: Searches (open model) 2-30
2026-10-07 21:48:57,773 INFO o.a.j.t.JMeterThread: Thread is done: Searches (open model) 2-30
2026-10-07 21:48:57,773 INFO o.a.j.t.JMeterThread: Thread finished: Searches (open model) 2-30
2026-10-07 21:48:59,626 INFO o.a.j.t.JMeterThread: Thread is done: Tickets (open model) 1-14
2026-10-07 21:48:59,627 INFO o.a.j.t.JMeterThread: Thread finished: Tickets (open model) 1-14
2026-10-07 21:49:07,197 INFO o.a.j.t.JMeterThread: Thread started: Tickets (open model) 1-15
2026-10-07 21:49:09,589 INFO o.a.j.t.JMeterThread: Thread started: Tickets (open model) 1-16
2026-10-07 21:49:13,203 INFO o.a.j.t.JMeterThread: Thread is done: Tickets (open model) 1-15
2026-10-07 21:49:13,203 INFO o.a.j.t.JMeterThread: Thread finished: Tickets (open model) 1-15
2026-10-07 21:49:14,229 INFO o.a.j.t.JMeterThread: Thread started: Searches (open model) 2-31
2026-10-07 21:49:14,274 INFO o.a.j.t.JMeterThread: Thread is done: Searches (open model) 2-31
2026-10-07 21:49:14,274 INFO o.a.j.t.JMeterThread: Thread finished: Searches (open model) 2-31
2026-10-07 21:49:20,124 INFO o.a.j.t.JMeterThread: Thread is done: Tickets (open model) 1-16
2026-10-07 21:49:20,124 INFO o.a.j.t.JMeterThread: Thread finished: Tickets (open model) 1-16
2026-10-07 21:49:25,301 INFO o.a.j.t.JMeterThread: Thread started: Searches (open model) 2-32
2026-10-07 21:49:25,344 INFO o.a.j.t.JMeterThread: Thread is done: Searches (open model) 2-32
2026-10-07 21:49:25,344 INFO o.a.j.t.JMeterThread: Thread finished: Searches (open model) 2-32
2026-10-07 21:49:41,887 INFO o.a.j.t.JMeterThread: Thread started: Searches (open model) 2-33
2026-10-07 21:49:41,919 INFO o.a.j.t.JMeterThread: Thread is done: Searches (open model) 2-33
2026-10-07 21:49:41,919 INFO o.a.j.t.JMeterThread: Thread finished: Searches (open model) 2-33
2026-10-07 21:49:46,310 INFO o.a.j.t.JMeterThread: Thread started: Searches (open model) 2-34
2026-10-07 21:49:46,325 INFO o.a.j.t.JMeterThread: Thread is done: Searches (open model) 2-34
2026-10-07 21:49:46,325 INFO o.a.j.t.JMeterThread: Thread finished: Searches (open model) 2-34
2026-10-07 21:49:47,270 INFO o.a.j.t.JMeterThread: Thread started: Tickets (open model) 1-17
2026-10-07 21:49:51,442 INFO o.a.j.t.JMeterThread: Thread is done: Tickets (open model) 1-17
2026-10-07 21:49:51,442 INFO o.a.j.t.JMeterThread: Thread finished: Tickets (open model) 1-17
2026-10-07 21:49:56,959 INFO o.a.j.t.JMeterThread: Thread started: Searches (open model) 2-35
2026-10-07 21:49:57,010 INFO o.a.j.t.JMeterThread: Thread is done: Searches (open model) 2-35
2026-10-07 21:49:57,010 INFO o.a.j.t.JMeterThread: Thread finished: Searches (open model) 2-35
2026-10-07 21:50:02,171 INFO o.a.j.t.JMeterThread: Thread started: Searches (open model) 2-36
2026-10-07 21:50:02,206 INFO o.a.j.r.Summariser: summary +     13 in 00:01:28 =    0.1/s Avg:  2194 Min:    14 Max: 10534 Err:     0 (0.00%) Active: 1 Started: 53 Finished: 52
2026-10-07 21:50:02,206 INFO o.a.j.r.Summariser: summary =     53 in 00:05:06 =    0.2/s Avg:  2134 Min:    13 Max: 15190 Err:     0 (0.00%)
2026-10-07 21:50:02,208 INFO o.a.j.t.JMeterThread: Thread is done: Searches (open model) 2-36
2026-10-07 21:50:02,208 INFO o.a.j.t.JMeterThread: Thread finished: Searches (open model) 2-36
2026-10-07 21:50:06,246 INFO o.a.j.t.JMeterThread: Thread started: Tickets (open model) 1-18
2026-10-07 21:50:08,389 INFO o.a.j.t.JMeterThread: Thread started: Tickets (open model) 1-19
2026-10-07 21:50:10,507 INFO o.a.j.t.JMeterThread: Thread is done: Tickets (open model) 1-18
2026-10-07 21:50:10,508 INFO o.a.j.t.JMeterThread: Thread finished: Tickets (open model) 1-18
2026-10-07 21:50:14,729 INFO o.a.j.t.JMeterThread: Thread is done: Tickets (open model) 1-19
2026-10-07 21:50:14,729 INFO o.a.j.t.JMeterThread: Thread finished: Tickets (open model) 1-19
2026-10-07 21:50:17,862 INFO o.a.j.t.JMeterThread: Thread started: Tickets (open model) 1-20
2026-10-07 21:50:18,643 INFO o.a.j.t.JMeterThread: Thread started: Searches (open model) 2-37
2026-10-07 21:50:18,688 INFO o.a.j.t.JMeterThread: Thread is done: Searches (open model) 2-37
2026-10-07 21:50:18,688 INFO o.a.j.t.JMeterThread: Thread finished: Searches (open model) 2-37
2026-10-07 21:50:20,115 INFO o.a.j.t.JMeterThread: Thread started: Tickets (open model) 1-21
2026-10-07 21:50:23,824 INFO o.a.j.t.JMeterThread: Thread is done: Tickets (open model) 1-20
2026-10-07 21:50:23,825 INFO o.a.j.t.JMeterThread: Thread finished: Tickets (open model) 1-20
2026-10-07 21:50:24,886 INFO o.a.j.t.JMeterThread: Thread started: Searches (open model) 2-38
2026-10-07 21:50:24,951 INFO o.a.j.t.JMeterThread: Thread is done: Searches (open model) 2-38
2026-10-07 21:50:24,951 INFO o.a.j.t.JMeterThread: Thread finished: Searches (open model) 2-38
2026-10-07 21:50:25,608 INFO o.a.j.t.JMeterThread: Thread started: Searches (open model) 2-39
2026-10-07 21:50:25,673 INFO o.a.j.t.JMeterThread: Thread is done: Searches (open model) 2-39
2026-10-07 21:50:25,673 INFO o.a.j.t.JMeterThread: Thread finished: Searches (open model) 2-39
2026-10-07 21:50:27,429 INFO o.a.j.t.JMeterThread: Thread is done: Tickets (open model) 1-21
2026-10-07 21:50:27,429 INFO o.a.j.t.JMeterThread: Thread finished: Tickets (open model) 1-21
2026-10-07 21:50:33,654 INFO o.a.j.t.JMeterThread: Thread started: Searches (open model) 2-40
2026-10-07 21:50:33,673 INFO o.a.j.t.JMeterThread: Thread started: Searches (open model) 2-41
2026-10-07 21:50:33,706 INFO o.a.j.r.Summariser: summary +      8 in 00:00:32 =    0.3/s Avg:  3012 Min:    43 Max:  7313 Err:     0 (0.00%) Active: 2 Started: 62 Finished: 60
2026-10-07 21:50:33,707 INFO o.a.j.r.Summariser: summary =     61 in 00:05:37 =    0.2/s Avg:  2249 Min:    13 Max: 15190 Err:     0 (0.00%)
2026-10-07 21:50:33,707 INFO o.a.j.t.JMeterThread: Thread is done: Searches (open model) 2-40
2026-10-07 21:50:33,707 INFO o.a.j.t.JMeterThread: Thread finished: Searches (open model) 2-40
2026-10-07 21:50:33,723 INFO o.a.j.t.JMeterThread: Thread is done: Searches (open model) 2-41
2026-10-07 21:50:33,723 INFO o.a.j.t.JMeterThread: Thread finished: Searches (open model) 2-41
2026-10-07 21:50:44,415 INFO o.a.j.t.JMeterThread: Thread started: Searches (open model) 2-42
2026-10-07 21:50:44,440 INFO o.a.j.t.JMeterThread: Thread is done: Searches (open model) 2-42
2026-10-07 21:50:44,440 INFO o.a.j.t.JMeterThread: Thread finished: Searches (open model) 2-42
2026-10-07 21:50:51,398 INFO o.a.j.t.JMeterThread: Thread started: Searches (open model) 2-43
2026-10-07 21:50:51,445 INFO o.a.j.t.JMeterThread: Thread is done: Searches (open model) 2-43
2026-10-07 21:50:51,445 INFO o.a.j.t.JMeterThread: Thread finished: Searches (open model) 2-43
2026-10-07 21:50:54,871 INFO o.a.j.t.JMeterThread: Thread started: Searches (open model) 2-44
2026-10-07 21:50:54,901 INFO o.a.j.t.JMeterThread: Thread is done: Searches (open model) 2-44
2026-10-07 21:50:54,901 INFO o.a.j.t.JMeterThread: Thread finished: Searches (open model) 2-44
2026-10-07 21:50:55,883 INFO o.a.j.t.JMeterThread: Thread started: Searches (open model) 2-45
2026-10-07 21:50:55,902 INFO o.a.j.t.JMeterThread: Thread is done: Searches (open model) 2-45
2026-10-07 21:50:55,902 INFO o.a.j.t.JMeterThread: Thread finished: Searches (open model) 2-45
2026-10-07 21:50:59,209 INFO o.a.j.t.JMeterThread: Thread started: Searches (open model) 2-46
2026-10-07 21:50:59,232 INFO o.a.j.t.JMeterThread: Thread is done: Searches (open model) 2-46
2026-10-07 21:50:59,232 INFO o.a.j.t.JMeterThread: Thread finished: Searches (open model) 2-46
2026-10-07 21:51:04,994 INFO o.a.j.t.JMeterThread: Thread started: Searches (open model) 2-47
2026-10-07 21:51:05,012 INFO o.a.j.r.Summariser: summary +      7 in 00:00:31 =    0.2/s Avg:    29 Min:    16 Max:    49 Err:     0 (0.00%) Active: 1 Started: 68 Finished: 67
2026-10-07 21:51:05,013 INFO o.a.j.r.Summariser: summary =     68 in 00:06:09 =    0.2/s Avg:  2020 Min:    13 Max: 15190 Err:     0 (0.00%)
2026-10-07 21:51:05,013 INFO o.a.j.t.JMeterThread: Thread is done: Searches (open model) 2-47
2026-10-07 21:51:05,013 INFO o.a.j.t.JMeterThread: Thread finished: Searches (open model) 2-47
2026-10-07 21:51:08,748 INFO o.a.j.t.JMeterThread: Thread started: Searches (open model) 2-48
2026-10-07 21:51:08,771 INFO o.a.j.t.JMeterThread: Thread is done: Searches (open model) 2-48
2026-10-07 21:51:08,771 INFO o.a.j.t.JMeterThread: Thread finished: Searches (open model) 2-48
2026-10-07 21:51:10,241 INFO o.a.j.t.JMeterThread: Thread started: Tickets (open model) 1-22
2026-10-07 21:51:11,132 INFO o.a.j.t.JMeterThread: Thread started: Tickets (open model) 1-23
2026-10-07 21:51:11,694 INFO o.a.j.t.JMeterThread: Thread started: Tickets (open model) 1-24
2026-10-07 21:51:13,859 INFO o.a.j.t.JMeterThread: Thread started: Tickets (open model) 1-25
2026-10-07 21:51:16,765 INFO o.a.j.t.JMeterThread: Thread started: Tickets (open model) 1-26
2026-10-07 21:51:17,226 INFO o.a.j.t.JMeterThread: Thread started: Searches (open model) 2-49
2026-10-07 21:51:17,244 INFO o.a.j.t.JMeterThread: Thread is done: Searches (open model) 2-49
2026-10-07 21:51:17,244 INFO o.a.j.t.JMeterThread: Thread finished: Searches (open model) 2-49
2026-10-07 21:51:18,854 INFO o.a.j.t.JMeterThread: Thread is done: Tickets (open model) 1-22
2026-10-07 21:51:18,854 INFO o.a.j.t.JMeterThread: Thread finished: Tickets (open model) 1-22
2026-10-07 21:51:19,118 INFO o.a.j.t.JMeterThread: Thread started: Searches (open model) 2-50
2026-10-07 21:51:19,144 INFO o.a.j.t.JMeterThread: Thread is done: Searches (open model) 2-50
2026-10-07 21:51:19,144 INFO o.a.j.t.JMeterThread: Thread finished: Searches (open model) 2-50
2026-10-07 21:51:22,913 INFO o.a.j.t.JMeterThread: Thread started: Searches (open model) 2-51
2026-10-07 21:51:22,930 INFO o.a.j.t.JMeterThread: Thread is done: Searches (open model) 2-51
2026-10-07 21:51:22,930 INFO o.a.j.t.JMeterThread: Thread finished: Searches (open model) 2-51
2026-10-07 21:51:23,272 INFO o.a.j.t.JMeterThread: Thread is done: Tickets (open model) 1-23
2026-10-07 21:51:23,272 INFO o.a.j.t.JMeterThread: Thread finished: Tickets (open model) 1-23
2026-10-07 21:51:25,368 INFO o.a.j.t.JMeterThread: Thread started: Searches (open model) 2-52
2026-10-07 21:51:25,370 INFO o.a.j.t.JMeterThread: Thread started: Searches (open model) 2-53
2026-10-07 21:51:25,397 INFO o.a.j.t.JMeterThread: Thread is done: Searches (open model) 2-52
2026-10-07 21:51:25,397 INFO o.a.j.t.JMeterThread: Thread finished: Searches (open model) 2-52
2026-10-07 21:51:25,401 INFO o.a.j.t.JMeterThread: Thread is done: Searches (open model) 2-53
2026-10-07 21:51:25,401 INFO o.a.j.t.JMeterThread: Thread finished: Searches (open model) 2-53
2026-10-07 21:51:27,738 INFO o.a.j.t.JMeterThread: Thread is done: Tickets (open model) 1-24
2026-10-07 21:51:27,738 INFO o.a.j.t.JMeterThread: Thread finished: Tickets (open model) 1-24
2026-10-07 21:51:27,931 INFO o.a.j.t.JMeterThread: Thread started: Tickets (open model) 1-27
2026-10-07 21:51:33,708 INFO o.a.j.r.Summariser: summary +     10 in 00:00:29 =    0.3/s Avg:  5678 Min:    15 Max: 19847 Err:     0 (0.00%) Active: 3 Started: 80 Finished: 77
2026-10-07 21:51:33,708 INFO o.a.j.r.Summariser: summary =     78 in 00:06:37 =    0.2/s Avg:  2489 Min:    13 Max: 19847 Err:     0 (0.00%)
2026-10-07 21:51:33,708 INFO o.a.j.t.JMeterThread: Thread is done: Tickets (open model) 1-25
2026-10-07 21:51:33,709 INFO o.a.j.t.JMeterThread: Thread finished: Tickets (open model) 1-25
2026-10-07 21:51:38,217 INFO o.a.j.t.JMeterThread: Thread started: Searches (open model) 2-54
2026-10-07 21:51:38,260 INFO o.a.j.t.JMeterThread: Thread is done: Searches (open model) 2-54
2026-10-07 21:51:38,260 INFO o.a.j.t.JMeterThread: Thread finished: Searches (open model) 2-54
2026-10-07 21:51:40,973 INFO o.a.j.t.JMeterThread: Thread started: Searches (open model) 2-55
2026-10-07 21:51:41,015 INFO o.a.j.t.JMeterThread: Thread is done: Searches (open model) 2-55
2026-10-07 21:51:41,015 INFO o.a.j.t.JMeterThread: Thread finished: Searches (open model) 2-55
2026-10-07 21:51:42,824 INFO o.a.j.t.JMeterThread: Thread is done: Tickets (open model) 1-26
2026-10-07 21:51:42,824 INFO o.a.j.t.JMeterThread: Thread finished: Tickets (open model) 1-26
2026-10-07 21:51:43,898 INFO o.a.j.t.JMeterThread: Thread started: Searches (open model) 2-56
2026-10-07 21:51:43,940 INFO o.a.j.t.JMeterThread: Thread is done: Searches (open model) 2-56
2026-10-07 21:51:43,940 INFO o.a.j.t.JMeterThread: Thread finished: Searches (open model) 2-56
2026-10-07 21:51:46,717 INFO o.a.j.t.JMeterThread: Thread started: Searches (open model) 2-57
2026-10-07 21:51:46,742 INFO o.a.j.t.JMeterThread: Thread is done: Searches (open model) 2-57
2026-10-07 21:51:46,742 INFO o.a.j.t.JMeterThread: Thread finished: Searches (open model) 2-57
2026-10-07 21:51:49,788 INFO o.a.j.t.JMeterThread: Thread is done: Tickets (open model) 1-27
2026-10-07 21:51:49,788 INFO o.a.j.t.JMeterThread: Thread finished: Tickets (open model) 1-27
2026-10-07 21:52:02,008 INFO o.a.j.t.JMeterThread: Thread started: Tickets (open model) 1-28
2026-10-07 21:52:03,355 INFO o.a.j.t.JMeterThread: Thread started: Tickets (open model) 1-29
2026-10-07 21:52:09,941 INFO o.a.j.t.JMeterThread: Thread is done: Tickets (open model) 1-28
2026-10-07 21:52:09,941 INFO o.a.j.t.JMeterThread: Thread finished: Tickets (open model) 1-28
2026-10-07 21:52:15,036 INFO o.a.j.t.JMeterThread: Thread is done: Tickets (open model) 1-29
2026-10-07 21:52:15,037 INFO o.a.j.t.JMeterThread: Thread finished: Tickets (open model) 1-29
2026-10-07 21:52:28,424 INFO o.a.j.t.JMeterThread: Thread started: Searches (open model) 2-58
2026-10-07 21:52:28,465 INFO o.a.j.t.JMeterThread: Thread is done: Searches (open model) 2-58
2026-10-07 21:52:28,465 INFO o.a.j.t.JMeterThread: Thread finished: Searches (open model) 2-58
2026-10-07 21:52:35,902 INFO o.a.j.t.JMeterThread: Thread started: Tickets (open model) 1-30
2026-10-07 21:52:41,734 INFO o.a.j.t.JMeterThread: Thread started: Tickets (open model) 1-31
2026-10-07 21:52:45,685 INFO o.a.j.t.JMeterThread: Thread is done: Tickets (open model) 1-30
2026-10-07 21:52:45,685 INFO o.a.j.t.JMeterThread: Thread finished: Tickets (open model) 1-30
2026-10-07 21:52:47,331 INFO o.a.j.t.JMeterThread: Thread started: Tickets (open model) 1-32
2026-10-07 21:52:47,743 INFO o.a.j.t.JMeterThread: Thread started: Searches (open model) 2-59
2026-10-07 21:52:47,771 INFO o.a.j.t.JMeterThread: Thread is done: Searches (open model) 2-59
2026-10-07 21:52:47,771 INFO o.a.j.t.JMeterThread: Thread finished: Searches (open model) 2-59
2026-10-07 21:52:49,831 INFO o.a.j.t.JMeterThread: Thread is done: Tickets (open model) 1-31
2026-10-07 21:52:49,831 INFO o.a.j.t.JMeterThread: Thread finished: Tickets (open model) 1-31
2026-10-07 21:52:57,866 INFO o.a.j.t.JMeterThread: Thread is done: Tickets (open model) 1-32
2026-10-07 21:52:57,866 INFO o.a.j.t.JMeterThread: Thread finished: Tickets (open model) 1-32
2026-10-07 21:53:00,364 INFO o.a.j.t.JMeterThread: Thread started: Tickets (open model) 1-33
2026-10-07 21:53:04,244 INFO o.a.j.t.JMeterThread: Thread started: Tickets (open model) 1-34
2026-10-07 21:53:07,807 INFO o.a.j.t.JMeterThread: Thread started: Tickets (open model) 1-35
2026-10-07 21:53:08,231 INFO o.a.j.t.JMeterThread: Thread is done: Tickets (open model) 1-33
2026-10-07 21:53:08,231 INFO o.a.j.t.JMeterThread: Thread finished: Tickets (open model) 1-33
2026-10-07 21:53:14,567 INFO o.a.j.t.JMeterThread: Thread is done: Tickets (open model) 1-34
2026-10-07 21:53:14,567 INFO o.a.j.t.JMeterThread: Thread finished: Tickets (open model) 1-34
2026-10-07 21:53:18,663 INFO o.a.j.t.JMeterThread: Thread is done: Tickets (open model) 1-35
2026-10-07 21:53:18,663 INFO o.a.j.t.JMeterThread: Thread finished: Tickets (open model) 1-35
2026-10-07 21:53:27,045 INFO o.a.j.t.JMeterThread: Thread started: Tickets (open model) 1-36
2026-10-07 21:53:34,957 INFO o.a.j.t.JMeterThread: Thread started: Tickets (open model) 1-37
2026-10-07 21:53:35,513 INFO o.a.j.t.JMeterThread: Thread started: Searches (open model) 2-60
2026-10-07 21:53:35,541 INFO o.a.j.r.Summariser: summary +     17 in 00:02:02 =    0.1/s Avg:  7366 Min:    25 Max: 26059 Err:     0 (0.00%) Active: 3 Started: 97 Finished: 94
2026-10-07 21:53:35,542 INFO o.a.j.r.Summariser: summary =     95 in 00:08:39 =    0.2/s Avg:  3362 Min:    13 Max: 26059 Err:     0 (0.00%)
2026-10-07 21:53:35,542 INFO o.a.j.t.JMeterThread: Thread is done: Searches (open model) 2-60
2026-10-07 21:53:35,542 INFO o.a.j.t.JMeterThread: Thread finished: Searches (open model) 2-60
2026-10-07 21:53:36,820 INFO o.a.j.t.JMeterThread: Thread is done: Tickets (open model) 1-36
2026-10-07 21:53:36,820 INFO o.a.j.t.JMeterThread: Thread finished: Tickets (open model) 1-36
2026-10-07 21:53:37,678 INFO o.a.j.t.JMeterThread: Thread started: Searches (open model) 2-61
2026-10-07 21:53:37,707 INFO o.a.j.t.JMeterThread: Thread is done: Searches (open model) 2-61
2026-10-07 21:53:37,707 INFO o.a.j.t.JMeterThread: Thread finished: Searches (open model) 2-61
2026-10-07 21:53:40,263 INFO o.a.j.t.JMeterThread: Thread is done: Tickets (open model) 1-37
2026-10-07 21:53:40,263 INFO o.a.j.t.JMeterThread: Thread finished: Tickets (open model) 1-37
2026-10-07 21:53:51,355 INFO o.a.j.t.JMeterThread: Thread started: Tickets (open model) 1-38
2026-10-07 21:53:53,749 INFO o.a.j.t.JMeterThread: Thread started: Tickets (open model) 1-39
2026-10-07 21:53:55,219 INFO o.a.j.t.JMeterThread: Thread is done: Tickets (open model) 1-38
2026-10-07 21:53:55,219 INFO o.a.j.t.JMeterThread: Thread finished: Tickets (open model) 1-38
2026-10-07 21:53:55,862 INFO o.a.j.t.JMeterThread: Thread started: Searches (open model) 2-62
2026-10-07 21:53:55,881 INFO o.a.j.t.JMeterThread: Thread is done: Searches (open model) 2-62
2026-10-07 21:53:55,881 INFO o.a.j.t.JMeterThread: Thread finished: Searches (open model) 2-62
2026-10-07 21:53:59,247 INFO o.a.j.t.JMeterThread: Thread started: Searches (open model) 2-63
2026-10-07 21:53:59,275 INFO o.a.j.t.JMeterThread: Thread is done: Searches (open model) 2-63
2026-10-07 21:53:59,275 INFO o.a.j.t.JMeterThread: Thread finished: Searches (open model) 2-63
2026-10-07 21:54:06,016 INFO o.a.j.t.JMeterThread: Thread is done: Tickets (open model) 1-39
2026-10-07 21:54:06,016 INFO o.a.j.t.JMeterThread: Thread finished: Tickets (open model) 1-39
2026-10-07 21:54:27,929 INFO o.a.j.t.JMeterThread: Thread started: Searches (open model) 2-64
2026-10-07 21:54:27,962 INFO o.a.j.t.JMeterThread: Thread is done: Searches (open model) 2-64
2026-10-07 21:54:27,962 INFO o.a.j.t.JMeterThread: Thread finished: Searches (open model) 2-64
2026-10-07 21:54:28,082 INFO o.a.j.t.JMeterThread: Thread started: Tickets (open model) 1-40
2026-10-07 21:54:29,585 INFO o.a.j.t.JMeterThread: Thread started: Searches (open model) 2-65
2026-10-07 21:54:29,634 INFO o.a.j.t.JMeterThread: Thread is done: Searches (open model) 2-65
2026-10-07 21:54:29,634 INFO o.a.j.t.JMeterThread: Thread finished: Searches (open model) 2-65
2026-10-07 21:54:34,021 INFO o.a.j.r.Summariser: summary +     10 in 00:00:58 =    0.2/s Avg:  3730 Min:    19 Max: 12267 Err:     0 (0.00%) Active: 1 Started: 105 Finished: 104
2026-10-07 21:54:34,021 INFO o.a.j.r.Summariser: summary =    105 in 00:09:38 =    0.2/s Avg:  3397 Min:    13 Max: 26059 Err:     0 (0.00%)
2026-10-07 21:54:34,021 INFO o.a.j.t.JMeterThread: Thread is done: Tickets (open model) 1-40
2026-10-07 21:54:34,021 INFO o.a.j.t.JMeterThread: Thread finished: Tickets (open model) 1-40
2026-10-07 21:54:34,049 INFO o.a.j.t.JMeterThread: Thread started: Searches (open model) 2-66
2026-10-07 21:54:34,073 INFO o.a.j.t.JMeterThread: Thread is done: Searches (open model) 2-66
2026-10-07 21:54:34,073 INFO o.a.j.t.JMeterThread: Thread finished: Searches (open model) 2-66
2026-10-07 21:54:39,254 INFO o.a.j.t.JMeterThread: Thread started: Tickets (open model) 1-41
2026-10-07 21:54:49,592 INFO o.a.j.t.JMeterThread: Thread is done: Tickets (open model) 1-41
2026-10-07 21:54:49,592 INFO o.a.j.t.JMeterThread: Thread finished: Tickets (open model) 1-41
2026-10-07 21:54:51,209 INFO o.a.j.t.JMeterThread: Thread started: Searches (open model) 2-67
2026-10-07 21:54:51,231 INFO o.a.j.t.JMeterThread: Thread is done: Searches (open model) 2-67
2026-10-07 21:54:51,231 INFO o.a.j.t.JMeterThread: Thread finished: Searches (open model) 2-67
2026-10-07 21:54:57,308 INFO o.a.j.t.JMeterThread: Thread started: Tickets (open model) 1-42
2026-10-07 21:55:01,669 INFO o.a.j.r.Summariser: summary +      4 in 00:00:28 =    0.1/s Avg:  3686 Min:    21 Max: 10338 Err:     0 (0.00%) Active: 1 Started: 109 Finished: 108
2026-10-07 21:55:01,670 INFO o.a.j.r.Summariser: summary =    109 in 00:10:05 =    0.2/s Avg:  3408 Min:    13 Max: 26059 Err:     0 (0.00%)
2026-10-07 21:55:01,670 INFO o.a.j.t.JMeterThread: Thread is done: Tickets (open model) 1-42
2026-10-07 21:55:01,670 INFO o.a.j.t.JMeterThread: Thread finished: Tickets (open model) 1-42
2026-10-07 21:55:02,684 INFO o.a.j.t.JMeterThread: Thread started: Searches (open model) 2-68
2026-10-07 21:55:02,713 INFO o.a.j.t.JMeterThread: Thread is done: Searches (open model) 2-68
2026-10-07 21:55:02,713 INFO o.a.j.t.JMeterThread: Thread finished: Searches (open model) 2-68
2026-10-07 21:55:04,104 INFO o.a.j.t.JMeterThread: Thread started: Tickets (open model) 1-43
2026-10-07 21:55:12,581 INFO o.a.j.t.JMeterThread: Thread started: Searches (open model) 2-69
2026-10-07 21:55:12,610 INFO o.a.j.t.JMeterThread: Thread is done: Searches (open model) 2-69
2026-10-07 21:55:12,611 INFO o.a.j.t.JMeterThread: Thread finished: Searches (open model) 2-69
2026-10-07 21:55:13,410 INFO o.a.j.t.JMeterThread: Thread started: Searches (open model) 2-70
2026-10-07 21:55:13,444 INFO o.a.j.t.JMeterThread: Thread is done: Searches (open model) 2-70
2026-10-07 21:55:13,444 INFO o.a.j.t.JMeterThread: Thread finished: Searches (open model) 2-70
2026-10-07 21:55:13,564 INFO o.a.j.t.JMeterThread: Thread is done: Tickets (open model) 1-43
2026-10-07 21:55:13,564 INFO o.a.j.t.JMeterThread: Thread finished: Tickets (open model) 1-43
2026-10-07 21:55:15,051 INFO o.a.j.t.JMeterThread: Thread started: Tickets (open model) 1-44
2026-10-07 21:55:16,790 INFO o.a.j.t.JMeterThread: Thread started: Tickets (open model) 1-45
2026-10-07 21:55:19,808 INFO o.a.j.t.JMeterThread: Thread is done: Tickets (open model) 1-44
2026-10-07 21:55:19,808 INFO o.a.j.t.JMeterThread: Thread finished: Tickets (open model) 1-44
2026-10-07 21:55:21,074 INFO o.a.j.t.JMeterThread: Thread started: Searches (open model) 2-71
2026-10-07 21:55:21,105 INFO o.a.j.t.JMeterThread: Thread is done: Searches (open model) 2-71
2026-10-07 21:55:21,105 INFO o.a.j.t.JMeterThread: Thread finished: Searches (open model) 2-71
2026-10-07 21:55:24,835 INFO o.a.j.t.JMeterThread: Thread started: Searches (open model) 2-72
2026-10-07 21:55:24,853 INFO o.a.j.t.JMeterThread: Thread is done: Searches (open model) 2-72
2026-10-07 21:55:24,853 INFO o.a.j.t.JMeterThread: Thread finished: Searches (open model) 2-72
2026-10-07 21:55:25,288 INFO o.a.j.t.JMeterThread: Thread is done: Tickets (open model) 1-45
2026-10-07 21:55:25,288 INFO o.a.j.t.JMeterThread: Thread finished: Tickets (open model) 1-45
2026-10-07 21:55:27,581 INFO o.a.j.t.JMeterThread: Thread started: Tickets (open model) 1-46
2026-10-07 21:55:29,133 INFO o.a.j.t.JMeterThread: Thread started: Searches (open model) 2-73
2026-10-07 21:55:29,173 INFO o.a.j.t.JMeterThread: Thread is done: Searches (open model) 2-73
2026-10-07 21:55:29,173 INFO o.a.j.t.JMeterThread: Thread finished: Searches (open model) 2-73
2026-10-07 21:55:29,675 INFO o.a.j.t.JMeterThread: Thread started: Tickets (open model) 1-47
2026-10-07 21:55:32,789 INFO o.a.j.r.Summariser: summary +     10 in 00:00:31 =    0.3/s Avg:  2809 Min:    17 Max:  9459 Err:     0 (0.00%) Active: 2 Started: 120 Finished: 118
2026-10-07 21:55:32,789 INFO o.a.j.r.Summariser: summary =    119 in 00:10:36 =    0.2/s Avg:  3357 Min:    13 Max: 26059 Err:     0 (0.00%)
2026-10-07 21:55:32,789 INFO o.a.j.t.JMeterThread: Thread is done: Tickets (open model) 1-46
2026-10-07 21:55:32,789 INFO o.a.j.t.JMeterThread: Thread finished: Tickets (open model) 1-46
2026-10-07 21:55:35,966 INFO o.a.j.t.JMeterThread: Thread started: Searches (open model) 2-74
2026-10-07 21:55:35,978 INFO o.a.j.t.JMeterThread: Thread is done: Searches (open model) 2-74
2026-10-07 21:55:35,978 INFO o.a.j.t.JMeterThread: Thread finished: Searches (open model) 2-74
2026-10-07 21:55:38,791 INFO o.a.j.t.JMeterThread: Thread is done: Tickets (open model) 1-47
2026-10-07 21:55:38,791 INFO o.a.j.t.JMeterThread: Thread finished: Tickets (open model) 1-47
2026-10-07 21:55:48,598 INFO o.a.j.t.JMeterThread: Thread started: Searches (open model) 2-75
2026-10-07 21:55:48,652 INFO o.a.j.t.JMeterThread: Thread is done: Searches (open model) 2-75
2026-10-07 21:55:48,652 INFO o.a.j.t.JMeterThread: Thread finished: Searches (open model) 2-75
2026-10-07 21:55:55,990 INFO o.a.j.t.JMeterThread: Thread started: Tickets (open model) 1-48
2026-10-07 21:55:59,880 INFO o.a.j.t.JMeterThread: Thread started: Searches (open model) 2-76
2026-10-07 21:55:59,945 INFO o.a.j.t.JMeterThread: Thread is done: Searches (open model) 2-76
2026-10-07 21:55:59,945 INFO o.a.j.t.JMeterThread: Thread finished: Searches (open model) 2-76
2026-10-07 21:56:00,635 INFO o.a.j.t.JMeterThread: Thread started: Searches (open model) 2-77
2026-10-07 21:56:00,679 INFO o.a.j.r.Summariser: summary +      5 in 00:00:28 =    0.2/s Avg:  1857 Min:    11 Max:  9116 Err:     0 (0.00%) Active: 2 Started: 125 Finished: 123
2026-10-07 21:56:00,679 INFO o.a.j.r.Summariser: summary =    124 in 00:11:04 =    0.2/s Avg:  3297 Min:    11 Max: 26059 Err:     0 (0.00%)
2026-10-07 21:56:00,679 INFO o.a.j.t.JMeterThread: Thread is done: Searches (open model) 2-77
2026-10-07 21:56:00,679 INFO o.a.j.t.JMeterThread: Thread finished: Searches (open model) 2-77
2026-10-07 21:56:03,695 INFO o.a.j.t.JMeterThread: Thread is done: Tickets (open model) 1-48
2026-10-07 21:56:03,695 INFO o.a.j.t.JMeterThread: Thread finished: Tickets (open model) 1-48
2026-10-07 21:56:08,550 INFO o.a.j.t.JMeterThread: Thread started: Searches (open model) 2-78
2026-10-07 21:56:08,584 INFO o.a.j.t.JMeterThread: Thread is done: Searches (open model) 2-78
2026-10-07 21:56:08,584 INFO o.a.j.t.JMeterThread: Thread finished: Searches (open model) 2-78
2026-10-07 21:56:12,220 INFO o.a.j.t.JMeterThread: Thread started: Searches (open model) 2-79
2026-10-07 21:56:12,247 INFO o.a.j.t.JMeterThread: Thread is done: Searches (open model) 2-79
2026-10-07 21:56:12,247 INFO o.a.j.t.JMeterThread: Thread finished: Searches (open model) 2-79
2026-10-07 21:56:18,118 INFO o.a.j.t.JMeterThread: Thread started: Searches (open model) 2-80
2026-10-07 21:56:18,180 INFO o.a.j.t.JMeterThread: Thread is done: Searches (open model) 2-80
2026-10-07 21:56:18,180 INFO o.a.j.t.JMeterThread: Thread finished: Searches (open model) 2-80
2026-10-07 21:56:19,754 INFO o.a.j.t.JMeterThread: Thread started: Searches (open model) 2-81
2026-10-07 21:56:19,807 INFO o.a.j.t.JMeterThread: Thread is done: Searches (open model) 2-81
2026-10-07 21:56:19,807 INFO o.a.j.t.JMeterThread: Thread finished: Searches (open model) 2-81
2026-10-07 21:56:22,981 INFO o.a.j.t.JMeterThread: Thread started: Searches (open model) 2-82
2026-10-07 21:56:23,013 INFO o.a.j.t.JMeterThread: Thread is done: Searches (open model) 2-82
2026-10-07 21:56:23,013 INFO o.a.j.t.JMeterThread: Thread finished: Searches (open model) 2-82
2026-10-07 21:56:24,646 INFO o.a.j.t.JMeterThread: Thread started: Tickets (open model) 1-49
2026-10-07 21:56:32,225 INFO o.a.j.t.JMeterThread: Thread started: Searches (open model) 2-83
2026-10-07 21:56:32,261 INFO o.a.j.r.Summariser: summary +      7 in 00:00:32 =    0.2/s Avg:  1134 Min:    26 Max:  7704 Err:     0 (0.00%) Active: 2 Started: 132 Finished: 130
2026-10-07 21:56:32,261 INFO o.a.j.r.Summariser: summary =    131 in 00:11:36 =    0.2/s Avg:  3181 Min:    11 Max: 26059 Err:     0 (0.00%)
2026-10-07 21:56:32,261 INFO o.a.j.t.JMeterThread: Thread is done: Searches (open model) 2-83
2026-10-07 21:56:32,261 INFO o.a.j.t.JMeterThread: Thread finished: Searches (open model) 2-83
2026-10-07 21:56:33,108 INFO o.a.j.t.JMeterThread: Thread started: Searches (open model) 2-84
2026-10-07 21:56:33,128 INFO o.a.j.t.JMeterThread: Thread is done: Searches (open model) 2-84
2026-10-07 21:56:33,128 INFO o.a.j.t.JMeterThread: Thread finished: Searches (open model) 2-84
2026-10-07 21:56:33,201 INFO o.a.j.t.JMeterThread: Thread is done: Tickets (open model) 1-49
2026-10-07 21:56:33,201 INFO o.a.j.t.JMeterThread: Thread finished: Tickets (open model) 1-49
2026-10-07 21:56:34,424 INFO o.a.j.t.JMeterThread: Thread started: Searches (open model) 2-85
2026-10-07 21:56:34,443 INFO o.a.j.t.JMeterThread: Thread is done: Searches (open model) 2-85
2026-10-07 21:56:34,443 INFO o.a.j.t.JMeterThread: Thread finished: Searches (open model) 2-85
2026-10-07 21:56:35,646 INFO o.a.j.t.JMeterThread: Thread started: Searches (open model) 2-86
2026-10-07 21:56:35,675 INFO o.a.j.t.JMeterThread: Thread is done: Searches (open model) 2-86
2026-10-07 21:56:35,675 INFO o.a.j.t.JMeterThread: Thread finished: Searches (open model) 2-86
2026-10-07 21:56:41,836 INFO o.a.j.t.JMeterThread: Thread started: Searches (open model) 2-87
2026-10-07 21:56:41,855 INFO o.a.j.t.JMeterThread: Thread is done: Searches (open model) 2-87
2026-10-07 21:56:41,855 INFO o.a.j.t.JMeterThread: Thread finished: Searches (open model) 2-87
2026-10-07 21:56:42,879 INFO o.a.j.t.JMeterThread: Thread started: Searches (open model) 2-88
2026-10-07 21:56:42,911 INFO o.a.j.t.JMeterThread: Thread is done: Searches (open model) 2-88
2026-10-07 21:56:42,912 INFO o.a.j.t.JMeterThread: Thread finished: Searches (open model) 2-88
2026-10-07 21:56:47,698 INFO o.a.j.t.JMeterThread: Thread started: Searches (open model) 2-89
2026-10-07 21:56:47,719 INFO o.a.j.t.JMeterThread: Thread is done: Searches (open model) 2-89
2026-10-07 21:56:47,719 INFO o.a.j.t.JMeterThread: Thread finished: Searches (open model) 2-89
2026-10-07 21:56:47,950 INFO o.a.j.t.JMeterThread: Thread started: Searches (open model) 2-90
2026-10-07 21:56:47,950 INFO o.a.j.t.o.EvenArrivalsRamp: Generating 0 events, beginRate = 0.0 / sec, endRate = 0.0 / sec, duration = 190.0 sec
2026-10-07 21:56:47,950 INFO o.a.j.t.o.OpenModelThreadGroup: There will be no more events, so will wait for 198 sec till the end of the schedule
2026-10-07 21:56:47,990 INFO o.a.j.t.JMeterThread: Thread is done: Searches (open model) 2-90
2026-10-07 21:56:47,990 INFO o.a.j.t.JMeterThread: Thread finished: Searches (open model) 2-90
2026-10-07 21:56:50,658 INFO o.a.j.t.o.EvenArrivalsRamp: Generating 0 events, beginRate = 0.0 / sec, endRate = 0.0 / sec, duration = 190.0 sec
2026-10-07 21:56:50,658 INFO o.a.j.t.JMeterThread: Thread started: Tickets (open model) 1-50
2026-10-07 21:56:50,658 INFO o.a.j.t.o.OpenModelThreadGroup: There will be no more events, so will wait for 195 sec till the end of the schedule
2026-10-07 21:56:59,172 INFO o.a.j.t.JMeterThread: Thread is done: Tickets (open model) 1-50
2026-10-07 21:56:59,172 INFO o.a.j.t.JMeterThread: Thread finished: Tickets (open model) 1-50
2026-10-07 22:00:06,140 INFO o.a.j.t.o.OpenModelThreadGroup: There will be no more events, will shutdown the thread pool
2026-10-07 22:00:06,140 INFO o.a.j.t.o.OpenModelThreadGroup: There will be no more events, will shutdown the thread pool
2026-10-07 22:00:06,140 INFO o.a.j.t.o.OpenModelThreadGroup: Thread starting done
2026-10-07 22:00:06,140 INFO o.a.j.t.o.OpenModelThreadGroup: Thread starting done
2026-10-07 22:00:06,140 INFO o.a.j.e.StandardJMeterEngine: Notifying test listeners of end of test
2026-10-07 22:00:06,140 INFO o.a.j.s.FileServer: Close: C:\Users\Owen\Desktop\ICT3113_Assignment_1\jmeter\data\team_narratives.tsv
2026-10-07 22:00:06,140 INFO o.a.j.s.FileServer: Close: C:\Users\Owen\Desktop\ICT3113_Assignment_1\jmeter\data\search_terms.txt
2026-10-07 22:00:06,141 INFO o.a.j.r.Summariser: summary +      9 in 00:03:34 =    0.0/s Avg:  1915 Min:    18 Max:  8555 Err:     0 (0.00%) Active: 0 Started: 140 Finished: 140
2026-10-07 22:00:06,143 INFO o.a.j.r.Summariser: summary =    140 in 00:15:10 =    0.2/s Avg:  3100 Min:    11 Max: 26059 Err:     0 (0.00%)
