2026-10-07 21:06:18,056 INFO o.a.j.u.JMeterUtils: Setting Locale to en_EN
2026-10-07 21:06:18,065 INFO o.a.j.JMeter: Loading user properties from: user.properties
2026-10-07 21:06:18,065 INFO o.a.j.JMeter: Loading system properties from: system.properties
2026-10-07 21:06:18,065 INFO o.a.j.JMeter: Loading additional properties from: C:\Users\Owen\Desktop\ICT3113_Assignment_1\jmeter\results.properties
2026-10-07 21:06:18,065 INFO o.a.j.JMeter: Setting JMeter property: host=192.168.1.170
2026-10-07 21:06:18,066 INFO o.a.j.JMeter: Setting JMeter property: port=8000
2026-10-07 21:06:18,066 INFO o.a.j.JMeter: Setting JMeter property: protocol=http
2026-10-07 21:06:18,066 INFO o.a.j.JMeter: Setting JMeter property: rate=250
2026-10-07 21:06:18,066 INFO o.a.j.JMeter: Setting JMeter property: duration_s=720
2026-10-07 21:06:18,066 INFO o.a.j.JMeter: Setting JMeter property: drain_s=190
2026-10-07 21:06:18,066 INFO o.a.j.JMeter: Setting JMeter property: search_schedule=rate(450/hour)random_arrivals(720s)pause(190s)
2026-10-07 21:06:18,066 INFO o.a.j.JMeter: Setting JMeter property: seed=311301
2026-10-07 21:06:18,066 INFO o.a.j.JMeter: Setting JMeter property: search_seed=311351
2026-10-07 21:06:18,066 INFO o.a.j.JMeter: Setting JMeter property: data_file=C:\Users\Owen\Desktop\ICT3113_Assignment_1\jmeter\data\team_narratives.tsv
2026-10-07 21:06:18,066 INFO o.a.j.JMeter: Setting JMeter property: search_file=C:\Users\Owen\Desktop\ICT3113_Assignment_1\jmeter\data\search_terms.txt
2026-10-07 21:06:18,066 INFO o.a.j.JMeter: Setting JMeter property: timeout_ms=180000
2026-10-07 21:06:18,070 INFO o.a.j.JMeter: Copyright (c) 1998-2024 The Apache Software Foundation
2026-10-07 21:06:18,070 INFO o.a.j.JMeter: Version 5.6.3
2026-10-07 21:06:18,070 INFO o.a.j.JMeter: java.version=1.8.0_333
2026-10-07 21:06:18,070 INFO o.a.j.JMeter: java.vm.name=Java HotSpot(TM) 64-Bit Server VM
2026-10-07 21:06:18,070 INFO o.a.j.JMeter: os.name=Windows 11
2026-10-07 21:06:18,070 INFO o.a.j.JMeter: os.arch=amd64
2026-10-07 21:06:18,070 INFO o.a.j.JMeter: os.version=10.0
2026-10-07 21:06:18,071 INFO o.a.j.JMeter: file.encoding=Cp1252
2026-10-07 21:06:18,071 INFO o.a.j.JMeter: java.awt.headless=true
2026-10-07 21:06:18,071 INFO o.a.j.JMeter: Max memory     =1073741824
2026-10-07 21:06:18,071 INFO o.a.j.JMeter: Available Processors =16
2026-10-07 21:06:18,073 INFO o.a.j.JMeter: Default Locale=English (EN)
2026-10-07 21:06:18,073 INFO o.a.j.JMeter: JMeter  Locale=English (EN)
2026-10-07 21:06:18,073 INFO o.a.j.JMeter: JMeterHome=C:\Users\Owen\Downloads\apache-jmeter-5.6.3\apache-jmeter-5.6.3
2026-10-07 21:06:18,073 INFO o.a.j.JMeter: user.dir  =C:\Users\Owen\Downloads\apache-jmeter-5.6.3\apache-jmeter-5.6.3\bin
2026-10-07 21:06:18,074 INFO o.a.j.JMeter: PWD       =C:\Users\Owen\Downloads\apache-jmeter-5.6.3\apache-jmeter-5.6.3\bin
2026-10-07 21:06:23,009 INFO o.a.j.JMeter: IP: 10.5.0.2 Name: DESKTOP-AK5RA9C FullName: DESKTOP-AK5RA9C
2026-10-07 21:06:23,020 INFO o.a.j.s.FileServer: Default base='C:\Users\Owen\Downloads\apache-jmeter-5.6.3\apache-jmeter-5.6.3\bin'
2026-10-07 21:06:23,023 INFO o.a.j.s.FileServer: Set new base='C:\Users\Owen\Desktop\ICT3113_Assignment_1\jmeter'
2026-10-07 21:06:23,098 INFO o.a.j.s.SaveService: Testplan (JMX) version: 2.2. Testlog (JTL) version: 2.2
2026-10-07 21:06:23,110 INFO o.a.j.s.SaveService: Using SaveService properties file encoding UTF-8
2026-10-07 21:06:23,113 INFO o.a.j.s.SaveService: Using SaveService properties version 5.0
2026-10-07 21:06:23,116 INFO o.a.j.s.SaveService: Loading file: C:\Users\Owen\Desktop\ICT3113_Assignment_1\jmeter\ticket_load_test.jmx
2026-10-07 21:06:23,163 INFO o.a.j.p.h.s.HTTPSamplerBase: Parser for text/html is org.apache.jmeter.protocol.http.parser.LagartoBasedHtmlParser
2026-10-07 21:06:23,163 INFO o.a.j.p.h.s.HTTPSamplerBase: Parser for application/xhtml+xml is org.apache.jmeter.protocol.http.parser.LagartoBasedHtmlParser
2026-10-07 21:06:23,163 INFO o.a.j.p.h.s.HTTPSamplerBase: Parser for application/xml is org.apache.jmeter.protocol.http.parser.LagartoBasedHtmlParser
2026-10-07 21:06:23,163 INFO o.a.j.p.h.s.HTTPSamplerBase: Parser for text/xml is org.apache.jmeter.protocol.http.parser.LagartoBasedHtmlParser
2026-10-07 21:06:23,163 INFO o.a.j.p.h.s.HTTPSamplerBase: Parser for text/vnd.wap.wml is org.apache.jmeter.protocol.http.parser.RegexpHTMLParser
2026-10-07 21:06:23,163 INFO o.a.j.p.h.s.HTTPSamplerBase: Parser for text/css is org.apache.jmeter.protocol.http.parser.CssParser
2026-10-07 21:06:23,317 INFO o.a.j.JMeter: Creating summariser <summary>
2026-10-07 21:06:23,328 INFO o.a.j.e.StandardJMeterEngine: Running the test!
2026-10-07 21:06:23,328 INFO o.a.j.s.SampleEvent: List of sample_variables: [request_id, ticket_row]
2026-10-07 21:06:23,328 INFO o.a.j.s.SampleEvent: List of sample_variables: [request_id, ticket_row]
2026-10-07 21:06:23,332 INFO o.a.j.e.u.CompoundVariable: Note: Function class names must contain the string: '.functions.'
2026-10-07 21:06:23,332 INFO o.a.j.e.u.CompoundVariable: Note: Function class names must not contain the string: '.gui.'
2026-10-07 21:06:23,507 INFO o.a.j.JMeter: Running test (1791378383507)
2026-10-07 21:06:23,534 INFO o.a.j.e.StandardJMeterEngine: Starting ThreadGroup: 1 : Tickets (open model)
2026-10-07 21:06:23,534 INFO o.a.j.e.StandardJMeterEngine: Starting 0 threads for group Tickets (open model).
2026-10-07 21:06:23,534 INFO o.a.j.e.StandardJMeterEngine: Thread will continue on error
2026-10-07 21:06:23,534 INFO o.a.j.t.o.OpenModelThreadGroup: Starting OpenModelThreadGroup#1 with schedule rate(250/hour) random_arrivals(720 s) pause(190 s)
2026-10-07 21:06:23,565 INFO o.a.j.e.StandardJMeterEngine: Starting ThreadGroup: 2 : Searches (open model)
2026-10-07 21:06:23,565 INFO o.a.j.e.StandardJMeterEngine: Starting 0 threads for group Searches (open model).
2026-10-07 21:06:23,565 INFO o.a.j.e.StandardJMeterEngine: Thread will continue on error
2026-10-07 21:06:23,565 INFO o.a.j.t.o.OpenModelThreadGroup: Starting OpenModelThreadGroup#2 with schedule rate(450/hour)random_arrivals(720s)pause(190s)
2026-10-07 21:06:23,565 INFO o.a.j.t.o.OpenModelThreadGroup: Thread starting init
2026-10-07 21:06:23,565 INFO o.a.j.e.StandardJMeterEngine: All thread groups have been started
2026-10-07 21:06:23,566 INFO o.a.j.t.o.OpenModelThreadGroup: Thread starting init
2026-10-07 21:06:23,568 INFO o.a.j.t.o.PoissonArrivalsRamp: Generating 90 events, beginRate = 0.125 / sec, endRate = 0.125 / sec, duration = 720.0 sec
2026-10-07 21:06:23,568 INFO o.a.j.t.o.PoissonArrivalsRamp: Generating 50 events, beginRate = 0.06944444444444445 / sec, endRate = 0.06944444444444445 / sec, duration = 720.0 sec
2026-10-07 21:06:31,865 INFO o.a.j.t.JMeterThread: Thread started: Searches (open model) 2-1
2026-10-07 21:06:31,866 INFO o.a.j.s.FileServer: Stored: C:\Users\Owen\Desktop\ICT3113_Assignment_1\jmeter\data\search_terms.txt
2026-10-07 21:06:31,888 INFO o.a.j.p.h.s.HTTPHCAbstractImpl: Local host = DESKTOP-AK5RA9C
2026-10-07 21:06:31,894 INFO o.a.j.p.h.s.HTTPHC4Impl: HTTP request retry count = 0
2026-10-07 21:06:31,895 INFO o.a.j.s.SampleResult: Note: Sample TimeStamps are START times
2026-10-07 21:06:31,895 INFO o.a.j.s.SampleResult: sampleresult.default.encoding is set to UTF-8
2026-10-07 21:06:31,895 INFO o.a.j.s.SampleResult: sampleresult.useNanoTime=true
2026-10-07 21:06:31,895 INFO o.a.j.s.SampleResult: sampleresult.nanoThreadSleep=5000
2026-10-07 21:06:32,022 INFO o.a.j.r.Summariser: summary +      1 in 00:00:09 =    0.1/s Avg:    82 Min:    82 Max:    82 Err:     0 (0.00%) Active: 1 Started: 1 Finished: 0
2026-10-07 21:06:32,023 INFO o.a.j.t.JMeterThread: Thread is done: Searches (open model) 2-1
2026-10-07 21:06:32,023 INFO o.a.j.t.JMeterThread: Thread finished: Searches (open model) 2-1
2026-10-07 21:06:35,957 INFO o.a.j.t.JMeterThread: Thread started: Searches (open model) 2-2
2026-10-07 21:06:35,972 INFO o.a.j.t.JMeterThread: Thread is done: Searches (open model) 2-2
2026-10-07 21:06:35,972 INFO o.a.j.t.JMeterThread: Thread finished: Searches (open model) 2-2
2026-10-07 21:06:38,447 INFO o.a.j.t.JMeterThread: Thread started: Searches (open model) 2-3
2026-10-07 21:06:38,463 INFO o.a.j.t.JMeterThread: Thread is done: Searches (open model) 2-3
2026-10-07 21:06:38,463 INFO o.a.j.t.JMeterThread: Thread finished: Searches (open model) 2-3
2026-10-07 21:06:45,354 INFO o.a.j.t.JMeterThread: Thread started: Tickets (open model) 1-1
2026-10-07 21:06:45,355 INFO o.a.j.s.FileServer: Stored: C:\Users\Owen\Desktop\ICT3113_Assignment_1\jmeter\data\team_narratives.tsv
2026-10-07 21:06:47,337 INFO o.a.j.t.JMeterThread: Thread started: Searches (open model) 2-4
2026-10-07 21:06:47,358 INFO o.a.j.t.JMeterThread: Thread is done: Searches (open model) 2-4
2026-10-07 21:06:47,358 INFO o.a.j.t.JMeterThread: Thread finished: Searches (open model) 2-4
2026-10-07 21:06:52,045 INFO o.a.j.t.JMeterThread: Thread started: Searches (open model) 2-5
2026-10-07 21:06:52,069 INFO o.a.j.t.JMeterThread: Thread is done: Searches (open model) 2-5
2026-10-07 21:06:52,069 INFO o.a.j.t.JMeterThread: Thread finished: Searches (open model) 2-5
2026-10-07 21:07:01,172 INFO o.a.j.t.JMeterThread: Thread started: Searches (open model) 2-6
2026-10-07 21:07:01,198 INFO o.a.j.r.Summariser: summary +      5 in 00:00:29 =    0.2/s Avg:    18 Min:    13 Max:    23 Err:     0 (0.00%) Active: 2 Started: 7 Finished: 5
2026-10-07 21:07:01,200 INFO o.a.j.r.Summariser: summary =      6 in 00:00:38 =    0.2/s Avg:    29 Min:    13 Max:    82 Err:     0 (0.00%)
2026-10-07 21:07:01,200 INFO o.a.j.t.JMeterThread: Thread is done: Searches (open model) 2-6
2026-10-07 21:07:01,200 INFO o.a.j.t.JMeterThread: Thread finished: Searches (open model) 2-6
2026-10-07 21:07:01,663 INFO o.a.j.t.JMeterThread: Thread is done: Tickets (open model) 1-1
2026-10-07 21:07:01,663 INFO o.a.j.t.JMeterThread: Thread finished: Tickets (open model) 1-1
2026-10-07 21:07:06,982 INFO o.a.j.t.JMeterThread: Thread started: Searches (open model) 2-7
2026-10-07 21:07:07,013 INFO o.a.j.t.JMeterThread: Thread is done: Searches (open model) 2-7
2026-10-07 21:07:07,013 INFO o.a.j.t.JMeterThread: Thread finished: Searches (open model) 2-7
2026-10-07 21:07:10,253 INFO o.a.j.t.JMeterThread: Thread started: Tickets (open model) 1-2
2026-10-07 21:07:15,433 INFO o.a.j.t.JMeterThread: Thread is done: Tickets (open model) 1-2
2026-10-07 21:07:15,433 INFO o.a.j.t.JMeterThread: Thread finished: Tickets (open model) 1-2
2026-10-07 21:07:18,723 INFO o.a.j.t.JMeterThread: Thread started: Tickets (open model) 1-3
2026-10-07 21:07:21,143 INFO o.a.j.t.JMeterThread: Thread started: Searches (open model) 2-8
2026-10-07 21:07:21,170 INFO o.a.j.t.JMeterThread: Thread is done: Searches (open model) 2-8
2026-10-07 21:07:21,170 INFO o.a.j.t.JMeterThread: Thread finished: Searches (open model) 2-8
2026-10-07 21:07:21,372 INFO o.a.j.t.JMeterThread: Thread started: Searches (open model) 2-9
2026-10-07 21:07:21,398 INFO o.a.j.t.JMeterThread: Thread is done: Searches (open model) 2-9
2026-10-07 21:07:21,398 INFO o.a.j.t.JMeterThread: Thread finished: Searches (open model) 2-9
2026-10-07 21:07:22,150 INFO o.a.j.t.JMeterThread: Thread started: Searches (open model) 2-10
2026-10-07 21:07:22,167 INFO o.a.j.t.JMeterThread: Thread is done: Searches (open model) 2-10
2026-10-07 21:07:22,167 INFO o.a.j.t.JMeterThread: Thread finished: Searches (open model) 2-10
2026-10-07 21:07:23,552 INFO o.a.j.t.JMeterThread: Thread started: Searches (open model) 2-11
2026-10-07 21:07:23,569 INFO o.a.j.t.JMeterThread: Thread is done: Searches (open model) 2-11
2026-10-07 21:07:23,569 INFO o.a.j.t.JMeterThread: Thread finished: Searches (open model) 2-11
2026-10-07 21:07:24,807 INFO o.a.j.t.JMeterThread: Thread started: Searches (open model) 2-12
2026-10-07 21:07:24,831 INFO o.a.j.t.JMeterThread: Thread is done: Searches (open model) 2-12
2026-10-07 21:07:24,831 INFO o.a.j.t.JMeterThread: Thread finished: Searches (open model) 2-12
2026-10-07 21:07:25,195 INFO o.a.j.t.JMeterThread: Thread started: Searches (open model) 2-13
2026-10-07 21:07:25,218 INFO o.a.j.t.JMeterThread: Thread is done: Searches (open model) 2-13
2026-10-07 21:07:25,218 INFO o.a.j.t.JMeterThread: Thread finished: Searches (open model) 2-13
2026-10-07 21:07:25,470 INFO o.a.j.t.JMeterThread: Thread is done: Tickets (open model) 1-3
2026-10-07 21:07:25,470 INFO o.a.j.t.JMeterThread: Thread finished: Tickets (open model) 1-3
2026-10-07 21:07:28,009 INFO o.a.j.t.JMeterThread: Thread started: Searches (open model) 2-14
2026-10-07 21:07:28,025 INFO o.a.j.t.JMeterThread: Thread is done: Searches (open model) 2-14
2026-10-07 21:07:28,025 INFO o.a.j.t.JMeterThread: Thread finished: Searches (open model) 2-14
2026-10-07 21:07:29,052 INFO o.a.j.t.JMeterThread: Thread started: Searches (open model) 2-15
2026-10-07 21:07:29,092 INFO o.a.j.t.JMeterThread: Thread is done: Searches (open model) 2-15
2026-10-07 21:07:29,092 INFO o.a.j.t.JMeterThread: Thread finished: Searches (open model) 2-15
2026-10-07 21:07:41,599 INFO o.a.j.t.JMeterThread: Thread started: Tickets (open model) 1-4
2026-10-07 21:07:48,033 INFO o.a.j.t.JMeterThread: Thread started: Searches (open model) 2-16
2026-10-07 21:07:48,058 INFO o.a.j.t.JMeterThread: Thread is done: Searches (open model) 2-16
2026-10-07 21:07:48,058 INFO o.a.j.t.JMeterThread: Thread finished: Searches (open model) 2-16
2026-10-07 21:07:51,141 INFO o.a.j.t.JMeterThread: Thread is done: Tickets (open model) 1-4
2026-10-07 21:07:51,141 INFO o.a.j.t.JMeterThread: Thread finished: Tickets (open model) 1-4
2026-10-07 21:08:08,527 INFO o.a.j.t.JMeterThread: Thread started: Searches (open model) 2-17
2026-10-07 21:08:08,593 INFO o.a.j.t.JMeterThread: Thread is done: Searches (open model) 2-17
2026-10-07 21:08:08,594 INFO o.a.j.t.JMeterThread: Thread finished: Searches (open model) 2-17
2026-10-07 21:08:14,571 INFO o.a.j.t.JMeterThread: Thread started: Tickets (open model) 1-5
2026-10-07 21:08:17,270 INFO o.a.j.t.JMeterThread: Thread started: Searches (open model) 2-18
2026-10-07 21:08:17,302 INFO o.a.j.t.JMeterThread: Thread is done: Searches (open model) 2-18
2026-10-07 21:08:17,302 INFO o.a.j.t.JMeterThread: Thread finished: Searches (open model) 2-18
2026-10-07 21:08:18,333 INFO o.a.j.t.JMeterThread: Thread is done: Tickets (open model) 1-5
2026-10-07 21:08:18,333 INFO o.a.j.t.JMeterThread: Thread finished: Tickets (open model) 1-5
2026-10-07 21:08:29,386 INFO o.a.j.t.JMeterThread: Thread started: Searches (open model) 2-19
2026-10-07 21:08:29,408 INFO o.a.j.t.JMeterThread: Thread is done: Searches (open model) 2-19
2026-10-07 21:08:29,408 INFO o.a.j.t.JMeterThread: Thread finished: Searches (open model) 2-19
2026-10-07 21:08:44,679 INFO o.a.j.t.JMeterThread: Thread started: Searches (open model) 2-20
2026-10-07 21:08:44,703 INFO o.a.j.t.JMeterThread: Thread is done: Searches (open model) 2-20
2026-10-07 21:08:44,703 INFO o.a.j.t.JMeterThread: Thread finished: Searches (open model) 2-20
2026-10-07 21:08:51,702 INFO o.a.j.t.JMeterThread: Thread started: Tickets (open model) 1-6
2026-10-07 21:08:52,712 INFO o.a.j.t.JMeterThread: Thread started: Searches (open model) 2-21
2026-10-07 21:08:52,738 INFO o.a.j.t.JMeterThread: Thread is done: Searches (open model) 2-21
2026-10-07 21:08:52,738 INFO o.a.j.t.JMeterThread: Thread finished: Searches (open model) 2-21
2026-10-07 21:08:56,082 INFO o.a.j.t.JMeterThread: Thread is done: Tickets (open model) 1-6
2026-10-07 21:08:56,083 INFO o.a.j.t.JMeterThread: Thread finished: Tickets (open model) 1-6
2026-10-07 21:09:00,922 INFO o.a.j.t.JMeterThread: Thread started: Searches (open model) 2-22
2026-10-07 21:09:00,940 INFO o.a.j.r.Summariser: summary +     22 in 00:02:00 =    0.2/s Avg:  2105 Min:    14 Max: 16306 Err:     0 (0.00%) Active: 1 Started: 28 Finished: 27
2026-10-07 21:09:00,940 INFO o.a.j.r.Summariser: summary =     28 in 00:02:37 =    0.2/s Avg:  1660 Min:    13 Max: 16306 Err:     0 (0.00%)
2026-10-07 21:09:00,942 INFO o.a.j.t.JMeterThread: Thread is done: Searches (open model) 2-22
2026-10-07 21:09:00,942 INFO o.a.j.t.JMeterThread: Thread finished: Searches (open model) 2-22
2026-10-07 21:09:13,705 INFO o.a.j.t.JMeterThread: Thread started: Searches (open model) 2-23
2026-10-07 21:09:13,742 INFO o.a.j.t.JMeterThread: Thread is done: Searches (open model) 2-23
2026-10-07 21:09:13,742 INFO o.a.j.t.JMeterThread: Thread finished: Searches (open model) 2-23
2026-10-07 21:09:14,874 INFO o.a.j.t.JMeterThread: Thread started: Tickets (open model) 1-7
2026-10-07 21:09:19,600 INFO o.a.j.t.JMeterThread: Thread started: Tickets (open model) 1-8
2026-10-07 21:09:21,044 INFO o.a.j.t.JMeterThread: Thread is done: Tickets (open model) 1-7
2026-10-07 21:09:21,044 INFO o.a.j.t.JMeterThread: Thread finished: Tickets (open model) 1-7
2026-10-07 21:09:22,247 INFO o.a.j.t.JMeterThread: Thread started: Tickets (open model) 1-9
2026-10-07 21:09:26,613 INFO o.a.j.t.JMeterThread: Thread is done: Tickets (open model) 1-8
2026-10-07 21:09:26,613 INFO o.a.j.t.JMeterThread: Thread finished: Tickets (open model) 1-8
2026-10-07 21:09:32,566 INFO o.a.j.t.JMeterThread: Thread started: Tickets (open model) 1-10
2026-10-07 21:09:33,112 INFO o.a.j.r.Summariser: summary +      4 in 00:00:32 =    0.1/s Avg:  6020 Min:    36 Max: 10865 Err:     0 (0.00%) Active: 2 Started: 33 Finished: 31
2026-10-07 21:09:33,112 INFO o.a.j.r.Summariser: summary =     32 in 00:03:10 =    0.2/s Avg:  2205 Min:    13 Max: 16306 Err:     0 (0.00%)
2026-10-07 21:09:33,113 INFO o.a.j.t.JMeterThread: Thread is done: Tickets (open model) 1-9
2026-10-07 21:09:33,113 INFO o.a.j.t.JMeterThread: Thread finished: Tickets (open model) 1-9
2026-10-07 21:09:37,011 INFO o.a.j.t.JMeterThread: Thread started: Searches (open model) 2-24
2026-10-07 21:09:37,024 INFO o.a.j.t.JMeterThread: Thread is done: Searches (open model) 2-24
2026-10-07 21:09:37,024 INFO o.a.j.t.JMeterThread: Thread finished: Searches (open model) 2-24
2026-10-07 21:09:37,792 INFO o.a.j.t.JMeterThread: Thread is done: Tickets (open model) 1-10
2026-10-07 21:09:37,792 INFO o.a.j.t.JMeterThread: Thread finished: Tickets (open model) 1-10
2026-10-07 21:09:44,491 INFO o.a.j.t.JMeterThread: Thread started: Searches (open model) 2-25
2026-10-07 21:09:44,512 INFO o.a.j.t.JMeterThread: Thread is done: Searches (open model) 2-25
2026-10-07 21:09:44,512 INFO o.a.j.t.JMeterThread: Thread finished: Searches (open model) 2-25
2026-10-07 21:09:46,852 INFO o.a.j.t.JMeterThread: Thread started: Searches (open model) 2-26
2026-10-07 21:09:46,872 INFO o.a.j.t.JMeterThread: Thread is done: Searches (open model) 2-26
2026-10-07 21:09:46,872 INFO o.a.j.t.JMeterThread: Thread finished: Searches (open model) 2-26
2026-10-07 21:09:47,931 INFO o.a.j.t.JMeterThread: Thread started: Searches (open model) 2-27
2026-10-07 21:09:47,962 INFO o.a.j.t.JMeterThread: Thread is done: Searches (open model) 2-27
2026-10-07 21:09:47,962 INFO o.a.j.t.JMeterThread: Thread finished: Searches (open model) 2-27
2026-10-07 21:10:04,750 INFO o.a.j.t.JMeterThread: Thread started: Searches (open model) 2-28
2026-10-07 21:10:04,770 INFO o.a.j.r.Summariser: summary +      6 in 00:00:32 =    0.2/s Avg:   887 Min:    12 Max:  5224 Err:     0 (0.00%) Active: 1 Started: 38 Finished: 37
2026-10-07 21:10:04,771 INFO o.a.j.r.Summariser: summary =     38 in 00:03:41 =    0.2/s Avg:  1997 Min:    12 Max: 16306 Err:     0 (0.00%)
2026-10-07 21:10:04,771 INFO o.a.j.t.JMeterThread: Thread is done: Searches (open model) 2-28
2026-10-07 21:10:04,771 INFO o.a.j.t.JMeterThread: Thread finished: Searches (open model) 2-28
2026-10-07 21:10:06,353 INFO o.a.j.t.JMeterThread: Thread started: Tickets (open model) 1-11
2026-10-07 21:10:12,733 INFO o.a.j.t.JMeterThread: Thread started: Tickets (open model) 1-12
2026-10-07 21:10:15,596 INFO o.a.j.t.JMeterThread: Thread started: Searches (open model) 2-29
2026-10-07 21:10:15,625 INFO o.a.j.t.JMeterThread: Thread is done: Searches (open model) 2-29
2026-10-07 21:10:15,625 INFO o.a.j.t.JMeterThread: Thread finished: Searches (open model) 2-29
2026-10-07 21:10:16,951 INFO o.a.j.t.JMeterThread: Thread is done: Tickets (open model) 1-11
2026-10-07 21:10:16,951 INFO o.a.j.t.JMeterThread: Thread finished: Tickets (open model) 1-11
2026-10-07 21:10:20,131 INFO o.a.j.t.JMeterThread: Thread is done: Tickets (open model) 1-12
2026-10-07 21:10:20,131 INFO o.a.j.t.JMeterThread: Thread finished: Tickets (open model) 1-12
2026-10-07 21:10:25,826 INFO o.a.j.t.JMeterThread: Thread started: Searches (open model) 2-30
2026-10-07 21:10:25,862 INFO o.a.j.t.JMeterThread: Thread is done: Searches (open model) 2-30
2026-10-07 21:10:25,862 INFO o.a.j.t.JMeterThread: Thread finished: Searches (open model) 2-30
2026-10-07 21:10:30,323 INFO o.a.j.t.JMeterThread: Thread started: Searches (open model) 2-31
2026-10-07 21:10:30,356 INFO o.a.j.r.Summariser: summary +      5 in 00:00:26 =    0.2/s Avg:  3617 Min:    27 Max: 10597 Err:     0 (0.00%) Active: 1 Started: 43 Finished: 42
2026-10-07 21:10:30,357 INFO o.a.j.r.Summariser: summary =     43 in 00:04:07 =    0.2/s Avg:  2185 Min:    12 Max: 16306 Err:     0 (0.00%)
2026-10-07 21:10:30,357 INFO o.a.j.t.JMeterThread: Thread is done: Searches (open model) 2-31
2026-10-07 21:10:30,357 INFO o.a.j.t.JMeterThread: Thread finished: Searches (open model) 2-31
2026-10-07 21:10:31,529 INFO o.a.j.t.JMeterThread: Thread started: Tickets (open model) 1-13
2026-10-07 21:10:35,698 INFO o.a.j.t.JMeterThread: Thread is done: Tickets (open model) 1-13
2026-10-07 21:10:35,698 INFO o.a.j.t.JMeterThread: Thread finished: Tickets (open model) 1-13
2026-10-07 21:10:41,374 INFO o.a.j.t.JMeterThread: Thread started: Searches (open model) 2-32
2026-10-07 21:10:41,395 INFO o.a.j.t.JMeterThread: Thread is done: Searches (open model) 2-32
2026-10-07 21:10:41,396 INFO o.a.j.t.JMeterThread: Thread finished: Searches (open model) 2-32
2026-10-07 21:10:57,498 INFO o.a.j.t.JMeterThread: Thread started: Searches (open model) 2-33
2026-10-07 21:10:57,528 INFO o.a.j.t.JMeterThread: Thread is done: Searches (open model) 2-33
2026-10-07 21:10:57,528 INFO o.a.j.t.JMeterThread: Thread finished: Searches (open model) 2-33
2026-10-07 21:10:58,503 INFO o.a.j.t.JMeterThread: Thread started: Searches (open model) 2-34
2026-10-07 21:10:58,526 INFO o.a.j.t.JMeterThread: Thread is done: Searches (open model) 2-34
2026-10-07 21:10:58,526 INFO o.a.j.t.JMeterThread: Thread finished: Searches (open model) 2-34
2026-10-07 21:11:02,947 INFO o.a.j.t.JMeterThread: Thread started: Searches (open model) 2-35
2026-10-07 21:11:02,984 INFO o.a.j.r.Summariser: summary +      5 in 00:00:33 =    0.2/s Avg:   854 Min:    20 Max:  4169 Err:     0 (0.00%) Active: 1 Started: 48 Finished: 47
2026-10-07 21:11:02,984 INFO o.a.j.r.Summariser: summary =     48 in 00:04:39 =    0.2/s Avg:  2047 Min:    12 Max: 16306 Err:     0 (0.00%)
2026-10-07 21:11:02,985 INFO o.a.j.t.JMeterThread: Thread is done: Searches (open model) 2-35
2026-10-07 21:11:02,985 INFO o.a.j.t.JMeterThread: Thread finished: Searches (open model) 2-35
2026-10-07 21:11:07,413 INFO o.a.j.t.JMeterThread: Thread started: Tickets (open model) 1-14
2026-10-07 21:11:07,507 INFO o.a.j.t.JMeterThread: Thread started: Searches (open model) 2-36
2026-10-07 21:11:07,540 INFO o.a.j.t.JMeterThread: Thread is done: Searches (open model) 2-36
2026-10-07 21:11:07,540 INFO o.a.j.t.JMeterThread: Thread finished: Searches (open model) 2-36
2026-10-07 21:11:07,723 INFO o.a.j.t.JMeterThread: Thread started: Searches (open model) 2-37
2026-10-07 21:11:07,742 INFO o.a.j.t.JMeterThread: Thread is done: Searches (open model) 2-37
2026-10-07 21:11:07,742 INFO o.a.j.t.JMeterThread: Thread finished: Searches (open model) 2-37
2026-10-07 21:11:08,867 INFO o.a.j.t.JMeterThread: Thread started: Tickets (open model) 1-15
2026-10-07 21:11:08,913 INFO o.a.j.t.JMeterThread: Thread started: Searches (open model) 2-38
2026-10-07 21:11:08,942 INFO o.a.j.t.JMeterThread: Thread is done: Searches (open model) 2-38
2026-10-07 21:11:08,942 INFO o.a.j.t.JMeterThread: Thread finished: Searches (open model) 2-38
2026-10-07 21:11:10,024 INFO o.a.j.t.JMeterThread: Thread started: Tickets (open model) 1-16
2026-10-07 21:11:10,822 INFO o.a.j.t.JMeterThread: Thread is done: Tickets (open model) 1-14
2026-10-07 21:11:10,822 INFO o.a.j.t.JMeterThread: Thread finished: Tickets (open model) 1-14
2026-10-07 21:11:16,739 INFO o.a.j.t.JMeterThread: Thread is done: Tickets (open model) 1-15
2026-10-07 21:11:16,739 INFO o.a.j.t.JMeterThread: Thread finished: Tickets (open model) 1-15
2026-10-07 21:11:22,100 INFO o.a.j.t.JMeterThread: Thread started: Tickets (open model) 1-17
2026-10-07 21:11:23,792 INFO o.a.j.t.JMeterThread: Thread is done: Tickets (open model) 1-16
2026-10-07 21:11:23,792 INFO o.a.j.t.JMeterThread: Thread finished: Tickets (open model) 1-16
2026-10-07 21:11:27,654 INFO o.a.j.t.JMeterThread: Thread started: Searches (open model) 2-39
2026-10-07 21:11:27,686 INFO o.a.j.t.JMeterThread: Thread is done: Searches (open model) 2-39
2026-10-07 21:11:27,686 INFO o.a.j.t.JMeterThread: Thread finished: Searches (open model) 2-39
2026-10-07 21:11:27,951 INFO o.a.j.t.JMeterThread: Thread is done: Tickets (open model) 1-17
2026-10-07 21:11:27,951 INFO o.a.j.t.JMeterThread: Thread finished: Tickets (open model) 1-17
2026-10-07 21:11:29,461 INFO o.a.j.t.JMeterThread: Thread started: Searches (open model) 2-40
2026-10-07 21:11:29,491 INFO o.a.j.t.JMeterThread: Thread is done: Searches (open model) 2-40
2026-10-07 21:11:29,492 INFO o.a.j.t.JMeterThread: Thread finished: Searches (open model) 2-40
2026-10-07 21:11:31,348 INFO o.a.j.t.JMeterThread: Thread started: Searches (open model) 2-41
2026-10-07 21:11:31,395 INFO o.a.j.r.Summariser: summary +     10 in 00:00:28 =    0.4/s Avg:  3108 Min:    19 Max: 13767 Err:     0 (0.00%) Active: 1 Started: 58 Finished: 57
2026-10-07 21:11:31,396 INFO o.a.j.r.Summariser: summary =     58 in 00:05:08 =    0.2/s Avg:  2230 Min:    12 Max: 16306 Err:     0 (0.00%)
2026-10-07 21:11:31,396 INFO o.a.j.t.JMeterThread: Thread is done: Searches (open model) 2-41
2026-10-07 21:11:31,396 INFO o.a.j.t.JMeterThread: Thread finished: Searches (open model) 2-41
2026-10-07 21:11:40,119 INFO o.a.j.t.JMeterThread: Thread started: Tickets (open model) 1-18
2026-10-07 21:11:44,372 INFO o.a.j.t.JMeterThread: Thread is done: Tickets (open model) 1-18
2026-10-07 21:11:44,372 INFO o.a.j.t.JMeterThread: Thread finished: Tickets (open model) 1-18
2026-10-07 21:11:52,083 INFO o.a.j.t.JMeterThread: Thread started: Searches (open model) 2-42
2026-10-07 21:11:52,100 INFO o.a.j.t.JMeterThread: Thread is done: Searches (open model) 2-42
2026-10-07 21:11:52,100 INFO o.a.j.t.JMeterThread: Thread finished: Searches (open model) 2-42
2026-10-07 21:12:01,125 INFO o.a.j.t.JMeterThread: Thread started: Tickets (open model) 1-19
2026-10-07 21:12:01,323 INFO o.a.j.t.JMeterThread: Thread started: Tickets (open model) 1-20
2026-10-07 21:12:04,909 INFO o.a.j.t.JMeterThread: Thread started: Searches (open model) 2-43
2026-10-07 21:12:04,930 INFO o.a.j.r.Summariser: summary +      3 in 00:00:34 =    0.1/s Avg:  1429 Min:    16 Max:  4251 Err:     0 (0.00%) Active: 3 Started: 63 Finished: 60
2026-10-07 21:12:04,930 INFO o.a.j.r.Summariser: summary =     61 in 00:05:41 =    0.2/s Avg:  2190 Min:    12 Max: 16306 Err:     0 (0.00%)
2026-10-07 21:12:04,930 INFO o.a.j.t.JMeterThread: Thread is done: Searches (open model) 2-43
2026-10-07 21:12:04,930 INFO o.a.j.t.JMeterThread: Thread finished: Searches (open model) 2-43
2026-10-07 21:12:05,448 INFO o.a.j.t.JMeterThread: Thread is done: Tickets (open model) 1-19
2026-10-07 21:12:05,448 INFO o.a.j.t.JMeterThread: Thread finished: Tickets (open model) 1-19
2026-10-07 21:12:06,122 INFO o.a.j.t.JMeterThread: Thread started: Searches (open model) 2-44
2026-10-07 21:12:06,143 INFO o.a.j.t.JMeterThread: Thread is done: Searches (open model) 2-44
2026-10-07 21:12:06,143 INFO o.a.j.t.JMeterThread: Thread finished: Searches (open model) 2-44
2026-10-07 21:12:11,407 INFO o.a.j.t.JMeterThread: Thread is done: Tickets (open model) 1-20
2026-10-07 21:12:11,407 INFO o.a.j.t.JMeterThread: Thread finished: Tickets (open model) 1-20
2026-10-07 21:12:15,171 INFO o.a.j.t.JMeterThread: Thread started: Searches (open model) 2-45
2026-10-07 21:12:15,208 INFO o.a.j.t.JMeterThread: Thread is done: Searches (open model) 2-45
2026-10-07 21:12:15,208 INFO o.a.j.t.JMeterThread: Thread finished: Searches (open model) 2-45
2026-10-07 21:12:25,137 INFO o.a.j.t.JMeterThread: Thread started: Searches (open model) 2-46
2026-10-07 21:12:25,154 INFO o.a.j.t.JMeterThread: Thread is done: Searches (open model) 2-46
2026-10-07 21:12:25,154 INFO o.a.j.t.JMeterThread: Thread finished: Searches (open model) 2-46
2026-10-07 21:12:26,868 INFO o.a.j.t.JMeterThread: Thread started: Searches (open model) 2-47
2026-10-07 21:12:26,890 INFO o.a.j.t.JMeterThread: Thread is done: Searches (open model) 2-47
2026-10-07 21:12:26,890 INFO o.a.j.t.JMeterThread: Thread finished: Searches (open model) 2-47
2026-10-07 21:12:30,425 INFO o.a.j.t.JMeterThread: Thread started: Searches (open model) 2-48
2026-10-07 21:12:30,458 INFO o.a.j.r.Summariser: summary +      7 in 00:00:26 =    0.3/s Avg:  2075 Min:    16 Max: 10083 Err:     0 (0.00%) Active: 1 Started: 68 Finished: 67
2026-10-07 21:12:30,458 INFO o.a.j.r.Summariser: summary =     68 in 00:06:07 =    0.2/s Avg:  2178 Min:    12 Max: 16306 Err:     0 (0.00%)
2026-10-07 21:12:30,459 INFO o.a.j.t.JMeterThread: Thread is done: Searches (open model) 2-48
2026-10-07 21:12:30,459 INFO o.a.j.t.JMeterThread: Thread finished: Searches (open model) 2-48
2026-10-07 21:12:45,856 INFO o.a.j.t.JMeterThread: Thread started: Tickets (open model) 1-21
2026-10-07 21:12:48,372 INFO o.a.j.t.JMeterThread: Thread started: Tickets (open model) 1-22
2026-10-07 21:12:49,584 INFO o.a.j.t.JMeterThread: Thread is done: Tickets (open model) 1-21
2026-10-07 21:12:49,584 INFO o.a.j.t.JMeterThread: Thread finished: Tickets (open model) 1-21
2026-10-07 21:12:51,172 INFO o.a.j.t.JMeterThread: Thread started: Searches (open model) 2-49
2026-10-07 21:12:51,187 INFO o.a.j.t.JMeterThread: Thread is done: Searches (open model) 2-49
2026-10-07 21:12:51,187 INFO o.a.j.t.JMeterThread: Thread finished: Searches (open model) 2-49
2026-10-07 21:12:52,492 INFO o.a.j.t.JMeterThread: Thread started: Searches (open model) 2-50
2026-10-07 21:12:52,526 INFO o.a.j.t.JMeterThread: Thread is done: Searches (open model) 2-50
2026-10-07 21:12:52,526 INFO o.a.j.t.JMeterThread: Thread finished: Searches (open model) 2-50
2026-10-07 21:12:59,050 INFO o.a.j.t.JMeterThread: Thread is done: Tickets (open model) 1-22
2026-10-07 21:12:59,050 INFO o.a.j.t.JMeterThread: Thread finished: Tickets (open model) 1-22
2026-10-07 21:12:59,413 INFO o.a.j.t.JMeterThread: Thread started: Searches (open model) 2-51
2026-10-07 21:12:59,443 INFO o.a.j.t.JMeterThread: Thread is done: Searches (open model) 2-51
2026-10-07 21:12:59,443 INFO o.a.j.t.JMeterThread: Thread finished: Searches (open model) 2-51
2026-10-07 21:13:02,449 INFO o.a.j.t.JMeterThread: Thread started: Searches (open model) 2-52
2026-10-07 21:13:02,479 INFO o.a.j.r.Summariser: summary +      6 in 00:00:32 =    0.2/s Avg:  2418 Min:    14 Max: 10678 Err:     0 (0.00%) Active: 1 Started: 74 Finished: 73
2026-10-07 21:13:02,480 INFO o.a.j.r.Summariser: summary =     74 in 00:06:39 =    0.2/s Avg:  2198 Min:    12 Max: 16306 Err:     0 (0.00%)
2026-10-07 21:13:02,480 INFO o.a.j.t.JMeterThread: Thread is done: Searches (open model) 2-52
2026-10-07 21:13:02,480 INFO o.a.j.t.JMeterThread: Thread finished: Searches (open model) 2-52
2026-10-07 21:13:02,546 INFO o.a.j.t.JMeterThread: Thread started: Searches (open model) 2-53
2026-10-07 21:13:02,576 INFO o.a.j.t.JMeterThread: Thread is done: Searches (open model) 2-53
2026-10-07 21:13:02,576 INFO o.a.j.t.JMeterThread: Thread finished: Searches (open model) 2-53
2026-10-07 21:13:05,841 INFO o.a.j.t.JMeterThread: Thread started: Searches (open model) 2-54
2026-10-07 21:13:05,865 INFO o.a.j.t.JMeterThread: Thread is done: Searches (open model) 2-54
2026-10-07 21:13:05,865 INFO o.a.j.t.JMeterThread: Thread finished: Searches (open model) 2-54
2026-10-07 21:13:21,390 INFO o.a.j.t.JMeterThread: Thread started: Tickets (open model) 1-23
2026-10-07 21:13:24,218 INFO o.a.j.t.JMeterThread: Thread started: Tickets (open model) 1-24
2026-10-07 21:13:24,736 INFO o.a.j.t.JMeterThread: Thread started: Tickets (open model) 1-25
2026-10-07 21:13:26,080 INFO o.a.j.t.JMeterThread: Thread is done: Tickets (open model) 1-23
2026-10-07 21:13:26,080 INFO o.a.j.t.JMeterThread: Thread finished: Tickets (open model) 1-23
2026-10-07 21:13:26,631 INFO o.a.j.t.JMeterThread: Thread started: Tickets (open model) 1-26
2026-10-07 21:13:30,121 INFO o.a.j.t.JMeterThread: Thread started: Searches (open model) 2-55
2026-10-07 21:13:30,151 INFO o.a.j.r.Summariser: summary +      4 in 00:00:28 =    0.1/s Avg:  1192 Min:    23 Max:  4689 Err:     0 (0.00%) Active: 4 Started: 81 Finished: 77
2026-10-07 21:13:30,151 INFO o.a.j.r.Summariser: summary =     78 in 00:07:07 =    0.2/s Avg:  2146 Min:    12 Max: 16306 Err:     0 (0.00%)
2026-10-07 21:13:30,152 INFO o.a.j.t.JMeterThread: Thread is done: Searches (open model) 2-55
2026-10-07 21:13:30,152 INFO o.a.j.t.JMeterThread: Thread finished: Searches (open model) 2-55
2026-10-07 21:13:30,261 INFO o.a.j.t.JMeterThread: Thread started: Searches (open model) 2-56
2026-10-07 21:13:30,293 INFO o.a.j.t.JMeterThread: Thread is done: Searches (open model) 2-56
2026-10-07 21:13:30,293 INFO o.a.j.t.JMeterThread: Thread finished: Searches (open model) 2-56
2026-10-07 21:13:30,611 INFO o.a.j.t.JMeterThread: Thread started: Tickets (open model) 1-27
2026-10-07 21:13:30,634 INFO o.a.j.t.JMeterThread: Thread is done: Tickets (open model) 1-24
2026-10-07 21:13:30,634 INFO o.a.j.t.JMeterThread: Thread finished: Tickets (open model) 1-24
2026-10-07 21:13:30,962 INFO o.a.j.t.JMeterThread: Thread started: Searches (open model) 2-57
2026-10-07 21:13:30,991 INFO o.a.j.t.JMeterThread: Thread is done: Searches (open model) 2-57
2026-10-07 21:13:30,991 INFO o.a.j.t.JMeterThread: Thread finished: Searches (open model) 2-57
2026-10-07 21:13:32,771 INFO o.a.j.t.JMeterThread: Thread started: Tickets (open model) 1-28
2026-10-07 21:13:36,681 INFO o.a.j.t.JMeterThread: Thread is done: Tickets (open model) 1-25
2026-10-07 21:13:36,681 INFO o.a.j.t.JMeterThread: Thread finished: Tickets (open model) 1-25
2026-10-07 21:13:45,263 INFO o.a.j.t.JMeterThread: Thread is done: Tickets (open model) 1-26
2026-10-07 21:13:45,263 INFO o.a.j.t.JMeterThread: Thread finished: Tickets (open model) 1-26
2026-10-07 21:13:46,109 INFO o.a.j.t.JMeterThread: Thread started: Searches (open model) 2-58
2026-10-07 21:13:46,129 INFO o.a.j.t.JMeterThread: Thread is done: Searches (open model) 2-58
2026-10-07 21:13:46,129 INFO o.a.j.t.JMeterThread: Thread finished: Searches (open model) 2-58
2026-10-07 21:13:49,158 INFO o.a.j.t.JMeterThread: Thread started: Searches (open model) 2-59
2026-10-07 21:13:49,180 INFO o.a.j.t.JMeterThread: Thread is done: Searches (open model) 2-59
2026-10-07 21:13:49,181 INFO o.a.j.t.JMeterThread: Thread finished: Searches (open model) 2-59
2026-10-07 21:13:52,258 INFO o.a.j.t.JMeterThread: Thread is done: Tickets (open model) 1-27
2026-10-07 21:13:52,258 INFO o.a.j.t.JMeterThread: Thread finished: Tickets (open model) 1-27
2026-10-07 21:13:55,753 INFO o.a.j.t.JMeterThread: Thread started: Tickets (open model) 1-29
2026-10-07 21:14:00,270 INFO o.a.j.r.Summariser: summary +      9 in 00:00:30 =    0.3/s Avg:  9582 Min:    20 Max: 27500 Err:     0 (0.00%) Active: 2 Started: 88 Finished: 86
2026-10-07 21:14:00,270 INFO o.a.j.r.Summariser: summary =     87 in 00:07:37 =    0.2/s Avg:  2915 Min:    12 Max: 27500 Err:     0 (0.00%)
2026-10-07 21:14:00,271 INFO o.a.j.t.JMeterThread: Thread is done: Tickets (open model) 1-28
2026-10-07 21:14:00,271 INFO o.a.j.t.JMeterThread: Thread finished: Tickets (open model) 1-28
2026-10-07 21:14:05,639 INFO o.a.j.t.JMeterThread: Thread is done: Tickets (open model) 1-29
2026-10-07 21:14:05,639 INFO o.a.j.t.JMeterThread: Thread finished: Tickets (open model) 1-29
2026-10-07 21:14:14,211 INFO o.a.j.t.JMeterThread: Thread started: Tickets (open model) 1-30
2026-10-07 21:14:23,961 INFO o.a.j.t.JMeterThread: Thread started: Searches (open model) 2-60
2026-10-07 21:14:24,009 INFO o.a.j.t.JMeterThread: Thread is done: Searches (open model) 2-60
2026-10-07 21:14:24,009 INFO o.a.j.t.JMeterThread: Thread finished: Searches (open model) 2-60
2026-10-07 21:14:24,054 INFO o.a.j.t.JMeterThread: Thread is done: Tickets (open model) 1-30
2026-10-07 21:14:24,054 INFO o.a.j.t.JMeterThread: Thread finished: Tickets (open model) 1-30
2026-10-07 21:14:32,942 INFO o.a.j.t.JMeterThread: Thread started: Searches (open model) 2-61
2026-10-07 21:14:32,970 INFO o.a.j.r.Summariser: summary +      4 in 00:00:33 =    0.1/s Avg:  4949 Min:    25 Max:  9884 Err:     0 (0.00%) Active: 1 Started: 91 Finished: 90
2026-10-07 21:14:32,971 INFO o.a.j.r.Summariser: summary =     91 in 00:08:09 =    0.2/s Avg:  3005 Min:    12 Max: 27500 Err:     0 (0.00%)
2026-10-07 21:14:32,971 INFO o.a.j.t.JMeterThread: Thread is done: Searches (open model) 2-61
2026-10-07 21:14:32,972 INFO o.a.j.t.JMeterThread: Thread finished: Searches (open model) 2-61
2026-10-07 21:14:39,776 INFO o.a.j.t.JMeterThread: Thread started: Searches (open model) 2-62
2026-10-07 21:14:39,798 INFO o.a.j.t.JMeterThread: Thread is done: Searches (open model) 2-62
2026-10-07 21:14:39,798 INFO o.a.j.t.JMeterThread: Thread finished: Searches (open model) 2-62
2026-10-07 21:14:40,937 INFO o.a.j.t.JMeterThread: Thread started: Searches (open model) 2-63
2026-10-07 21:14:40,976 INFO o.a.j.t.JMeterThread: Thread is done: Searches (open model) 2-63
2026-10-07 21:14:40,976 INFO o.a.j.t.JMeterThread: Thread finished: Searches (open model) 2-63
2026-10-07 21:14:43,319 INFO o.a.j.t.JMeterThread: Thread started: Searches (open model) 2-64
2026-10-07 21:14:43,338 INFO o.a.j.t.JMeterThread: Thread is done: Searches (open model) 2-64
2026-10-07 21:14:43,338 INFO o.a.j.t.JMeterThread: Thread finished: Searches (open model) 2-64
2026-10-07 21:14:50,669 INFO o.a.j.t.JMeterThread: Thread started: Searches (open model) 2-65
2026-10-07 21:14:50,694 INFO o.a.j.t.JMeterThread: Thread is done: Searches (open model) 2-65
2026-10-07 21:14:50,694 INFO o.a.j.t.JMeterThread: Thread finished: Searches (open model) 2-65
2026-10-07 21:14:54,267 INFO o.a.j.t.JMeterThread: Thread started: Searches (open model) 2-66
2026-10-07 21:14:54,295 INFO o.a.j.t.JMeterThread: Thread is done: Searches (open model) 2-66
2026-10-07 21:14:54,295 INFO o.a.j.t.JMeterThread: Thread finished: Searches (open model) 2-66
2026-10-07 21:14:55,487 INFO o.a.j.t.JMeterThread: Thread started: Searches (open model) 2-67
2026-10-07 21:14:55,503 INFO o.a.j.t.JMeterThread: Thread is done: Searches (open model) 2-67
2026-10-07 21:14:55,503 INFO o.a.j.t.JMeterThread: Thread finished: Searches (open model) 2-67
2026-10-07 21:15:00,095 INFO o.a.j.t.JMeterThread: Thread started: Searches (open model) 2-68
2026-10-07 21:15:00,113 INFO o.a.j.r.Summariser: summary +      7 in 00:00:27 =    0.3/s Avg:    23 Min:    16 Max:    38 Err:     0 (0.00%) Active: 1 Started: 98 Finished: 97
2026-10-07 21:15:00,113 INFO o.a.j.r.Summariser: summary =     98 in 00:08:37 =    0.2/s Avg:  2792 Min:    12 Max: 27500 Err:     0 (0.00%)
2026-10-07 21:15:00,113 INFO o.a.j.t.JMeterThread: Thread is done: Searches (open model) 2-68
2026-10-07 21:15:00,114 INFO o.a.j.t.JMeterThread: Thread finished: Searches (open model) 2-68
2026-10-07 21:15:12,221 INFO o.a.j.t.JMeterThread: Thread started: Tickets (open model) 1-31
2026-10-07 21:15:14,934 INFO o.a.j.t.JMeterThread: Thread started: Tickets (open model) 1-32
2026-10-07 21:15:15,144 INFO o.a.j.t.JMeterThread: Thread started: Searches (open model) 2-69
2026-10-07 21:15:15,165 INFO o.a.j.t.JMeterThread: Thread is done: Searches (open model) 2-69
2026-10-07 21:15:15,165 INFO o.a.j.t.JMeterThread: Thread finished: Searches (open model) 2-69
2026-10-07 21:15:16,509 INFO o.a.j.t.JMeterThread: Thread is done: Tickets (open model) 1-31
2026-10-07 21:15:16,509 INFO o.a.j.t.JMeterThread: Thread finished: Tickets (open model) 1-31
2026-10-07 21:15:24,462 INFO o.a.j.t.JMeterThread: Thread is done: Tickets (open model) 1-32
2026-10-07 21:15:24,462 INFO o.a.j.t.JMeterThread: Thread finished: Tickets (open model) 1-32
2026-10-07 21:15:29,200 INFO o.a.j.t.JMeterThread: Thread started: Tickets (open model) 1-33
2026-10-07 21:15:32,141 INFO o.a.j.t.JMeterThread: Thread started: Searches (open model) 2-70
2026-10-07 21:15:32,189 INFO o.a.j.r.Summariser: summary +      4 in 00:00:32 =    0.1/s Avg:  3470 Min:    20 Max:  9527 Err:     0 (0.00%) Active: 2 Started: 103 Finished: 101
2026-10-07 21:15:32,189 INFO o.a.j.r.Summariser: summary =    102 in 00:09:09 =    0.2/s Avg:  2818 Min:    12 Max: 27500 Err:     0 (0.00%)
2026-10-07 21:15:32,190 INFO o.a.j.t.JMeterThread: Thread is done: Searches (open model) 2-70
2026-10-07 21:15:32,190 INFO o.a.j.t.JMeterThread: Thread finished: Searches (open model) 2-70
2026-10-07 21:15:36,791 INFO o.a.j.t.JMeterThread: Thread is done: Tickets (open model) 1-33
2026-10-07 21:15:36,791 INFO o.a.j.t.JMeterThread: Thread finished: Tickets (open model) 1-33
2026-10-07 21:15:44,343 INFO o.a.j.t.JMeterThread: Thread started: Searches (open model) 2-71
2026-10-07 21:15:44,363 INFO o.a.j.t.JMeterThread: Thread is done: Searches (open model) 2-71
2026-10-07 21:15:44,363 INFO o.a.j.t.JMeterThread: Thread finished: Searches (open model) 2-71
2026-10-07 21:15:45,942 INFO o.a.j.t.JMeterThread: Thread started: Tickets (open model) 1-34
2026-10-07 21:15:52,286 INFO o.a.j.t.JMeterThread: Thread is done: Tickets (open model) 1-34
2026-10-07 21:15:52,286 INFO o.a.j.t.JMeterThread: Thread finished: Tickets (open model) 1-34
2026-10-07 21:15:55,745 INFO o.a.j.t.JMeterThread: Thread started: Tickets (open model) 1-35
2026-10-07 21:15:59,848 INFO o.a.j.t.JMeterThread: Thread is done: Tickets (open model) 1-35
2026-10-07 21:15:59,848 INFO o.a.j.t.JMeterThread: Thread finished: Tickets (open model) 1-35
2026-10-07 21:16:09,924 INFO o.a.j.t.JMeterThread: Thread started: Tickets (open model) 1-36
2026-10-07 21:16:12,842 INFO o.a.j.t.JMeterThread: Thread started: Searches (open model) 2-72
2026-10-07 21:16:12,861 INFO o.a.j.t.JMeterThread: Thread is done: Searches (open model) 2-72
2026-10-07 21:16:12,861 INFO o.a.j.t.JMeterThread: Thread finished: Searches (open model) 2-72
2026-10-07 21:16:19,570 INFO o.a.j.t.JMeterThread: Thread is done: Tickets (open model) 1-36
2026-10-07 21:16:19,570 INFO o.a.j.t.JMeterThread: Thread finished: Tickets (open model) 1-36
2026-10-07 21:16:19,849 INFO o.a.j.t.JMeterThread: Thread started: Tickets (open model) 1-37
2026-10-07 21:16:22,291 INFO o.a.j.t.JMeterThread: Thread started: Searches (open model) 2-73
2026-10-07 21:16:22,304 INFO o.a.j.t.JMeterThread: Thread is done: Searches (open model) 2-73
2026-10-07 21:16:22,304 INFO o.a.j.t.JMeterThread: Thread finished: Searches (open model) 2-73
2026-10-07 21:16:23,060 INFO o.a.j.t.JMeterThread: Thread started: Tickets (open model) 1-38
2026-10-07 21:16:23,588 INFO o.a.j.t.JMeterThread: Thread is done: Tickets (open model) 1-37
2026-10-07 21:16:23,588 INFO o.a.j.t.JMeterThread: Thread finished: Tickets (open model) 1-37
2026-10-07 21:16:25,839 INFO o.a.j.t.JMeterThread: Thread started: Tickets (open model) 1-39
2026-10-07 21:16:27,399 INFO o.a.j.t.JMeterThread: Thread started: Searches (open model) 2-74
2026-10-07 21:16:27,417 INFO o.a.j.t.JMeterThread: Thread is done: Searches (open model) 2-74
2026-10-07 21:16:27,417 INFO o.a.j.t.JMeterThread: Thread finished: Searches (open model) 2-74
2026-10-07 21:16:27,507 INFO o.a.j.t.JMeterThread: Thread is done: Tickets (open model) 1-38
2026-10-07 21:16:27,507 INFO o.a.j.t.JMeterThread: Thread finished: Tickets (open model) 1-38
2026-10-07 21:16:30,257 INFO o.a.j.t.JMeterThread: Thread started: Searches (open model) 2-75
2026-10-07 21:16:30,287 INFO o.a.j.r.Summariser: summary +     11 in 00:00:58 =    0.2/s Avg:  3269 Min:    13 Max:  9646 Err:     0 (0.00%) Active: 2 Started: 114 Finished: 112
2026-10-07 21:16:30,287 INFO o.a.j.r.Summariser: summary =    113 in 00:10:07 =    0.2/s Avg:  2862 Min:    12 Max: 27500 Err:     0 (0.00%)
2026-10-07 21:16:30,287 INFO o.a.j.t.JMeterThread: Thread is done: Searches (open model) 2-75
2026-10-07 21:16:30,287 INFO o.a.j.t.JMeterThread: Thread finished: Searches (open model) 2-75
2026-10-07 21:16:31,160 INFO o.a.j.t.JMeterThread: Thread started: Tickets (open model) 1-40
2026-10-07 21:16:37,450 INFO o.a.j.t.JMeterThread: Thread is done: Tickets (open model) 1-39
2026-10-07 21:16:37,450 INFO o.a.j.t.JMeterThread: Thread finished: Tickets (open model) 1-39
2026-10-07 21:16:41,870 INFO o.a.j.t.JMeterThread: Thread started: Searches (open model) 2-76
2026-10-07 21:16:41,901 INFO o.a.j.t.JMeterThread: Thread is done: Searches (open model) 2-76
2026-10-07 21:16:41,901 INFO o.a.j.t.JMeterThread: Thread finished: Searches (open model) 2-76
2026-10-07 21:16:43,327 INFO o.a.j.t.JMeterThread: Thread is done: Tickets (open model) 1-40
2026-10-07 21:16:43,327 INFO o.a.j.t.JMeterThread: Thread finished: Tickets (open model) 1-40
2026-10-07 21:16:47,065 INFO o.a.j.t.JMeterThread: Thread started: Tickets (open model) 1-41
2026-10-07 21:16:48,248 INFO o.a.j.t.JMeterThread: Thread started: Searches (open model) 2-77
2026-10-07 21:16:48,285 INFO o.a.j.t.JMeterThread: Thread is done: Searches (open model) 2-77
2026-10-07 21:16:48,285 INFO o.a.j.t.JMeterThread: Thread finished: Searches (open model) 2-77
2026-10-07 21:16:54,556 INFO o.a.j.t.JMeterThread: Thread started: Searches (open model) 2-78
2026-10-07 21:16:54,580 INFO o.a.j.t.JMeterThread: Thread is done: Searches (open model) 2-78
2026-10-07 21:16:54,580 INFO o.a.j.t.JMeterThread: Thread finished: Searches (open model) 2-78
2026-10-07 21:16:55,204 INFO o.a.j.t.JMeterThread: Thread started: Tickets (open model) 1-42
2026-10-07 21:16:57,039 INFO o.a.j.t.JMeterThread: Thread started: Tickets (open model) 1-43
2026-10-07 21:16:57,501 INFO o.a.j.t.JMeterThread: Thread is done: Tickets (open model) 1-41
2026-10-07 21:16:57,501 INFO o.a.j.t.JMeterThread: Thread finished: Tickets (open model) 1-41
2026-10-07 21:16:57,646 INFO o.a.j.t.JMeterThread: Thread started: Searches (open model) 2-79
2026-10-07 21:16:57,668 INFO o.a.j.t.JMeterThread: Thread is done: Searches (open model) 2-79
2026-10-07 21:16:57,668 INFO o.a.j.t.JMeterThread: Thread finished: Searches (open model) 2-79
2026-10-07 21:17:01,904 INFO o.a.j.r.Summariser: summary +      8 in 00:00:32 =    0.3/s Avg:  5128 Min:    21 Max: 12167 Err:     0 (0.00%) Active: 2 Started: 122 Finished: 120
2026-10-07 21:17:01,906 INFO o.a.j.r.Summariser: summary =    121 in 00:10:38 =    0.2/s Avg:  3012 Min:    12 Max: 27500 Err:     0 (0.00%)
2026-10-07 21:17:01,906 INFO o.a.j.t.JMeterThread: Thread is done: Tickets (open model) 1-42
2026-10-07 21:17:01,906 INFO o.a.j.t.JMeterThread: Thread finished: Tickets (open model) 1-42
2026-10-07 21:17:05,218 INFO o.a.j.t.JMeterThread: Thread started: Searches (open model) 2-80
2026-10-07 21:17:05,286 INFO o.a.j.t.JMeterThread: Thread is done: Searches (open model) 2-80
2026-10-07 21:17:05,286 INFO o.a.j.t.JMeterThread: Thread finished: Searches (open model) 2-80
2026-10-07 21:17:08,348 INFO o.a.j.t.JMeterThread: Thread started: Searches (open model) 2-81
2026-10-07 21:17:08,378 INFO o.a.j.t.JMeterThread: Thread is done: Searches (open model) 2-81
2026-10-07 21:17:08,378 INFO o.a.j.t.JMeterThread: Thread finished: Searches (open model) 2-81
2026-10-07 21:17:13,348 INFO o.a.j.t.JMeterThread: Thread is done: Tickets (open model) 1-43
2026-10-07 21:17:13,348 INFO o.a.j.t.JMeterThread: Thread finished: Tickets (open model) 1-43
2026-10-07 21:17:14,239 INFO o.a.j.t.JMeterThread: Thread started: Searches (open model) 2-82
2026-10-07 21:17:14,272 INFO o.a.j.t.JMeterThread: Thread is done: Searches (open model) 2-82
2026-10-07 21:17:14,272 INFO o.a.j.t.JMeterThread: Thread finished: Searches (open model) 2-82
2026-10-07 21:17:20,594 INFO o.a.j.t.JMeterThread: Thread started: Searches (open model) 2-83
2026-10-07 21:17:20,631 INFO o.a.j.t.JMeterThread: Thread is done: Searches (open model) 2-83
2026-10-07 21:17:20,631 INFO o.a.j.t.JMeterThread: Thread finished: Searches (open model) 2-83
2026-10-07 21:17:20,984 INFO o.a.j.t.JMeterThread: Thread started: Tickets (open model) 1-44
2026-10-07 21:17:22,023 INFO o.a.j.t.JMeterThread: Thread started: Searches (open model) 2-84
2026-10-07 21:17:22,046 INFO o.a.j.t.JMeterThread: Thread is done: Searches (open model) 2-84
2026-10-07 21:17:22,046 INFO o.a.j.t.JMeterThread: Thread finished: Searches (open model) 2-84
2026-10-07 21:17:25,781 INFO o.a.j.t.JMeterThread: Thread is done: Tickets (open model) 1-44
2026-10-07 21:17:25,781 INFO o.a.j.t.JMeterThread: Thread finished: Tickets (open model) 1-44
2026-10-07 21:17:27,401 INFO o.a.j.t.JMeterThread: Thread started: Searches (open model) 2-85
2026-10-07 21:17:27,443 INFO o.a.j.t.JMeterThread: Thread is done: Searches (open model) 2-85
2026-10-07 21:17:27,443 INFO o.a.j.t.JMeterThread: Thread finished: Searches (open model) 2-85
2026-10-07 21:17:32,190 INFO o.a.j.t.JMeterThread: Thread started: Searches (open model) 2-86
2026-10-07 21:17:32,229 INFO o.a.j.r.Summariser: summary +      9 in 00:00:30 =    0.3/s Avg:  2374 Min:    22 Max: 16309 Err:     0 (0.00%) Active: 1 Started: 130 Finished: 129
2026-10-07 21:17:32,230 INFO o.a.j.r.Summariser: summary =    130 in 00:11:09 =    0.2/s Avg:  2968 Min:    12 Max: 27500 Err:     0 (0.00%)
2026-10-07 21:17:32,230 INFO o.a.j.t.JMeterThread: Thread is done: Searches (open model) 2-86
2026-10-07 21:17:32,230 INFO o.a.j.t.JMeterThread: Thread finished: Searches (open model) 2-86
2026-10-07 21:17:38,657 INFO o.a.j.t.JMeterThread: Thread started: Tickets (open model) 1-45
2026-10-07 21:17:44,109 INFO o.a.j.t.JMeterThread: Thread is done: Tickets (open model) 1-45
2026-10-07 21:17:44,109 INFO o.a.j.t.JMeterThread: Thread finished: Tickets (open model) 1-45
2026-10-07 21:17:45,050 INFO o.a.j.t.JMeterThread: Thread started: Tickets (open model) 1-46
2026-10-07 21:17:50,246 INFO o.a.j.t.JMeterThread: Thread is done: Tickets (open model) 1-46
2026-10-07 21:17:50,246 INFO o.a.j.t.JMeterThread: Thread finished: Tickets (open model) 1-46
2026-10-07 21:17:50,398 INFO o.a.j.t.JMeterThread: Thread started: Searches (open model) 2-87
2026-10-07 21:17:50,416 INFO o.a.j.t.JMeterThread: Thread is done: Searches (open model) 2-87
2026-10-07 21:17:50,416 INFO o.a.j.t.JMeterThread: Thread finished: Searches (open model) 2-87
2026-10-07 21:18:03,631 INFO o.a.j.t.JMeterThread: Thread started: Tickets (open model) 1-47
2026-10-07 21:18:06,261 INFO o.a.j.t.JMeterThread: Thread started: Searches (open model) 2-88
2026-10-07 21:18:06,284 INFO o.a.j.t.JMeterThread: Thread is done: Searches (open model) 2-88
2026-10-07 21:18:06,285 INFO o.a.j.t.JMeterThread: Thread finished: Searches (open model) 2-88
2026-10-07 21:18:06,642 INFO o.a.j.t.JMeterThread: Thread started: Searches (open model) 2-89
2026-10-07 21:18:06,662 INFO o.a.j.t.JMeterThread: Thread is done: Searches (open model) 2-89
2026-10-07 21:18:06,662 INFO o.a.j.t.JMeterThread: Thread finished: Searches (open model) 2-89
2026-10-07 21:18:09,834 INFO o.a.j.t.JMeterThread: Thread is done: Tickets (open model) 1-47
2026-10-07 21:18:09,834 INFO o.a.j.t.JMeterThread: Thread finished: Tickets (open model) 1-47
2026-10-07 21:18:12,784 INFO o.a.j.t.JMeterThread: Thread started: Tickets (open model) 1-48
2026-10-07 21:18:20,408 INFO o.a.j.t.JMeterThread: Thread started: Searches (open model) 2-90
2026-10-07 21:18:20,408 INFO o.a.j.t.o.EvenArrivalsRamp: Generating 0 events, beginRate = 0.0 / sec, endRate = 0.0 / sec, duration = 190.0 sec
2026-10-07 21:18:20,408 INFO o.a.j.t.o.OpenModelThreadGroup: There will be no more events, so will wait for 192 sec till the end of the schedule
2026-10-07 21:18:20,437 INFO o.a.j.t.JMeterThread: Thread is done: Searches (open model) 2-90
2026-10-07 21:18:20,437 INFO o.a.j.t.JMeterThread: Thread finished: Searches (open model) 2-90
2026-10-07 21:18:20,484 INFO o.a.j.t.JMeterThread: Thread is done: Tickets (open model) 1-48
2026-10-07 21:18:20,484 INFO o.a.j.t.JMeterThread: Thread finished: Tickets (open model) 1-48
2026-10-07 21:18:21,997 INFO o.a.j.t.JMeterThread: Thread started: Tickets (open model) 1-49
2026-10-07 21:18:23,277 INFO o.a.j.t.o.EvenArrivalsRamp: Generating 0 events, beginRate = 0.0 / sec, endRate = 0.0 / sec, duration = 190.0 sec
2026-10-07 21:18:23,277 INFO o.a.j.t.o.OpenModelThreadGroup: There will be no more events, so will wait for 190 sec till the end of the schedule
2026-10-07 21:18:23,277 INFO o.a.j.t.JMeterThread: Thread started: Tickets (open model) 1-50
2026-10-07 21:18:30,683 INFO o.a.j.r.Summariser: summary +      9 in 00:00:58 =    0.2/s Avg:  3702 Min:    18 Max:  8686 Err:     0 (0.00%) Active: 2 Started: 140 Finished: 138
2026-10-07 21:18:30,684 INFO o.a.j.r.Summariser: summary =    139 in 00:12:07 =    0.2/s Avg:  3015 Min:    12 Max: 27500 Err:     0 (0.00%)
2026-10-07 21:18:30,684 INFO o.a.j.t.JMeterThread: Thread is done: Tickets (open model) 1-49
2026-10-07 21:18:30,684 INFO o.a.j.t.JMeterThread: Thread finished: Tickets (open model) 1-49
2026-10-07 21:18:39,376 INFO o.a.j.t.JMeterThread: Thread is done: Tickets (open model) 1-50
2026-10-07 21:18:39,376 INFO o.a.j.t.JMeterThread: Thread finished: Tickets (open model) 1-50
2026-10-07 21:21:33,316 INFO o.a.j.t.o.OpenModelThreadGroup: There will be no more events, will shutdown the thread pool
2026-10-07 21:21:33,316 INFO o.a.j.t.o.OpenModelThreadGroup: Thread starting done
2026-10-07 21:21:33,317 INFO o.a.j.t.o.OpenModelThreadGroup: There will be no more events, will shutdown the thread pool
2026-10-07 21:21:33,317 INFO o.a.j.t.o.OpenModelThreadGroup: Thread starting done
2026-10-07 21:21:33,317 INFO o.a.j.e.StandardJMeterEngine: Notifying test listeners of end of test
2026-10-07 21:21:33,317 INFO o.a.j.s.FileServer: Close: C:\Users\Owen\Desktop\ICT3113_Assignment_1\jmeter\data\team_narratives.tsv
2026-10-07 21:21:33,317 INFO o.a.j.s.FileServer: Close: C:\Users\Owen\Desktop\ICT3113_Assignment_1\jmeter\data\search_terms.txt
2026-10-07 21:21:33,317 INFO o.a.j.r.Summariser: summary +      1 in 00:03:03 =    0.0/s Avg: 16099 Min: 16099 Max: 16099 Err:     0 (0.00%) Active: 0 Started: 140 Finished: 140
2026-10-07 21:21:33,318 INFO o.a.j.r.Summariser: summary =    140 in 00:15:10 =    0.2/s Avg:  3109 Min:    12 Max: 27500 Err:     0 (0.00%)
