2026-10-08 00:36:55,585 INFO o.a.j.u.JMeterUtils: Setting Locale to en_EN
2026-10-08 00:36:55,594 INFO o.a.j.JMeter: Loading user properties from: user.properties
2026-10-08 00:36:55,594 INFO o.a.j.JMeter: Loading system properties from: system.properties
2026-10-08 00:36:55,594 INFO o.a.j.JMeter: Loading additional properties from: C:\Users\Owen\Desktop\ICT3113_Assignment_1\jmeter\results.properties
2026-10-08 00:36:55,594 INFO o.a.j.JMeter: Setting JMeter property: host=192.168.1.170
2026-10-08 00:36:55,594 INFO o.a.j.JMeter: Setting JMeter property: port=8000
2026-10-08 00:36:55,594 INFO o.a.j.JMeter: Setting JMeter property: protocol=http
2026-10-08 00:36:55,595 INFO o.a.j.JMeter: Setting JMeter property: rate=250
2026-10-08 00:36:55,595 INFO o.a.j.JMeter: Setting JMeter property: duration_s=720
2026-10-08 00:36:55,595 INFO o.a.j.JMeter: Setting JMeter property: drain_s=190
2026-10-08 00:36:55,595 INFO o.a.j.JMeter: Setting JMeter property: search_schedule=rate(450/hour)random_arrivals(720s)pause(190s)
2026-10-08 00:36:55,595 INFO o.a.j.JMeter: Setting JMeter property: seed=311301
2026-10-08 00:36:55,595 INFO o.a.j.JMeter: Setting JMeter property: search_seed=311351
2026-10-08 00:36:55,595 INFO o.a.j.JMeter: Setting JMeter property: data_file=C:\Users\Owen\Desktop\ICT3113_Assignment_1\jmeter\data\team_narratives.tsv
2026-10-08 00:36:55,595 INFO o.a.j.JMeter: Setting JMeter property: search_file=C:\Users\Owen\Desktop\ICT3113_Assignment_1\jmeter\data\search_terms.txt
2026-10-08 00:36:55,596 INFO o.a.j.JMeter: Setting JMeter property: timeout_ms=180000
2026-10-08 00:36:55,600 INFO o.a.j.JMeter: Copyright (c) 1998-2024 The Apache Software Foundation
2026-10-08 00:36:55,600 INFO o.a.j.JMeter: Version 5.6.3
2026-10-08 00:36:55,600 INFO o.a.j.JMeter: java.version=1.8.0_333
2026-10-08 00:36:55,600 INFO o.a.j.JMeter: java.vm.name=Java HotSpot(TM) 64-Bit Server VM
2026-10-08 00:36:55,600 INFO o.a.j.JMeter: os.name=Windows 11
2026-10-08 00:36:55,600 INFO o.a.j.JMeter: os.arch=amd64
2026-10-08 00:36:55,600 INFO o.a.j.JMeter: os.version=10.0
2026-10-08 00:36:55,600 INFO o.a.j.JMeter: file.encoding=Cp1252
2026-10-08 00:36:55,600 INFO o.a.j.JMeter: java.awt.headless=true
2026-10-08 00:36:55,600 INFO o.a.j.JMeter: Max memory     =1073741824
2026-10-08 00:36:55,600 INFO o.a.j.JMeter: Available Processors =16
2026-10-08 00:36:55,603 INFO o.a.j.JMeter: Default Locale=English (EN)
2026-10-08 00:36:55,603 INFO o.a.j.JMeter: JMeter  Locale=English (EN)
2026-10-08 00:36:55,603 INFO o.a.j.JMeter: JMeterHome=C:\Users\Owen\Downloads\apache-jmeter-5.6.3\apache-jmeter-5.6.3
2026-10-08 00:36:55,603 INFO o.a.j.JMeter: user.dir  =C:\Users\Owen\Downloads\apache-jmeter-5.6.3\apache-jmeter-5.6.3\bin
2026-10-08 00:36:55,603 INFO o.a.j.JMeter: PWD       =C:\Users\Owen\Downloads\apache-jmeter-5.6.3\apache-jmeter-5.6.3\bin
2026-10-08 00:37:00,586 INFO o.a.j.JMeter: IP: 10.5.0.2 Name: DESKTOP-AK5RA9C FullName: DESKTOP-AK5RA9C
2026-10-08 00:37:00,597 INFO o.a.j.s.FileServer: Default base='C:\Users\Owen\Downloads\apache-jmeter-5.6.3\apache-jmeter-5.6.3\bin'
2026-10-08 00:37:00,598 INFO o.a.j.s.FileServer: Set new base='C:\Users\Owen\Desktop\ICT3113_Assignment_1\jmeter'
2026-10-08 00:37:00,675 INFO o.a.j.s.SaveService: Testplan (JMX) version: 2.2. Testlog (JTL) version: 2.2
2026-10-08 00:37:00,686 INFO o.a.j.s.SaveService: Using SaveService properties file encoding UTF-8
2026-10-08 00:37:00,690 INFO o.a.j.s.SaveService: Using SaveService properties version 5.0
2026-10-08 00:37:00,694 INFO o.a.j.s.SaveService: Loading file: C:\Users\Owen\Desktop\ICT3113_Assignment_1\jmeter\ticket_load_test.jmx
2026-10-08 00:37:00,741 INFO o.a.j.p.h.s.HTTPSamplerBase: Parser for text/html is org.apache.jmeter.protocol.http.parser.LagartoBasedHtmlParser
2026-10-08 00:37:00,741 INFO o.a.j.p.h.s.HTTPSamplerBase: Parser for application/xhtml+xml is org.apache.jmeter.protocol.http.parser.LagartoBasedHtmlParser
2026-10-08 00:37:00,742 INFO o.a.j.p.h.s.HTTPSamplerBase: Parser for application/xml is org.apache.jmeter.protocol.http.parser.LagartoBasedHtmlParser
2026-10-08 00:37:00,742 INFO o.a.j.p.h.s.HTTPSamplerBase: Parser for text/xml is org.apache.jmeter.protocol.http.parser.LagartoBasedHtmlParser
2026-10-08 00:37:00,742 INFO o.a.j.p.h.s.HTTPSamplerBase: Parser for text/vnd.wap.wml is org.apache.jmeter.protocol.http.parser.RegexpHTMLParser
2026-10-08 00:37:00,742 INFO o.a.j.p.h.s.HTTPSamplerBase: Parser for text/css is org.apache.jmeter.protocol.http.parser.CssParser
2026-10-08 00:37:00,893 INFO o.a.j.JMeter: Creating summariser <summary>
2026-10-08 00:37:00,904 INFO o.a.j.e.StandardJMeterEngine: Running the test!
2026-10-08 00:37:00,904 INFO o.a.j.s.SampleEvent: List of sample_variables: [request_id, ticket_row]
2026-10-08 00:37:00,904 INFO o.a.j.s.SampleEvent: List of sample_variables: [request_id, ticket_row]
2026-10-08 00:37:00,907 INFO o.a.j.e.u.CompoundVariable: Note: Function class names must contain the string: '.functions.'
2026-10-08 00:37:00,907 INFO o.a.j.e.u.CompoundVariable: Note: Function class names must not contain the string: '.gui.'
2026-10-08 00:37:01,075 INFO o.a.j.JMeter: Running test (1791391021075)
2026-10-08 00:37:01,102 INFO o.a.j.e.StandardJMeterEngine: Starting ThreadGroup: 1 : Tickets (open model)
2026-10-08 00:37:01,103 INFO o.a.j.e.StandardJMeterEngine: Starting 0 threads for group Tickets (open model).
2026-10-08 00:37:01,103 INFO o.a.j.e.StandardJMeterEngine: Thread will continue on error
2026-10-08 00:37:01,103 INFO o.a.j.t.o.OpenModelThreadGroup: Starting OpenModelThreadGroup#1 with schedule rate(250/hour) random_arrivals(720 s) pause(190 s)
2026-10-08 00:37:01,135 INFO o.a.j.e.StandardJMeterEngine: Starting ThreadGroup: 2 : Searches (open model)
2026-10-08 00:37:01,136 INFO o.a.j.e.StandardJMeterEngine: Starting 0 threads for group Searches (open model).
2026-10-08 00:37:01,136 INFO o.a.j.e.StandardJMeterEngine: Thread will continue on error
2026-10-08 00:37:01,136 INFO o.a.j.t.o.OpenModelThreadGroup: Starting OpenModelThreadGroup#2 with schedule rate(450/hour)random_arrivals(720s)pause(190s)
2026-10-08 00:37:01,136 INFO o.a.j.t.o.OpenModelThreadGroup: Thread starting init
2026-10-08 00:37:01,136 INFO o.a.j.e.StandardJMeterEngine: All thread groups have been started
2026-10-08 00:37:01,136 INFO o.a.j.t.o.OpenModelThreadGroup: Thread starting init
2026-10-08 00:37:01,139 INFO o.a.j.t.o.PoissonArrivalsRamp: Generating 90 events, beginRate = 0.125 / sec, endRate = 0.125 / sec, duration = 720.0 sec
2026-10-08 00:37:01,139 INFO o.a.j.t.o.PoissonArrivalsRamp: Generating 50 events, beginRate = 0.06944444444444445 / sec, endRate = 0.06944444444444445 / sec, duration = 720.0 sec
2026-10-08 00:37:09,444 INFO o.a.j.t.JMeterThread: Thread started: Searches (open model) 2-1
2026-10-08 00:37:09,445 INFO o.a.j.s.FileServer: Stored: C:\Users\Owen\Desktop\ICT3113_Assignment_1\jmeter\data\search_terms.txt
2026-10-08 00:37:09,469 INFO o.a.j.p.h.s.HTTPHCAbstractImpl: Local host = DESKTOP-AK5RA9C
2026-10-08 00:37:09,474 INFO o.a.j.p.h.s.HTTPHC4Impl: HTTP request retry count = 0
2026-10-08 00:37:09,475 INFO o.a.j.s.SampleResult: Note: Sample TimeStamps are START times
2026-10-08 00:37:09,475 INFO o.a.j.s.SampleResult: sampleresult.default.encoding is set to UTF-8
2026-10-08 00:37:09,475 INFO o.a.j.s.SampleResult: sampleresult.useNanoTime=true
2026-10-08 00:37:09,475 INFO o.a.j.s.SampleResult: sampleresult.nanoThreadSleep=5000
2026-10-08 00:37:09,614 INFO o.a.j.t.JMeterThread: Thread is done: Searches (open model) 2-1
2026-10-08 00:37:09,614 INFO o.a.j.t.JMeterThread: Thread finished: Searches (open model) 2-1
2026-10-08 00:37:13,534 INFO o.a.j.t.JMeterThread: Thread started: Searches (open model) 2-2
2026-10-08 00:37:13,555 INFO o.a.j.t.JMeterThread: Thread is done: Searches (open model) 2-2
2026-10-08 00:37:13,556 INFO o.a.j.t.JMeterThread: Thread finished: Searches (open model) 2-2
2026-10-08 00:37:16,022 INFO o.a.j.t.JMeterThread: Thread started: Searches (open model) 2-3
2026-10-08 00:37:16,039 INFO o.a.j.t.JMeterThread: Thread is done: Searches (open model) 2-3
2026-10-08 00:37:16,039 INFO o.a.j.t.JMeterThread: Thread finished: Searches (open model) 2-3
2026-10-08 00:37:22,931 INFO o.a.j.t.JMeterThread: Thread started: Tickets (open model) 1-1
2026-10-08 00:37:22,931 INFO o.a.j.s.FileServer: Stored: C:\Users\Owen\Desktop\ICT3113_Assignment_1\jmeter\data\team_narratives.tsv
2026-10-08 00:37:24,914 INFO o.a.j.t.JMeterThread: Thread started: Searches (open model) 2-4
2026-10-08 00:37:24,939 INFO o.a.j.t.JMeterThread: Thread is done: Searches (open model) 2-4
2026-10-08 00:37:24,939 INFO o.a.j.t.JMeterThread: Thread finished: Searches (open model) 2-4
2026-10-08 00:37:29,621 INFO o.a.j.t.JMeterThread: Thread started: Searches (open model) 2-5
2026-10-08 00:37:29,640 INFO o.a.j.t.JMeterThread: Thread is done: Searches (open model) 2-5
2026-10-08 00:37:29,640 INFO o.a.j.t.JMeterThread: Thread finished: Searches (open model) 2-5
2026-10-08 00:37:38,749 INFO o.a.j.t.JMeterThread: Thread started: Searches (open model) 2-6
2026-10-08 00:37:38,768 INFO o.a.j.t.JMeterThread: Thread is done: Searches (open model) 2-6
2026-10-08 00:37:38,768 INFO o.a.j.t.JMeterThread: Thread finished: Searches (open model) 2-6
2026-10-08 00:37:41,130 INFO o.a.j.t.JMeterThread: Thread is done: Tickets (open model) 1-1
2026-10-08 00:37:41,130 INFO o.a.j.t.JMeterThread: Thread finished: Tickets (open model) 1-1
2026-10-08 00:37:44,559 INFO o.a.j.t.JMeterThread: Thread started: Searches (open model) 2-7
2026-10-08 00:37:44,572 INFO o.a.j.t.JMeterThread: Thread is done: Searches (open model) 2-7
2026-10-08 00:37:44,572 INFO o.a.j.t.JMeterThread: Thread finished: Searches (open model) 2-7
2026-10-08 00:37:47,832 INFO o.a.j.t.JMeterThread: Thread started: Tickets (open model) 1-2
2026-10-08 00:37:51,433 INFO o.a.j.t.JMeterThread: Thread is done: Tickets (open model) 1-2
2026-10-08 00:37:51,433 INFO o.a.j.t.JMeterThread: Thread finished: Tickets (open model) 1-2
2026-10-08 00:37:56,299 INFO o.a.j.t.JMeterThread: Thread started: Tickets (open model) 1-3
2026-10-08 00:37:58,720 INFO o.a.j.t.JMeterThread: Thread started: Searches (open model) 2-8
2026-10-08 00:37:58,736 INFO o.a.j.t.JMeterThread: Thread is done: Searches (open model) 2-8
2026-10-08 00:37:58,736 INFO o.a.j.t.JMeterThread: Thread finished: Searches (open model) 2-8
2026-10-08 00:37:58,948 INFO o.a.j.t.JMeterThread: Thread started: Searches (open model) 2-9
2026-10-08 00:37:58,980 INFO o.a.j.t.JMeterThread: Thread is done: Searches (open model) 2-9
2026-10-08 00:37:58,980 INFO o.a.j.t.JMeterThread: Thread finished: Searches (open model) 2-9
2026-10-08 00:37:59,725 INFO o.a.j.t.JMeterThread: Thread started: Searches (open model) 2-10
2026-10-08 00:37:59,750 INFO o.a.j.t.JMeterThread: Thread is done: Searches (open model) 2-10
2026-10-08 00:37:59,750 INFO o.a.j.t.JMeterThread: Thread finished: Searches (open model) 2-10
2026-10-08 00:38:01,128 INFO o.a.j.t.JMeterThread: Thread started: Searches (open model) 2-11
2026-10-08 00:38:01,149 INFO o.a.j.r.Summariser: summary +     13 in 00:01:00 =    0.2/s Avg:  1698 Min:    12 Max: 18195 Err:     0 (0.00%) Active: 2 Started: 14 Finished: 12
2026-10-08 00:38:01,149 INFO o.a.j.t.JMeterThread: Thread is done: Searches (open model) 2-11
2026-10-08 00:38:01,149 INFO o.a.j.t.JMeterThread: Thread finished: Searches (open model) 2-11
2026-10-08 00:38:01,492 INFO o.a.j.t.JMeterThread: Thread is done: Tickets (open model) 1-3
2026-10-08 00:38:01,492 INFO o.a.j.t.JMeterThread: Thread finished: Tickets (open model) 1-3
2026-10-08 00:38:02,384 INFO o.a.j.t.JMeterThread: Thread started: Searches (open model) 2-12
2026-10-08 00:38:02,418 INFO o.a.j.t.JMeterThread: Thread is done: Searches (open model) 2-12
2026-10-08 00:38:02,418 INFO o.a.j.t.JMeterThread: Thread finished: Searches (open model) 2-12
2026-10-08 00:38:02,763 INFO o.a.j.t.JMeterThread: Thread started: Searches (open model) 2-13
2026-10-08 00:38:02,790 INFO o.a.j.t.JMeterThread: Thread is done: Searches (open model) 2-13
2026-10-08 00:38:02,790 INFO o.a.j.t.JMeterThread: Thread finished: Searches (open model) 2-13
2026-10-08 00:38:05,587 INFO o.a.j.t.JMeterThread: Thread started: Searches (open model) 2-14
2026-10-08 00:38:05,613 INFO o.a.j.t.JMeterThread: Thread is done: Searches (open model) 2-14
2026-10-08 00:38:05,613 INFO o.a.j.t.JMeterThread: Thread finished: Searches (open model) 2-14
2026-10-08 00:38:06,628 INFO o.a.j.t.JMeterThread: Thread started: Searches (open model) 2-15
2026-10-08 00:38:06,673 INFO o.a.j.t.JMeterThread: Thread is done: Searches (open model) 2-15
2026-10-08 00:38:06,673 INFO o.a.j.t.JMeterThread: Thread finished: Searches (open model) 2-15
2026-10-08 00:38:19,178 INFO o.a.j.t.JMeterThread: Thread started: Tickets (open model) 1-4
2026-10-08 00:38:25,610 INFO o.a.j.t.JMeterThread: Thread started: Searches (open model) 2-16
2026-10-08 00:38:25,651 INFO o.a.j.t.JMeterThread: Thread is done: Searches (open model) 2-16
2026-10-08 00:38:25,651 INFO o.a.j.t.JMeterThread: Thread finished: Searches (open model) 2-16
2026-10-08 00:38:26,695 INFO o.a.j.t.JMeterThread: Thread is done: Tickets (open model) 1-4
2026-10-08 00:38:26,695 INFO o.a.j.t.JMeterThread: Thread finished: Tickets (open model) 1-4
2026-10-08 00:38:46,104 INFO o.a.j.t.JMeterThread: Thread started: Searches (open model) 2-17
2026-10-08 00:38:46,136 INFO o.a.j.t.JMeterThread: Thread is done: Searches (open model) 2-17
2026-10-08 00:38:46,136 INFO o.a.j.t.JMeterThread: Thread finished: Searches (open model) 2-17
2026-10-08 00:38:52,149 INFO o.a.j.t.JMeterThread: Thread started: Tickets (open model) 1-5
2026-10-08 00:38:54,217 INFO o.a.j.t.JMeterThread: Thread is done: Tickets (open model) 1-5
2026-10-08 00:38:54,217 INFO o.a.j.t.JMeterThread: Thread finished: Tickets (open model) 1-5
2026-10-08 00:38:54,846 INFO o.a.j.t.JMeterThread: Thread started: Searches (open model) 2-18
2026-10-08 00:38:54,883 INFO o.a.j.t.JMeterThread: Thread is done: Searches (open model) 2-18
2026-10-08 00:38:54,883 INFO o.a.j.t.JMeterThread: Thread finished: Searches (open model) 2-18
2026-10-08 00:39:06,963 INFO o.a.j.t.JMeterThread: Thread started: Searches (open model) 2-19
2026-10-08 00:39:06,987 INFO o.a.j.t.JMeterThread: Thread is done: Searches (open model) 2-19
2026-10-08 00:39:06,987 INFO o.a.j.t.JMeterThread: Thread finished: Searches (open model) 2-19
2026-10-08 00:39:22,256 INFO o.a.j.t.JMeterThread: Thread started: Searches (open model) 2-20
2026-10-08 00:39:22,319 INFO o.a.j.t.JMeterThread: Thread is done: Searches (open model) 2-20
2026-10-08 00:39:22,319 INFO o.a.j.t.JMeterThread: Thread finished: Searches (open model) 2-20
2026-10-08 00:39:29,280 INFO o.a.j.t.JMeterThread: Thread started: Tickets (open model) 1-6
2026-10-08 00:39:30,287 INFO o.a.j.t.JMeterThread: Thread started: Searches (open model) 2-21
2026-10-08 00:39:30,316 INFO o.a.j.r.Summariser: summary +     13 in 00:01:29 =    0.1/s Avg:  1162 Min:    23 Max:  7515 Err:     0 (0.00%) Active: 2 Started: 27 Finished: 25
2026-10-08 00:39:30,317 INFO o.a.j.r.Summariser: summary =     26 in 00:02:29 =    0.2/s Avg:  1430 Min:    12 Max: 18195 Err:     0 (0.00%)
2026-10-08 00:39:30,317 INFO o.a.j.t.JMeterThread: Thread is done: Searches (open model) 2-21
2026-10-08 00:39:30,317 INFO o.a.j.t.JMeterThread: Thread finished: Searches (open model) 2-21
2026-10-08 00:39:31,499 INFO o.a.j.t.JMeterThread: Thread is done: Tickets (open model) 1-6
2026-10-08 00:39:31,499 INFO o.a.j.t.JMeterThread: Thread finished: Tickets (open model) 1-6
2026-10-08 00:39:38,499 INFO o.a.j.t.JMeterThread: Thread started: Searches (open model) 2-22
2026-10-08 00:39:38,528 INFO o.a.j.t.JMeterThread: Thread is done: Searches (open model) 2-22
2026-10-08 00:39:38,528 INFO o.a.j.t.JMeterThread: Thread finished: Searches (open model) 2-22
2026-10-08 00:39:51,283 INFO o.a.j.t.JMeterThread: Thread started: Searches (open model) 2-23
2026-10-08 00:39:51,303 INFO o.a.j.t.JMeterThread: Thread is done: Searches (open model) 2-23
2026-10-08 00:39:51,303 INFO o.a.j.t.JMeterThread: Thread finished: Searches (open model) 2-23
2026-10-08 00:39:52,452 INFO o.a.j.t.JMeterThread: Thread started: Tickets (open model) 1-7
2026-10-08 00:39:56,607 INFO o.a.j.t.JMeterThread: Thread is done: Tickets (open model) 1-7
2026-10-08 00:39:56,607 INFO o.a.j.t.JMeterThread: Thread finished: Tickets (open model) 1-7
2026-10-08 00:39:57,174 INFO o.a.j.t.JMeterThread: Thread started: Tickets (open model) 1-8
2026-10-08 00:39:59,352 INFO o.a.j.t.JMeterThread: Thread is done: Tickets (open model) 1-8
2026-10-08 00:39:59,352 INFO o.a.j.t.JMeterThread: Thread finished: Tickets (open model) 1-8
2026-10-08 00:39:59,823 INFO o.a.j.t.JMeterThread: Thread started: Tickets (open model) 1-9
2026-10-08 00:40:03,178 INFO o.a.j.r.Summariser: summary +      6 in 00:00:33 =    0.2/s Avg:  1991 Min:    19 Max:  4154 Err:     0 (0.00%) Active: 1 Started: 32 Finished: 31
2026-10-08 00:40:03,179 INFO o.a.j.r.Summariser: summary =     32 in 00:03:02 =    0.2/s Avg:  1536 Min:    12 Max: 18195 Err:     0 (0.00%)
2026-10-08 00:40:03,179 INFO o.a.j.t.JMeterThread: Thread is done: Tickets (open model) 1-9
2026-10-08 00:40:03,179 INFO o.a.j.t.JMeterThread: Thread finished: Tickets (open model) 1-9
2026-10-08 00:40:10,144 INFO o.a.j.t.JMeterThread: Thread started: Tickets (open model) 1-10
2026-10-08 00:40:12,865 INFO o.a.j.t.JMeterThread: Thread is done: Tickets (open model) 1-10
2026-10-08 00:40:12,865 INFO o.a.j.t.JMeterThread: Thread finished: Tickets (open model) 1-10
2026-10-08 00:40:14,588 INFO o.a.j.t.JMeterThread: Thread started: Searches (open model) 2-24
2026-10-08 00:40:14,623 INFO o.a.j.t.JMeterThread: Thread is done: Searches (open model) 2-24
2026-10-08 00:40:14,623 INFO o.a.j.t.JMeterThread: Thread finished: Searches (open model) 2-24
2026-10-08 00:40:22,068 INFO o.a.j.t.JMeterThread: Thread started: Searches (open model) 2-25
2026-10-08 00:40:22,091 INFO o.a.j.t.JMeterThread: Thread is done: Searches (open model) 2-25
2026-10-08 00:40:22,091 INFO o.a.j.t.JMeterThread: Thread finished: Searches (open model) 2-25
2026-10-08 00:40:24,429 INFO o.a.j.t.JMeterThread: Thread started: Searches (open model) 2-26
2026-10-08 00:40:24,452 INFO o.a.j.t.JMeterThread: Thread is done: Searches (open model) 2-26
2026-10-08 00:40:24,452 INFO o.a.j.t.JMeterThread: Thread finished: Searches (open model) 2-26
2026-10-08 00:40:25,506 INFO o.a.j.t.JMeterThread: Thread started: Searches (open model) 2-27
2026-10-08 00:40:25,525 INFO o.a.j.t.JMeterThread: Thread is done: Searches (open model) 2-27
2026-10-08 00:40:25,525 INFO o.a.j.t.JMeterThread: Thread finished: Searches (open model) 2-27
2026-10-08 00:40:42,328 INFO o.a.j.t.JMeterThread: Thread started: Searches (open model) 2-28
2026-10-08 00:40:42,903 INFO o.a.j.t.JMeterThread: Thread is done: Searches (open model) 2-28
2026-10-08 00:40:42,903 INFO o.a.j.t.JMeterThread: Thread finished: Searches (open model) 2-28
2026-10-08 00:40:43,931 INFO o.a.j.t.JMeterThread: Thread started: Tickets (open model) 1-11
2026-10-08 00:40:50,309 INFO o.a.j.t.JMeterThread: Thread started: Tickets (open model) 1-12
2026-10-08 00:40:52,966 INFO o.a.j.t.JMeterThread: Thread is done: Tickets (open model) 1-11
2026-10-08 00:40:52,966 INFO o.a.j.t.JMeterThread: Thread finished: Tickets (open model) 1-11
2026-10-08 00:40:53,173 INFO o.a.j.t.JMeterThread: Thread started: Searches (open model) 2-29
2026-10-08 00:40:53,328 INFO o.a.j.t.JMeterThread: Thread is done: Searches (open model) 2-29
2026-10-08 00:40:53,328 INFO o.a.j.t.JMeterThread: Thread finished: Searches (open model) 2-29
2026-10-08 00:40:54,841 INFO o.a.j.t.JMeterThread: Thread is done: Tickets (open model) 1-12
2026-10-08 00:40:54,841 INFO o.a.j.t.JMeterThread: Thread finished: Tickets (open model) 1-12
2026-10-08 00:41:03,403 INFO o.a.j.t.JMeterThread: Thread started: Searches (open model) 2-30
2026-10-08 00:41:03,571 INFO o.a.j.r.Summariser: summary +     10 in 00:01:00 =    0.2/s Avg:  1727 Min:    17 Max:  9035 Err:     0 (0.00%) Active: 1 Started: 42 Finished: 41
2026-10-08 00:41:03,571 INFO o.a.j.r.Summariser: summary =     42 in 00:04:02 =    0.2/s Avg:  1581 Min:    12 Max: 18195 Err:     0 (0.00%)
2026-10-08 00:41:03,571 INFO o.a.j.t.JMeterThread: Thread is done: Searches (open model) 2-30
2026-10-08 00:41:03,571 INFO o.a.j.t.JMeterThread: Thread finished: Searches (open model) 2-30
2026-10-08 00:41:07,900 INFO o.a.j.t.JMeterThread: Thread started: Searches (open model) 2-31
2026-10-08 00:41:07,975 INFO o.a.j.t.JMeterThread: Thread is done: Searches (open model) 2-31
2026-10-08 00:41:07,975 INFO o.a.j.t.JMeterThread: Thread finished: Searches (open model) 2-31
2026-10-08 00:41:09,105 INFO o.a.j.t.JMeterThread: Thread started: Tickets (open model) 1-13
2026-10-08 00:41:11,970 INFO o.a.j.t.JMeterThread: Thread is done: Tickets (open model) 1-13
2026-10-08 00:41:11,970 INFO o.a.j.t.JMeterThread: Thread finished: Tickets (open model) 1-13
2026-10-08 00:41:18,952 INFO o.a.j.t.JMeterThread: Thread started: Searches (open model) 2-32
2026-10-08 00:41:18,979 INFO o.a.j.t.JMeterThread: Thread is done: Searches (open model) 2-32
2026-10-08 00:41:18,979 INFO o.a.j.t.JMeterThread: Thread finished: Searches (open model) 2-32
2026-10-08 00:41:35,074 INFO o.a.j.t.JMeterThread: Thread started: Searches (open model) 2-33
2026-10-08 00:41:35,200 INFO o.a.j.r.Summariser: summary +      4 in 00:00:32 =    0.1/s Avg:   772 Min:    26 Max:  2865 Err:     0 (0.00%) Active: 1 Started: 46 Finished: 45
2026-10-08 00:41:35,201 INFO o.a.j.r.Summariser: summary =     46 in 00:04:34 =    0.2/s Avg:  1511 Min:    12 Max: 18195 Err:     0 (0.00%)
2026-10-08 00:41:35,201 INFO o.a.j.t.JMeterThread: Thread is done: Searches (open model) 2-33
2026-10-08 00:41:35,201 INFO o.a.j.t.JMeterThread: Thread finished: Searches (open model) 2-33
2026-10-08 00:41:36,079 INFO o.a.j.t.JMeterThread: Thread started: Searches (open model) 2-34
2026-10-08 00:41:36,757 INFO o.a.j.t.JMeterThread: Thread is done: Searches (open model) 2-34
2026-10-08 00:41:36,757 INFO o.a.j.t.JMeterThread: Thread finished: Searches (open model) 2-34
2026-10-08 00:41:40,523 INFO o.a.j.t.JMeterThread: Thread started: Searches (open model) 2-35
2026-10-08 00:41:40,723 INFO o.a.j.t.JMeterThread: Thread is done: Searches (open model) 2-35
2026-10-08 00:41:40,723 INFO o.a.j.t.JMeterThread: Thread finished: Searches (open model) 2-35
2026-10-08 00:41:44,993 INFO o.a.j.t.JMeterThread: Thread started: Tickets (open model) 1-14
2026-10-08 00:41:45,083 INFO o.a.j.t.JMeterThread: Thread started: Searches (open model) 2-36
2026-10-08 00:41:45,212 INFO o.a.j.t.JMeterThread: Thread is done: Searches (open model) 2-36
2026-10-08 00:41:45,212 INFO o.a.j.t.JMeterThread: Thread finished: Searches (open model) 2-36
2026-10-08 00:41:45,299 INFO o.a.j.t.JMeterThread: Thread started: Searches (open model) 2-37
2026-10-08 00:41:45,385 INFO o.a.j.t.JMeterThread: Thread is done: Searches (open model) 2-37
2026-10-08 00:41:45,385 INFO o.a.j.t.JMeterThread: Thread finished: Searches (open model) 2-37
2026-10-08 00:41:46,443 INFO o.a.j.t.JMeterThread: Thread started: Tickets (open model) 1-15
2026-10-08 00:41:46,490 INFO o.a.j.t.JMeterThread: Thread started: Searches (open model) 2-38
2026-10-08 00:41:46,606 INFO o.a.j.t.JMeterThread: Thread is done: Searches (open model) 2-38
2026-10-08 00:41:46,606 INFO o.a.j.t.JMeterThread: Thread finished: Searches (open model) 2-38
2026-10-08 00:41:47,158 INFO o.a.j.t.JMeterThread: Thread is done: Tickets (open model) 1-14
2026-10-08 00:41:47,158 INFO o.a.j.t.JMeterThread: Thread finished: Tickets (open model) 1-14
2026-10-08 00:41:47,601 INFO o.a.j.t.JMeterThread: Thread started: Tickets (open model) 1-16
2026-10-08 00:41:52,126 INFO o.a.j.t.JMeterThread: Thread is done: Tickets (open model) 1-15
2026-10-08 00:41:52,126 INFO o.a.j.t.JMeterThread: Thread finished: Tickets (open model) 1-15
2026-10-08 00:41:58,137 INFO o.a.j.t.JMeterThread: Thread is done: Tickets (open model) 1-16
2026-10-08 00:41:58,137 INFO o.a.j.t.JMeterThread: Thread finished: Tickets (open model) 1-16
2026-10-08 00:41:59,677 INFO o.a.j.t.JMeterThread: Thread started: Tickets (open model) 1-17
2026-10-08 00:42:02,582 INFO o.a.j.r.Summariser: summary +      9 in 00:00:27 =    0.3/s Avg:  2498 Min:    86 Max: 10535 Err:     0 (0.00%) Active: 1 Started: 55 Finished: 54
2026-10-08 00:42:02,582 INFO o.a.j.r.Summariser: summary =     55 in 00:05:02 =    0.2/s Avg:  1672 Min:    12 Max: 18195 Err:     0 (0.00%)
2026-10-08 00:42:02,582 INFO o.a.j.t.JMeterThread: Thread is done: Tickets (open model) 1-17
2026-10-08 00:42:02,582 INFO o.a.j.t.JMeterThread: Thread finished: Tickets (open model) 1-17
2026-10-08 00:42:05,230 INFO o.a.j.t.JMeterThread: Thread started: Searches (open model) 2-39
2026-10-08 00:42:05,368 INFO o.a.j.t.JMeterThread: Thread is done: Searches (open model) 2-39
2026-10-08 00:42:05,368 INFO o.a.j.t.JMeterThread: Thread finished: Searches (open model) 2-39
2026-10-08 00:42:07,038 INFO o.a.j.t.JMeterThread: Thread started: Searches (open model) 2-40
2026-10-08 00:42:07,218 INFO o.a.j.t.JMeterThread: Thread is done: Searches (open model) 2-40
2026-10-08 00:42:07,218 INFO o.a.j.t.JMeterThread: Thread finished: Searches (open model) 2-40
2026-10-08 00:42:08,924 INFO o.a.j.t.JMeterThread: Thread started: Searches (open model) 2-41
2026-10-08 00:42:09,133 INFO o.a.j.t.JMeterThread: Thread is done: Searches (open model) 2-41
2026-10-08 00:42:09,133 INFO o.a.j.t.JMeterThread: Thread finished: Searches (open model) 2-41
2026-10-08 00:42:17,697 INFO o.a.j.t.JMeterThread: Thread started: Tickets (open model) 1-18
2026-10-08 00:42:21,037 INFO o.a.j.t.JMeterThread: Thread is done: Tickets (open model) 1-18
2026-10-08 00:42:21,037 INFO o.a.j.t.JMeterThread: Thread finished: Tickets (open model) 1-18
2026-10-08 00:42:29,661 INFO o.a.j.t.JMeterThread: Thread started: Searches (open model) 2-42
2026-10-08 00:42:29,775 INFO o.a.j.t.JMeterThread: Thread is done: Searches (open model) 2-42
2026-10-08 00:42:29,775 INFO o.a.j.t.JMeterThread: Thread finished: Searches (open model) 2-42
2026-10-08 00:42:38,703 INFO o.a.j.t.JMeterThread: Thread started: Tickets (open model) 1-19
2026-10-08 00:42:38,898 INFO o.a.j.t.JMeterThread: Thread started: Tickets (open model) 1-20
2026-10-08 00:42:41,793 INFO o.a.j.t.JMeterThread: Thread is done: Tickets (open model) 1-19
2026-10-08 00:42:41,793 INFO o.a.j.t.JMeterThread: Thread finished: Tickets (open model) 1-19
2026-10-08 00:42:42,485 INFO o.a.j.t.JMeterThread: Thread started: Searches (open model) 2-43
2026-10-08 00:42:43,012 INFO o.a.j.t.JMeterThread: Thread is done: Searches (open model) 2-43
2026-10-08 00:42:43,012 INFO o.a.j.t.JMeterThread: Thread finished: Searches (open model) 2-43
2026-10-08 00:42:43,698 INFO o.a.j.t.JMeterThread: Thread started: Searches (open model) 2-44
2026-10-08 00:42:43,808 INFO o.a.j.t.JMeterThread: Thread is done: Searches (open model) 2-44
2026-10-08 00:42:43,808 INFO o.a.j.t.JMeterThread: Thread finished: Searches (open model) 2-44
2026-10-08 00:42:47,231 INFO o.a.j.t.JMeterThread: Thread is done: Tickets (open model) 1-20
2026-10-08 00:42:47,231 INFO o.a.j.t.JMeterThread: Thread finished: Tickets (open model) 1-20
2026-10-08 00:42:52,748 INFO o.a.j.t.JMeterThread: Thread started: Searches (open model) 2-45
2026-10-08 00:42:52,824 INFO o.a.j.t.JMeterThread: Thread is done: Searches (open model) 2-45
2026-10-08 00:42:52,824 INFO o.a.j.t.JMeterThread: Thread finished: Searches (open model) 2-45
2026-10-08 00:43:02,713 INFO o.a.j.t.JMeterThread: Thread started: Searches (open model) 2-46
2026-10-08 00:43:02,824 INFO o.a.j.r.Summariser: summary +     11 in 00:01:00 =    0.2/s Avg:  1474 Min:    75 Max:  8332 Err:     0 (0.00%) Active: 1 Started: 66 Finished: 65
2026-10-08 00:43:02,824 INFO o.a.j.r.Summariser: summary =     66 in 00:06:02 =    0.2/s Avg:  1639 Min:    12 Max: 18195 Err:     0 (0.00%)
2026-10-08 00:43:02,825 INFO o.a.j.t.JMeterThread: Thread is done: Searches (open model) 2-46
2026-10-08 00:43:02,825 INFO o.a.j.t.JMeterThread: Thread finished: Searches (open model) 2-46
2026-10-08 00:43:04,444 INFO o.a.j.t.JMeterThread: Thread started: Searches (open model) 2-47
2026-10-08 00:43:04,605 INFO o.a.j.t.JMeterThread: Thread is done: Searches (open model) 2-47
2026-10-08 00:43:04,605 INFO o.a.j.t.JMeterThread: Thread finished: Searches (open model) 2-47
2026-10-08 00:43:08,002 INFO o.a.j.t.JMeterThread: Thread started: Searches (open model) 2-48
2026-10-08 00:43:08,191 INFO o.a.j.t.JMeterThread: Thread is done: Searches (open model) 2-48
2026-10-08 00:43:08,191 INFO o.a.j.t.JMeterThread: Thread finished: Searches (open model) 2-48
2026-10-08 00:43:23,435 INFO o.a.j.t.JMeterThread: Thread started: Tickets (open model) 1-21
2026-10-08 00:43:25,376 INFO o.a.j.t.JMeterThread: Thread is done: Tickets (open model) 1-21
2026-10-08 00:43:25,376 INFO o.a.j.t.JMeterThread: Thread finished: Tickets (open model) 1-21
2026-10-08 00:43:25,949 INFO o.a.j.t.JMeterThread: Thread started: Tickets (open model) 1-22
2026-10-08 00:43:28,749 INFO o.a.j.t.JMeterThread: Thread started: Searches (open model) 2-49
2026-10-08 00:43:28,786 INFO o.a.j.t.JMeterThread: Thread is done: Searches (open model) 2-49
2026-10-08 00:43:28,786 INFO o.a.j.t.JMeterThread: Thread finished: Searches (open model) 2-49
2026-10-08 00:43:30,068 INFO o.a.j.t.JMeterThread: Thread started: Searches (open model) 2-50
2026-10-08 00:43:30,102 INFO o.a.j.r.Summariser: summary +      5 in 00:00:27 =    0.2/s Avg:   471 Min:    33 Max:  1940 Err:     0 (0.00%) Active: 2 Started: 72 Finished: 70
2026-10-08 00:43:30,103 INFO o.a.j.r.Summariser: summary =     71 in 00:06:29 =    0.2/s Avg:  1557 Min:    12 Max: 18195 Err:     0 (0.00%)
2026-10-08 00:43:30,103 INFO o.a.j.t.JMeterThread: Thread is done: Searches (open model) 2-50
2026-10-08 00:43:30,103 INFO o.a.j.t.JMeterThread: Thread finished: Searches (open model) 2-50
2026-10-08 00:43:33,534 INFO o.a.j.t.JMeterThread: Thread is done: Tickets (open model) 1-22
2026-10-08 00:43:33,534 INFO o.a.j.t.JMeterThread: Thread finished: Tickets (open model) 1-22
2026-10-08 00:43:36,989 INFO o.a.j.t.JMeterThread: Thread started: Searches (open model) 2-51
2026-10-08 00:43:37,026 INFO o.a.j.t.JMeterThread: Thread is done: Searches (open model) 2-51
2026-10-08 00:43:37,026 INFO o.a.j.t.JMeterThread: Thread finished: Searches (open model) 2-51
2026-10-08 00:43:40,025 INFO o.a.j.t.JMeterThread: Thread started: Searches (open model) 2-52
2026-10-08 00:43:40,055 INFO o.a.j.t.JMeterThread: Thread is done: Searches (open model) 2-52
2026-10-08 00:43:40,055 INFO o.a.j.t.JMeterThread: Thread finished: Searches (open model) 2-52
2026-10-08 00:43:40,123 INFO o.a.j.t.JMeterThread: Thread started: Searches (open model) 2-53
2026-10-08 00:43:40,147 INFO o.a.j.t.JMeterThread: Thread is done: Searches (open model) 2-53
2026-10-08 00:43:40,147 INFO o.a.j.t.JMeterThread: Thread finished: Searches (open model) 2-53
2026-10-08 00:43:43,417 INFO o.a.j.t.JMeterThread: Thread started: Searches (open model) 2-54
2026-10-08 00:43:43,443 INFO o.a.j.t.JMeterThread: Thread is done: Searches (open model) 2-54
2026-10-08 00:43:43,443 INFO o.a.j.t.JMeterThread: Thread finished: Searches (open model) 2-54
2026-10-08 00:43:58,967 INFO o.a.j.t.JMeterThread: Thread started: Tickets (open model) 1-23
2026-10-08 00:44:01,794 INFO o.a.j.t.JMeterThread: Thread started: Tickets (open model) 1-24
2026-10-08 00:44:02,261 INFO o.a.j.r.Summariser: summary +      6 in 00:00:32 =    0.2/s Avg:  1832 Min:    24 Max:  7585 Err:     0 (0.00%) Active: 2 Started: 78 Finished: 76
2026-10-08 00:44:02,261 INFO o.a.j.r.Summariser: summary =     77 in 00:07:01 =    0.2/s Avg:  1578 Min:    12 Max: 18195 Err:     0 (0.00%)
2026-10-08 00:44:02,262 INFO o.a.j.t.JMeterThread: Thread is done: Tickets (open model) 1-23
2026-10-08 00:44:02,262 INFO o.a.j.t.JMeterThread: Thread finished: Tickets (open model) 1-23
2026-10-08 00:44:02,312 INFO o.a.j.t.JMeterThread: Thread started: Tickets (open model) 1-25
2026-10-08 00:44:04,208 INFO o.a.j.t.JMeterThread: Thread started: Tickets (open model) 1-26
2026-10-08 00:44:05,435 INFO o.a.j.t.JMeterThread: Thread is done: Tickets (open model) 1-24
2026-10-08 00:44:05,435 INFO o.a.j.t.JMeterThread: Thread finished: Tickets (open model) 1-24
2026-10-08 00:44:07,699 INFO o.a.j.t.JMeterThread: Thread started: Searches (open model) 2-55
2026-10-08 00:44:07,755 INFO o.a.j.t.JMeterThread: Thread is done: Searches (open model) 2-55
2026-10-08 00:44:07,755 INFO o.a.j.t.JMeterThread: Thread finished: Searches (open model) 2-55
2026-10-08 00:44:07,838 INFO o.a.j.t.JMeterThread: Thread started: Searches (open model) 2-56
2026-10-08 00:44:07,872 INFO o.a.j.t.JMeterThread: Thread is done: Searches (open model) 2-56
2026-10-08 00:44:07,872 INFO o.a.j.t.JMeterThread: Thread finished: Searches (open model) 2-56
2026-10-08 00:44:08,186 INFO o.a.j.t.JMeterThread: Thread started: Tickets (open model) 1-27
2026-10-08 00:44:08,539 INFO o.a.j.t.JMeterThread: Thread started: Searches (open model) 2-57
2026-10-08 00:44:08,573 INFO o.a.j.t.JMeterThread: Thread is done: Searches (open model) 2-57
2026-10-08 00:44:08,573 INFO o.a.j.t.JMeterThread: Thread finished: Searches (open model) 2-57
2026-10-08 00:44:09,868 INFO o.a.j.t.JMeterThread: Thread is done: Tickets (open model) 1-25
2026-10-08 00:44:09,868 INFO o.a.j.t.JMeterThread: Thread finished: Tickets (open model) 1-25
2026-10-08 00:44:10,351 INFO o.a.j.t.JMeterThread: Thread started: Tickets (open model) 1-28
2026-10-08 00:44:17,253 INFO o.a.j.t.JMeterThread: Thread is done: Tickets (open model) 1-26
2026-10-08 00:44:17,253 INFO o.a.j.t.JMeterThread: Thread finished: Tickets (open model) 1-26
2026-10-08 00:44:23,187 INFO o.a.j.t.JMeterThread: Thread is done: Tickets (open model) 1-27
2026-10-08 00:44:23,187 INFO o.a.j.t.JMeterThread: Thread finished: Tickets (open model) 1-27
2026-10-08 00:44:23,685 INFO o.a.j.t.JMeterThread: Thread started: Searches (open model) 2-58
2026-10-08 00:44:23,768 INFO o.a.j.t.JMeterThread: Thread is done: Searches (open model) 2-58
2026-10-08 00:44:23,768 INFO o.a.j.t.JMeterThread: Thread finished: Searches (open model) 2-58
2026-10-08 00:44:26,735 INFO o.a.j.t.JMeterThread: Thread started: Searches (open model) 2-59
2026-10-08 00:44:26,760 INFO o.a.j.t.JMeterThread: Thread is done: Searches (open model) 2-59
2026-10-08 00:44:26,760 INFO o.a.j.t.JMeterThread: Thread finished: Searches (open model) 2-59
2026-10-08 00:44:29,569 INFO o.a.j.t.JMeterThread: Thread is done: Tickets (open model) 1-28
2026-10-08 00:44:29,569 INFO o.a.j.t.JMeterThread: Thread finished: Tickets (open model) 1-28
2026-10-08 00:44:33,331 INFO o.a.j.t.JMeterThread: Thread started: Tickets (open model) 1-29
2026-10-08 00:44:37,185 INFO o.a.j.t.JMeterThread: Thread is done: Tickets (open model) 1-29
2026-10-08 00:44:37,185 INFO o.a.j.t.JMeterThread: Thread finished: Tickets (open model) 1-29
2026-10-08 00:44:51,787 INFO o.a.j.t.JMeterThread: Thread started: Tickets (open model) 1-30
2026-10-08 00:45:00,217 INFO o.a.j.r.Summariser: summary +     12 in 00:00:58 =    0.2/s Avg:  5914 Min:    24 Max: 19217 Err:     0 (0.00%) Active: 1 Started: 89 Finished: 88
2026-10-08 00:45:00,218 INFO o.a.j.r.Summariser: summary =     89 in 00:07:59 =    0.2/s Avg:  2163 Min:    12 Max: 19217 Err:     0 (0.00%)
2026-10-08 00:45:00,218 INFO o.a.j.t.JMeterThread: Thread is done: Tickets (open model) 1-30
2026-10-08 00:45:00,218 INFO o.a.j.t.JMeterThread: Thread finished: Tickets (open model) 1-30
2026-10-08 00:45:01,540 INFO o.a.j.t.JMeterThread: Thread started: Searches (open model) 2-60
2026-10-08 00:45:01,594 INFO o.a.j.t.JMeterThread: Thread is done: Searches (open model) 2-60
2026-10-08 00:45:01,594 INFO o.a.j.t.JMeterThread: Thread finished: Searches (open model) 2-60
2026-10-08 00:45:10,506 INFO o.a.j.t.JMeterThread: Thread started: Searches (open model) 2-61
2026-10-08 00:45:10,547 INFO o.a.j.t.JMeterThread: Thread is done: Searches (open model) 2-61
2026-10-08 00:45:10,547 INFO o.a.j.t.JMeterThread: Thread finished: Searches (open model) 2-61
2026-10-08 00:45:17,351 INFO o.a.j.t.JMeterThread: Thread started: Searches (open model) 2-62
2026-10-08 00:45:17,366 INFO o.a.j.t.JMeterThread: Thread is done: Searches (open model) 2-62
2026-10-08 00:45:17,366 INFO o.a.j.t.JMeterThread: Thread finished: Searches (open model) 2-62
2026-10-08 00:45:18,513 INFO o.a.j.t.JMeterThread: Thread started: Searches (open model) 2-63
2026-10-08 00:45:18,542 INFO o.a.j.t.JMeterThread: Thread is done: Searches (open model) 2-63
2026-10-08 00:45:18,542 INFO o.a.j.t.JMeterThread: Thread finished: Searches (open model) 2-63
2026-10-08 00:45:20,896 INFO o.a.j.t.JMeterThread: Thread started: Searches (open model) 2-64
2026-10-08 00:45:20,921 INFO o.a.j.t.JMeterThread: Thread is done: Searches (open model) 2-64
2026-10-08 00:45:20,921 INFO o.a.j.t.JMeterThread: Thread finished: Searches (open model) 2-64
2026-10-08 00:45:28,246 INFO o.a.j.t.JMeterThread: Thread started: Searches (open model) 2-65
2026-10-08 00:45:28,274 INFO o.a.j.t.JMeterThread: Thread is done: Searches (open model) 2-65
2026-10-08 00:45:28,274 INFO o.a.j.t.JMeterThread: Thread finished: Searches (open model) 2-65
2026-10-08 00:45:31,843 INFO o.a.j.t.JMeterThread: Thread started: Searches (open model) 2-66
2026-10-08 00:45:31,855 INFO o.a.j.r.Summariser: summary +      7 in 00:00:32 =    0.2/s Avg:    28 Min:    11 Max:    54 Err:     0 (0.00%) Active: 1 Started: 96 Finished: 95
2026-10-08 00:45:31,856 INFO o.a.j.r.Summariser: summary =     96 in 00:08:31 =    0.2/s Avg:  2007 Min:    11 Max: 19217 Err:     0 (0.00%)
2026-10-08 00:45:31,856 INFO o.a.j.t.JMeterThread: Thread is done: Searches (open model) 2-66
2026-10-08 00:45:31,856 INFO o.a.j.t.JMeterThread: Thread finished: Searches (open model) 2-66
2026-10-08 00:45:33,062 INFO o.a.j.t.JMeterThread: Thread started: Searches (open model) 2-67
2026-10-08 00:45:33,084 INFO o.a.j.t.JMeterThread: Thread is done: Searches (open model) 2-67
2026-10-08 00:45:33,084 INFO o.a.j.t.JMeterThread: Thread finished: Searches (open model) 2-67
2026-10-08 00:45:37,672 INFO o.a.j.t.JMeterThread: Thread started: Searches (open model) 2-68
2026-10-08 00:45:37,719 INFO o.a.j.t.JMeterThread: Thread is done: Searches (open model) 2-68
2026-10-08 00:45:37,719 INFO o.a.j.t.JMeterThread: Thread finished: Searches (open model) 2-68
2026-10-08 00:45:49,800 INFO o.a.j.t.JMeterThread: Thread started: Tickets (open model) 1-31
2026-10-08 00:45:51,747 INFO o.a.j.t.JMeterThread: Thread is done: Tickets (open model) 1-31
2026-10-08 00:45:51,747 INFO o.a.j.t.JMeterThread: Thread finished: Tickets (open model) 1-31
2026-10-08 00:45:52,509 INFO o.a.j.t.JMeterThread: Thread started: Tickets (open model) 1-32
2026-10-08 00:45:52,720 INFO o.a.j.t.JMeterThread: Thread started: Searches (open model) 2-69
2026-10-08 00:45:52,737 INFO o.a.j.t.JMeterThread: Thread is done: Searches (open model) 2-69
2026-10-08 00:45:52,737 INFO o.a.j.t.JMeterThread: Thread finished: Searches (open model) 2-69
2026-10-08 00:45:58,062 INFO o.a.j.t.JMeterThread: Thread is done: Tickets (open model) 1-32
2026-10-08 00:45:58,062 INFO o.a.j.t.JMeterThread: Thread finished: Tickets (open model) 1-32
2026-10-08 00:46:06,778 INFO o.a.j.t.JMeterThread: Thread started: Tickets (open model) 1-33
2026-10-08 00:46:09,718 INFO o.a.j.t.JMeterThread: Thread started: Searches (open model) 2-70
2026-10-08 00:46:09,746 INFO o.a.j.t.JMeterThread: Thread is done: Searches (open model) 2-70
2026-10-08 00:46:09,746 INFO o.a.j.t.JMeterThread: Thread finished: Searches (open model) 2-70
2026-10-08 00:46:12,506 INFO o.a.j.t.JMeterThread: Thread is done: Tickets (open model) 1-33
2026-10-08 00:46:12,506 INFO o.a.j.t.JMeterThread: Thread finished: Tickets (open model) 1-33
2026-10-08 00:46:21,920 INFO o.a.j.t.JMeterThread: Thread started: Searches (open model) 2-71
2026-10-08 00:46:21,992 INFO o.a.j.t.JMeterThread: Thread is done: Searches (open model) 2-71
2026-10-08 00:46:21,992 INFO o.a.j.t.JMeterThread: Thread finished: Searches (open model) 2-71
2026-10-08 00:46:23,519 INFO o.a.j.t.JMeterThread: Thread started: Tickets (open model) 1-34
2026-10-08 00:46:27,816 INFO o.a.j.t.JMeterThread: Thread is done: Tickets (open model) 1-34
2026-10-08 00:46:27,816 INFO o.a.j.t.JMeterThread: Thread finished: Tickets (open model) 1-34
2026-10-08 00:46:33,322 INFO o.a.j.t.JMeterThread: Thread started: Tickets (open model) 1-35
2026-10-08 00:46:35,101 INFO o.a.j.r.Summariser: summary +     10 in 00:01:03 =    0.2/s Avg:  1948 Min:    16 Max:  5728 Err:     0 (0.00%) Active: 1 Started: 106 Finished: 105
2026-10-08 00:46:35,102 INFO o.a.j.r.Summariser: summary =    106 in 00:09:34 =    0.2/s Avg:  2002 Min:    11 Max: 19217 Err:     0 (0.00%)
2026-10-08 00:46:35,102 INFO o.a.j.t.JMeterThread: Thread is done: Tickets (open model) 1-35
2026-10-08 00:46:35,102 INFO o.a.j.t.JMeterThread: Thread finished: Tickets (open model) 1-35
2026-10-08 00:46:47,500 INFO o.a.j.t.JMeterThread: Thread started: Tickets (open model) 1-36
2026-10-08 00:46:50,420 INFO o.a.j.t.JMeterThread: Thread started: Searches (open model) 2-72
2026-10-08 00:46:50,480 INFO o.a.j.t.JMeterThread: Thread is done: Searches (open model) 2-72
2026-10-08 00:46:50,480 INFO o.a.j.t.JMeterThread: Thread finished: Searches (open model) 2-72
2026-10-08 00:46:54,947 INFO o.a.j.t.JMeterThread: Thread is done: Tickets (open model) 1-36
2026-10-08 00:46:54,947 INFO o.a.j.t.JMeterThread: Thread finished: Tickets (open model) 1-36
2026-10-08 00:46:57,424 INFO o.a.j.t.JMeterThread: Thread started: Tickets (open model) 1-37
2026-10-08 00:46:59,227 INFO o.a.j.t.JMeterThread: Thread is done: Tickets (open model) 1-37
2026-10-08 00:46:59,227 INFO o.a.j.t.JMeterThread: Thread finished: Tickets (open model) 1-37
2026-10-08 00:46:59,867 INFO o.a.j.t.JMeterThread: Thread started: Searches (open model) 2-73
2026-10-08 00:46:59,917 INFO o.a.j.t.JMeterThread: Thread is done: Searches (open model) 2-73
2026-10-08 00:46:59,917 INFO o.a.j.t.JMeterThread: Thread finished: Searches (open model) 2-73
2026-10-08 00:47:00,637 INFO o.a.j.t.JMeterThread: Thread started: Tickets (open model) 1-38
2026-10-08 00:47:03,009 INFO o.a.j.r.Summariser: summary +      5 in 00:00:28 =    0.2/s Avg:  2344 Min:    49 Max:  7446 Err:     0 (0.00%) Active: 1 Started: 111 Finished: 110
2026-10-08 00:47:03,009 INFO o.a.j.r.Summariser: summary =    111 in 00:10:02 =    0.2/s Avg:  2017 Min:    11 Max: 19217 Err:     0 (0.00%)
2026-10-08 00:47:03,010 INFO o.a.j.t.JMeterThread: Thread is done: Tickets (open model) 1-38
2026-10-08 00:47:03,010 INFO o.a.j.t.JMeterThread: Thread finished: Tickets (open model) 1-38
2026-10-08 00:47:03,416 INFO o.a.j.t.JMeterThread: Thread started: Tickets (open model) 1-39
2026-10-08 00:47:04,976 INFO o.a.j.t.JMeterThread: Thread started: Searches (open model) 2-74
2026-10-08 00:47:05,041 INFO o.a.j.t.JMeterThread: Thread is done: Searches (open model) 2-74
2026-10-08 00:47:05,041 INFO o.a.j.t.JMeterThread: Thread finished: Searches (open model) 2-74
2026-10-08 00:47:07,832 INFO o.a.j.t.JMeterThread: Thread started: Searches (open model) 2-75
2026-10-08 00:47:07,923 INFO o.a.j.t.JMeterThread: Thread is done: Searches (open model) 2-75
2026-10-08 00:47:07,923 INFO o.a.j.t.JMeterThread: Thread finished: Searches (open model) 2-75
2026-10-08 00:47:08,735 INFO o.a.j.t.JMeterThread: Thread started: Tickets (open model) 1-40
2026-10-08 00:47:12,365 INFO o.a.j.t.JMeterThread: Thread is done: Tickets (open model) 1-39
2026-10-08 00:47:12,366 INFO o.a.j.t.JMeterThread: Thread finished: Tickets (open model) 1-39
2026-10-08 00:47:16,590 INFO o.a.j.t.JMeterThread: Thread is done: Tickets (open model) 1-40
2026-10-08 00:47:16,590 INFO o.a.j.t.JMeterThread: Thread finished: Tickets (open model) 1-40
2026-10-08 00:47:19,443 INFO o.a.j.t.JMeterThread: Thread started: Searches (open model) 2-76
2026-10-08 00:47:19,467 INFO o.a.j.t.JMeterThread: Thread is done: Searches (open model) 2-76
2026-10-08 00:47:19,467 INFO o.a.j.t.JMeterThread: Thread finished: Searches (open model) 2-76
2026-10-08 00:47:24,643 INFO o.a.j.t.JMeterThread: Thread started: Tickets (open model) 1-41
2026-10-08 00:47:25,823 INFO o.a.j.t.JMeterThread: Thread started: Searches (open model) 2-77
2026-10-08 00:47:25,848 INFO o.a.j.t.JMeterThread: Thread is done: Searches (open model) 2-77
2026-10-08 00:47:25,848 INFO o.a.j.t.JMeterThread: Thread finished: Searches (open model) 2-77
2026-10-08 00:47:32,133 INFO o.a.j.t.JMeterThread: Thread started: Searches (open model) 2-78
2026-10-08 00:47:32,156 INFO o.a.j.r.Summariser: summary +      7 in 00:00:29 =    0.2/s Avg:  2432 Min:    22 Max:  8949 Err:     0 (0.00%) Active: 2 Started: 119 Finished: 117
2026-10-08 00:47:32,156 INFO o.a.j.r.Summariser: summary =    118 in 00:10:31 =    0.2/s Avg:  2042 Min:    11 Max: 19217 Err:     0 (0.00%)
2026-10-08 00:47:32,156 INFO o.a.j.t.JMeterThread: Thread is done: Searches (open model) 2-78
2026-10-08 00:47:32,156 INFO o.a.j.t.JMeterThread: Thread finished: Searches (open model) 2-78
2026-10-08 00:47:32,779 INFO o.a.j.t.JMeterThread: Thread started: Tickets (open model) 1-42
2026-10-08 00:47:33,958 INFO o.a.j.t.JMeterThread: Thread is done: Tickets (open model) 1-41
2026-10-08 00:47:33,958 INFO o.a.j.t.JMeterThread: Thread finished: Tickets (open model) 1-41
2026-10-08 00:47:34,615 INFO o.a.j.t.JMeterThread: Thread started: Tickets (open model) 1-43
2026-10-08 00:47:35,223 INFO o.a.j.t.JMeterThread: Thread started: Searches (open model) 2-79
2026-10-08 00:47:35,248 INFO o.a.j.t.JMeterThread: Thread is done: Searches (open model) 2-79
2026-10-08 00:47:35,248 INFO o.a.j.t.JMeterThread: Thread finished: Searches (open model) 2-79
2026-10-08 00:47:36,851 INFO o.a.j.t.JMeterThread: Thread is done: Tickets (open model) 1-42
2026-10-08 00:47:36,851 INFO o.a.j.t.JMeterThread: Thread finished: Tickets (open model) 1-42
2026-10-08 00:47:42,793 INFO o.a.j.t.JMeterThread: Thread started: Searches (open model) 2-80
2026-10-08 00:47:42,839 INFO o.a.j.t.JMeterThread: Thread is done: Searches (open model) 2-80
2026-10-08 00:47:42,839 INFO o.a.j.t.JMeterThread: Thread finished: Searches (open model) 2-80
2026-10-08 00:47:45,087 INFO o.a.j.t.JMeterThread: Thread is done: Tickets (open model) 1-43
2026-10-08 00:47:45,087 INFO o.a.j.t.JMeterThread: Thread finished: Tickets (open model) 1-43
2026-10-08 00:47:45,925 INFO o.a.j.t.JMeterThread: Thread started: Searches (open model) 2-81
2026-10-08 00:47:45,986 INFO o.a.j.t.JMeterThread: Thread is done: Searches (open model) 2-81
2026-10-08 00:47:45,986 INFO o.a.j.t.JMeterThread: Thread finished: Searches (open model) 2-81
2026-10-08 00:47:51,814 INFO o.a.j.t.JMeterThread: Thread started: Searches (open model) 2-82
2026-10-08 00:47:51,830 INFO o.a.j.t.JMeterThread: Thread is done: Searches (open model) 2-82
2026-10-08 00:47:51,830 INFO o.a.j.t.JMeterThread: Thread finished: Searches (open model) 2-82
2026-10-08 00:47:58,172 INFO o.a.j.t.JMeterThread: Thread started: Searches (open model) 2-83
2026-10-08 00:47:58,197 INFO o.a.j.t.JMeterThread: Thread is done: Searches (open model) 2-83
2026-10-08 00:47:58,197 INFO o.a.j.t.JMeterThread: Thread finished: Searches (open model) 2-83
2026-10-08 00:47:58,562 INFO o.a.j.t.JMeterThread: Thread started: Tickets (open model) 1-44
2026-10-08 00:47:59,598 INFO o.a.j.t.JMeterThread: Thread started: Searches (open model) 2-84
2026-10-08 00:47:59,630 INFO o.a.j.t.JMeterThread: Thread is done: Searches (open model) 2-84
2026-10-08 00:47:59,630 INFO o.a.j.t.JMeterThread: Thread finished: Searches (open model) 2-84
2026-10-08 00:48:01,356 INFO o.a.j.r.Summariser: summary +     10 in 00:00:29 =    0.3/s Avg:  2684 Min:    15 Max: 10471 Err:     0 (0.00%) Active: 1 Started: 128 Finished: 127
2026-10-08 00:48:01,356 INFO o.a.j.r.Summariser: summary =    128 in 00:11:00 =    0.2/s Avg:  2092 Min:    11 Max: 19217 Err:     0 (0.00%)
2026-10-08 00:48:01,356 INFO o.a.j.t.JMeterThread: Thread is done: Tickets (open model) 1-44
2026-10-08 00:48:01,356 INFO o.a.j.t.JMeterThread: Thread finished: Tickets (open model) 1-44
2026-10-08 00:48:04,978 INFO o.a.j.t.JMeterThread: Thread started: Searches (open model) 2-85
2026-10-08 00:48:04,999 INFO o.a.j.t.JMeterThread: Thread is done: Searches (open model) 2-85
2026-10-08 00:48:04,999 INFO o.a.j.t.JMeterThread: Thread finished: Searches (open model) 2-85
2026-10-08 00:48:09,766 INFO o.a.j.t.JMeterThread: Thread started: Searches (open model) 2-86
2026-10-08 00:48:09,801 INFO o.a.j.t.JMeterThread: Thread is done: Searches (open model) 2-86
2026-10-08 00:48:09,801 INFO o.a.j.t.JMeterThread: Thread finished: Searches (open model) 2-86
2026-10-08 00:48:16,233 INFO o.a.j.t.JMeterThread: Thread started: Tickets (open model) 1-45
2026-10-08 00:48:20,339 INFO o.a.j.t.JMeterThread: Thread is done: Tickets (open model) 1-45
2026-10-08 00:48:20,339 INFO o.a.j.t.JMeterThread: Thread finished: Tickets (open model) 1-45
2026-10-08 00:48:22,628 INFO o.a.j.t.JMeterThread: Thread started: Tickets (open model) 1-46
2026-10-08 00:48:26,392 INFO o.a.j.t.JMeterThread: Thread is done: Tickets (open model) 1-46
2026-10-08 00:48:26,392 INFO o.a.j.t.JMeterThread: Thread finished: Tickets (open model) 1-46
2026-10-08 00:48:27,976 INFO o.a.j.t.JMeterThread: Thread started: Searches (open model) 2-87
2026-10-08 00:48:28,008 INFO o.a.j.t.JMeterThread: Thread is done: Searches (open model) 2-87
2026-10-08 00:48:28,009 INFO o.a.j.t.JMeterThread: Thread finished: Searches (open model) 2-87
2026-10-08 00:48:41,209 INFO o.a.j.t.JMeterThread: Thread started: Tickets (open model) 1-47
2026-10-08 00:48:43,838 INFO o.a.j.t.JMeterThread: Thread started: Searches (open model) 2-88
2026-10-08 00:48:43,864 INFO o.a.j.t.JMeterThread: Thread is done: Searches (open model) 2-88
2026-10-08 00:48:43,864 INFO o.a.j.t.JMeterThread: Thread finished: Searches (open model) 2-88
2026-10-08 00:48:44,217 INFO o.a.j.t.JMeterThread: Thread started: Searches (open model) 2-89
2026-10-08 00:48:44,241 INFO o.a.j.t.JMeterThread: Thread is done: Searches (open model) 2-89
2026-10-08 00:48:44,241 INFO o.a.j.t.JMeterThread: Thread finished: Searches (open model) 2-89
2026-10-08 00:48:46,400 INFO o.a.j.t.JMeterThread: Thread is done: Tickets (open model) 1-47
2026-10-08 00:48:46,400 INFO o.a.j.t.JMeterThread: Thread finished: Tickets (open model) 1-47
2026-10-08 00:48:50,360 INFO o.a.j.t.JMeterThread: Thread started: Tickets (open model) 1-48
2026-10-08 00:48:57,195 INFO o.a.j.t.JMeterThread: Thread is done: Tickets (open model) 1-48
2026-10-08 00:48:57,195 INFO o.a.j.t.JMeterThread: Thread finished: Tickets (open model) 1-48
2026-10-08 00:48:57,985 INFO o.a.j.t.JMeterThread: Thread started: Searches (open model) 2-90
2026-10-08 00:48:57,985 INFO o.a.j.t.o.EvenArrivalsRamp: Generating 0 events, beginRate = 0.0 / sec, endRate = 0.0 / sec, duration = 190.0 sec
2026-10-08 00:48:57,985 INFO o.a.j.t.o.OpenModelThreadGroup: There will be no more events, so will wait for 192 sec till the end of the schedule
2026-10-08 00:48:58,029 INFO o.a.j.t.JMeterThread: Thread is done: Searches (open model) 2-90
2026-10-08 00:48:58,029 INFO o.a.j.t.JMeterThread: Thread finished: Searches (open model) 2-90
2026-10-08 00:48:59,574 INFO o.a.j.t.JMeterThread: Thread started: Tickets (open model) 1-49
2026-10-08 00:49:00,855 INFO o.a.j.t.o.EvenArrivalsRamp: Generating 0 events, beginRate = 0.0 / sec, endRate = 0.0 / sec, duration = 190.0 sec
2026-10-08 00:49:00,855 INFO o.a.j.t.o.OpenModelThreadGroup: There will be no more events, so will wait for 190 sec till the end of the schedule
2026-10-08 00:49:00,855 INFO o.a.j.t.JMeterThread: Thread started: Tickets (open model) 1-50
2026-10-08 00:49:06,428 INFO o.a.j.t.JMeterThread: Thread is done: Tickets (open model) 1-49
2026-10-08 00:49:06,429 INFO o.a.j.t.JMeterThread: Thread finished: Tickets (open model) 1-49
2026-10-08 00:49:13,327 INFO o.a.j.t.JMeterThread: Thread is done: Tickets (open model) 1-50
2026-10-08 00:49:13,327 INFO o.a.j.t.JMeterThread: Thread finished: Tickets (open model) 1-50
2026-10-08 00:52:10,905 INFO o.a.j.t.o.OpenModelThreadGroup: There will be no more events, will shutdown the thread pool
2026-10-08 00:52:10,905 INFO o.a.j.t.o.OpenModelThreadGroup: Thread starting done
2026-10-08 00:52:10,911 INFO o.a.j.t.o.OpenModelThreadGroup: There will be no more events, will shutdown the thread pool
2026-10-08 00:52:10,911 INFO o.a.j.t.o.OpenModelThreadGroup: Thread starting done
2026-10-08 00:52:10,911 INFO o.a.j.e.StandardJMeterEngine: Notifying test listeners of end of test
2026-10-08 00:52:10,911 INFO o.a.j.s.FileServer: Close: C:\Users\Owen\Desktop\ICT3113_Assignment_1\jmeter\data\team_narratives.tsv
2026-10-08 00:52:10,911 INFO o.a.j.s.FileServer: Close: C:\Users\Owen\Desktop\ICT3113_Assignment_1\jmeter\data\search_terms.txt
2026-10-08 00:52:10,912 INFO o.a.j.r.Summariser: summary +     12 in 00:04:10 =    0.0/s Avg:  3282 Min:    21 Max: 12471 Err:     0 (0.00%) Active: 0 Started: 140 Finished: 140
2026-10-08 00:52:10,912 INFO o.a.j.r.Summariser: summary =    140 in 00:15:10 =    0.2/s Avg:  2194 Min:    11 Max: 19217 Err:     0 (0.00%)
