2026-10-08 01:12:40,881 INFO o.a.j.u.JMeterUtils: Setting Locale to en_EN
2026-10-08 01:12:40,889 INFO o.a.j.JMeter: Loading user properties from: user.properties
2026-10-08 01:12:40,889 INFO o.a.j.JMeter: Loading system properties from: system.properties
2026-10-08 01:12:40,889 INFO o.a.j.JMeter: Loading additional properties from: C:\Users\Owen\Desktop\ICT3113_Assignment_1\jmeter\results.properties
2026-10-08 01:12:40,889 INFO o.a.j.JMeter: Setting JMeter property: host=192.168.1.170
2026-10-08 01:12:40,889 INFO o.a.j.JMeter: Setting JMeter property: port=8000
2026-10-08 01:12:40,890 INFO o.a.j.JMeter: Setting JMeter property: protocol=http
2026-10-08 01:12:40,890 INFO o.a.j.JMeter: Setting JMeter property: rate=250
2026-10-08 01:12:40,890 INFO o.a.j.JMeter: Setting JMeter property: duration_s=720
2026-10-08 01:12:40,890 INFO o.a.j.JMeter: Setting JMeter property: drain_s=190
2026-10-08 01:12:40,890 INFO o.a.j.JMeter: Setting JMeter property: search_schedule=rate(450/hour)random_arrivals(720s)pause(190s)
2026-10-08 01:12:40,890 INFO o.a.j.JMeter: Setting JMeter property: seed=311303
2026-10-08 01:12:40,890 INFO o.a.j.JMeter: Setting JMeter property: search_seed=311353
2026-10-08 01:12:40,890 INFO o.a.j.JMeter: Setting JMeter property: data_file=C:\Users\Owen\Desktop\ICT3113_Assignment_1\jmeter\data\team_narratives.tsv
2026-10-08 01:12:40,890 INFO o.a.j.JMeter: Setting JMeter property: search_file=C:\Users\Owen\Desktop\ICT3113_Assignment_1\jmeter\data\search_terms.txt
2026-10-08 01:12:40,890 INFO o.a.j.JMeter: Setting JMeter property: timeout_ms=180000
2026-10-08 01:12:40,895 INFO o.a.j.JMeter: Copyright (c) 1998-2024 The Apache Software Foundation
2026-10-08 01:12:40,895 INFO o.a.j.JMeter: Version 5.6.3
2026-10-08 01:12:40,895 INFO o.a.j.JMeter: java.version=1.8.0_333
2026-10-08 01:12:40,895 INFO o.a.j.JMeter: java.vm.name=Java HotSpot(TM) 64-Bit Server VM
2026-10-08 01:12:40,895 INFO o.a.j.JMeter: os.name=Windows 11
2026-10-08 01:12:40,895 INFO o.a.j.JMeter: os.arch=amd64
2026-10-08 01:12:40,895 INFO o.a.j.JMeter: os.version=10.0
2026-10-08 01:12:40,895 INFO o.a.j.JMeter: file.encoding=Cp1252
2026-10-08 01:12:40,895 INFO o.a.j.JMeter: java.awt.headless=true
2026-10-08 01:12:40,895 INFO o.a.j.JMeter: Max memory     =1073741824
2026-10-08 01:12:40,895 INFO o.a.j.JMeter: Available Processors =16
2026-10-08 01:12:40,897 INFO o.a.j.JMeter: Default Locale=English (EN)
2026-10-08 01:12:40,898 INFO o.a.j.JMeter: JMeter  Locale=English (EN)
2026-10-08 01:12:40,898 INFO o.a.j.JMeter: JMeterHome=C:\Users\Owen\Downloads\apache-jmeter-5.6.3\apache-jmeter-5.6.3
2026-10-08 01:12:40,898 INFO o.a.j.JMeter: user.dir  =C:\Users\Owen\Downloads\apache-jmeter-5.6.3\apache-jmeter-5.6.3\bin
2026-10-08 01:12:40,898 INFO o.a.j.JMeter: PWD       =C:\Users\Owen\Downloads\apache-jmeter-5.6.3\apache-jmeter-5.6.3\bin
2026-10-08 01:12:45,845 INFO o.a.j.JMeter: IP: 10.5.0.2 Name: DESKTOP-AK5RA9C FullName: DESKTOP-AK5RA9C
2026-10-08 01:12:45,859 INFO o.a.j.s.FileServer: Default base='C:\Users\Owen\Downloads\apache-jmeter-5.6.3\apache-jmeter-5.6.3\bin'
2026-10-08 01:12:45,860 INFO o.a.j.s.FileServer: Set new base='C:\Users\Owen\Desktop\ICT3113_Assignment_1\jmeter'
2026-10-08 01:12:45,952 INFO o.a.j.s.SaveService: Testplan (JMX) version: 2.2. Testlog (JTL) version: 2.2
2026-10-08 01:12:45,966 INFO o.a.j.s.SaveService: Using SaveService properties file encoding UTF-8
2026-10-08 01:12:45,970 INFO o.a.j.s.SaveService: Using SaveService properties version 5.0
2026-10-08 01:12:45,974 INFO o.a.j.s.SaveService: Loading file: C:\Users\Owen\Desktop\ICT3113_Assignment_1\jmeter\ticket_load_test.jmx
2026-10-08 01:12:46,029 INFO o.a.j.p.h.s.HTTPSamplerBase: Parser for text/html is org.apache.jmeter.protocol.http.parser.LagartoBasedHtmlParser
2026-10-08 01:12:46,029 INFO o.a.j.p.h.s.HTTPSamplerBase: Parser for application/xhtml+xml is org.apache.jmeter.protocol.http.parser.LagartoBasedHtmlParser
2026-10-08 01:12:46,029 INFO o.a.j.p.h.s.HTTPSamplerBase: Parser for application/xml is org.apache.jmeter.protocol.http.parser.LagartoBasedHtmlParser
2026-10-08 01:12:46,029 INFO o.a.j.p.h.s.HTTPSamplerBase: Parser for text/xml is org.apache.jmeter.protocol.http.parser.LagartoBasedHtmlParser
2026-10-08 01:12:46,029 INFO o.a.j.p.h.s.HTTPSamplerBase: Parser for text/vnd.wap.wml is org.apache.jmeter.protocol.http.parser.RegexpHTMLParser
2026-10-08 01:12:46,029 INFO o.a.j.p.h.s.HTTPSamplerBase: Parser for text/css is org.apache.jmeter.protocol.http.parser.CssParser
2026-10-08 01:12:46,213 INFO o.a.j.JMeter: Creating summariser <summary>
2026-10-08 01:12:46,226 INFO o.a.j.e.StandardJMeterEngine: Running the test!
2026-10-08 01:12:46,227 INFO o.a.j.s.SampleEvent: List of sample_variables: [request_id, ticket_row]
2026-10-08 01:12:46,227 INFO o.a.j.s.SampleEvent: List of sample_variables: [request_id, ticket_row]
2026-10-08 01:12:46,231 INFO o.a.j.e.u.CompoundVariable: Note: Function class names must contain the string: '.functions.'
2026-10-08 01:12:46,231 INFO o.a.j.e.u.CompoundVariable: Note: Function class names must not contain the string: '.gui.'
2026-10-08 01:12:46,445 INFO o.a.j.JMeter: Running test (1791393166445)
2026-10-08 01:12:46,473 INFO o.a.j.e.StandardJMeterEngine: Starting ThreadGroup: 1 : Tickets (open model)
2026-10-08 01:12:46,473 INFO o.a.j.e.StandardJMeterEngine: Starting 0 threads for group Tickets (open model).
2026-10-08 01:12:46,473 INFO o.a.j.e.StandardJMeterEngine: Thread will continue on error
2026-10-08 01:12:46,473 INFO o.a.j.t.o.OpenModelThreadGroup: Starting OpenModelThreadGroup#1 with schedule rate(250/hour) random_arrivals(720 s) pause(190 s)
2026-10-08 01:12:46,507 INFO o.a.j.e.StandardJMeterEngine: Starting ThreadGroup: 2 : Searches (open model)
2026-10-08 01:12:46,507 INFO o.a.j.e.StandardJMeterEngine: Starting 0 threads for group Searches (open model).
2026-10-08 01:12:46,507 INFO o.a.j.e.StandardJMeterEngine: Thread will continue on error
2026-10-08 01:12:46,507 INFO o.a.j.t.o.OpenModelThreadGroup: Starting OpenModelThreadGroup#2 with schedule rate(450/hour)random_arrivals(720s)pause(190s)
2026-10-08 01:12:46,507 INFO o.a.j.t.o.OpenModelThreadGroup: Thread starting init
2026-10-08 01:12:46,508 INFO o.a.j.e.StandardJMeterEngine: All thread groups have been started
2026-10-08 01:12:46,508 INFO o.a.j.t.o.OpenModelThreadGroup: Thread starting init
2026-10-08 01:12:46,510 INFO o.a.j.t.o.PoissonArrivalsRamp: Generating 50 events, beginRate = 0.06944444444444445 / sec, endRate = 0.06944444444444445 / sec, duration = 720.0 sec
2026-10-08 01:12:46,510 INFO o.a.j.t.o.PoissonArrivalsRamp: Generating 90 events, beginRate = 0.125 / sec, endRate = 0.125 / sec, duration = 720.0 sec
2026-10-08 01:12:53,488 INFO o.a.j.t.JMeterThread: Thread started: Tickets (open model) 1-1
2026-10-08 01:12:53,490 INFO o.a.j.s.FileServer: Stored: C:\Users\Owen\Desktop\ICT3113_Assignment_1\jmeter\data\team_narratives.tsv
2026-10-08 01:12:53,516 INFO o.a.j.p.h.s.HTTPHCAbstractImpl: Local host = DESKTOP-AK5RA9C
2026-10-08 01:12:53,523 INFO o.a.j.p.h.s.HTTPHC4Impl: HTTP request retry count = 0
2026-10-08 01:12:53,524 INFO o.a.j.s.SampleResult: Note: Sample TimeStamps are START times
2026-10-08 01:12:53,524 INFO o.a.j.s.SampleResult: sampleresult.default.encoding is set to UTF-8
2026-10-08 01:12:53,524 INFO o.a.j.s.SampleResult: sampleresult.useNanoTime=true
2026-10-08 01:12:53,524 INFO o.a.j.s.SampleResult: sampleresult.nanoThreadSleep=5000
2026-10-08 01:13:06,814 INFO o.a.j.t.JMeterThread: Thread started: Searches (open model) 2-1
2026-10-08 01:13:06,814 INFO o.a.j.s.FileServer: Stored: C:\Users\Owen\Desktop\ICT3113_Assignment_1\jmeter\data\search_terms.txt
2026-10-08 01:13:06,877 INFO o.a.j.t.JMeterThread: Thread is done: Searches (open model) 2-1
2026-10-08 01:13:06,877 INFO o.a.j.t.JMeterThread: Thread finished: Searches (open model) 2-1
2026-10-08 01:13:11,877 INFO o.a.j.t.JMeterThread: Thread is done: Tickets (open model) 1-1
2026-10-08 01:13:11,877 INFO o.a.j.t.JMeterThread: Thread finished: Tickets (open model) 1-1
2026-10-08 01:13:15,383 INFO o.a.j.t.JMeterThread: Thread started: Searches (open model) 2-2
2026-10-08 01:13:15,415 INFO o.a.j.t.JMeterThread: Thread is done: Searches (open model) 2-2
2026-10-08 01:13:15,415 INFO o.a.j.t.JMeterThread: Thread finished: Searches (open model) 2-2
2026-10-08 01:13:15,642 INFO o.a.j.t.JMeterThread: Thread started: Searches (open model) 2-3
2026-10-08 01:13:15,670 INFO o.a.j.t.JMeterThread: Thread is done: Searches (open model) 2-3
2026-10-08 01:13:15,670 INFO o.a.j.t.JMeterThread: Thread finished: Searches (open model) 2-3
2026-10-08 01:13:23,949 INFO o.a.j.t.JMeterThread: Thread started: Tickets (open model) 1-2
2026-10-08 01:13:27,260 INFO o.a.j.t.JMeterThread: Thread is done: Tickets (open model) 1-2
2026-10-08 01:13:27,260 INFO o.a.j.t.JMeterThread: Thread finished: Tickets (open model) 1-2
2026-10-08 01:13:31,223 INFO o.a.j.t.JMeterThread: Thread started: Searches (open model) 2-4
2026-10-08 01:13:31,269 INFO o.a.j.r.Summariser: summary +      6 in 00:00:45 =    0.1/s Avg:  3628 Min:    27 Max: 18305 Err:     0 (0.00%) Active: 1 Started: 6 Finished: 5
2026-10-08 01:13:31,269 INFO o.a.j.t.JMeterThread: Thread is done: Searches (open model) 2-4
2026-10-08 01:13:31,269 INFO o.a.j.t.JMeterThread: Thread finished: Searches (open model) 2-4
2026-10-08 01:13:31,288 INFO o.a.j.t.JMeterThread: Thread started: Tickets (open model) 1-3
2026-10-08 01:13:33,055 INFO o.a.j.t.JMeterThread: Thread started: Searches (open model) 2-5
2026-10-08 01:13:33,073 INFO o.a.j.t.JMeterThread: Thread is done: Searches (open model) 2-5
2026-10-08 01:13:33,073 INFO o.a.j.t.JMeterThread: Thread finished: Searches (open model) 2-5
2026-10-08 01:13:36,269 INFO o.a.j.t.JMeterThread: Thread is done: Tickets (open model) 1-3
2026-10-08 01:13:36,269 INFO o.a.j.t.JMeterThread: Thread finished: Tickets (open model) 1-3
2026-10-08 01:13:36,665 INFO o.a.j.t.JMeterThread: Thread started: Tickets (open model) 1-4
2026-10-08 01:13:38,946 INFO o.a.j.t.JMeterThread: Thread started: Searches (open model) 2-6
2026-10-08 01:13:38,981 INFO o.a.j.t.JMeterThread: Thread is done: Searches (open model) 2-6
2026-10-08 01:13:38,981 INFO o.a.j.t.JMeterThread: Thread finished: Searches (open model) 2-6
2026-10-08 01:13:44,104 INFO o.a.j.t.JMeterThread: Thread is done: Tickets (open model) 1-4
2026-10-08 01:13:44,104 INFO o.a.j.t.JMeterThread: Thread finished: Tickets (open model) 1-4
2026-10-08 01:13:44,365 INFO o.a.j.t.JMeterThread: Thread started: Searches (open model) 2-7
2026-10-08 01:13:44,394 INFO o.a.j.t.JMeterThread: Thread is done: Searches (open model) 2-7
2026-10-08 01:13:44,395 INFO o.a.j.t.JMeterThread: Thread finished: Searches (open model) 2-7
2026-10-08 01:13:47,019 INFO o.a.j.t.JMeterThread: Thread started: Searches (open model) 2-8
2026-10-08 01:13:47,057 INFO o.a.j.t.JMeterThread: Thread is done: Searches (open model) 2-8
2026-10-08 01:13:47,057 INFO o.a.j.t.JMeterThread: Thread finished: Searches (open model) 2-8
2026-10-08 01:14:00,828 INFO o.a.j.t.JMeterThread: Thread started: Searches (open model) 2-9
2026-10-08 01:14:00,863 INFO o.a.j.r.Summariser: summary +      7 in 00:00:30 =    0.2/s Avg:  1794 Min:    16 Max:  7437 Err:     0 (0.00%) Active: 1 Started: 13 Finished: 12
2026-10-08 01:14:00,863 INFO o.a.j.r.Summariser: summary =     13 in 00:01:14 =    0.2/s Avg:  2641 Min:    16 Max: 18305 Err:     0 (0.00%)
2026-10-08 01:14:00,864 INFO o.a.j.t.JMeterThread: Thread is done: Searches (open model) 2-9
2026-10-08 01:14:00,864 INFO o.a.j.t.JMeterThread: Thread finished: Searches (open model) 2-9
2026-10-08 01:14:15,257 INFO o.a.j.t.JMeterThread: Thread started: Searches (open model) 2-10
2026-10-08 01:14:15,295 INFO o.a.j.t.JMeterThread: Thread is done: Searches (open model) 2-10
2026-10-08 01:14:15,296 INFO o.a.j.t.JMeterThread: Thread finished: Searches (open model) 2-10
2026-10-08 01:14:18,476 INFO o.a.j.t.JMeterThread: Thread started: Searches (open model) 2-11
2026-10-08 01:14:18,512 INFO o.a.j.t.JMeterThread: Thread is done: Searches (open model) 2-11
2026-10-08 01:14:18,512 INFO o.a.j.t.JMeterThread: Thread finished: Searches (open model) 2-11
2026-10-08 01:14:36,267 INFO o.a.j.t.JMeterThread: Thread started: Searches (open model) 2-12
2026-10-08 01:14:36,303 INFO o.a.j.t.JMeterThread: Thread is done: Searches (open model) 2-12
2026-10-08 01:14:36,303 INFO o.a.j.t.JMeterThread: Thread finished: Searches (open model) 2-12
2026-10-08 01:14:43,467 INFO o.a.j.t.JMeterThread: Thread started: Searches (open model) 2-13
2026-10-08 01:14:43,503 INFO o.a.j.t.JMeterThread: Thread is done: Searches (open model) 2-13
2026-10-08 01:14:43,503 INFO o.a.j.t.JMeterThread: Thread finished: Searches (open model) 2-13
2026-10-08 01:14:45,161 INFO o.a.j.t.JMeterThread: Thread started: Searches (open model) 2-14
2026-10-08 01:14:45,192 INFO o.a.j.t.JMeterThread: Thread is done: Searches (open model) 2-14
2026-10-08 01:14:45,192 INFO o.a.j.t.JMeterThread: Thread finished: Searches (open model) 2-14
2026-10-08 01:14:51,443 INFO o.a.j.t.JMeterThread: Thread started: Searches (open model) 2-15
2026-10-08 01:14:51,502 INFO o.a.j.t.JMeterThread: Thread is done: Searches (open model) 2-15
2026-10-08 01:14:51,502 INFO o.a.j.t.JMeterThread: Thread finished: Searches (open model) 2-15
2026-10-08 01:14:55,104 INFO o.a.j.t.JMeterThread: Thread started: Tickets (open model) 1-5
2026-10-08 01:14:57,007 INFO o.a.j.t.JMeterThread: Thread is done: Tickets (open model) 1-5
2026-10-08 01:14:57,007 INFO o.a.j.t.JMeterThread: Thread finished: Tickets (open model) 1-5
2026-10-08 01:14:57,335 INFO o.a.j.t.JMeterThread: Thread started: Searches (open model) 2-16
2026-10-08 01:14:57,406 INFO o.a.j.t.JMeterThread: Thread is done: Searches (open model) 2-16
2026-10-08 01:14:57,406 INFO o.a.j.t.JMeterThread: Thread finished: Searches (open model) 2-16
2026-10-08 01:15:07,256 INFO o.a.j.t.JMeterThread: Thread started: Searches (open model) 2-17
2026-10-08 01:15:07,316 INFO o.a.j.t.JMeterThread: Thread is done: Searches (open model) 2-17
2026-10-08 01:15:07,317 INFO o.a.j.t.JMeterThread: Thread finished: Searches (open model) 2-17
2026-10-08 01:15:08,604 INFO o.a.j.t.JMeterThread: Thread started: Searches (open model) 2-18
2026-10-08 01:15:08,628 INFO o.a.j.t.JMeterThread: Thread is done: Searches (open model) 2-18
2026-10-08 01:15:08,628 INFO o.a.j.t.JMeterThread: Thread finished: Searches (open model) 2-18
2026-10-08 01:15:09,475 INFO o.a.j.t.JMeterThread: Thread started: Tickets (open model) 1-6
2026-10-08 01:15:10,925 INFO o.a.j.t.JMeterThread: Thread started: Searches (open model) 2-19
2026-10-08 01:15:10,955 INFO o.a.j.t.JMeterThread: Thread is done: Searches (open model) 2-19
2026-10-08 01:15:10,955 INFO o.a.j.t.JMeterThread: Thread finished: Searches (open model) 2-19
2026-10-08 01:15:11,731 INFO o.a.j.t.JMeterThread: Thread is done: Tickets (open model) 1-6
2026-10-08 01:15:11,731 INFO o.a.j.t.JMeterThread: Thread finished: Tickets (open model) 1-6
2026-10-08 01:15:12,485 INFO o.a.j.t.JMeterThread: Thread started: Tickets (open model) 1-7
2026-10-08 01:15:15,292 INFO o.a.j.t.JMeterThread: Thread started: Searches (open model) 2-20
2026-10-08 01:15:15,322 INFO o.a.j.t.JMeterThread: Thread is done: Searches (open model) 2-20
2026-10-08 01:15:15,323 INFO o.a.j.t.JMeterThread: Thread finished: Searches (open model) 2-20
2026-10-08 01:15:16,693 INFO o.a.j.t.JMeterThread: Thread started: Searches (open model) 2-21
2026-10-08 01:15:16,737 INFO o.a.j.t.JMeterThread: Thread is done: Searches (open model) 2-21
2026-10-08 01:15:16,737 INFO o.a.j.t.JMeterThread: Thread finished: Searches (open model) 2-21
2026-10-08 01:15:16,767 INFO o.a.j.t.JMeterThread: Thread is done: Tickets (open model) 1-7
2026-10-08 01:15:16,767 INFO o.a.j.t.JMeterThread: Thread finished: Tickets (open model) 1-7
2026-10-08 01:15:25,247 INFO o.a.j.t.JMeterThread: Thread started: Tickets (open model) 1-8
2026-10-08 01:15:26,762 INFO o.a.j.t.JMeterThread: Thread started: Searches (open model) 2-22
2026-10-08 01:15:26,776 INFO o.a.j.t.JMeterThread: Thread is done: Searches (open model) 2-22
2026-10-08 01:15:26,776 INFO o.a.j.t.JMeterThread: Thread finished: Searches (open model) 2-22
2026-10-08 01:15:27,384 INFO o.a.j.t.JMeterThread: Thread is done: Tickets (open model) 1-8
2026-10-08 01:15:27,384 INFO o.a.j.t.JMeterThread: Thread finished: Tickets (open model) 1-8
2026-10-08 01:15:28,560 INFO o.a.j.t.JMeterThread: Thread started: Tickets (open model) 1-9
2026-10-08 01:15:31,701 INFO o.a.j.r.Summariser: summary +     18 in 00:01:31 =    0.2/s Avg:   789 Min:    13 Max:  4281 Err:     0 (0.00%) Active: 1 Started: 31 Finished: 30
2026-10-08 01:15:31,701 INFO o.a.j.r.Summariser: summary =     31 in 00:02:45 =    0.2/s Avg:  1565 Min:    13 Max: 18305 Err:     0 (0.00%)
2026-10-08 01:15:31,702 INFO o.a.j.t.JMeterThread: Thread is done: Tickets (open model) 1-9
2026-10-08 01:15:31,702 INFO o.a.j.t.JMeterThread: Thread finished: Tickets (open model) 1-9
2026-10-08 01:15:31,891 INFO o.a.j.t.JMeterThread: Thread started: Searches (open model) 2-23
2026-10-08 01:15:31,929 INFO o.a.j.t.JMeterThread: Thread is done: Searches (open model) 2-23
2026-10-08 01:15:31,930 INFO o.a.j.t.JMeterThread: Thread finished: Searches (open model) 2-23
2026-10-08 01:15:40,146 INFO o.a.j.t.JMeterThread: Thread started: Tickets (open model) 1-10
2026-10-08 01:15:42,872 INFO o.a.j.t.JMeterThread: Thread is done: Tickets (open model) 1-10
2026-10-08 01:15:42,872 INFO o.a.j.t.JMeterThread: Thread finished: Tickets (open model) 1-10
2026-10-08 01:15:52,522 INFO o.a.j.t.JMeterThread: Thread started: Searches (open model) 2-24
2026-10-08 01:15:52,561 INFO o.a.j.t.JMeterThread: Thread is done: Searches (open model) 2-24
2026-10-08 01:15:52,561 INFO o.a.j.t.JMeterThread: Thread finished: Searches (open model) 2-24
2026-10-08 01:15:57,046 INFO o.a.j.t.JMeterThread: Thread started: Searches (open model) 2-25
2026-10-08 01:15:57,082 INFO o.a.j.t.JMeterThread: Thread is done: Searches (open model) 2-25
2026-10-08 01:15:57,082 INFO o.a.j.t.JMeterThread: Thread finished: Searches (open model) 2-25
2026-10-08 01:16:02,259 INFO o.a.j.t.JMeterThread: Thread started: Tickets (open model) 1-11
2026-10-08 01:16:06,510 INFO o.a.j.t.JMeterThread: Thread started: Searches (open model) 2-26
2026-10-08 01:16:06,543 INFO o.a.j.t.JMeterThread: Thread is done: Searches (open model) 2-26
2026-10-08 01:16:06,543 INFO o.a.j.t.JMeterThread: Thread finished: Searches (open model) 2-26
2026-10-08 01:16:10,728 INFO o.a.j.t.JMeterThread: Thread is done: Tickets (open model) 1-11
2026-10-08 01:16:10,728 INFO o.a.j.t.JMeterThread: Thread finished: Tickets (open model) 1-11
2026-10-08 01:16:11,561 INFO o.a.j.t.JMeterThread: Thread started: Searches (open model) 2-27
2026-10-08 01:16:11,597 INFO o.a.j.t.JMeterThread: Thread is done: Searches (open model) 2-27
2026-10-08 01:16:11,597 INFO o.a.j.t.JMeterThread: Thread finished: Searches (open model) 2-27
2026-10-08 01:16:12,258 INFO o.a.j.t.JMeterThread: Thread started: Searches (open model) 2-28
2026-10-08 01:16:12,284 INFO o.a.j.t.JMeterThread: Thread is done: Searches (open model) 2-28
2026-10-08 01:16:12,284 INFO o.a.j.t.JMeterThread: Thread finished: Searches (open model) 2-28
2026-10-08 01:16:21,032 INFO o.a.j.t.JMeterThread: Thread started: Tickets (open model) 1-12
2026-10-08 01:16:23,008 INFO o.a.j.t.JMeterThread: Thread is done: Tickets (open model) 1-12
2026-10-08 01:16:23,008 INFO o.a.j.t.JMeterThread: Thread finished: Tickets (open model) 1-12
2026-10-08 01:16:27,602 INFO o.a.j.t.JMeterThread: Thread started: Searches (open model) 2-29
2026-10-08 01:16:27,626 INFO o.a.j.t.JMeterThread: Thread is done: Searches (open model) 2-29
2026-10-08 01:16:27,626 INFO o.a.j.t.JMeterThread: Thread finished: Searches (open model) 2-29
2026-10-08 01:16:38,144 INFO o.a.j.t.JMeterThread: Thread started: Tickets (open model) 1-13
2026-10-08 01:16:42,178 INFO o.a.j.t.JMeterThread: Thread is done: Tickets (open model) 1-13
2026-10-08 01:16:42,178 INFO o.a.j.t.JMeterThread: Thread finished: Tickets (open model) 1-13
2026-10-08 01:16:46,260 INFO o.a.j.t.JMeterThread: Thread started: Tickets (open model) 1-14
2026-10-08 01:16:47,831 INFO o.a.j.t.JMeterThread: Thread started: Searches (open model) 2-30
2026-10-08 01:16:47,862 INFO o.a.j.t.JMeterThread: Thread is done: Searches (open model) 2-30
2026-10-08 01:16:47,862 INFO o.a.j.t.JMeterThread: Thread finished: Searches (open model) 2-30
2026-10-08 01:16:48,213 INFO o.a.j.t.JMeterThread: Thread is done: Tickets (open model) 1-14
2026-10-08 01:16:48,213 INFO o.a.j.t.JMeterThread: Thread finished: Tickets (open model) 1-14
2026-10-08 01:16:57,281 INFO o.a.j.t.JMeterThread: Thread started: Tickets (open model) 1-15
2026-10-08 01:16:59,671 INFO o.a.j.t.JMeterThread: Thread started: Tickets (open model) 1-16
2026-10-08 01:17:02,154 INFO o.a.j.r.Summariser: summary +     14 in 00:01:30 =    0.2/s Avg:  1733 Min:    22 Max:  8468 Err:     0 (0.00%) Active: 2 Started: 46 Finished: 44
2026-10-08 01:17:02,154 INFO o.a.j.r.Summariser: summary =     45 in 00:04:16 =    0.2/s Avg:  1618 Min:    13 Max: 18305 Err:     0 (0.00%)
2026-10-08 01:17:02,154 INFO o.a.j.t.JMeterThread: Thread is done: Tickets (open model) 1-15
2026-10-08 01:17:02,154 INFO o.a.j.t.JMeterThread: Thread finished: Tickets (open model) 1-15
2026-10-08 01:17:04,312 INFO o.a.j.t.JMeterThread: Thread started: Searches (open model) 2-31
2026-10-08 01:17:04,327 INFO o.a.j.t.JMeterThread: Thread is done: Searches (open model) 2-31
2026-10-08 01:17:04,327 INFO o.a.j.t.JMeterThread: Thread finished: Searches (open model) 2-31
2026-10-08 01:17:08,063 INFO o.a.j.t.JMeterThread: Thread is done: Tickets (open model) 1-16
2026-10-08 01:17:08,063 INFO o.a.j.t.JMeterThread: Thread finished: Tickets (open model) 1-16
2026-10-08 01:17:15,386 INFO o.a.j.t.JMeterThread: Thread started: Searches (open model) 2-32
2026-10-08 01:17:15,411 INFO o.a.j.t.JMeterThread: Thread is done: Searches (open model) 2-32
2026-10-08 01:17:15,411 INFO o.a.j.t.JMeterThread: Thread finished: Searches (open model) 2-32
2026-10-08 01:17:31,971 INFO o.a.j.t.JMeterThread: Thread started: Searches (open model) 2-33
2026-10-08 01:17:32,002 INFO o.a.j.r.Summariser: summary +      4 in 00:00:30 =    0.1/s Avg:  2114 Min:    14 Max:  8390 Err:     0 (0.00%) Active: 1 Started: 49 Finished: 48
2026-10-08 01:17:32,002 INFO o.a.j.r.Summariser: summary =     49 in 00:04:46 =    0.2/s Avg:  1658 Min:    13 Max: 18305 Err:     0 (0.00%)
2026-10-08 01:17:32,002 INFO o.a.j.t.JMeterThread: Thread is done: Searches (open model) 2-33
2026-10-08 01:17:32,002 INFO o.a.j.t.JMeterThread: Thread finished: Searches (open model) 2-33
2026-10-08 01:17:36,393 INFO o.a.j.t.JMeterThread: Thread started: Searches (open model) 2-34
2026-10-08 01:17:36,427 INFO o.a.j.t.JMeterThread: Thread is done: Searches (open model) 2-34
2026-10-08 01:17:36,427 INFO o.a.j.t.JMeterThread: Thread finished: Searches (open model) 2-34
2026-10-08 01:17:37,354 INFO o.a.j.t.JMeterThread: Thread started: Tickets (open model) 1-17
2026-10-08 01:17:39,996 INFO o.a.j.t.JMeterThread: Thread is done: Tickets (open model) 1-17
2026-10-08 01:17:39,996 INFO o.a.j.t.JMeterThread: Thread finished: Tickets (open model) 1-17
2026-10-08 01:17:47,042 INFO o.a.j.t.JMeterThread: Thread started: Searches (open model) 2-35
2026-10-08 01:17:47,079 INFO o.a.j.t.JMeterThread: Thread is done: Searches (open model) 2-35
2026-10-08 01:17:47,079 INFO o.a.j.t.JMeterThread: Thread finished: Searches (open model) 2-35
2026-10-08 01:17:52,254 INFO o.a.j.t.JMeterThread: Thread started: Searches (open model) 2-36
2026-10-08 01:17:52,302 INFO o.a.j.t.JMeterThread: Thread is done: Searches (open model) 2-36
2026-10-08 01:17:52,302 INFO o.a.j.t.JMeterThread: Thread finished: Searches (open model) 2-36
2026-10-08 01:17:56,331 INFO o.a.j.t.JMeterThread: Thread started: Tickets (open model) 1-18
2026-10-08 01:17:58,471 INFO o.a.j.t.JMeterThread: Thread started: Tickets (open model) 1-19
2026-10-08 01:17:59,692 INFO o.a.j.t.JMeterThread: Thread is done: Tickets (open model) 1-18
2026-10-08 01:17:59,692 INFO o.a.j.t.JMeterThread: Thread finished: Tickets (open model) 1-18
2026-10-08 01:18:02,534 INFO o.a.j.r.Summariser: summary +      6 in 00:00:31 =    0.2/s Avg:  1696 Min:    34 Max:  4061 Err:     0 (0.00%) Active: 1 Started: 55 Finished: 54
2026-10-08 01:18:02,535 INFO o.a.j.r.Summariser: summary =     55 in 00:05:16 =    0.2/s Avg:  1662 Min:    13 Max: 18305 Err:     0 (0.00%)
2026-10-08 01:18:02,535 INFO o.a.j.t.JMeterThread: Thread is done: Tickets (open model) 1-19
2026-10-08 01:18:02,535 INFO o.a.j.t.JMeterThread: Thread finished: Tickets (open model) 1-19
2026-10-08 01:18:07,946 INFO o.a.j.t.JMeterThread: Thread started: Tickets (open model) 1-20
2026-10-08 01:18:08,727 INFO o.a.j.t.JMeterThread: Thread started: Searches (open model) 2-37
2026-10-08 01:18:08,776 INFO o.a.j.t.JMeterThread: Thread is done: Searches (open model) 2-37
2026-10-08 01:18:08,776 INFO o.a.j.t.JMeterThread: Thread finished: Searches (open model) 2-37
2026-10-08 01:18:10,199 INFO o.a.j.t.JMeterThread: Thread started: Tickets (open model) 1-21
2026-10-08 01:18:12,805 INFO o.a.j.t.JMeterThread: Thread is done: Tickets (open model) 1-20
2026-10-08 01:18:12,805 INFO o.a.j.t.JMeterThread: Thread finished: Tickets (open model) 1-20
2026-10-08 01:18:14,631 INFO o.a.j.t.JMeterThread: Thread is done: Tickets (open model) 1-21
2026-10-08 01:18:14,631 INFO o.a.j.t.JMeterThread: Thread finished: Tickets (open model) 1-21
2026-10-08 01:18:14,968 INFO o.a.j.t.JMeterThread: Thread started: Searches (open model) 2-38
2026-10-08 01:18:15,016 INFO o.a.j.t.JMeterThread: Thread is done: Searches (open model) 2-38
2026-10-08 01:18:15,016 INFO o.a.j.t.JMeterThread: Thread finished: Searches (open model) 2-38
2026-10-08 01:18:15,692 INFO o.a.j.t.JMeterThread: Thread started: Searches (open model) 2-39
2026-10-08 01:18:15,747 INFO o.a.j.t.JMeterThread: Thread is done: Searches (open model) 2-39
2026-10-08 01:18:15,747 INFO o.a.j.t.JMeterThread: Thread finished: Searches (open model) 2-39
2026-10-08 01:18:23,736 INFO o.a.j.t.JMeterThread: Thread started: Searches (open model) 2-40
2026-10-08 01:18:23,755 INFO o.a.j.t.JMeterThread: Thread started: Searches (open model) 2-41
2026-10-08 01:18:23,791 INFO o.a.j.t.JMeterThread: Thread is done: Searches (open model) 2-40
2026-10-08 01:18:23,791 INFO o.a.j.t.JMeterThread: Thread finished: Searches (open model) 2-40
2026-10-08 01:18:23,805 INFO o.a.j.t.JMeterThread: Thread is done: Searches (open model) 2-41
2026-10-08 01:18:23,805 INFO o.a.j.t.JMeterThread: Thread finished: Searches (open model) 2-41
2026-10-08 01:18:34,498 INFO o.a.j.t.JMeterThread: Thread started: Searches (open model) 2-42
2026-10-08 01:18:34,522 INFO o.a.j.r.Summariser: summary +      8 in 00:00:32 =    0.3/s Avg:  1195 Min:    23 Max:  4857 Err:     0 (0.00%) Active: 1 Started: 63 Finished: 62
2026-10-08 01:18:34,522 INFO o.a.j.r.Summariser: summary =     63 in 00:05:48 =    0.2/s Avg:  1603 Min:    13 Max: 18305 Err:     0 (0.00%)
2026-10-08 01:18:34,523 INFO o.a.j.t.JMeterThread: Thread is done: Searches (open model) 2-42
2026-10-08 01:18:34,523 INFO o.a.j.t.JMeterThread: Thread finished: Searches (open model) 2-42
2026-10-08 01:18:41,482 INFO o.a.j.t.JMeterThread: Thread started: Searches (open model) 2-43
2026-10-08 01:18:41,523 INFO o.a.j.t.JMeterThread: Thread is done: Searches (open model) 2-43
2026-10-08 01:18:41,523 INFO o.a.j.t.JMeterThread: Thread finished: Searches (open model) 2-43
2026-10-08 01:18:44,955 INFO o.a.j.t.JMeterThread: Thread started: Searches (open model) 2-44
2026-10-08 01:18:44,990 INFO o.a.j.t.JMeterThread: Thread is done: Searches (open model) 2-44
2026-10-08 01:18:44,990 INFO o.a.j.t.JMeterThread: Thread finished: Searches (open model) 2-44
2026-10-08 01:18:45,966 INFO o.a.j.t.JMeterThread: Thread started: Searches (open model) 2-45
2026-10-08 01:18:45,987 INFO o.a.j.t.JMeterThread: Thread is done: Searches (open model) 2-45
2026-10-08 01:18:45,987 INFO o.a.j.t.JMeterThread: Thread finished: Searches (open model) 2-45
2026-10-08 01:18:49,292 INFO o.a.j.t.JMeterThread: Thread started: Searches (open model) 2-46
2026-10-08 01:18:49,318 INFO o.a.j.t.JMeterThread: Thread is done: Searches (open model) 2-46
2026-10-08 01:18:49,318 INFO o.a.j.t.JMeterThread: Thread finished: Searches (open model) 2-46
2026-10-08 01:18:55,077 INFO o.a.j.t.JMeterThread: Thread started: Searches (open model) 2-47
2026-10-08 01:18:55,097 INFO o.a.j.t.JMeterThread: Thread is done: Searches (open model) 2-47
2026-10-08 01:18:55,097 INFO o.a.j.t.JMeterThread: Thread finished: Searches (open model) 2-47
2026-10-08 01:18:58,830 INFO o.a.j.t.JMeterThread: Thread started: Searches (open model) 2-48
2026-10-08 01:18:58,856 INFO o.a.j.t.JMeterThread: Thread is done: Searches (open model) 2-48
2026-10-08 01:18:58,856 INFO o.a.j.t.JMeterThread: Thread finished: Searches (open model) 2-48
2026-10-08 01:19:00,326 INFO o.a.j.t.JMeterThread: Thread started: Tickets (open model) 1-22
2026-10-08 01:19:01,216 INFO o.a.j.t.JMeterThread: Thread started: Tickets (open model) 1-23
2026-10-08 01:19:01,776 INFO o.a.j.t.JMeterThread: Thread started: Tickets (open model) 1-24
2026-10-08 01:19:03,941 INFO o.a.j.t.JMeterThread: Thread started: Tickets (open model) 1-25
2026-10-08 01:19:06,849 INFO o.a.j.t.JMeterThread: Thread started: Tickets (open model) 1-26
2026-10-08 01:19:07,310 INFO o.a.j.t.JMeterThread: Thread started: Searches (open model) 2-49
2026-10-08 01:19:07,337 INFO o.a.j.t.JMeterThread: Thread is done: Searches (open model) 2-49
2026-10-08 01:19:07,337 INFO o.a.j.t.JMeterThread: Thread finished: Searches (open model) 2-49
2026-10-08 01:19:08,528 INFO o.a.j.t.JMeterThread: Thread is done: Tickets (open model) 1-22
2026-10-08 01:19:08,529 INFO o.a.j.t.JMeterThread: Thread finished: Tickets (open model) 1-22
2026-10-08 01:19:09,200 INFO o.a.j.t.JMeterThread: Thread started: Searches (open model) 2-50
2026-10-08 01:19:09,217 INFO o.a.j.t.JMeterThread: Thread is done: Searches (open model) 2-50
2026-10-08 01:19:09,218 INFO o.a.j.t.JMeterThread: Thread finished: Searches (open model) 2-50
2026-10-08 01:19:11,613 INFO o.a.j.t.JMeterThread: Thread is done: Tickets (open model) 1-23
2026-10-08 01:19:11,613 INFO o.a.j.t.JMeterThread: Thread finished: Tickets (open model) 1-23
2026-10-08 01:19:12,996 INFO o.a.j.t.JMeterThread: Thread started: Searches (open model) 2-51
2026-10-08 01:19:13,020 INFO o.a.j.t.JMeterThread: Thread is done: Searches (open model) 2-51
2026-10-08 01:19:13,020 INFO o.a.j.t.JMeterThread: Thread finished: Searches (open model) 2-51
2026-10-08 01:19:14,742 INFO o.a.j.t.JMeterThread: Thread is done: Tickets (open model) 1-24
2026-10-08 01:19:14,742 INFO o.a.j.t.JMeterThread: Thread finished: Tickets (open model) 1-24
2026-10-08 01:19:15,451 INFO o.a.j.t.JMeterThread: Thread started: Searches (open model) 2-52
2026-10-08 01:19:15,453 INFO o.a.j.t.JMeterThread: Thread started: Searches (open model) 2-53
2026-10-08 01:19:15,494 INFO o.a.j.t.JMeterThread: Thread is done: Searches (open model) 2-53
2026-10-08 01:19:15,494 INFO o.a.j.t.JMeterThread: Thread finished: Searches (open model) 2-53
2026-10-08 01:19:15,517 INFO o.a.j.t.JMeterThread: Thread is done: Searches (open model) 2-52
2026-10-08 01:19:15,517 INFO o.a.j.t.JMeterThread: Thread finished: Searches (open model) 2-52
2026-10-08 01:19:18,015 INFO o.a.j.t.JMeterThread: Thread started: Tickets (open model) 1-27
2026-10-08 01:19:19,204 INFO o.a.j.t.JMeterThread: Thread is done: Tickets (open model) 1-25
2026-10-08 01:19:19,205 INFO o.a.j.t.JMeterThread: Thread finished: Tickets (open model) 1-25
2026-10-08 01:19:26,709 INFO o.a.j.t.JMeterThread: Thread is done: Tickets (open model) 1-26
2026-10-08 01:19:26,709 INFO o.a.j.t.JMeterThread: Thread finished: Tickets (open model) 1-26
2026-10-08 01:19:28,300 INFO o.a.j.t.JMeterThread: Thread started: Searches (open model) 2-54
2026-10-08 01:19:28,334 INFO o.a.j.t.JMeterThread: Thread is done: Searches (open model) 2-54
2026-10-08 01:19:28,334 INFO o.a.j.t.JMeterThread: Thread finished: Searches (open model) 2-54
2026-10-08 01:19:31,057 INFO o.a.j.t.JMeterThread: Thread started: Searches (open model) 2-55
2026-10-08 01:19:31,115 INFO o.a.j.r.Summariser: summary +     18 in 00:00:57 =    0.3/s Avg:  3728 Min:    16 Max: 19858 Err:     0 (0.00%) Active: 2 Started: 82 Finished: 80
2026-10-08 01:19:31,116 INFO o.a.j.r.Summariser: summary =     81 in 00:06:45 =    0.2/s Avg:  2075 Min:    13 Max: 19858 Err:     0 (0.00%)
2026-10-08 01:19:31,116 INFO o.a.j.t.JMeterThread: Thread is done: Searches (open model) 2-55
2026-10-08 01:19:31,116 INFO o.a.j.t.JMeterThread: Thread finished: Searches (open model) 2-55
2026-10-08 01:19:32,740 INFO o.a.j.t.JMeterThread: Thread is done: Tickets (open model) 1-27
2026-10-08 01:19:32,740 INFO o.a.j.t.JMeterThread: Thread finished: Tickets (open model) 1-27
2026-10-08 01:19:33,982 INFO o.a.j.t.JMeterThread: Thread started: Searches (open model) 2-56
2026-10-08 01:19:34,025 INFO o.a.j.t.JMeterThread: Thread is done: Searches (open model) 2-56
2026-10-08 01:19:34,026 INFO o.a.j.t.JMeterThread: Thread finished: Searches (open model) 2-56
2026-10-08 01:19:36,800 INFO o.a.j.t.JMeterThread: Thread started: Searches (open model) 2-57
2026-10-08 01:19:36,893 INFO o.a.j.t.JMeterThread: Thread is done: Searches (open model) 2-57
2026-10-08 01:19:36,893 INFO o.a.j.t.JMeterThread: Thread finished: Searches (open model) 2-57
2026-10-08 01:19:52,092 INFO o.a.j.t.JMeterThread: Thread started: Tickets (open model) 1-28
2026-10-08 01:19:53,438 INFO o.a.j.t.JMeterThread: Thread started: Tickets (open model) 1-29
2026-10-08 01:19:58,600 INFO o.a.j.t.JMeterThread: Thread is done: Tickets (open model) 1-28
2026-10-08 01:19:58,600 INFO o.a.j.t.JMeterThread: Thread finished: Tickets (open model) 1-28
2026-10-08 01:20:02,266 INFO o.a.j.r.Summariser: summary +      5 in 00:00:31 =    0.2/s Avg:  6038 Min:    44 Max: 14723 Err:     0 (0.00%) Active: 1 Started: 86 Finished: 85
2026-10-08 01:20:02,267 INFO o.a.j.r.Summariser: summary =     86 in 00:07:16 =    0.2/s Avg:  2305 Min:    13 Max: 19858 Err:     0 (0.00%)
2026-10-08 01:20:02,267 INFO o.a.j.t.JMeterThread: Thread is done: Tickets (open model) 1-29
2026-10-08 01:20:02,267 INFO o.a.j.t.JMeterThread: Thread finished: Tickets (open model) 1-29
2026-10-08 01:20:18,509 INFO o.a.j.t.JMeterThread: Thread started: Searches (open model) 2-58
2026-10-08 01:20:18,542 INFO o.a.j.t.JMeterThread: Thread is done: Searches (open model) 2-58
2026-10-08 01:20:18,542 INFO o.a.j.t.JMeterThread: Thread finished: Searches (open model) 2-58
2026-10-08 01:20:25,986 INFO o.a.j.t.JMeterThread: Thread started: Tickets (open model) 1-30
2026-10-08 01:20:31,818 INFO o.a.j.t.JMeterThread: Thread started: Tickets (open model) 1-31
2026-10-08 01:20:34,328 INFO o.a.j.r.Summariser: summary +      2 in 00:00:32 =    0.1/s Avg:  4186 Min:    32 Max:  8340 Err:     0 (0.00%) Active: 2 Started: 89 Finished: 87
2026-10-08 01:20:34,328 INFO o.a.j.r.Summariser: summary =     88 in 00:07:48 =    0.2/s Avg:  2348 Min:    13 Max: 19858 Err:     0 (0.00%)
2026-10-08 01:20:34,329 INFO o.a.j.t.JMeterThread: Thread is done: Tickets (open model) 1-30
2026-10-08 01:20:34,329 INFO o.a.j.t.JMeterThread: Thread finished: Tickets (open model) 1-30
2026-10-08 01:20:36,121 INFO o.a.j.t.JMeterThread: Thread is done: Tickets (open model) 1-31
2026-10-08 01:20:36,121 INFO o.a.j.t.JMeterThread: Thread finished: Tickets (open model) 1-31
2026-10-08 01:20:37,415 INFO o.a.j.t.JMeterThread: Thread started: Tickets (open model) 1-32
2026-10-08 01:20:37,827 INFO o.a.j.t.JMeterThread: Thread started: Searches (open model) 2-59
2026-10-08 01:20:37,868 INFO o.a.j.t.JMeterThread: Thread is done: Searches (open model) 2-59
2026-10-08 01:20:37,868 INFO o.a.j.t.JMeterThread: Thread finished: Searches (open model) 2-59
2026-10-08 01:20:43,051 INFO o.a.j.t.JMeterThread: Thread is done: Tickets (open model) 1-32
2026-10-08 01:20:43,051 INFO o.a.j.t.JMeterThread: Thread finished: Tickets (open model) 1-32
2026-10-08 01:20:50,446 INFO o.a.j.t.JMeterThread: Thread started: Tickets (open model) 1-33
2026-10-08 01:20:54,328 INFO o.a.j.t.JMeterThread: Thread started: Tickets (open model) 1-34
2026-10-08 01:20:56,234 INFO o.a.j.t.JMeterThread: Thread is done: Tickets (open model) 1-33
2026-10-08 01:20:56,234 INFO o.a.j.t.JMeterThread: Thread finished: Tickets (open model) 1-33
2026-10-08 01:20:57,890 INFO o.a.j.t.JMeterThread: Thread started: Tickets (open model) 1-35
2026-10-08 01:21:00,498 INFO o.a.j.r.Summariser: summary +      5 in 00:00:26 =    0.2/s Avg:  4386 Min:    41 Max:  6168 Err:     0 (0.00%) Active: 2 Started: 94 Finished: 92
2026-10-08 01:21:00,498 INFO o.a.j.r.Summariser: summary =     93 in 00:08:14 =    0.2/s Avg:  2458 Min:    13 Max: 19858 Err:     0 (0.00%)
2026-10-08 01:21:00,499 INFO o.a.j.t.JMeterThread: Thread is done: Tickets (open model) 1-34
2026-10-08 01:21:00,499 INFO o.a.j.t.JMeterThread: Thread finished: Tickets (open model) 1-34
2026-10-08 01:21:02,192 INFO o.a.j.t.JMeterThread: Thread is done: Tickets (open model) 1-35
2026-10-08 01:21:02,193 INFO o.a.j.t.JMeterThread: Thread finished: Tickets (open model) 1-35
2026-10-08 01:21:17,128 INFO o.a.j.t.JMeterThread: Thread started: Tickets (open model) 1-36
2026-10-08 01:21:24,133 INFO o.a.j.t.JMeterThread: Thread is done: Tickets (open model) 1-36
2026-10-08 01:21:24,133 INFO o.a.j.t.JMeterThread: Thread finished: Tickets (open model) 1-36
2026-10-08 01:21:25,040 INFO o.a.j.t.JMeterThread: Thread started: Tickets (open model) 1-37
2026-10-08 01:21:25,598 INFO o.a.j.t.JMeterThread: Thread started: Searches (open model) 2-60
2026-10-08 01:21:25,656 INFO o.a.j.t.JMeterThread: Thread is done: Searches (open model) 2-60
2026-10-08 01:21:25,656 INFO o.a.j.t.JMeterThread: Thread finished: Searches (open model) 2-60
2026-10-08 01:21:26,825 INFO o.a.j.t.JMeterThread: Thread is done: Tickets (open model) 1-37
2026-10-08 01:21:26,825 INFO o.a.j.t.JMeterThread: Thread finished: Tickets (open model) 1-37
2026-10-08 01:21:27,761 INFO o.a.j.t.JMeterThread: Thread started: Searches (open model) 2-61
2026-10-08 01:21:27,803 INFO o.a.j.t.JMeterThread: Thread is done: Searches (open model) 2-61
2026-10-08 01:21:27,803 INFO o.a.j.t.JMeterThread: Thread finished: Searches (open model) 2-61
2026-10-08 01:21:41,438 INFO o.a.j.t.JMeterThread: Thread started: Tickets (open model) 1-38
2026-10-08 01:21:43,783 INFO o.a.j.t.JMeterThread: Thread is done: Tickets (open model) 1-38
2026-10-08 01:21:43,783 INFO o.a.j.t.JMeterThread: Thread finished: Tickets (open model) 1-38
2026-10-08 01:21:43,833 INFO o.a.j.t.JMeterThread: Thread started: Tickets (open model) 1-39
2026-10-08 01:21:45,944 INFO o.a.j.t.JMeterThread: Thread started: Searches (open model) 2-62
2026-10-08 01:21:45,992 INFO o.a.j.t.JMeterThread: Thread is done: Searches (open model) 2-62
2026-10-08 01:21:45,993 INFO o.a.j.t.JMeterThread: Thread finished: Searches (open model) 2-62
2026-10-08 01:21:49,331 INFO o.a.j.t.JMeterThread: Thread started: Searches (open model) 2-63
2026-10-08 01:21:49,380 INFO o.a.j.t.JMeterThread: Thread is done: Searches (open model) 2-63
2026-10-08 01:21:49,380 INFO o.a.j.t.JMeterThread: Thread finished: Searches (open model) 2-63
2026-10-08 01:21:52,605 INFO o.a.j.t.JMeterThread: Thread is done: Tickets (open model) 1-39
2026-10-08 01:21:52,605 INFO o.a.j.t.JMeterThread: Thread finished: Tickets (open model) 1-39
2026-10-08 01:22:18,012 INFO o.a.j.t.JMeterThread: Thread started: Searches (open model) 2-64
2026-10-08 01:22:18,049 INFO o.a.j.t.JMeterThread: Thread is done: Searches (open model) 2-64
2026-10-08 01:22:18,049 INFO o.a.j.t.JMeterThread: Thread finished: Searches (open model) 2-64
2026-10-08 01:22:18,166 INFO o.a.j.t.JMeterThread: Thread started: Tickets (open model) 1-40
2026-10-08 01:22:19,669 INFO o.a.j.t.JMeterThread: Thread started: Searches (open model) 2-65
2026-10-08 01:22:19,697 INFO o.a.j.t.JMeterThread: Thread is done: Searches (open model) 2-65
2026-10-08 01:22:19,697 INFO o.a.j.t.JMeterThread: Thread finished: Searches (open model) 2-65
2026-10-08 01:22:22,391 INFO o.a.j.t.JMeterThread: Thread is done: Tickets (open model) 1-40
2026-10-08 01:22:22,391 INFO o.a.j.t.JMeterThread: Thread finished: Tickets (open model) 1-40
2026-10-08 01:22:24,130 INFO o.a.j.t.JMeterThread: Thread started: Searches (open model) 2-66
2026-10-08 01:22:24,160 INFO o.a.j.t.JMeterThread: Thread is done: Searches (open model) 2-66
2026-10-08 01:22:24,160 INFO o.a.j.t.JMeterThread: Thread finished: Searches (open model) 2-66
2026-10-08 01:22:29,338 INFO o.a.j.t.JMeterThread: Thread started: Tickets (open model) 1-41
2026-10-08 01:22:38,506 INFO o.a.j.t.JMeterThread: Thread is done: Tickets (open model) 1-41
2026-10-08 01:22:38,506 INFO o.a.j.t.JMeterThread: Thread finished: Tickets (open model) 1-41
2026-10-08 01:22:41,293 INFO o.a.j.t.JMeterThread: Thread started: Searches (open model) 2-67
2026-10-08 01:22:41,340 INFO o.a.j.t.JMeterThread: Thread is done: Searches (open model) 2-67
2026-10-08 01:22:41,340 INFO o.a.j.t.JMeterThread: Thread finished: Searches (open model) 2-67
2026-10-08 01:22:47,392 INFO o.a.j.t.JMeterThread: Thread started: Tickets (open model) 1-42
2026-10-08 01:22:50,196 INFO o.a.j.t.JMeterThread: Thread is done: Tickets (open model) 1-42
2026-10-08 01:22:50,198 INFO o.a.j.t.JMeterThread: Thread finished: Tickets (open model) 1-42
2026-10-08 01:22:52,768 INFO o.a.j.t.JMeterThread: Thread started: Searches (open model) 2-68
2026-10-08 01:22:52,796 INFO o.a.j.t.JMeterThread: Thread is done: Searches (open model) 2-68
2026-10-08 01:22:52,796 INFO o.a.j.t.JMeterThread: Thread finished: Searches (open model) 2-68
2026-10-08 01:22:54,187 INFO o.a.j.t.JMeterThread: Thread started: Tickets (open model) 1-43
2026-10-08 01:23:02,664 INFO o.a.j.t.JMeterThread: Thread started: Searches (open model) 2-69
2026-10-08 01:23:02,698 INFO o.a.j.r.Summariser: summary +     18 in 00:02:02 =    0.1/s Avg:  2266 Min:    26 Max:  9167 Err:     0 (0.00%) Active: 2 Started: 112 Finished: 110
2026-10-08 01:23:02,698 INFO o.a.j.r.Summariser: summary =    111 in 00:10:16 =    0.2/s Avg:  2427 Min:    13 Max: 19858 Err:     0 (0.00%)
2026-10-08 01:23:02,698 INFO o.a.j.t.JMeterThread: Thread is done: Searches (open model) 2-69
2026-10-08 01:23:02,698 INFO o.a.j.t.JMeterThread: Thread finished: Searches (open model) 2-69
2026-10-08 01:23:03,017 INFO o.a.j.t.JMeterThread: Thread is done: Tickets (open model) 1-43
2026-10-08 01:23:03,017 INFO o.a.j.t.JMeterThread: Thread finished: Tickets (open model) 1-43
2026-10-08 01:23:03,493 INFO o.a.j.t.JMeterThread: Thread started: Searches (open model) 2-70
2026-10-08 01:23:03,536 INFO o.a.j.t.JMeterThread: Thread is done: Searches (open model) 2-70
2026-10-08 01:23:03,536 INFO o.a.j.t.JMeterThread: Thread finished: Searches (open model) 2-70
2026-10-08 01:23:05,134 INFO o.a.j.t.JMeterThread: Thread started: Tickets (open model) 1-44
2026-10-08 01:23:06,873 INFO o.a.j.t.JMeterThread: Thread started: Tickets (open model) 1-45
2026-10-08 01:23:07,950 INFO o.a.j.t.JMeterThread: Thread is done: Tickets (open model) 1-44
2026-10-08 01:23:07,950 INFO o.a.j.t.JMeterThread: Thread finished: Tickets (open model) 1-44
2026-10-08 01:23:11,158 INFO o.a.j.t.JMeterThread: Thread started: Searches (open model) 2-71
2026-10-08 01:23:11,190 INFO o.a.j.t.JMeterThread: Thread is done: Searches (open model) 2-71
2026-10-08 01:23:11,191 INFO o.a.j.t.JMeterThread: Thread finished: Searches (open model) 2-71
2026-10-08 01:23:12,029 INFO o.a.j.t.JMeterThread: Thread is done: Tickets (open model) 1-45
2026-10-08 01:23:12,029 INFO o.a.j.t.JMeterThread: Thread finished: Tickets (open model) 1-45
2026-10-08 01:23:14,918 INFO o.a.j.t.JMeterThread: Thread started: Searches (open model) 2-72
2026-10-08 01:23:14,965 INFO o.a.j.t.JMeterThread: Thread is done: Searches (open model) 2-72
2026-10-08 01:23:14,965 INFO o.a.j.t.JMeterThread: Thread finished: Searches (open model) 2-72
2026-10-08 01:23:17,665 INFO o.a.j.t.JMeterThread: Thread started: Tickets (open model) 1-46
2026-10-08 01:23:19,216 INFO o.a.j.t.JMeterThread: Thread started: Searches (open model) 2-73
2026-10-08 01:23:19,313 INFO o.a.j.t.JMeterThread: Thread is done: Searches (open model) 2-73
2026-10-08 01:23:19,314 INFO o.a.j.t.JMeterThread: Thread finished: Searches (open model) 2-73
2026-10-08 01:23:19,759 INFO o.a.j.t.JMeterThread: Thread started: Tickets (open model) 1-47
2026-10-08 01:23:21,378 INFO o.a.j.t.JMeterThread: Thread is done: Tickets (open model) 1-46
2026-10-08 01:23:21,378 INFO o.a.j.t.JMeterThread: Thread finished: Tickets (open model) 1-46
2026-10-08 01:23:25,897 INFO o.a.j.t.JMeterThread: Thread is done: Tickets (open model) 1-47
2026-10-08 01:23:25,897 INFO o.a.j.t.JMeterThread: Thread finished: Tickets (open model) 1-47
2026-10-08 01:23:26,049 INFO o.a.j.t.JMeterThread: Thread started: Searches (open model) 2-74
2026-10-08 01:23:26,066 INFO o.a.j.t.JMeterThread: Thread is done: Searches (open model) 2-74
2026-10-08 01:23:26,066 INFO o.a.j.t.JMeterThread: Thread finished: Searches (open model) 2-74
2026-10-08 01:23:38,682 INFO o.a.j.t.JMeterThread: Thread started: Searches (open model) 2-75
2026-10-08 01:23:38,765 INFO o.a.j.t.JMeterThread: Thread is done: Searches (open model) 2-75
2026-10-08 01:23:38,765 INFO o.a.j.t.JMeterThread: Thread finished: Searches (open model) 2-75
2026-10-08 01:23:46,073 INFO o.a.j.t.JMeterThread: Thread started: Tickets (open model) 1-48
2026-10-08 01:23:49,964 INFO o.a.j.t.JMeterThread: Thread started: Searches (open model) 2-76
2026-10-08 01:23:50,006 INFO o.a.j.t.JMeterThread: Thread is done: Searches (open model) 2-76
2026-10-08 01:23:50,006 INFO o.a.j.t.JMeterThread: Thread finished: Searches (open model) 2-76
2026-10-08 01:23:50,718 INFO o.a.j.t.JMeterThread: Thread started: Searches (open model) 2-77
2026-10-08 01:23:50,778 INFO o.a.j.t.JMeterThread: Thread is done: Searches (open model) 2-77
2026-10-08 01:23:50,778 INFO o.a.j.t.JMeterThread: Thread finished: Searches (open model) 2-77
2026-10-08 01:23:52,356 INFO o.a.j.t.JMeterThread: Thread is done: Tickets (open model) 1-48
2026-10-08 01:23:52,356 INFO o.a.j.t.JMeterThread: Thread finished: Tickets (open model) 1-48
2026-10-08 01:23:58,632 INFO o.a.j.t.JMeterThread: Thread started: Searches (open model) 2-78
2026-10-08 01:23:58,664 INFO o.a.j.t.JMeterThread: Thread is done: Searches (open model) 2-78
2026-10-08 01:23:58,664 INFO o.a.j.t.JMeterThread: Thread finished: Searches (open model) 2-78
2026-10-08 01:24:02,303 INFO o.a.j.t.JMeterThread: Thread started: Searches (open model) 2-79
2026-10-08 01:24:02,374 INFO o.a.j.r.Summariser: summary +     16 in 00:01:00 =    0.3/s Avg:  2090 Min:    15 Max:  8829 Err:     0 (0.00%) Active: 1 Started: 127 Finished: 126
2026-10-08 01:24:02,374 INFO o.a.j.r.Summariser: summary =    127 in 00:11:16 =    0.2/s Avg:  2384 Min:    13 Max: 19858 Err:     0 (0.00%)
2026-10-08 01:24:02,375 INFO o.a.j.t.JMeterThread: Thread is done: Searches (open model) 2-79
2026-10-08 01:24:02,375 INFO o.a.j.t.JMeterThread: Thread finished: Searches (open model) 2-79
2026-10-08 01:24:08,201 INFO o.a.j.t.JMeterThread: Thread started: Searches (open model) 2-80
2026-10-08 01:24:08,245 INFO o.a.j.t.JMeterThread: Thread is done: Searches (open model) 2-80
2026-10-08 01:24:08,245 INFO o.a.j.t.JMeterThread: Thread finished: Searches (open model) 2-80
2026-10-08 01:24:09,837 INFO o.a.j.t.JMeterThread: Thread started: Searches (open model) 2-81
2026-10-08 01:24:09,886 INFO o.a.j.t.JMeterThread: Thread is done: Searches (open model) 2-81
2026-10-08 01:24:09,886 INFO o.a.j.t.JMeterThread: Thread finished: Searches (open model) 2-81
2026-10-08 01:24:13,064 INFO o.a.j.t.JMeterThread: Thread started: Searches (open model) 2-82
2026-10-08 01:24:13,099 INFO o.a.j.t.JMeterThread: Thread is done: Searches (open model) 2-82
2026-10-08 01:24:13,099 INFO o.a.j.t.JMeterThread: Thread finished: Searches (open model) 2-82
2026-10-08 01:24:14,730 INFO o.a.j.t.JMeterThread: Thread started: Tickets (open model) 1-49
2026-10-08 01:24:21,657 INFO o.a.j.t.JMeterThread: Thread is done: Tickets (open model) 1-49
2026-10-08 01:24:21,657 INFO o.a.j.t.JMeterThread: Thread finished: Tickets (open model) 1-49
2026-10-08 01:24:22,308 INFO o.a.j.t.JMeterThread: Thread started: Searches (open model) 2-83
2026-10-08 01:24:22,347 INFO o.a.j.t.JMeterThread: Thread is done: Searches (open model) 2-83
2026-10-08 01:24:22,347 INFO o.a.j.t.JMeterThread: Thread finished: Searches (open model) 2-83
2026-10-08 01:24:23,191 INFO o.a.j.t.JMeterThread: Thread started: Searches (open model) 2-84
2026-10-08 01:24:23,230 INFO o.a.j.t.JMeterThread: Thread is done: Searches (open model) 2-84
2026-10-08 01:24:23,230 INFO o.a.j.t.JMeterThread: Thread finished: Searches (open model) 2-84
2026-10-08 01:24:24,507 INFO o.a.j.t.JMeterThread: Thread started: Searches (open model) 2-85
2026-10-08 01:24:24,539 INFO o.a.j.t.JMeterThread: Thread is done: Searches (open model) 2-85
2026-10-08 01:24:24,539 INFO o.a.j.t.JMeterThread: Thread finished: Searches (open model) 2-85
2026-10-08 01:24:25,729 INFO o.a.j.t.JMeterThread: Thread started: Searches (open model) 2-86
2026-10-08 01:24:25,768 INFO o.a.j.t.JMeterThread: Thread is done: Searches (open model) 2-86
2026-10-08 01:24:25,768 INFO o.a.j.t.JMeterThread: Thread finished: Searches (open model) 2-86
2026-10-08 01:24:31,919 INFO o.a.j.t.JMeterThread: Thread started: Searches (open model) 2-87
2026-10-08 01:24:31,949 INFO o.a.j.r.Summariser: summary +      9 in 00:00:30 =    0.3/s Avg:   802 Min:    28 Max:  6926 Err:     0 (0.00%) Active: 1 Started: 136 Finished: 135
2026-10-08 01:24:31,949 INFO o.a.j.r.Summariser: summary =    136 in 00:11:46 =    0.2/s Avg:  2279 Min:    13 Max: 19858 Err:     0 (0.00%)
2026-10-08 01:24:31,949 INFO o.a.j.t.JMeterThread: Thread is done: Searches (open model) 2-87
2026-10-08 01:24:31,949 INFO o.a.j.t.JMeterThread: Thread finished: Searches (open model) 2-87
2026-10-08 01:24:32,962 INFO o.a.j.t.JMeterThread: Thread started: Searches (open model) 2-88
2026-10-08 01:24:33,002 INFO o.a.j.t.JMeterThread: Thread is done: Searches (open model) 2-88
2026-10-08 01:24:33,003 INFO o.a.j.t.JMeterThread: Thread finished: Searches (open model) 2-88
2026-10-08 01:24:37,781 INFO o.a.j.t.JMeterThread: Thread started: Searches (open model) 2-89
2026-10-08 01:24:37,821 INFO o.a.j.t.JMeterThread: Thread is done: Searches (open model) 2-89
2026-10-08 01:24:37,821 INFO o.a.j.t.JMeterThread: Thread finished: Searches (open model) 2-89
2026-10-08 01:24:38,032 INFO o.a.j.t.JMeterThread: Thread started: Searches (open model) 2-90
2026-10-08 01:24:38,032 INFO o.a.j.t.o.EvenArrivalsRamp: Generating 0 events, beginRate = 0.0 / sec, endRate = 0.0 / sec, duration = 190.0 sec
2026-10-08 01:24:38,032 INFO o.a.j.t.o.OpenModelThreadGroup: There will be no more events, so will wait for 198 sec till the end of the schedule
2026-10-08 01:24:38,082 INFO o.a.j.t.JMeterThread: Thread is done: Searches (open model) 2-90
2026-10-08 01:24:38,082 INFO o.a.j.t.JMeterThread: Thread finished: Searches (open model) 2-90
2026-10-08 01:24:40,741 INFO o.a.j.t.o.EvenArrivalsRamp: Generating 0 events, beginRate = 0.0 / sec, endRate = 0.0 / sec, duration = 190.0 sec
2026-10-08 01:24:40,741 INFO o.a.j.t.JMeterThread: Thread started: Tickets (open model) 1-50
2026-10-08 01:24:40,741 INFO o.a.j.t.o.OpenModelThreadGroup: There will be no more events, so will wait for 195 sec till the end of the schedule
2026-10-08 01:24:47,565 INFO o.a.j.t.JMeterThread: Thread is done: Tickets (open model) 1-50
2026-10-08 01:24:47,565 INFO o.a.j.t.JMeterThread: Thread finished: Tickets (open model) 1-50
2026-10-08 01:27:56,227 INFO o.a.j.t.o.OpenModelThreadGroup: There will be no more events, will shutdown the thread pool
2026-10-08 01:27:56,227 INFO o.a.j.t.o.OpenModelThreadGroup: Thread starting done
2026-10-08 01:27:56,228 INFO o.a.j.t.o.OpenModelThreadGroup: There will be no more events, will shutdown the thread pool
2026-10-08 01:27:56,228 INFO o.a.j.t.o.OpenModelThreadGroup: Thread starting done
2026-10-08 01:27:56,228 INFO o.a.j.e.StandardJMeterEngine: Notifying test listeners of end of test
2026-10-08 01:27:56,228 INFO o.a.j.s.FileServer: Close: C:\Users\Owen\Desktop\ICT3113_Assignment_1\jmeter\data\team_narratives.tsv
2026-10-08 01:27:56,228 INFO o.a.j.s.FileServer: Close: C:\Users\Owen\Desktop\ICT3113_Assignment_1\jmeter\data\search_terms.txt
2026-10-08 01:27:56,229 INFO o.a.j.r.Summariser: summary +      4 in 00:03:24 =    0.0/s Avg:  1737 Min:    38 Max:  6823 Err:     0 (0.00%) Active: 0 Started: 140 Finished: 140
2026-10-08 01:27:56,231 INFO o.a.j.r.Summariser: summary =    140 in 00:15:10 =    0.2/s Avg:  2264 Min:    13 Max: 19858 Err:     0 (0.00%)
