2026-10-08 14:49:14,187 INFO o.a.j.u.JMeterUtils: Setting Locale to en_EN
2026-10-08 14:49:14,194 INFO o.a.j.JMeter: Loading user properties from: user.properties
2026-10-08 14:49:14,195 INFO o.a.j.JMeter: Loading system properties from: system.properties
2026-10-08 14:49:14,195 INFO o.a.j.JMeter: Loading additional properties from: C:\Users\Owen\Desktop\ICT3113_Assignment_1\jmeter\results.properties
2026-10-08 14:49:14,195 INFO o.a.j.JMeter: Setting JMeter property: host=192.168.1.170
2026-10-08 14:49:14,195 INFO o.a.j.JMeter: Setting JMeter property: port=8000
2026-10-08 14:49:14,195 INFO o.a.j.JMeter: Setting JMeter property: protocol=http
2026-10-08 14:49:14,195 INFO o.a.j.JMeter: Setting JMeter property: rate=500
2026-10-08 14:49:14,195 INFO o.a.j.JMeter: Setting JMeter property: duration_s=720
2026-10-08 14:49:14,195 INFO o.a.j.JMeter: Setting JMeter property: drain_s=190
2026-10-08 14:49:14,195 INFO o.a.j.JMeter: Setting JMeter property: search_schedule=pause(1s)
2026-10-08 14:49:14,195 INFO o.a.j.JMeter: Setting JMeter property: seed=311301
2026-10-08 14:49:14,196 INFO o.a.j.JMeter: Setting JMeter property: search_seed=311351
2026-10-08 14:49:14,196 INFO o.a.j.JMeter: Setting JMeter property: data_file=C:\Users\Owen\Desktop\ICT3113_Assignment_1\jmeter\data\team_narratives.tsv
2026-10-08 14:49:14,196 INFO o.a.j.JMeter: Setting JMeter property: search_file=C:\Users\Owen\Desktop\ICT3113_Assignment_1\jmeter\data\search_terms.txt
2026-10-08 14:49:14,196 INFO o.a.j.JMeter: Setting JMeter property: timeout_ms=180000
2026-10-08 14:49:14,200 INFO o.a.j.JMeter: Copyright (c) 1998-2024 The Apache Software Foundation
2026-10-08 14:49:14,200 INFO o.a.j.JMeter: Version 5.6.3
2026-10-08 14:49:14,200 INFO o.a.j.JMeter: java.version=1.8.0_333
2026-10-08 14:49:14,200 INFO o.a.j.JMeter: java.vm.name=Java HotSpot(TM) 64-Bit Server VM
2026-10-08 14:49:14,200 INFO o.a.j.JMeter: os.name=Windows 11
2026-10-08 14:49:14,201 INFO o.a.j.JMeter: os.arch=amd64
2026-10-08 14:49:14,201 INFO o.a.j.JMeter: os.version=10.0
2026-10-08 14:49:14,201 INFO o.a.j.JMeter: file.encoding=Cp1252
2026-10-08 14:49:14,201 INFO o.a.j.JMeter: java.awt.headless=true
2026-10-08 14:49:14,201 INFO o.a.j.JMeter: Max memory     =1073741824
2026-10-08 14:49:14,201 INFO o.a.j.JMeter: Available Processors =16
2026-10-08 14:49:14,203 INFO o.a.j.JMeter: Default Locale=English (EN)
2026-10-08 14:49:14,203 INFO o.a.j.JMeter: JMeter  Locale=English (EN)
2026-10-08 14:49:14,203 INFO o.a.j.JMeter: JMeterHome=C:\Users\Owen\Downloads\apache-jmeter-5.6.3\apache-jmeter-5.6.3
2026-10-08 14:49:14,203 INFO o.a.j.JMeter: user.dir  =C:\Users\Owen\Downloads\apache-jmeter-5.6.3\apache-jmeter-5.6.3\bin
2026-10-08 14:49:14,204 INFO o.a.j.JMeter: PWD       =C:\Users\Owen\Downloads\apache-jmeter-5.6.3\apache-jmeter-5.6.3\bin
2026-10-08 14:49:19,149 INFO o.a.j.JMeter: IP: 10.5.0.2 Name: DESKTOP-AK5RA9C FullName: DESKTOP-AK5RA9C
2026-10-08 14:49:19,162 INFO o.a.j.s.FileServer: Default base='C:\Users\Owen\Downloads\apache-jmeter-5.6.3\apache-jmeter-5.6.3\bin'
2026-10-08 14:49:19,163 INFO o.a.j.s.FileServer: Set new base='C:\Users\Owen\Desktop\ICT3113_Assignment_1\jmeter'
2026-10-08 14:49:19,252 INFO o.a.j.s.SaveService: Testplan (JMX) version: 2.2. Testlog (JTL) version: 2.2
2026-10-08 14:49:19,265 INFO o.a.j.s.SaveService: Using SaveService properties file encoding UTF-8
2026-10-08 14:49:19,267 INFO o.a.j.s.SaveService: Using SaveService properties version 5.0
2026-10-08 14:49:19,272 INFO o.a.j.s.SaveService: Loading file: C:\Users\Owen\Desktop\ICT3113_Assignment_1\jmeter\ticket_load_test.jmx
2026-10-08 14:49:19,332 INFO o.a.j.p.h.s.HTTPSamplerBase: Parser for text/html is org.apache.jmeter.protocol.http.parser.LagartoBasedHtmlParser
2026-10-08 14:49:19,332 INFO o.a.j.p.h.s.HTTPSamplerBase: Parser for application/xhtml+xml is org.apache.jmeter.protocol.http.parser.LagartoBasedHtmlParser
2026-10-08 14:49:19,332 INFO o.a.j.p.h.s.HTTPSamplerBase: Parser for application/xml is org.apache.jmeter.protocol.http.parser.LagartoBasedHtmlParser
2026-10-08 14:49:19,332 INFO o.a.j.p.h.s.HTTPSamplerBase: Parser for text/xml is org.apache.jmeter.protocol.http.parser.LagartoBasedHtmlParser
2026-10-08 14:49:19,332 INFO o.a.j.p.h.s.HTTPSamplerBase: Parser for text/vnd.wap.wml is org.apache.jmeter.protocol.http.parser.RegexpHTMLParser
2026-10-08 14:49:19,332 INFO o.a.j.p.h.s.HTTPSamplerBase: Parser for text/css is org.apache.jmeter.protocol.http.parser.CssParser
2026-10-08 14:49:19,527 INFO o.a.j.JMeter: Creating summariser <summary>
2026-10-08 14:49:19,543 INFO o.a.j.e.StandardJMeterEngine: Running the test!
2026-10-08 14:49:19,544 INFO o.a.j.s.SampleEvent: List of sample_variables: [request_id, ticket_row]
2026-10-08 14:49:19,544 INFO o.a.j.s.SampleEvent: List of sample_variables: [request_id, ticket_row]
2026-10-08 14:49:19,549 INFO o.a.j.e.u.CompoundVariable: Note: Function class names must contain the string: '.functions.'
2026-10-08 14:49:19,549 INFO o.a.j.e.u.CompoundVariable: Note: Function class names must not contain the string: '.gui.'
2026-10-08 14:49:19,772 INFO o.a.j.JMeter: Running test (1791442159772)
2026-10-08 14:49:19,800 INFO o.a.j.e.StandardJMeterEngine: Starting ThreadGroup: 1 : Tickets (open model)
2026-10-08 14:49:19,800 INFO o.a.j.e.StandardJMeterEngine: Starting 0 threads for group Tickets (open model).
2026-10-08 14:49:19,800 INFO o.a.j.e.StandardJMeterEngine: Thread will continue on error
2026-10-08 14:49:19,800 INFO o.a.j.t.o.OpenModelThreadGroup: Starting OpenModelThreadGroup#1 with schedule rate(500/hour) random_arrivals(720 s) pause(190 s)
2026-10-08 14:49:19,836 INFO o.a.j.e.StandardJMeterEngine: Starting ThreadGroup: 2 : Searches (open model)
2026-10-08 14:49:19,836 INFO o.a.j.e.StandardJMeterEngine: Starting 0 threads for group Searches (open model).
2026-10-08 14:49:19,836 INFO o.a.j.e.StandardJMeterEngine: Thread will continue on error
2026-10-08 14:49:19,836 INFO o.a.j.t.o.OpenModelThreadGroup: Starting OpenModelThreadGroup#2 with schedule pause(1s)
2026-10-08 14:49:19,836 INFO o.a.j.t.o.OpenModelThreadGroup: Thread starting init
2026-10-08 14:49:19,837 INFO o.a.j.e.StandardJMeterEngine: All thread groups have been started
2026-10-08 14:49:19,837 INFO o.a.j.t.o.OpenModelThreadGroup: Thread starting init
2026-10-08 14:49:19,840 INFO o.a.j.t.o.EvenArrivalsRamp: Generating 0 events, beginRate = 0.0 / sec, endRate = 0.0 / sec, duration = 1.0 sec
2026-10-08 14:49:19,840 INFO o.a.j.t.o.OpenModelThreadGroup: There will be no more events, so will wait for 0 sec till the end of the schedule
2026-10-08 14:49:19,840 INFO o.a.j.t.o.PoissonArrivalsRamp: Generating 100 events, beginRate = 0.1388888888888889 / sec, endRate = 0.1388888888888889 / sec, duration = 720.0 sec
2026-10-08 14:49:20,546 INFO o.a.j.t.o.OpenModelThreadGroup: There will be no more events, will shutdown the thread pool
2026-10-08 14:49:20,546 INFO o.a.j.t.o.OpenModelThreadGroup: Thread starting done
2026-10-08 14:49:41,598 INFO o.a.j.t.JMeterThread: Thread started: Tickets (open model) 1-1
2026-10-08 14:49:41,599 INFO o.a.j.s.FileServer: Stored: C:\Users\Owen\Desktop\ICT3113_Assignment_1\jmeter\data\team_narratives.tsv
2026-10-08 14:49:41,620 INFO o.a.j.p.h.s.HTTPHCAbstractImpl: Local host = DESKTOP-AK5RA9C
2026-10-08 14:49:41,627 INFO o.a.j.p.h.s.HTTPHC4Impl: HTTP request retry count = 0
2026-10-08 14:49:41,628 INFO o.a.j.s.SampleResult: Note: Sample TimeStamps are START times
2026-10-08 14:49:41,628 INFO o.a.j.s.SampleResult: sampleresult.default.encoding is set to UTF-8
2026-10-08 14:49:41,628 INFO o.a.j.s.SampleResult: sampleresult.useNanoTime=true
2026-10-08 14:49:41,628 INFO o.a.j.s.SampleResult: sampleresult.nanoThreadSleep=5000
2026-10-08 14:50:06,474 INFO o.a.j.t.JMeterThread: Thread started: Tickets (open model) 1-2
2026-10-08 14:50:14,941 INFO o.a.j.t.JMeterThread: Thread started: Tickets (open model) 1-3
2026-10-08 14:50:26,014 INFO o.a.j.t.JMeterThread: Thread is done: Tickets (open model) 1-1
2026-10-08 14:50:26,015 INFO o.a.j.t.JMeterThread: Thread finished: Tickets (open model) 1-1
2026-10-08 14:50:33,176 INFO o.a.j.r.Summariser: summary +      2 in 00:01:13 =    0.0/s Avg: 35515 Min: 26698 Max: 44332 Err:     0 (0.00%) Active: 2 Started: 3 Finished: 1
2026-10-08 14:50:33,177 INFO o.a.j.t.JMeterThread: Thread is done: Tickets (open model) 1-2
2026-10-08 14:50:33,177 INFO o.a.j.t.JMeterThread: Thread finished: Tickets (open model) 1-2
2026-10-08 14:50:36,470 INFO o.a.j.t.JMeterThread: Thread started: Tickets (open model) 1-4
2026-10-08 14:50:37,817 INFO o.a.j.t.JMeterThread: Thread started: Tickets (open model) 1-5
2026-10-08 14:50:41,539 INFO o.a.j.t.JMeterThread: Thread started: Tickets (open model) 1-6
2026-10-08 14:50:43,246 INFO o.a.j.t.JMeterThread: Thread started: Tickets (open model) 1-7
2026-10-08 14:50:44,722 INFO o.a.j.t.JMeterThread: Thread is done: Tickets (open model) 1-3
2026-10-08 14:50:44,722 INFO o.a.j.t.JMeterThread: Thread finished: Tickets (open model) 1-3
2026-10-08 14:50:52,015 INFO o.a.j.t.JMeterThread: Thread started: Tickets (open model) 1-8
2026-10-08 14:51:02,460 INFO o.a.j.t.JMeterThread: Thread started: Tickets (open model) 1-9
2026-10-08 14:51:02,892 INFO o.a.j.r.Summariser: summary +      2 in 00:00:30 =    0.1/s Avg: 28098 Min: 26419 Max: 29778 Err:     0 (0.00%) Active: 6 Started: 9 Finished: 3
2026-10-08 14:51:02,893 INFO o.a.j.r.Summariser: summary =      4 in 00:01:43 =    0.0/s Avg: 31806 Min: 26419 Max: 44332 Err:     0 (0.00%)
2026-10-08 14:51:02,893 INFO o.a.j.t.JMeterThread: Thread is done: Tickets (open model) 1-4
2026-10-08 14:51:02,893 INFO o.a.j.t.JMeterThread: Thread finished: Tickets (open model) 1-4
2026-10-08 14:51:04,058 INFO o.a.j.t.JMeterThread: Thread started: Tickets (open model) 1-10
2026-10-08 14:51:06,317 INFO o.a.j.t.JMeterThread: Thread is done: Tickets (open model) 1-5
2026-10-08 14:51:06,317 INFO o.a.j.t.JMeterThread: Thread finished: Tickets (open model) 1-5
2026-10-08 14:51:10,803 INFO o.a.j.t.JMeterThread: Thread started: Tickets (open model) 1-11
2026-10-08 14:51:11,086 INFO o.a.j.t.JMeterThread: Thread is done: Tickets (open model) 1-6
2026-10-08 14:51:11,087 INFO o.a.j.t.JMeterThread: Thread finished: Tickets (open model) 1-6
2026-10-08 14:51:15,880 INFO o.a.j.t.JMeterThread: Thread started: Tickets (open model) 1-12
2026-10-08 14:51:20,996 INFO o.a.j.t.JMeterThread: Thread is done: Tickets (open model) 1-7
2026-10-08 14:51:20,996 INFO o.a.j.t.JMeterThread: Thread finished: Tickets (open model) 1-7
2026-10-08 14:51:25,893 INFO o.a.j.t.JMeterThread: Thread is done: Tickets (open model) 1-8
2026-10-08 14:51:25,893 INFO o.a.j.t.JMeterThread: Thread finished: Tickets (open model) 1-8
2026-10-08 14:51:30,489 INFO o.a.j.t.JMeterThread: Thread started: Tickets (open model) 1-13
2026-10-08 14:51:32,974 INFO o.a.j.r.Summariser: summary +      5 in 00:00:30 =    0.2/s Avg: 32035 Min: 28497 Max: 37748 Err:     0 (0.00%) Active: 5 Started: 13 Finished: 8
2026-10-08 14:51:32,974 INFO o.a.j.r.Summariser: summary =      9 in 00:02:13 =    0.1/s Avg: 31933 Min: 26419 Max: 44332 Err:     0 (0.00%)
2026-10-08 14:51:32,975 INFO o.a.j.t.JMeterThread: Thread is done: Tickets (open model) 1-9
2026-10-08 14:51:32,975 INFO o.a.j.t.JMeterThread: Thread finished: Tickets (open model) 1-9
2026-10-08 14:51:35,124 INFO o.a.j.t.JMeterThread: Thread started: Tickets (open model) 1-14
2026-10-08 14:51:39,113 INFO o.a.j.t.JMeterThread: Thread is done: Tickets (open model) 1-10
2026-10-08 14:51:39,113 INFO o.a.j.t.JMeterThread: Thread finished: Tickets (open model) 1-10
2026-10-08 14:51:44,555 INFO o.a.j.t.JMeterThread: Thread started: Tickets (open model) 1-15
2026-10-08 14:51:47,922 INFO o.a.j.t.JMeterThread: Thread started: Tickets (open model) 1-16
2026-10-08 14:51:48,447 INFO o.a.j.t.JMeterThread: Thread started: Tickets (open model) 1-17
2026-10-08 14:51:59,937 INFO o.a.j.t.JMeterThread: Thread is done: Tickets (open model) 1-11
2026-10-08 14:51:59,937 INFO o.a.j.t.JMeterThread: Thread finished: Tickets (open model) 1-11
2026-10-08 14:52:04,563 INFO o.a.j.r.Summariser: summary +      3 in 00:00:32 =    0.1/s Avg: 44287 Min: 35051 Max: 49129 Err:     0 (0.00%) Active: 6 Started: 17 Finished: 11
2026-10-08 14:52:04,565 INFO o.a.j.r.Summariser: summary =     12 in 00:02:45 =    0.1/s Avg: 35022 Min: 26419 Max: 49129 Err:     0 (0.00%)
2026-10-08 14:52:04,565 INFO o.a.j.t.JMeterThread: Thread is done: Tickets (open model) 1-12
2026-10-08 14:52:04,565 INFO o.a.j.t.JMeterThread: Thread finished: Tickets (open model) 1-12
2026-10-08 14:52:11,092 INFO o.a.j.t.JMeterThread: Thread started: Tickets (open model) 1-18
2026-10-08 14:52:12,277 INFO o.a.j.t.JMeterThread: Thread is done: Tickets (open model) 1-13
2026-10-08 14:52:12,277 INFO o.a.j.t.JMeterThread: Thread finished: Tickets (open model) 1-13
2026-10-08 14:52:15,815 INFO o.a.j.t.JMeterThread: Thread started: Tickets (open model) 1-19
2026-10-08 14:52:17,463 INFO o.a.j.t.JMeterThread: Thread is done: Tickets (open model) 1-14
2026-10-08 14:52:17,463 INFO o.a.j.t.JMeterThread: Thread finished: Tickets (open model) 1-14
2026-10-08 14:52:18,462 INFO o.a.j.t.JMeterThread: Thread started: Tickets (open model) 1-20
2026-10-08 14:52:28,783 INFO o.a.j.t.JMeterThread: Thread started: Tickets (open model) 1-21
2026-10-08 14:52:30,101 INFO o.a.j.r.Summariser: summary +      3 in 00:00:26 =    0.1/s Avg: 43221 Min: 41785 Max: 45543 Err:     0 (0.00%) Active: 7 Started: 21 Finished: 14
2026-10-08 14:52:30,102 INFO o.a.j.r.Summariser: summary =     15 in 00:03:10 =    0.1/s Avg: 36662 Min: 26419 Max: 49129 Err:     0 (0.00%)
2026-10-08 14:52:30,102 INFO o.a.j.t.JMeterThread: Thread is done: Tickets (open model) 1-15
2026-10-08 14:52:30,102 INFO o.a.j.t.JMeterThread: Thread finished: Tickets (open model) 1-15
2026-10-08 14:52:30,628 INFO o.a.j.t.JMeterThread: Thread started: Tickets (open model) 1-22
2026-10-08 14:52:37,723 INFO o.a.j.t.JMeterThread: Thread started: Tickets (open model) 1-23
2026-10-08 14:52:47,137 INFO o.a.j.t.JMeterThread: Thread is done: Tickets (open model) 1-16
2026-10-08 14:52:47,137 INFO o.a.j.t.JMeterThread: Thread finished: Tickets (open model) 1-16
2026-10-08 14:52:52,059 INFO o.a.j.t.JMeterThread: Thread started: Tickets (open model) 1-24
2026-10-08 14:52:55,910 INFO o.a.j.t.JMeterThread: Thread is done: Tickets (open model) 1-17
2026-10-08 14:52:55,910 INFO o.a.j.t.JMeterThread: Thread finished: Tickets (open model) 1-17
2026-10-08 14:53:02,572 INFO o.a.j.t.JMeterThread: Thread started: Tickets (open model) 1-25
2026-10-08 14:53:08,477 INFO o.a.j.t.JMeterThread: Thread is done: Tickets (open model) 1-18
2026-10-08 14:53:08,477 INFO o.a.j.t.JMeterThread: Thread finished: Tickets (open model) 1-18
2026-10-08 14:53:08,950 INFO o.a.j.t.JMeterThread: Thread started: Tickets (open model) 1-26
2026-10-08 14:53:11,342 INFO o.a.j.t.JMeterThread: Thread started: Tickets (open model) 1-27
2026-10-08 14:53:16,788 INFO o.a.j.t.JMeterThread: Thread is done: Tickets (open model) 1-19
2026-10-08 14:53:16,788 INFO o.a.j.t.JMeterThread: Thread finished: Tickets (open model) 1-19
2026-10-08 14:53:22,797 INFO o.a.j.t.JMeterThread: Thread started: Tickets (open model) 1-28
2026-10-08 14:53:25,748 INFO o.a.j.t.JMeterThread: Thread started: Tickets (open model) 1-29
2026-10-08 14:53:27,746 INFO o.a.j.t.JMeterThread: Thread started: Tickets (open model) 1-30
2026-10-08 14:53:29,233 INFO o.a.j.t.JMeterThread: Thread is done: Tickets (open model) 1-20
2026-10-08 14:53:29,233 INFO o.a.j.t.JMeterThread: Thread finished: Tickets (open model) 1-20
2026-10-08 14:53:33,904 INFO o.a.j.r.Summariser: summary +      6 in 00:01:04 =    0.1/s Avg: 63485 Min: 57382 Max: 70768 Err:     0 (0.00%) Active: 10 Started: 30 Finished: 20
2026-10-08 14:53:33,904 INFO o.a.j.r.Summariser: summary =     21 in 00:04:14 =    0.1/s Avg: 44325 Min: 26419 Max: 70768 Err:     0 (0.00%)
2026-10-08 14:53:33,905 INFO o.a.j.t.JMeterThread: Thread is done: Tickets (open model) 1-21
2026-10-08 14:53:33,905 INFO o.a.j.t.JMeterThread: Thread finished: Tickets (open model) 1-21
2026-10-08 14:53:51,296 INFO o.a.j.t.JMeterThread: Thread is done: Tickets (open model) 1-22
2026-10-08 14:53:51,297 INFO o.a.j.t.JMeterThread: Thread finished: Tickets (open model) 1-22
2026-10-08 14:53:59,464 INFO o.a.j.t.JMeterThread: Thread is done: Tickets (open model) 1-23
2026-10-08 14:53:59,464 INFO o.a.j.t.JMeterThread: Thread finished: Tickets (open model) 1-23
2026-10-08 14:54:00,191 INFO o.a.j.t.JMeterThread: Thread started: Tickets (open model) 1-31
2026-10-08 14:54:03,633 INFO o.a.j.t.JMeterThread: Thread started: Tickets (open model) 1-32
2026-10-08 14:54:05,082 INFO o.a.j.t.JMeterThread: Thread started: Tickets (open model) 1-33
2026-10-08 14:54:06,241 INFO o.a.j.t.JMeterThread: Thread started: Tickets (open model) 1-34
2026-10-08 14:54:10,074 INFO o.a.j.t.JMeterThread: Thread is done: Tickets (open model) 1-24
2026-10-08 14:54:10,074 INFO o.a.j.t.JMeterThread: Thread finished: Tickets (open model) 1-24
2026-10-08 14:54:18,318 INFO o.a.j.t.JMeterThread: Thread started: Tickets (open model) 1-35
2026-10-08 14:54:23,688 INFO o.a.j.t.JMeterThread: Thread is done: Tickets (open model) 1-25
2026-10-08 14:54:23,688 INFO o.a.j.t.JMeterThread: Thread finished: Tickets (open model) 1-25
2026-10-08 14:54:36,337 INFO o.a.j.t.JMeterThread: Thread started: Tickets (open model) 1-36
2026-10-08 14:54:42,857 INFO o.a.j.t.JMeterThread: Thread is done: Tickets (open model) 1-26
2026-10-08 14:54:42,857 INFO o.a.j.t.JMeterThread: Thread finished: Tickets (open model) 1-26
2026-10-08 14:54:56,345 INFO o.a.j.t.JMeterThread: Thread is done: Tickets (open model) 1-27
2026-10-08 14:54:56,345 INFO o.a.j.t.JMeterThread: Thread finished: Tickets (open model) 1-27
2026-10-08 14:54:57,344 INFO o.a.j.t.JMeterThread: Thread started: Tickets (open model) 1-37
2026-10-08 14:54:57,539 INFO o.a.j.t.JMeterThread: Thread started: Tickets (open model) 1-38
2026-10-08 14:55:08,749 INFO o.a.j.t.JMeterThread: Thread started: Tickets (open model) 1-39
2026-10-08 14:55:14,300 INFO o.a.j.t.JMeterThread: Thread is done: Tickets (open model) 1-28
2026-10-08 14:55:14,300 INFO o.a.j.t.JMeterThread: Thread finished: Tickets (open model) 1-28
2026-10-08 14:55:18,070 INFO o.a.j.t.JMeterThread: Thread started: Tickets (open model) 1-40
2026-10-08 14:55:19,336 INFO o.a.j.t.JMeterThread: Thread started: Tickets (open model) 1-41
2026-10-08 14:55:25,848 INFO o.a.j.t.JMeterThread: Thread is done: Tickets (open model) 1-29
2026-10-08 14:55:25,848 INFO o.a.j.t.JMeterThread: Thread finished: Tickets (open model) 1-29
2026-10-08 14:55:27,870 INFO o.a.j.t.JMeterThread: Thread is done: Tickets (open model) 1-30
2026-10-08 14:55:27,870 INFO o.a.j.t.JMeterThread: Thread finished: Tickets (open model) 1-30
2026-10-08 14:55:42,075 INFO o.a.j.t.JMeterThread: Thread started: Tickets (open model) 1-42
2026-10-08 14:55:44,589 INFO o.a.j.t.JMeterThread: Thread started: Tickets (open model) 1-43
2026-10-08 14:55:48,042 INFO o.a.j.t.JMeterThread: Thread started: Tickets (open model) 1-44
2026-10-08 14:55:54,150 INFO o.a.j.t.JMeterThread: Thread is done: Tickets (open model) 1-31
2026-10-08 14:55:54,150 INFO o.a.j.t.JMeterThread: Thread finished: Tickets (open model) 1-31
2026-10-08 14:56:00,177 INFO o.a.j.t.JMeterThread: Thread started: Tickets (open model) 1-45
2026-10-08 14:56:02,773 INFO o.a.j.t.JMeterThread: Thread started: Tickets (open model) 1-46
2026-10-08 14:56:03,785 INFO o.a.j.r.Summariser: summary +     11 in 00:02:30 =    0.1/s Avg: 100566 Min: 78011 Max: 120146 Err:     3 (27.27%) Active: 15 Started: 46 Finished: 31
2026-10-08 14:56:03,786 INFO o.a.j.r.Summariser: summary =     32 in 00:06:44 =    0.1/s Avg: 63658 Min: 26419 Max: 120146 Err:     3 (9.38%)
2026-10-08 14:56:03,786 INFO o.a.j.t.JMeterThread: Thread is done: Tickets (open model) 1-32
2026-10-08 14:56:03,786 INFO o.a.j.t.JMeterThread: Thread finished: Tickets (open model) 1-32
2026-10-08 14:56:03,971 INFO o.a.j.t.JMeterThread: Thread started: Tickets (open model) 1-47
2026-10-08 14:56:05,134 INFO o.a.j.t.JMeterThread: Thread is done: Tickets (open model) 1-33
2026-10-08 14:56:05,134 INFO o.a.j.t.JMeterThread: Thread finished: Tickets (open model) 1-33
2026-10-08 14:56:06,383 INFO o.a.j.t.JMeterThread: Thread is done: Tickets (open model) 1-34
2026-10-08 14:56:06,383 INFO o.a.j.t.JMeterThread: Thread finished: Tickets (open model) 1-34
2026-10-08 14:56:11,219 INFO o.a.j.t.JMeterThread: Thread is done: Tickets (open model) 1-35
2026-10-08 14:56:11,219 INFO o.a.j.t.JMeterThread: Thread finished: Tickets (open model) 1-35
2026-10-08 14:56:12,740 INFO o.a.j.t.JMeterThread: Thread started: Tickets (open model) 1-48
2026-10-08 14:56:17,607 INFO o.a.j.t.JMeterThread: Thread started: Tickets (open model) 1-49
2026-10-08 14:56:20,435 INFO o.a.j.t.JMeterThread: Thread started: Tickets (open model) 1-50
2026-10-08 14:56:20,952 INFO o.a.j.t.JMeterThread: Thread started: Tickets (open model) 1-51
2026-10-08 14:56:22,847 INFO o.a.j.t.JMeterThread: Thread started: Tickets (open model) 1-52
2026-10-08 14:56:23,675 INFO o.a.j.t.JMeterThread: Thread started: Tickets (open model) 1-53
2026-10-08 14:56:26,828 INFO o.a.j.t.JMeterThread: Thread started: Tickets (open model) 1-54
2026-10-08 14:56:28,986 INFO o.a.j.t.JMeterThread: Thread started: Tickets (open model) 1-55
2026-10-08 14:56:31,268 INFO o.a.j.t.JMeterThread: Thread started: Tickets (open model) 1-56
2026-10-08 14:56:34,974 INFO o.a.j.r.Summariser: summary +      4 in 00:00:31 =    0.1/s Avg: 117928 Min: 112897 Max: 120137 Err:     2 (50.00%) Active: 21 Started: 56 Finished: 35
2026-10-08 14:56:34,974 INFO o.a.j.r.Summariser: summary =     36 in 00:07:15 =    0.1/s Avg: 69688 Min: 26419 Max: 120146 Err:     5 (13.89%)
2026-10-08 14:56:34,974 INFO o.a.j.t.JMeterThread: Thread is done: Tickets (open model) 1-36
2026-10-08 14:56:34,974 INFO o.a.j.t.JMeterThread: Thread finished: Tickets (open model) 1-36
2026-10-08 14:56:39,840 INFO o.a.j.t.JMeterThread: Thread is done: Tickets (open model) 1-37
2026-10-08 14:56:39,840 INFO o.a.j.t.JMeterThread: Thread finished: Tickets (open model) 1-37
2026-10-08 14:56:46,536 INFO o.a.j.t.JMeterThread: Thread is done: Tickets (open model) 1-38
2026-10-08 14:56:46,536 INFO o.a.j.t.JMeterThread: Thread finished: Tickets (open model) 1-38
2026-10-08 14:56:51,973 INFO o.a.j.t.JMeterThread: Thread started: Tickets (open model) 1-57
2026-10-08 14:56:58,195 INFO o.a.j.t.JMeterThread: Thread started: Tickets (open model) 1-58
2026-10-08 14:57:08,439 INFO o.a.j.t.JMeterThread: Thread is done: Tickets (open model) 1-39
2026-10-08 14:57:08,439 INFO o.a.j.t.JMeterThread: Thread finished: Tickets (open model) 1-39
2026-10-08 14:57:09,952 INFO o.a.j.t.JMeterThread: Thread started: Tickets (open model) 1-59
2026-10-08 14:57:10,427 INFO o.a.j.t.JMeterThread: Thread started: Tickets (open model) 1-60
2026-10-08 14:57:13,647 INFO o.a.j.t.JMeterThread: Thread started: Tickets (open model) 1-61
2026-10-08 14:57:18,213 INFO o.a.j.t.JMeterThread: Thread is done: Tickets (open model) 1-40
2026-10-08 14:57:18,213 INFO o.a.j.t.JMeterThread: Thread finished: Tickets (open model) 1-40
2026-10-08 14:57:19,469 INFO o.a.j.t.JMeterThread: Thread is done: Tickets (open model) 1-41
2026-10-08 14:57:19,469 INFO o.a.j.t.JMeterThread: Thread finished: Tickets (open model) 1-41
2026-10-08 14:57:26,939 INFO o.a.j.t.JMeterThread: Thread started: Tickets (open model) 1-62
2026-10-08 14:57:32,263 INFO o.a.j.t.JMeterThread: Thread started: Tickets (open model) 1-63
2026-10-08 14:57:42,240 INFO o.a.j.t.JMeterThread: Thread is done: Tickets (open model) 1-42
2026-10-08 14:57:42,240 INFO o.a.j.t.JMeterThread: Thread finished: Tickets (open model) 1-42
2026-10-08 14:57:44,762 INFO o.a.j.t.JMeterThread: Thread is done: Tickets (open model) 1-43
2026-10-08 14:57:44,762 INFO o.a.j.t.JMeterThread: Thread finished: Tickets (open model) 1-43
2026-10-08 14:57:47,629 INFO o.a.j.t.JMeterThread: Thread started: Tickets (open model) 1-64
2026-10-08 14:57:48,175 INFO o.a.j.t.JMeterThread: Thread is done: Tickets (open model) 1-44
2026-10-08 14:57:48,175 INFO o.a.j.t.JMeterThread: Thread finished: Tickets (open model) 1-44
2026-10-08 14:58:00,260 INFO o.a.j.r.Summariser: summary +      9 in 00:01:25 =    0.1/s Avg: 116885 Min: 102492 Max: 120168 Err:     6 (66.67%) Active: 20 Started: 64 Finished: 44
2026-10-08 14:58:00,261 INFO o.a.j.r.Summariser: summary =     45 in 00:08:40 =    0.1/s Avg: 79127 Min: 26419 Max: 120168 Err:    11 (24.44%)
2026-10-08 14:58:00,261 INFO o.a.j.t.JMeterThread: Thread is done: Tickets (open model) 1-45
2026-10-08 14:58:00,261 INFO o.a.j.t.JMeterThread: Thread finished: Tickets (open model) 1-45
2026-10-08 14:58:02,813 INFO o.a.j.t.JMeterThread: Thread is done: Tickets (open model) 1-46
2026-10-08 14:58:02,813 INFO o.a.j.t.JMeterThread: Thread finished: Tickets (open model) 1-46
2026-10-08 14:58:04,143 INFO o.a.j.t.JMeterThread: Thread is done: Tickets (open model) 1-47
2026-10-08 14:58:04,143 INFO o.a.j.t.JMeterThread: Thread finished: Tickets (open model) 1-47
2026-10-08 14:58:08,440 INFO o.a.j.t.JMeterThread: Thread started: Tickets (open model) 1-65
2026-10-08 14:58:11,150 INFO o.a.j.t.JMeterThread: Thread started: Tickets (open model) 1-66
2026-10-08 14:58:12,805 INFO o.a.j.t.JMeterThread: Thread is done: Tickets (open model) 1-48
2026-10-08 14:58:12,805 INFO o.a.j.t.JMeterThread: Thread finished: Tickets (open model) 1-48
2026-10-08 14:58:17,761 INFO o.a.j.t.JMeterThread: Thread is done: Tickets (open model) 1-49
2026-10-08 14:58:17,761 INFO o.a.j.t.JMeterThread: Thread finished: Tickets (open model) 1-49
2026-10-08 14:58:17,976 INFO o.a.j.t.JMeterThread: Thread started: Tickets (open model) 1-67
2026-10-08 14:58:20,580 INFO o.a.j.t.JMeterThread: Thread is done: Tickets (open model) 1-50
2026-10-08 14:58:20,581 INFO o.a.j.t.JMeterThread: Thread finished: Tickets (open model) 1-50
2026-10-08 14:58:21,092 INFO o.a.j.t.JMeterThread: Thread is done: Tickets (open model) 1-51
2026-10-08 14:58:21,092 INFO o.a.j.t.JMeterThread: Thread finished: Tickets (open model) 1-51
2026-10-08 14:58:23,015 INFO o.a.j.t.JMeterThread: Thread is done: Tickets (open model) 1-52
2026-10-08 14:58:23,015 INFO o.a.j.t.JMeterThread: Thread finished: Tickets (open model) 1-52
2026-10-08 14:58:23,755 INFO o.a.j.t.JMeterThread: Thread is done: Tickets (open model) 1-53
2026-10-08 14:58:23,755 INFO o.a.j.t.JMeterThread: Thread finished: Tickets (open model) 1-53
2026-10-08 14:58:24,432 INFO o.a.j.t.JMeterThread: Thread started: Tickets (open model) 1-68
2026-10-08 14:58:25,080 INFO o.a.j.t.JMeterThread: Thread started: Tickets (open model) 1-69
2026-10-08 14:58:25,418 INFO o.a.j.t.JMeterThread: Thread started: Tickets (open model) 1-70
2026-10-08 14:58:27,012 INFO o.a.j.t.JMeterThread: Thread is done: Tickets (open model) 1-54
2026-10-08 14:58:27,012 INFO o.a.j.t.JMeterThread: Thread finished: Tickets (open model) 1-54
2026-10-08 14:58:28,524 INFO o.a.j.t.JMeterThread: Thread started: Tickets (open model) 1-71
2026-10-08 14:58:29,137 INFO o.a.j.t.JMeterThread: Thread is done: Tickets (open model) 1-55
2026-10-08 14:58:29,137 INFO o.a.j.t.JMeterThread: Thread finished: Tickets (open model) 1-55
2026-10-08 14:58:31,413 INFO o.a.j.r.Summariser: summary +     11 in 00:00:31 =    0.4/s Avg: 120126 Min: 120034 Max: 120180 Err:    11 (100.00%) Active: 16 Started: 71 Finished: 55
2026-10-08 14:58:31,413 INFO o.a.j.r.Summariser: summary =     56 in 00:09:12 =    0.1/s Avg: 87181 Min: 26419 Max: 120180 Err:    22 (39.29%)
2026-10-08 14:58:31,413 INFO o.a.j.t.JMeterThread: Thread is done: Tickets (open model) 1-56
2026-10-08 14:58:31,413 INFO o.a.j.t.JMeterThread: Thread finished: Tickets (open model) 1-56
2026-10-08 14:58:41,765 INFO o.a.j.t.JMeterThread: Thread is done: Tickets (open model) 1-57
2026-10-08 14:58:41,765 INFO o.a.j.t.JMeterThread: Thread finished: Tickets (open model) 1-57
2026-10-08 14:58:42,160 INFO o.a.j.t.JMeterThread: Thread started: Tickets (open model) 1-72
2026-10-08 14:58:51,962 INFO o.a.j.t.JMeterThread: Thread started: Tickets (open model) 1-73
2026-10-08 14:58:58,328 INFO o.a.j.t.JMeterThread: Thread is done: Tickets (open model) 1-58
2026-10-08 14:58:58,328 INFO o.a.j.t.JMeterThread: Thread finished: Tickets (open model) 1-58
2026-10-08 14:58:58,347 INFO o.a.j.t.JMeterThread: Thread started: Tickets (open model) 1-74
2026-10-08 14:59:06,140 INFO o.a.j.t.JMeterThread: Thread started: Tickets (open model) 1-75
2026-10-08 14:59:10,086 INFO o.a.j.t.JMeterThread: Thread is done: Tickets (open model) 1-59
2026-10-08 14:59:10,086 INFO o.a.j.t.JMeterThread: Thread finished: Tickets (open model) 1-59
2026-10-08 14:59:10,538 INFO o.a.j.t.JMeterThread: Thread is done: Tickets (open model) 1-60
2026-10-08 14:59:10,538 INFO o.a.j.t.JMeterThread: Thread finished: Tickets (open model) 1-60
2026-10-08 14:59:13,750 INFO o.a.j.t.JMeterThread: Thread is done: Tickets (open model) 1-61
2026-10-08 14:59:13,750 INFO o.a.j.t.JMeterThread: Thread finished: Tickets (open model) 1-61
2026-10-08 14:59:14,091 INFO o.a.j.t.JMeterThread: Thread started: Tickets (open model) 1-76
2026-10-08 14:59:16,065 INFO o.a.j.t.JMeterThread: Thread started: Tickets (open model) 1-77
2026-10-08 14:59:16,283 INFO o.a.j.t.JMeterThread: Thread started: Tickets (open model) 1-78
2026-10-08 14:59:16,659 INFO o.a.j.t.JMeterThread: Thread started: Tickets (open model) 1-79
2026-10-08 14:59:19,277 INFO o.a.j.t.JMeterThread: Thread started: Tickets (open model) 1-80
2026-10-08 14:59:20,530 INFO o.a.j.t.JMeterThread: Thread is done: Tickets (open model) 1-62
2026-10-08 14:59:20,530 INFO o.a.j.t.JMeterThread: Thread finished: Tickets (open model) 1-62
2026-10-08 14:59:22,055 INFO o.a.j.t.JMeterThread: Thread started: Tickets (open model) 1-81
2026-10-08 14:59:27,384 INFO o.a.j.t.JMeterThread: Thread started: Tickets (open model) 1-82
2026-10-08 14:59:32,397 INFO o.a.j.r.Summariser: summary +      7 in 00:01:01 =    0.1/s Avg: 117709 Min: 109787 Max: 120129 Err:     5 (71.43%) Active: 20 Started: 82 Finished: 62
2026-10-08 14:59:32,397 INFO o.a.j.r.Summariser: summary =     63 in 00:10:13 =    0.1/s Avg: 90573 Min: 26419 Max: 120180 Err:    27 (42.86%)
2026-10-08 14:59:32,397 INFO o.a.j.t.JMeterThread: Thread is done: Tickets (open model) 1-63
2026-10-08 14:59:32,397 INFO o.a.j.t.JMeterThread: Thread finished: Tickets (open model) 1-63
2026-10-08 14:59:43,283 INFO o.a.j.t.JMeterThread: Thread started: Tickets (open model) 1-83
2026-10-08 14:59:43,634 INFO o.a.j.t.JMeterThread: Thread is done: Tickets (open model) 1-64
2026-10-08 14:59:43,634 INFO o.a.j.t.JMeterThread: Thread finished: Tickets (open model) 1-64
2026-10-08 14:59:44,171 INFO o.a.j.t.JMeterThread: Thread started: Tickets (open model) 1-84
2026-10-08 14:59:51,419 INFO o.a.j.t.JMeterThread: Thread started: Tickets (open model) 1-85
2026-10-08 14:59:53,257 INFO o.a.j.t.JMeterThread: Thread started: Tickets (open model) 1-86
2026-10-08 14:59:55,486 INFO o.a.j.t.JMeterThread: Thread is done: Tickets (open model) 1-65
2026-10-08 14:59:55,486 INFO o.a.j.t.JMeterThread: Thread finished: Tickets (open model) 1-65
2026-10-08 14:59:59,381 INFO o.a.j.t.JMeterThread: Thread started: Tickets (open model) 1-87
2026-10-08 14:59:59,961 INFO o.a.j.t.JMeterThread: Thread started: Tickets (open model) 1-88
2026-10-08 15:00:06,772 INFO o.a.j.t.JMeterThread: Thread is done: Tickets (open model) 1-66
2026-10-08 15:00:06,772 INFO o.a.j.t.JMeterThread: Thread finished: Tickets (open model) 1-66
2026-10-08 15:00:17,209 INFO o.a.j.t.JMeterThread: Thread started: Tickets (open model) 1-89
2026-10-08 15:00:18,101 INFO o.a.j.t.JMeterThread: Thread is done: Tickets (open model) 1-67
2026-10-08 15:00:18,101 INFO o.a.j.t.JMeterThread: Thread finished: Tickets (open model) 1-67
2026-10-08 15:00:24,573 INFO o.a.j.t.JMeterThread: Thread is done: Tickets (open model) 1-68
2026-10-08 15:00:24,573 INFO o.a.j.t.JMeterThread: Thread finished: Tickets (open model) 1-68
2026-10-08 15:00:25,208 INFO o.a.j.t.JMeterThread: Thread is done: Tickets (open model) 1-69
2026-10-08 15:00:25,208 INFO o.a.j.t.JMeterThread: Thread finished: Tickets (open model) 1-69
2026-10-08 15:00:25,533 INFO o.a.j.t.JMeterThread: Thread is done: Tickets (open model) 1-70
2026-10-08 15:00:25,533 INFO o.a.j.t.JMeterThread: Thread finished: Tickets (open model) 1-70
2026-10-08 15:00:28,646 INFO o.a.j.t.JMeterThread: Thread is done: Tickets (open model) 1-71
2026-10-08 15:00:28,646 INFO o.a.j.t.JMeterThread: Thread finished: Tickets (open model) 1-71
2026-10-08 15:00:28,982 INFO o.a.j.t.JMeterThread: Thread started: Tickets (open model) 1-90
2026-10-08 15:00:34,874 INFO o.a.j.t.JMeterThread: Thread started: Tickets (open model) 1-91
2026-10-08 15:00:40,602 INFO o.a.j.t.JMeterThread: Thread is done: Tickets (open model) 1-72
2026-10-08 15:00:40,602 INFO o.a.j.t.JMeterThread: Thread finished: Tickets (open model) 1-72
2026-10-08 15:00:41,267 INFO o.a.j.t.JMeterThread: Thread started: Tickets (open model) 1-92
2026-10-08 15:00:49,379 INFO o.a.j.t.JMeterThread: Thread started: Tickets (open model) 1-93
2026-10-08 15:00:49,891 INFO o.a.j.t.JMeterThread: Thread started: Tickets (open model) 1-94
2026-10-08 15:00:52,078 INFO o.a.j.t.JMeterThread: Thread is done: Tickets (open model) 1-73
2026-10-08 15:00:52,078 INFO o.a.j.t.JMeterThread: Thread finished: Tickets (open model) 1-73
2026-10-08 15:00:58,471 INFO o.a.j.t.JMeterThread: Thread is done: Tickets (open model) 1-74
2026-10-08 15:00:58,471 INFO o.a.j.t.JMeterThread: Thread finished: Tickets (open model) 1-74
2026-10-08 15:00:59,848 INFO o.a.j.t.JMeterThread: Thread started: Tickets (open model) 1-95
2026-10-08 15:01:00,313 INFO o.a.j.t.JMeterThread: Thread started: Tickets (open model) 1-96
2026-10-08 15:01:01,339 INFO o.a.j.t.JMeterThread: Thread started: Tickets (open model) 1-97
2026-10-08 15:01:06,291 INFO o.a.j.t.JMeterThread: Thread is done: Tickets (open model) 1-75
2026-10-08 15:01:06,291 INFO o.a.j.t.JMeterThread: Thread finished: Tickets (open model) 1-75
2026-10-08 15:01:09,004 INFO o.a.j.t.JMeterThread: Thread started: Tickets (open model) 1-98
2026-10-08 15:01:14,158 INFO o.a.j.t.JMeterThread: Thread is done: Tickets (open model) 1-76
2026-10-08 15:01:14,158 INFO o.a.j.t.JMeterThread: Thread finished: Tickets (open model) 1-76
2026-10-08 15:01:16,184 INFO o.a.j.t.JMeterThread: Thread is done: Tickets (open model) 1-77
2026-10-08 15:01:16,184 INFO o.a.j.t.JMeterThread: Thread finished: Tickets (open model) 1-77
2026-10-08 15:01:16,407 INFO o.a.j.t.JMeterThread: Thread is done: Tickets (open model) 1-78
2026-10-08 15:01:16,407 INFO o.a.j.t.JMeterThread: Thread finished: Tickets (open model) 1-78
2026-10-08 15:01:16,781 INFO o.a.j.t.JMeterThread: Thread is done: Tickets (open model) 1-79
2026-10-08 15:01:16,781 INFO o.a.j.t.JMeterThread: Thread finished: Tickets (open model) 1-79
2026-10-08 15:01:18,222 INFO o.a.j.t.JMeterThread: Thread started: Tickets (open model) 1-99
2026-10-08 15:01:19,372 INFO o.a.j.t.JMeterThread: Thread is done: Tickets (open model) 1-80
2026-10-08 15:01:19,372 INFO o.a.j.t.JMeterThread: Thread finished: Tickets (open model) 1-80
2026-10-08 15:01:19,507 INFO o.a.j.t.o.EvenArrivalsRamp: Generating 0 events, beginRate = 0.0 / sec, endRate = 0.0 / sec, duration = 190.0 sec
2026-10-08 15:01:19,507 INFO o.a.j.t.JMeterThread: Thread started: Tickets (open model) 1-100
2026-10-08 15:01:19,507 INFO o.a.j.t.o.OpenModelThreadGroup: There will be no more events, so will wait for 190 sec till the end of the schedule
2026-10-08 15:01:22,193 INFO o.a.j.t.JMeterThread: Thread is done: Tickets (open model) 1-81
2026-10-08 15:01:22,193 INFO o.a.j.t.JMeterThread: Thread finished: Tickets (open model) 1-81
2026-10-08 15:01:27,523 INFO o.a.j.t.JMeterThread: Thread is done: Tickets (open model) 1-82
2026-10-08 15:01:27,523 INFO o.a.j.t.JMeterThread: Thread finished: Tickets (open model) 1-82
2026-10-08 15:01:43,412 INFO o.a.j.t.JMeterThread: Thread is done: Tickets (open model) 1-83
2026-10-08 15:01:43,412 INFO o.a.j.t.JMeterThread: Thread finished: Tickets (open model) 1-83
2026-10-08 15:01:44,304 INFO o.a.j.t.JMeterThread: Thread is done: Tickets (open model) 1-84
2026-10-08 15:01:44,304 INFO o.a.j.t.JMeterThread: Thread finished: Tickets (open model) 1-84
2026-10-08 15:01:51,561 INFO o.a.j.t.JMeterThread: Thread is done: Tickets (open model) 1-85
2026-10-08 15:01:51,561 INFO o.a.j.t.JMeterThread: Thread finished: Tickets (open model) 1-85
2026-10-08 15:01:53,392 INFO o.a.j.t.JMeterThread: Thread is done: Tickets (open model) 1-86
2026-10-08 15:01:53,392 INFO o.a.j.t.JMeterThread: Thread finished: Tickets (open model) 1-86
2026-10-08 15:01:59,436 INFO o.a.j.t.JMeterThread: Thread is done: Tickets (open model) 1-87
2026-10-08 15:01:59,436 INFO o.a.j.t.JMeterThread: Thread finished: Tickets (open model) 1-87
2026-10-08 15:01:59,995 INFO o.a.j.t.JMeterThread: Thread is done: Tickets (open model) 1-88
2026-10-08 15:01:59,995 INFO o.a.j.t.JMeterThread: Thread finished: Tickets (open model) 1-88
2026-10-08 15:02:09,196 INFO o.a.j.t.JMeterThread: Thread is done: Tickets (open model) 1-89
2026-10-08 15:02:09,196 INFO o.a.j.t.JMeterThread: Thread finished: Tickets (open model) 1-89
2026-10-08 15:02:20,526 INFO o.a.j.t.JMeterThread: Thread is done: Tickets (open model) 1-90
2026-10-08 15:02:20,526 INFO o.a.j.t.JMeterThread: Thread finished: Tickets (open model) 1-90
2026-10-08 15:02:27,767 INFO o.a.j.t.JMeterThread: Thread is done: Tickets (open model) 1-91
2026-10-08 15:02:27,767 INFO o.a.j.t.JMeterThread: Thread finished: Tickets (open model) 1-91
2026-10-08 15:02:36,517 INFO o.a.j.t.JMeterThread: Thread is done: Tickets (open model) 1-92
2026-10-08 15:02:36,517 INFO o.a.j.t.JMeterThread: Thread finished: Tickets (open model) 1-92
2026-10-08 15:02:49,459 INFO o.a.j.t.JMeterThread: Thread is done: Tickets (open model) 1-93
2026-10-08 15:02:49,459 INFO o.a.j.t.JMeterThread: Thread finished: Tickets (open model) 1-93
2026-10-08 15:02:50,019 INFO o.a.j.t.JMeterThread: Thread is done: Tickets (open model) 1-94
2026-10-08 15:02:50,019 INFO o.a.j.t.JMeterThread: Thread finished: Tickets (open model) 1-94
2026-10-08 15:02:59,948 INFO o.a.j.t.JMeterThread: Thread is done: Tickets (open model) 1-95
2026-10-08 15:02:59,948 INFO o.a.j.t.JMeterThread: Thread finished: Tickets (open model) 1-95
2026-10-08 15:03:00,458 INFO o.a.j.r.Summariser: summary +     33 in 00:03:28 =    0.2/s Avg: 118532 Min: 107041 Max: 120147 Err:    25 (75.76%) Active: 5 Started: 100 Finished: 95
2026-10-08 15:03:00,458 INFO o.a.j.r.Summariser: summary =     96 in 00:13:41 =    0.1/s Avg: 100184 Min: 26419 Max: 120180 Err:    52 (54.17%)
2026-10-08 15:03:00,458 INFO o.a.j.t.JMeterThread: Thread is done: Tickets (open model) 1-96
2026-10-08 15:03:00,459 INFO o.a.j.t.JMeterThread: Thread finished: Tickets (open model) 1-96
2026-10-08 15:03:01,453 INFO o.a.j.t.JMeterThread: Thread is done: Tickets (open model) 1-97
2026-10-08 15:03:01,453 INFO o.a.j.t.JMeterThread: Thread finished: Tickets (open model) 1-97
2026-10-08 15:03:09,111 INFO o.a.j.t.JMeterThread: Thread is done: Tickets (open model) 1-98
2026-10-08 15:03:09,111 INFO o.a.j.t.JMeterThread: Thread finished: Tickets (open model) 1-98
2026-10-08 15:03:18,291 INFO o.a.j.t.JMeterThread: Thread is done: Tickets (open model) 1-99
2026-10-08 15:03:18,291 INFO o.a.j.t.JMeterThread: Thread finished: Tickets (open model) 1-99
2026-10-08 15:03:19,685 INFO o.a.j.t.JMeterThread: Thread is done: Tickets (open model) 1-100
2026-10-08 15:03:19,686 INFO o.a.j.t.JMeterThread: Thread finished: Tickets (open model) 1-100
2026-10-08 15:04:29,558 INFO o.a.j.t.o.OpenModelThreadGroup: There will be no more events, will shutdown the thread pool
2026-10-08 15:04:29,558 INFO o.a.j.t.o.OpenModelThreadGroup: Thread starting done
2026-10-08 15:04:29,558 INFO o.a.j.e.StandardJMeterEngine: Notifying test listeners of end of test
2026-10-08 15:04:29,558 INFO o.a.j.s.FileServer: Close: C:\Users\Owen\Desktop\ICT3113_Assignment_1\jmeter\data\team_narratives.tsv
2026-10-08 15:04:29,559 INFO o.a.j.r.Summariser: summary +      4 in 00:01:29 =    0.0/s Avg: 120113 Min: 120065 Max: 120174 Err:     4 (100.00%) Active: 0 Started: 100 Finished: 100
2026-10-08 15:04:29,560 INFO o.a.j.r.Summariser: summary =    100 in 00:15:10 =    0.1/s Avg: 100981 Min: 26419 Max: 120180 Err:    56 (56.00%)
