2026-10-08 15:27:22,327 INFO o.a.j.u.JMeterUtils: Setting Locale to en_EN
2026-10-08 15:27:22,335 INFO o.a.j.JMeter: Loading user properties from: user.properties
2026-10-08 15:27:22,335 INFO o.a.j.JMeter: Loading system properties from: system.properties
2026-10-08 15:27:22,335 INFO o.a.j.JMeter: Loading additional properties from: C:\Users\Owen\Desktop\ICT3113_Assignment_1\jmeter\results.properties
2026-10-08 15:27:22,335 INFO o.a.j.JMeter: Setting JMeter property: host=192.168.1.170
2026-10-08 15:27:22,335 INFO o.a.j.JMeter: Setting JMeter property: port=8000
2026-10-08 15:27:22,336 INFO o.a.j.JMeter: Setting JMeter property: protocol=http
2026-10-08 15:27:22,336 INFO o.a.j.JMeter: Setting JMeter property: rate=500
2026-10-08 15:27:22,336 INFO o.a.j.JMeter: Setting JMeter property: duration_s=720
2026-10-08 15:27:22,336 INFO o.a.j.JMeter: Setting JMeter property: drain_s=190
2026-10-08 15:27:22,336 INFO o.a.j.JMeter: Setting JMeter property: search_schedule=pause(1s)
2026-10-08 15:27:22,336 INFO o.a.j.JMeter: Setting JMeter property: seed=311303
2026-10-08 15:27:22,336 INFO o.a.j.JMeter: Setting JMeter property: search_seed=311353
2026-10-08 15:27:22,336 INFO o.a.j.JMeter: Setting JMeter property: data_file=C:\Users\Owen\Desktop\ICT3113_Assignment_1\jmeter\data\team_narratives.tsv
2026-10-08 15:27:22,336 INFO o.a.j.JMeter: Setting JMeter property: search_file=C:\Users\Owen\Desktop\ICT3113_Assignment_1\jmeter\data\search_terms.txt
2026-10-08 15:27:22,336 INFO o.a.j.JMeter: Setting JMeter property: timeout_ms=180000
2026-10-08 15:27:22,341 INFO o.a.j.JMeter: Copyright (c) 1998-2024 The Apache Software Foundation
2026-10-08 15:27:22,341 INFO o.a.j.JMeter: Version 5.6.3
2026-10-08 15:27:22,341 INFO o.a.j.JMeter: java.version=1.8.0_333
2026-10-08 15:27:22,341 INFO o.a.j.JMeter: java.vm.name=Java HotSpot(TM) 64-Bit Server VM
2026-10-08 15:27:22,341 INFO o.a.j.JMeter: os.name=Windows 11
2026-10-08 15:27:22,341 INFO o.a.j.JMeter: os.arch=amd64
2026-10-08 15:27:22,341 INFO o.a.j.JMeter: os.version=10.0
2026-10-08 15:27:22,341 INFO o.a.j.JMeter: file.encoding=Cp1252
2026-10-08 15:27:22,341 INFO o.a.j.JMeter: java.awt.headless=true
2026-10-08 15:27:22,341 INFO o.a.j.JMeter: Max memory     =1073741824
2026-10-08 15:27:22,341 INFO o.a.j.JMeter: Available Processors =16
2026-10-08 15:27:22,344 INFO o.a.j.JMeter: Default Locale=English (EN)
2026-10-08 15:27:22,344 INFO o.a.j.JMeter: JMeter  Locale=English (EN)
2026-10-08 15:27:22,344 INFO o.a.j.JMeter: JMeterHome=C:\Users\Owen\Downloads\apache-jmeter-5.6.3\apache-jmeter-5.6.3
2026-10-08 15:27:22,344 INFO o.a.j.JMeter: user.dir  =C:\Users\Owen\Downloads\apache-jmeter-5.6.3\apache-jmeter-5.6.3\bin
2026-10-08 15:27:22,344 INFO o.a.j.JMeter: PWD       =C:\Users\Owen\Downloads\apache-jmeter-5.6.3\apache-jmeter-5.6.3\bin
2026-10-08 15:27:27,288 INFO o.a.j.JMeter: IP: 10.5.0.2 Name: DESKTOP-AK5RA9C FullName: DESKTOP-AK5RA9C
2026-10-08 15:27:27,300 INFO o.a.j.s.FileServer: Default base='C:\Users\Owen\Downloads\apache-jmeter-5.6.3\apache-jmeter-5.6.3\bin'
2026-10-08 15:27:27,301 INFO o.a.j.s.FileServer: Set new base='C:\Users\Owen\Desktop\ICT3113_Assignment_1\jmeter'
2026-10-08 15:27:27,391 INFO o.a.j.s.SaveService: Testplan (JMX) version: 2.2. Testlog (JTL) version: 2.2
2026-10-08 15:27:27,403 INFO o.a.j.s.SaveService: Using SaveService properties file encoding UTF-8
2026-10-08 15:27:27,406 INFO o.a.j.s.SaveService: Using SaveService properties version 5.0
2026-10-08 15:27:27,411 INFO o.a.j.s.SaveService: Loading file: C:\Users\Owen\Desktop\ICT3113_Assignment_1\jmeter\ticket_load_test.jmx
2026-10-08 15:27:27,464 INFO o.a.j.p.h.s.HTTPSamplerBase: Parser for text/html is org.apache.jmeter.protocol.http.parser.LagartoBasedHtmlParser
2026-10-08 15:27:27,464 INFO o.a.j.p.h.s.HTTPSamplerBase: Parser for application/xhtml+xml is org.apache.jmeter.protocol.http.parser.LagartoBasedHtmlParser
2026-10-08 15:27:27,464 INFO o.a.j.p.h.s.HTTPSamplerBase: Parser for application/xml is org.apache.jmeter.protocol.http.parser.LagartoBasedHtmlParser
2026-10-08 15:27:27,464 INFO o.a.j.p.h.s.HTTPSamplerBase: Parser for text/xml is org.apache.jmeter.protocol.http.parser.LagartoBasedHtmlParser
2026-10-08 15:27:27,464 INFO o.a.j.p.h.s.HTTPSamplerBase: Parser for text/vnd.wap.wml is org.apache.jmeter.protocol.http.parser.RegexpHTMLParser
2026-10-08 15:27:27,464 INFO o.a.j.p.h.s.HTTPSamplerBase: Parser for text/css is org.apache.jmeter.protocol.http.parser.CssParser
2026-10-08 15:27:27,644 INFO o.a.j.JMeter: Creating summariser <summary>
2026-10-08 15:27:27,656 INFO o.a.j.e.StandardJMeterEngine: Running the test!
2026-10-08 15:27:27,657 INFO o.a.j.s.SampleEvent: List of sample_variables: [request_id, ticket_row]
2026-10-08 15:27:27,657 INFO o.a.j.s.SampleEvent: List of sample_variables: [request_id, ticket_row]
2026-10-08 15:27:27,661 INFO o.a.j.e.u.CompoundVariable: Note: Function class names must contain the string: '.functions.'
2026-10-08 15:27:27,661 INFO o.a.j.e.u.CompoundVariable: Note: Function class names must not contain the string: '.gui.'
2026-10-08 15:27:27,870 INFO o.a.j.JMeter: Running test (1791444447870)
2026-10-08 15:27:27,896 INFO o.a.j.e.StandardJMeterEngine: Starting ThreadGroup: 1 : Tickets (open model)
2026-10-08 15:27:27,897 INFO o.a.j.e.StandardJMeterEngine: Starting 0 threads for group Tickets (open model).
2026-10-08 15:27:27,897 INFO o.a.j.e.StandardJMeterEngine: Thread will continue on error
2026-10-08 15:27:27,897 INFO o.a.j.t.o.OpenModelThreadGroup: Starting OpenModelThreadGroup#1 with schedule rate(500/hour) random_arrivals(720 s) pause(190 s)
2026-10-08 15:27:27,931 INFO o.a.j.e.StandardJMeterEngine: Starting ThreadGroup: 2 : Searches (open model)
2026-10-08 15:27:27,932 INFO o.a.j.e.StandardJMeterEngine: Starting 0 threads for group Searches (open model).
2026-10-08 15:27:27,932 INFO o.a.j.e.StandardJMeterEngine: Thread will continue on error
2026-10-08 15:27:27,932 INFO o.a.j.t.o.OpenModelThreadGroup: Starting OpenModelThreadGroup#2 with schedule pause(1s)
2026-10-08 15:27:27,932 INFO o.a.j.t.o.OpenModelThreadGroup: Thread starting init
2026-10-08 15:27:27,932 INFO o.a.j.e.StandardJMeterEngine: All thread groups have been started
2026-10-08 15:27:27,932 INFO o.a.j.t.o.OpenModelThreadGroup: Thread starting init
2026-10-08 15:27:27,936 INFO o.a.j.t.o.EvenArrivalsRamp: Generating 0 events, beginRate = 0.0 / sec, endRate = 0.0 / sec, duration = 1.0 sec
2026-10-08 15:27:27,936 INFO o.a.j.t.o.OpenModelThreadGroup: There will be no more events, so will wait for 0 sec till the end of the schedule
2026-10-08 15:27:27,936 INFO o.a.j.t.o.PoissonArrivalsRamp: Generating 100 events, beginRate = 0.1388888888888889 / sec, endRate = 0.1388888888888889 / sec, duration = 720.0 sec
2026-10-08 15:27:28,659 INFO o.a.j.t.o.OpenModelThreadGroup: There will be no more events, will shutdown the thread pool
2026-10-08 15:27:28,659 INFO o.a.j.t.o.OpenModelThreadGroup: Thread starting done
2026-10-08 15:27:34,920 INFO o.a.j.t.JMeterThread: Thread started: Tickets (open model) 1-1
2026-10-08 15:27:34,920 INFO o.a.j.s.FileServer: Stored: C:\Users\Owen\Desktop\ICT3113_Assignment_1\jmeter\data\team_narratives.tsv
2026-10-08 15:27:34,947 INFO o.a.j.p.h.s.HTTPHCAbstractImpl: Local host = DESKTOP-AK5RA9C
2026-10-08 15:27:34,953 INFO o.a.j.p.h.s.HTTPHC4Impl: HTTP request retry count = 0
2026-10-08 15:27:34,954 INFO o.a.j.s.SampleResult: Note: Sample TimeStamps are START times
2026-10-08 15:27:34,954 INFO o.a.j.s.SampleResult: sampleresult.default.encoding is set to UTF-8
2026-10-08 15:27:34,954 INFO o.a.j.s.SampleResult: sampleresult.useNanoTime=true
2026-10-08 15:27:34,955 INFO o.a.j.s.SampleResult: sampleresult.nanoThreadSleep=5000
2026-10-08 15:27:43,365 INFO o.a.j.t.JMeterThread: Thread started: Tickets (open model) 1-2
2026-10-08 15:28:04,987 INFO o.a.j.r.Summariser: summary +      1 in 00:00:37 =    0.0/s Avg: 21618 Min: 21618 Max: 21618 Err:     0 (0.00%) Active: 2 Started: 2 Finished: 0
2026-10-08 15:28:04,988 INFO o.a.j.t.JMeterThread: Thread is done: Tickets (open model) 1-2
2026-10-08 15:28:04,988 INFO o.a.j.t.JMeterThread: Thread finished: Tickets (open model) 1-2
2026-10-08 15:28:05,382 INFO o.a.j.t.JMeterThread: Thread started: Tickets (open model) 1-3
2026-10-08 15:28:08,045 INFO o.a.j.t.JMeterThread: Thread started: Tickets (open model) 1-4
2026-10-08 15:28:12,721 INFO o.a.j.t.JMeterThread: Thread started: Tickets (open model) 1-5
2026-10-08 15:28:18,097 INFO o.a.j.t.JMeterThread: Thread started: Tickets (open model) 1-6
2026-10-08 15:28:21,692 INFO o.a.j.t.JMeterThread: Thread started: Tickets (open model) 1-7
2026-10-08 15:28:26,279 INFO o.a.j.t.JMeterThread: Thread is done: Tickets (open model) 1-1
2026-10-08 15:28:26,279 INFO o.a.j.t.JMeterThread: Thread finished: Tickets (open model) 1-1
2026-10-08 15:28:38,146 INFO o.a.j.t.JMeterThread: Thread is done: Tickets (open model) 1-3
2026-10-08 15:28:38,146 INFO o.a.j.t.JMeterThread: Thread finished: Tickets (open model) 1-3
2026-10-08 15:28:55,559 INFO o.a.j.t.JMeterThread: Thread started: Tickets (open model) 1-8
2026-10-08 15:29:00,507 INFO o.a.j.r.Summariser: summary +      3 in 00:00:56 =    0.1/s Avg: 45498 Min: 32762 Max: 52460 Err:     0 (0.00%) Active: 5 Started: 8 Finished: 3
2026-10-08 15:29:00,508 INFO o.a.j.r.Summariser: summary =      4 in 00:01:33 =    0.0/s Avg: 39528 Min: 21618 Max: 52460 Err:     0 (0.00%)
2026-10-08 15:29:00,508 INFO o.a.j.t.JMeterThread: Thread is done: Tickets (open model) 1-4
2026-10-08 15:29:00,508 INFO o.a.j.t.JMeterThread: Thread finished: Tickets (open model) 1-4
2026-10-08 15:29:06,915 INFO o.a.j.t.JMeterThread: Thread is done: Tickets (open model) 1-5
2026-10-08 15:29:06,915 INFO o.a.j.t.JMeterThread: Thread finished: Tickets (open model) 1-5
2026-10-08 15:29:14,030 INFO o.a.j.t.JMeterThread: Thread is done: Tickets (open model) 1-6
2026-10-08 15:29:14,030 INFO o.a.j.t.JMeterThread: Thread finished: Tickets (open model) 1-6
2026-10-08 15:29:27,312 INFO o.a.j.t.JMeterThread: Thread is done: Tickets (open model) 1-7
2026-10-08 15:29:27,312 INFO o.a.j.t.JMeterThread: Thread finished: Tickets (open model) 1-7
2026-10-08 15:29:32,716 INFO o.a.j.r.Summariser: summary +      4 in 00:00:32 =    0.1/s Avg: 53223 Min: 37155 Max: 65617 Err:     0 (0.00%) Active: 1 Started: 8 Finished: 7
2026-10-08 15:29:32,716 INFO o.a.j.r.Summariser: summary =      8 in 00:02:05 =    0.1/s Avg: 46375 Min: 21618 Max: 65617 Err:     0 (0.00%)
2026-10-08 15:29:32,718 INFO o.a.j.t.JMeterThread: Thread is done: Tickets (open model) 1-8
2026-10-08 15:29:32,718 INFO o.a.j.t.JMeterThread: Thread finished: Tickets (open model) 1-8
2026-10-08 15:29:36,536 INFO o.a.j.t.JMeterThread: Thread started: Tickets (open model) 1-9
2026-10-08 15:29:38,886 INFO o.a.j.t.JMeterThread: Thread started: Tickets (open model) 1-10
2026-10-08 15:29:43,935 INFO o.a.j.t.JMeterThread: Thread is done: Tickets (open model) 1-9
2026-10-08 15:29:43,935 INFO o.a.j.t.JMeterThread: Thread finished: Tickets (open model) 1-9
2026-10-08 15:29:50,179 INFO o.a.j.t.JMeterThread: Thread is done: Tickets (open model) 1-10
2026-10-08 15:29:50,179 INFO o.a.j.t.JMeterThread: Thread finished: Tickets (open model) 1-10
2026-10-08 15:29:50,905 INFO o.a.j.t.JMeterThread: Thread started: Tickets (open model) 1-11
2026-10-08 15:29:51,318 INFO o.a.j.t.JMeterThread: Thread started: Tickets (open model) 1-12
2026-10-08 15:29:53,916 INFO o.a.j.t.JMeterThread: Thread started: Tickets (open model) 1-13
2026-10-08 15:30:06,680 INFO o.a.j.t.JMeterThread: Thread started: Tickets (open model) 1-14
2026-10-08 15:30:10,000 INFO o.a.j.t.JMeterThread: Thread started: Tickets (open model) 1-15
2026-10-08 15:30:11,456 INFO o.a.j.t.JMeterThread: Thread is done: Tickets (open model) 1-11
2026-10-08 15:30:11,456 INFO o.a.j.t.JMeterThread: Thread finished: Tickets (open model) 1-11
2026-10-08 15:30:17,515 INFO o.a.j.t.JMeterThread: Thread is done: Tickets (open model) 1-12
2026-10-08 15:30:17,515 INFO o.a.j.t.JMeterThread: Thread finished: Tickets (open model) 1-12
2026-10-08 15:30:21,577 INFO o.a.j.t.JMeterThread: Thread started: Tickets (open model) 1-16
2026-10-08 15:30:28,309 INFO o.a.j.t.JMeterThread: Thread is done: Tickets (open model) 1-13
2026-10-08 15:30:28,309 INFO o.a.j.t.JMeterThread: Thread finished: Tickets (open model) 1-13
2026-10-08 15:30:34,663 INFO o.a.j.r.Summariser: summary +      6 in 00:01:02 =    0.1/s Avg: 21300 Min:  7398 Max: 34391 Err:     0 (0.00%) Active: 3 Started: 16 Finished: 13
2026-10-08 15:30:34,663 INFO o.a.j.r.Summariser: summary =     14 in 00:03:07 =    0.1/s Avg: 35629 Min:  7398 Max: 65617 Err:     0 (0.00%)
2026-10-08 15:30:34,664 INFO o.a.j.t.JMeterThread: Thread is done: Tickets (open model) 1-14
2026-10-08 15:30:34,664 INFO o.a.j.t.JMeterThread: Thread finished: Tickets (open model) 1-14
2026-10-08 15:30:43,690 INFO o.a.j.t.JMeterThread: Thread started: Tickets (open model) 1-17
2026-10-08 15:30:43,720 INFO o.a.j.t.JMeterThread: Thread started: Tickets (open model) 1-18
2026-10-08 15:30:48,916 INFO o.a.j.t.JMeterThread: Thread is done: Tickets (open model) 1-15
2026-10-08 15:30:48,916 INFO o.a.j.t.JMeterThread: Thread finished: Tickets (open model) 1-15
2026-10-08 15:31:02,464 INFO o.a.j.t.JMeterThread: Thread started: Tickets (open model) 1-19
2026-10-08 15:31:02,608 INFO o.a.j.t.JMeterThread: Thread started: Tickets (open model) 1-20
2026-10-08 15:31:03,731 INFO o.a.j.r.Summariser: summary +      2 in 00:00:29 =    0.1/s Avg: 40533 Min: 38914 Max: 42152 Err:     0 (0.00%) Active: 5 Started: 20 Finished: 15
2026-10-08 15:31:03,731 INFO o.a.j.r.Summariser: summary =     16 in 00:03:36 =    0.1/s Avg: 36242 Min:  7398 Max: 65617 Err:     0 (0.00%)
2026-10-08 15:31:03,732 INFO o.a.j.t.JMeterThread: Thread is done: Tickets (open model) 1-16
2026-10-08 15:31:03,732 INFO o.a.j.t.JMeterThread: Thread finished: Tickets (open model) 1-16
2026-10-08 15:31:10,039 INFO o.a.j.t.JMeterThread: Thread is done: Tickets (open model) 1-17
2026-10-08 15:31:10,039 INFO o.a.j.t.JMeterThread: Thread finished: Tickets (open model) 1-17
2026-10-08 15:31:19,574 INFO o.a.j.t.JMeterThread: Thread started: Tickets (open model) 1-21
2026-10-08 15:31:20,853 INFO o.a.j.t.JMeterThread: Thread is done: Tickets (open model) 1-18
2026-10-08 15:31:20,853 INFO o.a.j.t.JMeterThread: Thread finished: Tickets (open model) 1-18
2026-10-08 15:31:27,690 INFO o.a.j.t.JMeterThread: Thread started: Tickets (open model) 1-22
2026-10-08 15:31:29,338 INFO o.a.j.t.JMeterThread: Thread started: Tickets (open model) 1-23
2026-10-08 15:31:30,415 INFO o.a.j.r.Summariser: summary +      3 in 00:00:27 =    0.1/s Avg: 30475 Min: 26345 Max: 37131 Err:     0 (0.00%) Active: 5 Started: 23 Finished: 18
2026-10-08 15:31:30,416 INFO o.a.j.r.Summariser: summary =     19 in 00:04:03 =    0.1/s Avg: 35331 Min:  7398 Max: 65617 Err:     0 (0.00%)
2026-10-08 15:31:30,416 INFO o.a.j.t.JMeterThread: Thread is done: Tickets (open model) 1-19
2026-10-08 15:31:30,416 INFO o.a.j.t.JMeterThread: Thread finished: Tickets (open model) 1-19
2026-10-08 15:31:38,712 INFO o.a.j.t.JMeterThread: Thread started: Tickets (open model) 1-24
2026-10-08 15:31:41,105 INFO o.a.j.t.JMeterThread: Thread started: Tickets (open model) 1-25
2026-10-08 15:31:44,789 INFO o.a.j.t.JMeterThread: Thread is done: Tickets (open model) 1-20
2026-10-08 15:31:44,789 INFO o.a.j.t.JMeterThread: Thread finished: Tickets (open model) 1-20
2026-10-08 15:31:49,968 INFO o.a.j.t.JMeterThread: Thread is done: Tickets (open model) 1-21
2026-10-08 15:31:49,968 INFO o.a.j.t.JMeterThread: Thread finished: Tickets (open model) 1-21
2026-10-08 15:31:51,155 INFO o.a.j.t.JMeterThread: Thread started: Tickets (open model) 1-26
2026-10-08 15:31:52,678 INFO o.a.j.t.JMeterThread: Thread started: Tickets (open model) 1-27
2026-10-08 15:31:55,718 INFO o.a.j.t.JMeterThread: Thread started: Tickets (open model) 1-28
2026-10-08 15:32:04,584 INFO o.a.j.t.JMeterThread: Thread started: Tickets (open model) 1-29
2026-10-08 15:32:06,948 INFO o.a.j.t.JMeterThread: Thread started: Tickets (open model) 1-30
2026-10-08 15:32:08,753 INFO o.a.j.t.JMeterThread: Thread is done: Tickets (open model) 1-22
2026-10-08 15:32:08,753 INFO o.a.j.t.JMeterThread: Thread finished: Tickets (open model) 1-22
2026-10-08 15:32:13,115 INFO o.a.j.t.JMeterThread: Thread started: Tickets (open model) 1-31
2026-10-08 15:32:17,676 INFO o.a.j.t.JMeterThread: Thread is done: Tickets (open model) 1-23
2026-10-08 15:32:17,676 INFO o.a.j.t.JMeterThread: Thread finished: Tickets (open model) 1-23
2026-10-08 15:32:18,784 INFO o.a.j.t.JMeterThread: Thread started: Tickets (open model) 1-32
2026-10-08 15:32:27,943 INFO o.a.j.t.JMeterThread: Thread is done: Tickets (open model) 1-24
2026-10-08 15:32:27,943 INFO o.a.j.t.JMeterThread: Thread finished: Tickets (open model) 1-24
2026-10-08 15:32:31,120 INFO o.a.j.t.JMeterThread: Thread started: Tickets (open model) 1-33
2026-10-08 15:32:37,761 INFO o.a.j.t.JMeterThread: Thread started: Tickets (open model) 1-34
2026-10-08 15:32:39,903 INFO o.a.j.t.JMeterThread: Thread started: Tickets (open model) 1-35
2026-10-08 15:32:41,772 INFO o.a.j.t.JMeterThread: Thread is done: Tickets (open model) 1-25
2026-10-08 15:32:41,773 INFO o.a.j.t.JMeterThread: Thread finished: Tickets (open model) 1-25
2026-10-08 15:32:43,575 INFO o.a.j.t.JMeterThread: Thread started: Tickets (open model) 1-36
2026-10-08 15:32:49,376 INFO o.a.j.t.JMeterThread: Thread started: Tickets (open model) 1-37
2026-10-08 15:32:51,630 INFO o.a.j.t.JMeterThread: Thread started: Tickets (open model) 1-38
2026-10-08 15:33:02,023 INFO o.a.j.r.Summariser: summary +      7 in 00:01:32 =    0.1/s Avg: 48960 Min: 30392 Max: 70864 Err:     0 (0.00%) Active: 13 Started: 38 Finished: 25
2026-10-08 15:33:02,023 INFO o.a.j.r.Summariser: summary =     26 in 00:05:34 =    0.1/s Avg: 39001 Min:  7398 Max: 70864 Err:     0 (0.00%)
2026-10-08 15:33:02,023 INFO o.a.j.t.JMeterThread: Thread is done: Tickets (open model) 1-26
2026-10-08 15:33:02,024 INFO o.a.j.t.JMeterThread: Thread finished: Tickets (open model) 1-26
2026-10-08 15:33:08,965 INFO o.a.j.t.JMeterThread: Thread started: Tickets (open model) 1-39
2026-10-08 15:33:10,149 INFO o.a.j.t.JMeterThread: Thread started: Tickets (open model) 1-40
2026-10-08 15:33:11,697 INFO o.a.j.t.JMeterThread: Thread started: Tickets (open model) 1-41
2026-10-08 15:33:16,767 INFO o.a.j.t.JMeterThread: Thread is done: Tickets (open model) 1-27
2026-10-08 15:33:16,767 INFO o.a.j.t.JMeterThread: Thread finished: Tickets (open model) 1-27
2026-10-08 15:33:38,520 INFO o.a.j.t.JMeterThread: Thread is done: Tickets (open model) 1-28
2026-10-08 15:33:38,520 INFO o.a.j.t.JMeterThread: Thread finished: Tickets (open model) 1-28
2026-10-08 15:33:40,282 INFO o.a.j.t.JMeterThread: Thread started: Tickets (open model) 1-42
2026-10-08 15:33:41,756 INFO o.a.j.t.JMeterThread: Thread started: Tickets (open model) 1-43
2026-10-08 15:33:42,655 INFO o.a.j.t.JMeterThread: Thread started: Tickets (open model) 1-44
2026-10-08 15:33:43,208 INFO o.a.j.t.JMeterThread: Thread started: Tickets (open model) 1-45
2026-10-08 15:33:45,372 INFO o.a.j.t.JMeterThread: Thread started: Tickets (open model) 1-46
2026-10-08 15:33:48,280 INFO o.a.j.t.JMeterThread: Thread started: Tickets (open model) 1-47
2026-10-08 15:33:50,127 INFO o.a.j.t.JMeterThread: Thread is done: Tickets (open model) 1-29
2026-10-08 15:33:50,127 INFO o.a.j.t.JMeterThread: Thread finished: Tickets (open model) 1-29
2026-10-08 15:33:50,363 INFO o.a.j.t.JMeterThread: Thread started: Tickets (open model) 1-48
2026-10-08 15:33:59,446 INFO o.a.j.t.JMeterThread: Thread started: Tickets (open model) 1-49
2026-10-08 15:34:05,452 INFO o.a.j.t.JMeterThread: Thread started: Tickets (open model) 1-50
2026-10-08 15:34:07,105 INFO o.a.j.t.JMeterThread: Thread is done: Tickets (open model) 1-30
2026-10-08 15:34:07,105 INFO o.a.j.t.JMeterThread: Thread finished: Tickets (open model) 1-30
2026-10-08 15:34:13,265 INFO o.a.j.t.JMeterThread: Thread is done: Tickets (open model) 1-31
2026-10-08 15:34:13,265 INFO o.a.j.t.JMeterThread: Thread finished: Tickets (open model) 1-31
2026-10-08 15:34:17,820 INFO o.a.j.t.JMeterThread: Thread started: Tickets (open model) 1-51
2026-10-08 15:34:18,838 INFO o.a.j.t.JMeterThread: Thread is done: Tickets (open model) 1-32
2026-10-08 15:34:18,838 INFO o.a.j.t.JMeterThread: Thread finished: Tickets (open model) 1-32
2026-10-08 15:34:31,282 INFO o.a.j.r.Summariser: summary +      7 in 00:01:29 =    0.1/s Avg: 110419 Min: 84087 Max: 120158 Err:     4 (57.14%) Active: 19 Started: 51 Finished: 32
2026-10-08 15:34:31,282 INFO o.a.j.r.Summariser: summary =     33 in 00:07:03 =    0.1/s Avg: 54150 Min:  7398 Max: 120158 Err:     4 (12.12%)
2026-10-08 15:34:31,283 INFO o.a.j.t.JMeterThread: Thread is done: Tickets (open model) 1-33
2026-10-08 15:34:31,283 INFO o.a.j.t.JMeterThread: Thread finished: Tickets (open model) 1-33
2026-10-08 15:34:33,522 INFO o.a.j.t.JMeterThread: Thread started: Tickets (open model) 1-52
2026-10-08 15:34:34,243 INFO o.a.j.t.JMeterThread: Thread started: Tickets (open model) 1-53
2026-10-08 15:34:34,870 INFO o.a.j.t.JMeterThread: Thread started: Tickets (open model) 1-54
2026-10-08 15:34:37,872 INFO o.a.j.t.JMeterThread: Thread is done: Tickets (open model) 1-34
2026-10-08 15:34:37,872 INFO o.a.j.t.JMeterThread: Thread finished: Tickets (open model) 1-34
2026-10-08 15:34:40,083 INFO o.a.j.t.JMeterThread: Thread is done: Tickets (open model) 1-35
2026-10-08 15:34:40,083 INFO o.a.j.t.JMeterThread: Thread finished: Tickets (open model) 1-35
2026-10-08 15:34:43,705 INFO o.a.j.t.JMeterThread: Thread is done: Tickets (open model) 1-36
2026-10-08 15:34:43,705 INFO o.a.j.t.JMeterThread: Thread finished: Tickets (open model) 1-36
2026-10-08 15:34:44,558 INFO o.a.j.t.JMeterThread: Thread started: Tickets (open model) 1-55
2026-10-08 15:34:48,402 INFO o.a.j.t.JMeterThread: Thread started: Tickets (open model) 1-56
2026-10-08 15:34:49,421 INFO o.a.j.t.JMeterThread: Thread is done: Tickets (open model) 1-37
2026-10-08 15:34:49,422 INFO o.a.j.t.JMeterThread: Thread finished: Tickets (open model) 1-37
2026-10-08 15:34:51,761 INFO o.a.j.t.JMeterThread: Thread is done: Tickets (open model) 1-38
2026-10-08 15:34:51,761 INFO o.a.j.t.JMeterThread: Thread finished: Tickets (open model) 1-38
2026-10-08 15:35:07,418 INFO o.a.j.t.JMeterThread: Thread started: Tickets (open model) 1-57
2026-10-08 15:35:09,099 INFO o.a.j.t.JMeterThread: Thread is done: Tickets (open model) 1-39
2026-10-08 15:35:09,099 INFO o.a.j.t.JMeterThread: Thread finished: Tickets (open model) 1-39
2026-10-08 15:35:10,270 INFO o.a.j.t.JMeterThread: Thread is done: Tickets (open model) 1-40
2026-10-08 15:35:10,270 INFO o.a.j.t.JMeterThread: Thread finished: Tickets (open model) 1-40
2026-10-08 15:35:11,812 INFO o.a.j.t.JMeterThread: Thread is done: Tickets (open model) 1-41
2026-10-08 15:35:11,812 INFO o.a.j.t.JMeterThread: Thread finished: Tickets (open model) 1-41
2026-10-08 15:35:13,250 INFO o.a.j.t.JMeterThread: Thread started: Tickets (open model) 1-58
2026-10-08 15:35:18,846 INFO o.a.j.t.JMeterThread: Thread started: Tickets (open model) 1-59
2026-10-08 15:35:19,800 INFO o.a.j.t.JMeterThread: Thread started: Tickets (open model) 1-60
2026-10-08 15:35:27,324 INFO o.a.j.t.JMeterThread: Thread is done: Tickets (open model) 1-42
2026-10-08 15:35:27,324 INFO o.a.j.t.JMeterThread: Thread finished: Tickets (open model) 1-42
2026-10-08 15:35:31,877 INFO o.a.j.t.JMeterThread: Thread started: Tickets (open model) 1-61
2026-10-08 15:35:35,758 INFO o.a.j.t.JMeterThread: Thread started: Tickets (open model) 1-62
2026-10-08 15:35:36,445 INFO o.a.j.t.JMeterThread: Thread started: Tickets (open model) 1-63
2026-10-08 15:35:39,321 INFO o.a.j.t.JMeterThread: Thread started: Tickets (open model) 1-64
2026-10-08 15:35:41,829 INFO o.a.j.t.JMeterThread: Thread is done: Tickets (open model) 1-43
2026-10-08 15:35:41,829 INFO o.a.j.t.JMeterThread: Thread finished: Tickets (open model) 1-43
2026-10-08 15:35:42,705 INFO o.a.j.t.JMeterThread: Thread is done: Tickets (open model) 1-44
2026-10-08 15:35:42,705 INFO o.a.j.t.JMeterThread: Thread finished: Tickets (open model) 1-44
2026-10-08 15:35:43,335 INFO o.a.j.t.JMeterThread: Thread is done: Tickets (open model) 1-45
2026-10-08 15:35:43,335 INFO o.a.j.t.JMeterThread: Thread finished: Tickets (open model) 1-45
2026-10-08 15:35:45,450 INFO o.a.j.t.JMeterThread: Thread is done: Tickets (open model) 1-46
2026-10-08 15:35:45,450 INFO o.a.j.t.JMeterThread: Thread finished: Tickets (open model) 1-46
2026-10-08 15:35:48,314 INFO o.a.j.t.JMeterThread: Thread is done: Tickets (open model) 1-47
2026-10-08 15:35:48,314 INFO o.a.j.t.JMeterThread: Thread finished: Tickets (open model) 1-47
2026-10-08 15:35:50,484 INFO o.a.j.t.JMeterThread: Thread is done: Tickets (open model) 1-48
2026-10-08 15:35:50,484 INFO o.a.j.t.JMeterThread: Thread finished: Tickets (open model) 1-48
2026-10-08 15:35:58,561 INFO o.a.j.t.JMeterThread: Thread started: Tickets (open model) 1-65
2026-10-08 15:35:59,547 INFO o.a.j.t.JMeterThread: Thread is done: Tickets (open model) 1-49
2026-10-08 15:35:59,547 INFO o.a.j.t.JMeterThread: Thread finished: Tickets (open model) 1-49
2026-10-08 15:36:05,595 INFO o.a.j.r.Summariser: summary +     17 in 00:01:34 =    0.2/s Avg: 119334 Min: 107039 Max: 120177 Err:    16 (94.12%) Active: 16 Started: 65 Finished: 49
2026-10-08 15:36:05,596 INFO o.a.j.r.Summariser: summary =     50 in 00:08:38 =    0.1/s Avg: 76312 Min:  7398 Max: 120177 Err:    20 (40.00%)
2026-10-08 15:36:05,596 INFO o.a.j.t.JMeterThread: Thread is done: Tickets (open model) 1-50
2026-10-08 15:36:05,596 INFO o.a.j.t.JMeterThread: Thread finished: Tickets (open model) 1-50
2026-10-08 15:36:06,470 INFO o.a.j.t.JMeterThread: Thread started: Tickets (open model) 1-66
2026-10-08 15:36:15,456 INFO o.a.j.t.JMeterThread: Thread is done: Tickets (open model) 1-51
2026-10-08 15:36:15,456 INFO o.a.j.t.JMeterThread: Thread finished: Tickets (open model) 1-51
2026-10-08 15:36:16,777 INFO o.a.j.t.JMeterThread: Thread started: Tickets (open model) 1-67
2026-10-08 15:36:22,870 INFO o.a.j.t.JMeterThread: Thread started: Tickets (open model) 1-68
2026-10-08 15:36:23,698 INFO o.a.j.t.JMeterThread: Thread is done: Tickets (open model) 1-52
2026-10-08 15:36:23,698 INFO o.a.j.t.JMeterThread: Thread finished: Tickets (open model) 1-52
2026-10-08 15:36:23,800 INFO o.a.j.t.JMeterThread: Thread started: Tickets (open model) 1-69
2026-10-08 15:36:25,263 INFO o.a.j.t.JMeterThread: Thread started: Tickets (open model) 1-70
2026-10-08 15:36:26,842 INFO o.a.j.t.JMeterThread: Thread started: Tickets (open model) 1-71
2026-10-08 15:36:31,132 INFO o.a.j.r.Summariser: summary +      3 in 00:00:26 =    0.1/s Avg: 114897 Min: 110172 Max: 117632 Err:     0 (0.00%) Active: 19 Started: 71 Finished: 52
2026-10-08 15:36:31,133 INFO o.a.j.r.Summariser: summary =     53 in 00:09:03 =    0.1/s Avg: 78496 Min:  7398 Max: 120177 Err:    20 (37.74%)
2026-10-08 15:36:31,133 INFO o.a.j.t.JMeterThread: Thread is done: Tickets (open model) 1-53
2026-10-08 15:36:31,133 INFO o.a.j.t.JMeterThread: Thread finished: Tickets (open model) 1-53
2026-10-08 15:36:32,066 INFO o.a.j.t.JMeterThread: Thread started: Tickets (open model) 1-72
2026-10-08 15:36:34,944 INFO o.a.j.t.JMeterThread: Thread is done: Tickets (open model) 1-54
2026-10-08 15:36:34,944 INFO o.a.j.t.JMeterThread: Thread finished: Tickets (open model) 1-54
2026-10-08 15:36:36,195 INFO o.a.j.t.JMeterThread: Thread started: Tickets (open model) 1-73
2026-10-08 15:36:40,179 INFO o.a.j.t.JMeterThread: Thread started: Tickets (open model) 1-74
2026-10-08 15:36:43,622 INFO o.a.j.t.JMeterThread: Thread is done: Tickets (open model) 1-55
2026-10-08 15:36:43,622 INFO o.a.j.t.JMeterThread: Thread finished: Tickets (open model) 1-55
2026-10-08 15:36:48,533 INFO o.a.j.t.JMeterThread: Thread is done: Tickets (open model) 1-56
2026-10-08 15:36:48,533 INFO o.a.j.t.JMeterThread: Thread finished: Tickets (open model) 1-56
2026-10-08 15:36:51,175 INFO o.a.j.t.JMeterThread: Thread started: Tickets (open model) 1-75
2026-10-08 15:36:58,250 INFO o.a.j.t.JMeterThread: Thread started: Tickets (open model) 1-76
2026-10-08 15:36:59,597 INFO o.a.j.t.JMeterThread: Thread started: Tickets (open model) 1-77
2026-10-08 15:37:06,822 INFO o.a.j.t.JMeterThread: Thread is done: Tickets (open model) 1-57
2026-10-08 15:37:06,822 INFO o.a.j.t.JMeterThread: Thread finished: Tickets (open model) 1-57
2026-10-08 15:37:07,279 INFO o.a.j.t.JMeterThread: Thread started: Tickets (open model) 1-78
2026-10-08 15:37:10,768 INFO o.a.j.t.JMeterThread: Thread started: Tickets (open model) 1-79
2026-10-08 15:37:13,375 INFO o.a.j.t.JMeterThread: Thread is done: Tickets (open model) 1-58
2026-10-08 15:37:13,376 INFO o.a.j.t.JMeterThread: Thread finished: Tickets (open model) 1-58
2026-10-08 15:37:18,315 INFO o.a.j.t.JMeterThread: Thread started: Tickets (open model) 1-80
2026-10-08 15:37:18,982 INFO o.a.j.t.JMeterThread: Thread is done: Tickets (open model) 1-59
2026-10-08 15:37:18,982 INFO o.a.j.t.JMeterThread: Thread finished: Tickets (open model) 1-59
2026-10-08 15:37:19,894 INFO o.a.j.t.JMeterThread: Thread is done: Tickets (open model) 1-60
2026-10-08 15:37:19,894 INFO o.a.j.t.JMeterThread: Thread finished: Tickets (open model) 1-60
2026-10-08 15:37:28,823 INFO o.a.j.t.JMeterThread: Thread started: Tickets (open model) 1-81
2026-10-08 15:37:32,118 INFO o.a.j.r.Summariser: summary +      8 in 00:01:01 =    0.1/s Avg: 119905 Min: 119062 Max: 120239 Err:     6 (75.00%) Active: 21 Started: 81 Finished: 60
2026-10-08 15:37:32,119 INFO o.a.j.r.Summariser: summary =     61 in 00:10:04 =    0.1/s Avg: 83927 Min:  7398 Max: 120239 Err:    26 (42.62%)
2026-10-08 15:37:32,119 INFO o.a.j.t.JMeterThread: Thread is done: Tickets (open model) 1-61
2026-10-08 15:37:32,119 INFO o.a.j.t.JMeterThread: Thread finished: Tickets (open model) 1-61
2026-10-08 15:37:35,618 INFO o.a.j.t.JMeterThread: Thread started: Tickets (open model) 1-82
2026-10-08 15:37:35,889 INFO o.a.j.t.JMeterThread: Thread is done: Tickets (open model) 1-62
2026-10-08 15:37:35,889 INFO o.a.j.t.JMeterThread: Thread finished: Tickets (open model) 1-62
2026-10-08 15:37:36,604 INFO o.a.j.t.JMeterThread: Thread is done: Tickets (open model) 1-63
2026-10-08 15:37:36,605 INFO o.a.j.t.JMeterThread: Thread finished: Tickets (open model) 1-63
2026-10-08 15:37:38,011 INFO o.a.j.t.JMeterThread: Thread started: Tickets (open model) 1-83
2026-10-08 15:37:38,059 INFO o.a.j.t.JMeterThread: Thread started: Tickets (open model) 1-84
2026-10-08 15:37:39,386 INFO o.a.j.t.JMeterThread: Thread is done: Tickets (open model) 1-64
2026-10-08 15:37:39,386 INFO o.a.j.t.JMeterThread: Thread finished: Tickets (open model) 1-64
2026-10-08 15:37:44,979 INFO o.a.j.t.JMeterThread: Thread started: Tickets (open model) 1-85
2026-10-08 15:37:46,566 INFO o.a.j.t.JMeterThread: Thread started: Tickets (open model) 1-86
2026-10-08 15:37:47,919 INFO o.a.j.t.JMeterThread: Thread started: Tickets (open model) 1-87
2026-10-08 15:37:48,303 INFO o.a.j.t.JMeterThread: Thread started: Tickets (open model) 1-88
2026-10-08 15:37:54,776 INFO o.a.j.t.JMeterThread: Thread started: Tickets (open model) 1-89
2026-10-08 15:37:57,339 INFO o.a.j.t.JMeterThread: Thread is done: Tickets (open model) 1-65
2026-10-08 15:37:57,339 INFO o.a.j.t.JMeterThread: Thread finished: Tickets (open model) 1-65
2026-10-08 15:37:59,099 INFO o.a.j.t.JMeterThread: Thread started: Tickets (open model) 1-90
2026-10-08 15:38:01,193 INFO o.a.j.t.JMeterThread: Thread started: Tickets (open model) 1-91
2026-10-08 15:38:03,414 INFO o.a.j.t.JMeterThread: Thread started: Tickets (open model) 1-92
2026-10-08 15:38:06,600 INFO o.a.j.t.JMeterThread: Thread is done: Tickets (open model) 1-66
2026-10-08 15:38:06,600 INFO o.a.j.t.JMeterThread: Thread finished: Tickets (open model) 1-66
2026-10-08 15:38:16,863 INFO o.a.j.t.JMeterThread: Thread is done: Tickets (open model) 1-67
2026-10-08 15:38:16,863 INFO o.a.j.t.JMeterThread: Thread finished: Tickets (open model) 1-67
2026-10-08 15:38:21,033 INFO o.a.j.t.JMeterThread: Thread started: Tickets (open model) 1-93
2026-10-08 15:38:22,998 INFO o.a.j.t.JMeterThread: Thread is done: Tickets (open model) 1-68
2026-10-08 15:38:22,998 INFO o.a.j.t.JMeterThread: Thread finished: Tickets (open model) 1-68
2026-10-08 15:38:23,939 INFO o.a.j.t.JMeterThread: Thread is done: Tickets (open model) 1-69
2026-10-08 15:38:23,939 INFO o.a.j.t.JMeterThread: Thread finished: Tickets (open model) 1-69
2026-10-08 15:38:25,379 INFO o.a.j.t.JMeterThread: Thread is done: Tickets (open model) 1-70
2026-10-08 15:38:25,379 INFO o.a.j.t.JMeterThread: Thread finished: Tickets (open model) 1-70
2026-10-08 15:38:26,970 INFO o.a.j.t.JMeterThread: Thread is done: Tickets (open model) 1-71
2026-10-08 15:38:26,970 INFO o.a.j.t.JMeterThread: Thread finished: Tickets (open model) 1-71
2026-10-08 15:38:27,504 INFO o.a.j.t.JMeterThread: Thread started: Tickets (open model) 1-94
2026-10-08 15:38:32,125 INFO o.a.j.r.Summariser: summary +     11 in 00:01:00 =    0.2/s Avg: 119989 Min: 118775 Max: 120156 Err:    10 (90.91%) Active: 23 Started: 94 Finished: 71
2026-10-08 15:38:32,125 INFO o.a.j.r.Summariser: summary =     72 in 00:11:04 =    0.1/s Avg: 89437 Min:  7398 Max: 120239 Err:    36 (50.00%)
2026-10-08 15:38:32,125 INFO o.a.j.t.JMeterThread: Thread is done: Tickets (open model) 1-72
2026-10-08 15:38:32,125 INFO o.a.j.t.JMeterThread: Thread finished: Tickets (open model) 1-72
2026-10-08 15:38:36,246 INFO o.a.j.t.JMeterThread: Thread is done: Tickets (open model) 1-73
2026-10-08 15:38:36,246 INFO o.a.j.t.JMeterThread: Thread finished: Tickets (open model) 1-73
2026-10-08 15:38:40,258 INFO o.a.j.t.JMeterThread: Thread is done: Tickets (open model) 1-74
2026-10-08 15:38:40,258 INFO o.a.j.t.JMeterThread: Thread finished: Tickets (open model) 1-74
2026-10-08 15:38:51,304 INFO o.a.j.t.JMeterThread: Thread is done: Tickets (open model) 1-75
2026-10-08 15:38:51,304 INFO o.a.j.t.JMeterThread: Thread finished: Tickets (open model) 1-75
2026-10-08 15:38:55,424 INFO o.a.j.t.JMeterThread: Thread started: Tickets (open model) 1-95
2026-10-08 15:38:56,161 INFO o.a.j.t.JMeterThread: Thread started: Tickets (open model) 1-96
2026-10-08 15:38:58,374 INFO o.a.j.t.JMeterThread: Thread is done: Tickets (open model) 1-76
2026-10-08 15:38:58,374 INFO o.a.j.t.JMeterThread: Thread finished: Tickets (open model) 1-76
2026-10-08 15:38:59,694 INFO o.a.j.t.JMeterThread: Thread is done: Tickets (open model) 1-77
2026-10-08 15:38:59,695 INFO o.a.j.t.JMeterThread: Thread finished: Tickets (open model) 1-77
2026-10-08 15:39:02,184 INFO o.a.j.t.JMeterThread: Thread started: Tickets (open model) 1-97
2026-10-08 15:39:07,327 INFO o.a.j.t.JMeterThread: Thread started: Tickets (open model) 1-98
2026-10-08 15:39:07,404 INFO o.a.j.t.JMeterThread: Thread is done: Tickets (open model) 1-78
2026-10-08 15:39:07,405 INFO o.a.j.t.JMeterThread: Thread finished: Tickets (open model) 1-78
2026-10-08 15:39:10,893 INFO o.a.j.t.JMeterThread: Thread is done: Tickets (open model) 1-79
2026-10-08 15:39:10,894 INFO o.a.j.t.JMeterThread: Thread finished: Tickets (open model) 1-79
2026-10-08 15:39:16,888 INFO o.a.j.t.JMeterThread: Thread started: Tickets (open model) 1-99
2026-10-08 15:39:18,442 INFO o.a.j.t.JMeterThread: Thread is done: Tickets (open model) 1-80
2026-10-08 15:39:18,442 INFO o.a.j.t.JMeterThread: Thread finished: Tickets (open model) 1-80
2026-10-08 15:39:22,172 INFO o.a.j.t.o.EvenArrivalsRamp: Generating 0 events, beginRate = 0.0 / sec, endRate = 0.0 / sec, duration = 190.0 sec
2026-10-08 15:39:22,172 INFO o.a.j.t.JMeterThread: Thread started: Tickets (open model) 1-100
2026-10-08 15:39:22,172 INFO o.a.j.t.o.OpenModelThreadGroup: There will be no more events, so will wait for 195 sec till the end of the schedule
2026-10-08 15:39:28,956 INFO o.a.j.t.JMeterThread: Thread is done: Tickets (open model) 1-81
2026-10-08 15:39:28,956 INFO o.a.j.t.JMeterThread: Thread finished: Tickets (open model) 1-81
2026-10-08 15:39:35,759 INFO o.a.j.r.Summariser: summary +     10 in 00:01:04 =    0.2/s Avg: 120109 Min: 120048 Max: 120139 Err:    10 (100.00%) Active: 19 Started: 100 Finished: 81
2026-10-08 15:39:35,760 INFO o.a.j.r.Summariser: summary =     82 in 00:12:08 =    0.1/s Avg: 93177 Min:  7398 Max: 120239 Err:    46 (56.10%)
2026-10-08 15:39:35,760 INFO o.a.j.t.JMeterThread: Thread is done: Tickets (open model) 1-82
2026-10-08 15:39:35,760 INFO o.a.j.t.JMeterThread: Thread finished: Tickets (open model) 1-82
2026-10-08 15:39:38,085 INFO o.a.j.t.JMeterThread: Thread is done: Tickets (open model) 1-83
2026-10-08 15:39:38,086 INFO o.a.j.t.JMeterThread: Thread finished: Tickets (open model) 1-83
2026-10-08 15:39:38,185 INFO o.a.j.t.JMeterThread: Thread is done: Tickets (open model) 1-84
2026-10-08 15:39:38,185 INFO o.a.j.t.JMeterThread: Thread finished: Tickets (open model) 1-84
2026-10-08 15:39:45,113 INFO o.a.j.t.JMeterThread: Thread is done: Tickets (open model) 1-85
2026-10-08 15:39:45,113 INFO o.a.j.t.JMeterThread: Thread finished: Tickets (open model) 1-85
2026-10-08 15:39:46,699 INFO o.a.j.t.JMeterThread: Thread is done: Tickets (open model) 1-86
2026-10-08 15:39:46,699 INFO o.a.j.t.JMeterThread: Thread finished: Tickets (open model) 1-86
2026-10-08 15:39:48,090 INFO o.a.j.t.JMeterThread: Thread is done: Tickets (open model) 1-87
2026-10-08 15:39:48,090 INFO o.a.j.t.JMeterThread: Thread finished: Tickets (open model) 1-87
2026-10-08 15:39:48,428 INFO o.a.j.t.JMeterThread: Thread is done: Tickets (open model) 1-88
2026-10-08 15:39:48,428 INFO o.a.j.t.JMeterThread: Thread finished: Tickets (open model) 1-88
2026-10-08 15:39:54,851 INFO o.a.j.t.JMeterThread: Thread is done: Tickets (open model) 1-89
2026-10-08 15:39:54,851 INFO o.a.j.t.JMeterThread: Thread finished: Tickets (open model) 1-89
2026-10-08 15:39:59,236 INFO o.a.j.t.JMeterThread: Thread is done: Tickets (open model) 1-90
2026-10-08 15:39:59,236 INFO o.a.j.t.JMeterThread: Thread finished: Tickets (open model) 1-90
2026-10-08 15:40:01,348 INFO o.a.j.r.Summariser: summary +      9 in 00:00:26 =    0.4/s Avg: 120122 Min: 120070 Max: 120168 Err:     9 (100.00%) Active: 10 Started: 100 Finished: 90
2026-10-08 15:40:01,349 INFO o.a.j.r.Summariser: summary =     91 in 00:12:33 =    0.1/s Avg: 95842 Min:  7398 Max: 120239 Err:    55 (60.44%)
2026-10-08 15:40:01,349 INFO o.a.j.t.JMeterThread: Thread is done: Tickets (open model) 1-91
2026-10-08 15:40:01,349 INFO o.a.j.t.JMeterThread: Thread finished: Tickets (open model) 1-91
2026-10-08 15:40:03,553 INFO o.a.j.t.JMeterThread: Thread is done: Tickets (open model) 1-92
2026-10-08 15:40:03,553 INFO o.a.j.t.JMeterThread: Thread finished: Tickets (open model) 1-92
2026-10-08 15:40:21,170 INFO o.a.j.t.JMeterThread: Thread is done: Tickets (open model) 1-93
2026-10-08 15:40:21,170 INFO o.a.j.t.JMeterThread: Thread finished: Tickets (open model) 1-93
2026-10-08 15:40:27,650 INFO o.a.j.t.JMeterThread: Thread is done: Tickets (open model) 1-94
2026-10-08 15:40:27,650 INFO o.a.j.t.JMeterThread: Thread finished: Tickets (open model) 1-94
2026-10-08 15:40:36,930 INFO o.a.j.t.JMeterThread: Thread is done: Tickets (open model) 1-95
2026-10-08 15:40:36,930 INFO o.a.j.t.JMeterThread: Thread finished: Tickets (open model) 1-95
2026-10-08 15:40:52,281 INFO o.a.j.t.JMeterThread: Thread is done: Tickets (open model) 1-96
2026-10-08 15:40:52,281 INFO o.a.j.t.JMeterThread: Thread finished: Tickets (open model) 1-96
2026-10-08 15:41:02,319 INFO o.a.j.r.Summariser: summary +      6 in 00:01:01 =    0.1/s Avg: 116361 Min: 101504 Max: 120143 Err:     4 (66.67%) Active: 4 Started: 100 Finished: 96
2026-10-08 15:41:02,319 INFO o.a.j.r.Summariser: summary =     97 in 00:13:34 =    0.1/s Avg: 97111 Min:  7398 Max: 120239 Err:    59 (60.82%)
2026-10-08 15:41:02,319 INFO o.a.j.t.JMeterThread: Thread is done: Tickets (open model) 1-97
2026-10-08 15:41:02,319 INFO o.a.j.t.JMeterThread: Thread finished: Tickets (open model) 1-97
2026-10-08 15:41:07,134 INFO o.a.j.t.JMeterThread: Thread is done: Tickets (open model) 1-98
2026-10-08 15:41:07,134 INFO o.a.j.t.JMeterThread: Thread finished: Tickets (open model) 1-98
2026-10-08 15:41:12,802 INFO o.a.j.t.JMeterThread: Thread is done: Tickets (open model) 1-99
2026-10-08 15:41:12,802 INFO o.a.j.t.JMeterThread: Thread finished: Tickets (open model) 1-99
2026-10-08 15:41:20,336 INFO o.a.j.t.JMeterThread: Thread is done: Tickets (open model) 1-100
2026-10-08 15:41:20,336 INFO o.a.j.t.JMeterThread: Thread finished: Tickets (open model) 1-100
2026-10-08 15:42:37,661 INFO o.a.j.t.o.OpenModelThreadGroup: There will be no more events, will shutdown the thread pool
2026-10-08 15:42:37,661 INFO o.a.j.t.o.OpenModelThreadGroup: Thread starting done
2026-10-08 15:42:37,661 INFO o.a.j.e.StandardJMeterEngine: Notifying test listeners of end of test
2026-10-08 15:42:37,661 INFO o.a.j.s.FileServer: Close: C:\Users\Owen\Desktop\ICT3113_Assignment_1\jmeter\data\team_narratives.tsv
2026-10-08 15:42:37,662 INFO o.a.j.r.Summariser: summary +      3 in 00:01:35 =    0.0/s Avg: 117958 Min: 115910 Max: 119805 Err:     0 (0.00%) Active: 0 Started: 100 Finished: 100
2026-10-08 15:42:37,663 INFO o.a.j.r.Summariser: summary =    100 in 00:15:10 =    0.1/s Avg: 97737 Min:  7398 Max: 120239 Err:    59 (59.00%)
