2026-10-08 15:08:08,220 INFO o.a.j.u.JMeterUtils: Setting Locale to en_EN
2026-10-08 15:08:08,229 INFO o.a.j.JMeter: Loading user properties from: user.properties
2026-10-08 15:08:08,230 INFO o.a.j.JMeter: Loading system properties from: system.properties
2026-10-08 15:08:08,230 INFO o.a.j.JMeter: Loading additional properties from: C:\Users\Owen\Desktop\ICT3113_Assignment_1\jmeter\results.properties
2026-10-08 15:08:08,230 INFO o.a.j.JMeter: Setting JMeter property: host=192.168.1.170
2026-10-08 15:08:08,230 INFO o.a.j.JMeter: Setting JMeter property: port=8000
2026-10-08 15:08:08,230 INFO o.a.j.JMeter: Setting JMeter property: protocol=http
2026-10-08 15:08:08,230 INFO o.a.j.JMeter: Setting JMeter property: rate=500
2026-10-08 15:08:08,230 INFO o.a.j.JMeter: Setting JMeter property: duration_s=720
2026-10-08 15:08:08,230 INFO o.a.j.JMeter: Setting JMeter property: drain_s=190
2026-10-08 15:08:08,230 INFO o.a.j.JMeter: Setting JMeter property: search_schedule=pause(1s)
2026-10-08 15:08:08,230 INFO o.a.j.JMeter: Setting JMeter property: seed=311302
2026-10-08 15:08:08,230 INFO o.a.j.JMeter: Setting JMeter property: search_seed=311352
2026-10-08 15:08:08,230 INFO o.a.j.JMeter: Setting JMeter property: data_file=C:\Users\Owen\Desktop\ICT3113_Assignment_1\jmeter\data\team_narratives.tsv
2026-10-08 15:08:08,230 INFO o.a.j.JMeter: Setting JMeter property: search_file=C:\Users\Owen\Desktop\ICT3113_Assignment_1\jmeter\data\search_terms.txt
2026-10-08 15:08:08,230 INFO o.a.j.JMeter: Setting JMeter property: timeout_ms=180000
2026-10-08 15:08:08,235 INFO o.a.j.JMeter: Copyright (c) 1998-2024 The Apache Software Foundation
2026-10-08 15:08:08,235 INFO o.a.j.JMeter: Version 5.6.3
2026-10-08 15:08:08,235 INFO o.a.j.JMeter: java.version=1.8.0_333
2026-10-08 15:08:08,235 INFO o.a.j.JMeter: java.vm.name=Java HotSpot(TM) 64-Bit Server VM
2026-10-08 15:08:08,235 INFO o.a.j.JMeter: os.name=Windows 11
2026-10-08 15:08:08,235 INFO o.a.j.JMeter: os.arch=amd64
2026-10-08 15:08:08,235 INFO o.a.j.JMeter: os.version=10.0
2026-10-08 15:08:08,235 INFO o.a.j.JMeter: file.encoding=Cp1252
2026-10-08 15:08:08,235 INFO o.a.j.JMeter: java.awt.headless=true
2026-10-08 15:08:08,235 INFO o.a.j.JMeter: Max memory     =1073741824
2026-10-08 15:08:08,235 INFO o.a.j.JMeter: Available Processors =16
2026-10-08 15:08:08,239 INFO o.a.j.JMeter: Default Locale=English (EN)
2026-10-08 15:08:08,240 INFO o.a.j.JMeter: JMeter  Locale=English (EN)
2026-10-08 15:08:08,240 INFO o.a.j.JMeter: JMeterHome=C:\Users\Owen\Downloads\apache-jmeter-5.6.3\apache-jmeter-5.6.3
2026-10-08 15:08:08,240 INFO o.a.j.JMeter: user.dir  =C:\Users\Owen\Downloads\apache-jmeter-5.6.3\apache-jmeter-5.6.3\bin
2026-10-08 15:08:08,240 INFO o.a.j.JMeter: PWD       =C:\Users\Owen\Downloads\apache-jmeter-5.6.3\apache-jmeter-5.6.3\bin
2026-10-08 15:08:13,196 INFO o.a.j.JMeter: IP: 10.5.0.2 Name: DESKTOP-AK5RA9C FullName: DESKTOP-AK5RA9C
2026-10-08 15:08:13,209 INFO o.a.j.s.FileServer: Default base='C:\Users\Owen\Downloads\apache-jmeter-5.6.3\apache-jmeter-5.6.3\bin'
2026-10-08 15:08:13,210 INFO o.a.j.s.FileServer: Set new base='C:\Users\Owen\Desktop\ICT3113_Assignment_1\jmeter'
2026-10-08 15:08:13,296 INFO o.a.j.s.SaveService: Testplan (JMX) version: 2.2. Testlog (JTL) version: 2.2
2026-10-08 15:08:13,309 INFO o.a.j.s.SaveService: Using SaveService properties file encoding UTF-8
2026-10-08 15:08:13,313 INFO o.a.j.s.SaveService: Using SaveService properties version 5.0
2026-10-08 15:08:13,319 INFO o.a.j.s.SaveService: Loading file: C:\Users\Owen\Desktop\ICT3113_Assignment_1\jmeter\ticket_load_test.jmx
2026-10-08 15:08:13,370 INFO o.a.j.p.h.s.HTTPSamplerBase: Parser for text/html is org.apache.jmeter.protocol.http.parser.LagartoBasedHtmlParser
2026-10-08 15:08:13,370 INFO o.a.j.p.h.s.HTTPSamplerBase: Parser for application/xhtml+xml is org.apache.jmeter.protocol.http.parser.LagartoBasedHtmlParser
2026-10-08 15:08:13,370 INFO o.a.j.p.h.s.HTTPSamplerBase: Parser for application/xml is org.apache.jmeter.protocol.http.parser.LagartoBasedHtmlParser
2026-10-08 15:08:13,370 INFO o.a.j.p.h.s.HTTPSamplerBase: Parser for text/xml is org.apache.jmeter.protocol.http.parser.LagartoBasedHtmlParser
2026-10-08 15:08:13,370 INFO o.a.j.p.h.s.HTTPSamplerBase: Parser for text/vnd.wap.wml is org.apache.jmeter.protocol.http.parser.RegexpHTMLParser
2026-10-08 15:08:13,370 INFO o.a.j.p.h.s.HTTPSamplerBase: Parser for text/css is org.apache.jmeter.protocol.http.parser.CssParser
2026-10-08 15:08:13,560 INFO o.a.j.JMeter: Creating summariser <summary>
2026-10-08 15:08:13,573 INFO o.a.j.e.StandardJMeterEngine: Running the test!
2026-10-08 15:08:13,574 INFO o.a.j.s.SampleEvent: List of sample_variables: [request_id, ticket_row]
2026-10-08 15:08:13,574 INFO o.a.j.s.SampleEvent: List of sample_variables: [request_id, ticket_row]
2026-10-08 15:08:13,577 INFO o.a.j.e.u.CompoundVariable: Note: Function class names must contain the string: '.functions.'
2026-10-08 15:08:13,577 INFO o.a.j.e.u.CompoundVariable: Note: Function class names must not contain the string: '.gui.'
2026-10-08 15:08:13,792 INFO o.a.j.JMeter: Running test (1791443293792)
2026-10-08 15:08:13,822 INFO o.a.j.e.StandardJMeterEngine: Starting ThreadGroup: 1 : Tickets (open model)
2026-10-08 15:08:13,822 INFO o.a.j.e.StandardJMeterEngine: Starting 0 threads for group Tickets (open model).
2026-10-08 15:08:13,822 INFO o.a.j.e.StandardJMeterEngine: Thread will continue on error
2026-10-08 15:08:13,822 INFO o.a.j.t.o.OpenModelThreadGroup: Starting OpenModelThreadGroup#1 with schedule rate(500/hour) random_arrivals(720 s) pause(190 s)
2026-10-08 15:08:13,859 INFO o.a.j.e.StandardJMeterEngine: Starting ThreadGroup: 2 : Searches (open model)
2026-10-08 15:08:13,859 INFO o.a.j.e.StandardJMeterEngine: Starting 0 threads for group Searches (open model).
2026-10-08 15:08:13,859 INFO o.a.j.e.StandardJMeterEngine: Thread will continue on error
2026-10-08 15:08:13,859 INFO o.a.j.t.o.OpenModelThreadGroup: Starting OpenModelThreadGroup#2 with schedule pause(1s)
2026-10-08 15:08:13,859 INFO o.a.j.t.o.OpenModelThreadGroup: Thread starting init
2026-10-08 15:08:13,859 INFO o.a.j.e.StandardJMeterEngine: All thread groups have been started
2026-10-08 15:08:13,859 INFO o.a.j.t.o.OpenModelThreadGroup: Thread starting init
2026-10-08 15:08:13,863 INFO o.a.j.t.o.EvenArrivalsRamp: Generating 0 events, beginRate = 0.0 / sec, endRate = 0.0 / sec, duration = 1.0 sec
2026-10-08 15:08:13,863 INFO o.a.j.t.o.OpenModelThreadGroup: There will be no more events, so will wait for 0 sec till the end of the schedule
2026-10-08 15:08:13,863 INFO o.a.j.t.o.PoissonArrivalsRamp: Generating 100 events, beginRate = 0.1388888888888889 / sec, endRate = 0.1388888888888889 / sec, duration = 720.0 sec
2026-10-08 15:08:14,487 INFO o.a.j.t.JMeterThread: Thread started: Tickets (open model) 1-1
2026-10-08 15:08:14,488 INFO o.a.j.s.FileServer: Stored: C:\Users\Owen\Desktop\ICT3113_Assignment_1\jmeter\data\team_narratives.tsv
2026-10-08 15:08:14,514 INFO o.a.j.p.h.s.HTTPHCAbstractImpl: Local host = DESKTOP-AK5RA9C
2026-10-08 15:08:14,520 INFO o.a.j.p.h.s.HTTPHC4Impl: HTTP request retry count = 0
2026-10-08 15:08:14,521 INFO o.a.j.s.SampleResult: Note: Sample TimeStamps are START times
2026-10-08 15:08:14,521 INFO o.a.j.s.SampleResult: sampleresult.default.encoding is set to UTF-8
2026-10-08 15:08:14,521 INFO o.a.j.s.SampleResult: sampleresult.useNanoTime=true
2026-10-08 15:08:14,521 INFO o.a.j.s.SampleResult: sampleresult.nanoThreadSleep=5000
2026-10-08 15:08:14,575 INFO o.a.j.t.o.OpenModelThreadGroup: There will be no more events, will shutdown the thread pool
2026-10-08 15:08:14,575 INFO o.a.j.t.o.OpenModelThreadGroup: Thread starting done
2026-10-08 15:08:15,045 INFO o.a.j.t.JMeterThread: Thread started: Tickets (open model) 1-2
2026-10-08 15:08:22,328 INFO o.a.j.t.JMeterThread: Thread started: Tickets (open model) 1-3
2026-10-08 15:08:25,292 INFO o.a.j.t.JMeterThread: Thread started: Tickets (open model) 1-4
2026-10-08 15:08:32,039 INFO o.a.j.t.JMeterThread: Thread started: Tickets (open model) 1-5
2026-10-08 15:08:32,622 INFO o.a.j.t.JMeterThread: Thread started: Tickets (open model) 1-6
2026-10-08 15:08:37,923 INFO o.a.j.t.JMeterThread: Thread is done: Tickets (open model) 1-1
2026-10-08 15:08:37,923 INFO o.a.j.t.JMeterThread: Thread finished: Tickets (open model) 1-1
2026-10-08 15:08:45,246 INFO o.a.j.t.JMeterThread: Thread is done: Tickets (open model) 1-2
2026-10-08 15:08:45,246 INFO o.a.j.t.JMeterThread: Thread finished: Tickets (open model) 1-2
2026-10-08 15:08:58,471 INFO o.a.j.t.JMeterThread: Thread is done: Tickets (open model) 1-3
2026-10-08 15:08:58,472 INFO o.a.j.t.JMeterThread: Thread finished: Tickets (open model) 1-3
2026-10-08 15:09:05,423 INFO o.a.j.t.JMeterThread: Thread started: Tickets (open model) 1-7
2026-10-08 15:09:13,377 INFO o.a.j.t.JMeterThread: Thread started: Tickets (open model) 1-8
2026-10-08 15:09:14,150 INFO o.a.j.t.JMeterThread: Thread started: Tickets (open model) 1-9
2026-10-08 15:09:15,132 INFO o.a.j.t.JMeterThread: Thread started: Tickets (open model) 1-10
2026-10-08 15:09:15,194 INFO o.a.j.t.JMeterThread: Thread started: Tickets (open model) 1-11
2026-10-08 15:09:17,393 INFO o.a.j.t.JMeterThread: Thread is done: Tickets (open model) 1-4
2026-10-08 15:09:17,393 INFO o.a.j.t.JMeterThread: Thread finished: Tickets (open model) 1-4
2026-10-08 15:09:20,845 INFO o.a.j.t.JMeterThread: Thread is done: Tickets (open model) 1-5
2026-10-08 15:09:20,845 INFO o.a.j.t.JMeterThread: Thread finished: Tickets (open model) 1-5
2026-10-08 15:09:25,840 INFO o.a.j.t.JMeterThread: Thread is done: Tickets (open model) 1-6
2026-10-08 15:09:25,840 INFO o.a.j.t.JMeterThread: Thread finished: Tickets (open model) 1-6
2026-10-08 15:09:27,300 INFO o.a.j.t.JMeterThread: Thread started: Tickets (open model) 1-12
2026-10-08 15:09:28,174 INFO o.a.j.t.JMeterThread: Thread started: Tickets (open model) 1-13
2026-10-08 15:09:31,016 INFO o.a.j.t.JMeterThread: Thread started: Tickets (open model) 1-14
2026-10-08 15:09:39,203 INFO o.a.j.t.JMeterThread: Thread is done: Tickets (open model) 1-7
2026-10-08 15:09:39,203 INFO o.a.j.t.JMeterThread: Thread finished: Tickets (open model) 1-7
2026-10-08 15:09:40,161 INFO o.a.j.t.JMeterThread: Thread started: Tickets (open model) 1-15
2026-10-08 15:09:46,276 INFO o.a.j.t.JMeterThread: Thread is done: Tickets (open model) 1-8
2026-10-08 15:09:46,276 INFO o.a.j.t.JMeterThread: Thread finished: Tickets (open model) 1-8
2026-10-08 15:09:55,857 INFO o.a.j.t.JMeterThread: Thread started: Tickets (open model) 1-16
2026-10-08 15:09:56,316 INFO o.a.j.t.JMeterThread: Thread is done: Tickets (open model) 1-9
2026-10-08 15:09:56,316 INFO o.a.j.t.JMeterThread: Thread finished: Tickets (open model) 1-9
2026-10-08 15:10:04,004 INFO o.a.j.t.JMeterThread: Thread started: Tickets (open model) 1-17
2026-10-08 15:10:04,144 INFO o.a.j.r.Summariser: summary +     10 in 00:01:50 =    0.1/s Avg: 40164 Min: 23350 Max: 53216 Err:     0 (0.00%) Active: 8 Started: 17 Finished: 9
2026-10-08 15:10:04,144 INFO o.a.j.t.JMeterThread: Thread is done: Tickets (open model) 1-10
2026-10-08 15:10:04,144 INFO o.a.j.t.JMeterThread: Thread finished: Tickets (open model) 1-10
2026-10-08 15:10:07,441 INFO o.a.j.t.JMeterThread: Thread started: Tickets (open model) 1-18
2026-10-08 15:10:14,941 INFO o.a.j.t.JMeterThread: Thread started: Tickets (open model) 1-19
2026-10-08 15:10:18,633 INFO o.a.j.t.JMeterThread: Thread started: Tickets (open model) 1-20
2026-10-08 15:10:26,162 INFO o.a.j.t.JMeterThread: Thread is done: Tickets (open model) 1-11
2026-10-08 15:10:26,162 INFO o.a.j.t.JMeterThread: Thread finished: Tickets (open model) 1-11
2026-10-08 15:10:28,121 INFO o.a.j.t.JMeterThread: Thread started: Tickets (open model) 1-21
2026-10-08 15:10:30,632 INFO o.a.j.r.Summariser: summary +      2 in 00:00:26 =    0.1/s Avg: 67147 Min: 63330 Max: 70965 Err:     0 (0.00%) Active: 10 Started: 21 Finished: 11
2026-10-08 15:10:30,633 INFO o.a.j.r.Summariser: summary =     12 in 00:02:17 =    0.1/s Avg: 44661 Min: 23350 Max: 70965 Err:     0 (0.00%)
2026-10-08 15:10:30,633 INFO o.a.j.t.JMeterThread: Thread is done: Tickets (open model) 1-12
2026-10-08 15:10:30,633 INFO o.a.j.t.JMeterThread: Thread finished: Tickets (open model) 1-12
2026-10-08 15:10:37,700 INFO o.a.j.t.JMeterThread: Thread is done: Tickets (open model) 1-13
2026-10-08 15:10:37,700 INFO o.a.j.t.JMeterThread: Thread finished: Tickets (open model) 1-13
2026-10-08 15:10:43,121 INFO o.a.j.t.JMeterThread: Thread is done: Tickets (open model) 1-14
2026-10-08 15:10:43,121 INFO o.a.j.t.JMeterThread: Thread finished: Tickets (open model) 1-14
2026-10-08 15:10:46,263 INFO o.a.j.t.JMeterThread: Thread started: Tickets (open model) 1-22
2026-10-08 15:10:54,057 INFO o.a.j.t.JMeterThread: Thread started: Tickets (open model) 1-23
2026-10-08 15:10:59,021 INFO o.a.j.t.JMeterThread: Thread started: Tickets (open model) 1-24
2026-10-08 15:11:00,025 INFO o.a.j.r.Summariser: summary +      3 in 00:00:29 =    0.1/s Avg: 73828 Min: 69521 Max: 79860 Err:     0 (0.00%) Active: 10 Started: 24 Finished: 14
2026-10-08 15:11:00,025 INFO o.a.j.r.Summariser: summary =     15 in 00:02:46 =    0.1/s Avg: 50495 Min: 23350 Max: 79860 Err:     0 (0.00%)
2026-10-08 15:11:00,026 INFO o.a.j.t.JMeterThread: Thread is done: Tickets (open model) 1-15
2026-10-08 15:11:00,026 INFO o.a.j.t.JMeterThread: Thread finished: Tickets (open model) 1-15
2026-10-08 15:11:19,783 INFO o.a.j.t.JMeterThread: Thread is done: Tickets (open model) 1-16
2026-10-08 15:11:19,784 INFO o.a.j.t.JMeterThread: Thread finished: Tickets (open model) 1-16
2026-10-08 15:11:28,661 INFO o.a.j.t.JMeterThread: Thread is done: Tickets (open model) 1-17
2026-10-08 15:11:28,661 INFO o.a.j.t.JMeterThread: Thread finished: Tickets (open model) 1-17
2026-10-08 15:11:36,039 INFO o.a.j.t.JMeterThread: Thread is done: Tickets (open model) 1-18
2026-10-08 15:11:36,039 INFO o.a.j.t.JMeterThread: Thread finished: Tickets (open model) 1-18
2026-10-08 15:11:42,359 INFO o.a.j.t.JMeterThread: Thread started: Tickets (open model) 1-25
2026-10-08 15:11:43,735 INFO o.a.j.t.JMeterThread: Thread is done: Tickets (open model) 1-19
2026-10-08 15:11:43,736 INFO o.a.j.t.JMeterThread: Thread finished: Tickets (open model) 1-19
2026-10-08 15:11:55,197 INFO o.a.j.t.JMeterThread: Thread started: Tickets (open model) 1-26
2026-10-08 15:11:56,804 INFO o.a.j.t.JMeterThread: Thread started: Tickets (open model) 1-27
2026-10-08 15:12:00,458 INFO o.a.j.t.JMeterThread: Thread started: Tickets (open model) 1-28
2026-10-08 15:12:01,915 INFO o.a.j.r.Summariser: summary +      5 in 00:01:02 =    0.1/s Avg: 89847 Min: 83923 Max: 103278 Err:     0 (0.00%) Active: 9 Started: 28 Finished: 19
2026-10-08 15:12:01,916 INFO o.a.j.r.Summariser: summary =     20 in 00:03:48 =    0.1/s Avg: 60333 Min: 23350 Max: 103278 Err:     0 (0.00%)
2026-10-08 15:12:01,917 INFO o.a.j.t.JMeterThread: Thread is done: Tickets (open model) 1-20
2026-10-08 15:12:01,917 INFO o.a.j.t.JMeterThread: Thread finished: Tickets (open model) 1-20
2026-10-08 15:12:06,501 INFO o.a.j.t.JMeterThread: Thread started: Tickets (open model) 1-29
2026-10-08 15:12:08,309 INFO o.a.j.t.JMeterThread: Thread is done: Tickets (open model) 1-21
2026-10-08 15:12:08,309 INFO o.a.j.t.JMeterThread: Thread finished: Tickets (open model) 1-21
2026-10-08 15:12:15,079 INFO o.a.j.t.JMeterThread: Thread started: Tickets (open model) 1-30
2026-10-08 15:12:23,795 INFO o.a.j.t.JMeterThread: Thread started: Tickets (open model) 1-31
2026-10-08 15:12:27,423 INFO o.a.j.t.JMeterThread: Thread started: Tickets (open model) 1-32
2026-10-08 15:12:29,598 INFO o.a.j.t.JMeterThread: Thread is done: Tickets (open model) 1-22
2026-10-08 15:12:29,598 INFO o.a.j.t.JMeterThread: Thread finished: Tickets (open model) 1-22
2026-10-08 15:12:33,965 INFO o.a.j.t.JMeterThread: Thread started: Tickets (open model) 1-33
2026-10-08 15:12:37,003 INFO o.a.j.t.JMeterThread: Thread is done: Tickets (open model) 1-23
2026-10-08 15:12:37,003 INFO o.a.j.t.JMeterThread: Thread finished: Tickets (open model) 1-23
2026-10-08 15:12:39,925 INFO o.a.j.t.JMeterThread: Thread started: Tickets (open model) 1-34
2026-10-08 15:12:43,380 INFO o.a.j.t.JMeterThread: Thread started: Tickets (open model) 1-35
2026-10-08 15:12:44,504 INFO o.a.j.t.JMeterThread: Thread is done: Tickets (open model) 1-24
2026-10-08 15:12:44,504 INFO o.a.j.t.JMeterThread: Thread finished: Tickets (open model) 1-24
2026-10-08 15:12:46,285 INFO o.a.j.t.JMeterThread: Thread started: Tickets (open model) 1-36
2026-10-08 15:12:46,809 INFO o.a.j.t.JMeterThread: Thread started: Tickets (open model) 1-37
2026-10-08 15:12:51,871 INFO o.a.j.t.JMeterThread: Thread started: Tickets (open model) 1-38
2026-10-08 15:13:01,078 INFO o.a.j.r.Summariser: summary +      5 in 00:00:59 =    0.1/s Avg: 98130 Min: 78715 Max: 105479 Err:     0 (0.00%) Active: 14 Started: 38 Finished: 24
2026-10-08 15:13:01,078 INFO o.a.j.r.Summariser: summary =     25 in 00:04:47 =    0.1/s Avg: 67892 Min: 23350 Max: 105479 Err:     0 (0.00%)
2026-10-08 15:13:01,078 INFO o.a.j.t.JMeterThread: Thread is done: Tickets (open model) 1-25
2026-10-08 15:13:01,078 INFO o.a.j.t.JMeterThread: Thread finished: Tickets (open model) 1-25
2026-10-08 15:13:02,559 INFO o.a.j.t.JMeterThread: Thread started: Tickets (open model) 1-39
2026-10-08 15:13:09,147 INFO o.a.j.t.JMeterThread: Thread started: Tickets (open model) 1-40
2026-10-08 15:13:12,241 INFO o.a.j.t.JMeterThread: Thread started: Tickets (open model) 1-41
2026-10-08 15:13:15,066 INFO o.a.j.t.JMeterThread: Thread started: Tickets (open model) 1-42
2026-10-08 15:13:18,963 INFO o.a.j.t.JMeterThread: Thread started: Tickets (open model) 1-43
2026-10-08 15:13:23,709 INFO o.a.j.t.JMeterThread: Thread is done: Tickets (open model) 1-26
2026-10-08 15:13:23,709 INFO o.a.j.t.JMeterThread: Thread finished: Tickets (open model) 1-26
2026-10-08 15:13:38,054 INFO o.a.j.t.JMeterThread: Thread is done: Tickets (open model) 1-27
2026-10-08 15:13:38,054 INFO o.a.j.t.JMeterThread: Thread finished: Tickets (open model) 1-27
2026-10-08 15:13:39,274 INFO o.a.j.t.JMeterThread: Thread is done: Tickets (open model) 1-28
2026-10-08 15:13:39,274 INFO o.a.j.t.JMeterThread: Thread finished: Tickets (open model) 1-28
2026-10-08 15:13:44,879 INFO o.a.j.t.JMeterThread: Thread started: Tickets (open model) 1-44
2026-10-08 15:13:49,241 INFO o.a.j.t.JMeterThread: Thread is done: Tickets (open model) 1-29
2026-10-08 15:13:49,241 INFO o.a.j.t.JMeterThread: Thread finished: Tickets (open model) 1-29
2026-10-08 15:14:01,649 INFO o.a.j.t.JMeterThread: Thread started: Tickets (open model) 1-45
2026-10-08 15:14:05,305 INFO o.a.j.t.JMeterThread: Thread started: Tickets (open model) 1-46
2026-10-08 15:14:07,312 INFO o.a.j.t.JMeterThread: Thread started: Tickets (open model) 1-47
2026-10-08 15:14:13,798 INFO o.a.j.t.JMeterThread: Thread started: Tickets (open model) 1-48
2026-10-08 15:14:14,927 INFO o.a.j.t.JMeterThread: Thread started: Tickets (open model) 1-49
2026-10-08 15:14:15,239 INFO o.a.j.t.JMeterThread: Thread is done: Tickets (open model) 1-30
2026-10-08 15:14:15,240 INFO o.a.j.t.JMeterThread: Thread finished: Tickets (open model) 1-30
2026-10-08 15:14:22,680 INFO o.a.j.t.JMeterThread: Thread is done: Tickets (open model) 1-31
2026-10-08 15:14:22,680 INFO o.a.j.t.JMeterThread: Thread finished: Tickets (open model) 1-31
2026-10-08 15:14:25,095 INFO o.a.j.t.JMeterThread: Thread started: Tickets (open model) 1-50
2026-10-08 15:14:25,120 INFO o.a.j.t.JMeterThread: Thread started: Tickets (open model) 1-51
2026-10-08 15:14:27,448 INFO o.a.j.t.JMeterThread: Thread started: Tickets (open model) 1-52
2026-10-08 15:14:27,529 INFO o.a.j.t.JMeterThread: Thread is done: Tickets (open model) 1-32
2026-10-08 15:14:27,529 INFO o.a.j.t.JMeterThread: Thread finished: Tickets (open model) 1-32
2026-10-08 15:14:34,084 INFO o.a.j.r.Summariser: summary +      8 in 00:01:33 =    0.1/s Avg: 108819 Min: 88509 Max: 120155 Err:     3 (37.50%) Active: 20 Started: 52 Finished: 32
2026-10-08 15:14:34,084 INFO o.a.j.r.Summariser: summary =     33 in 00:06:20 =    0.1/s Avg: 77814 Min: 23350 Max: 120155 Err:     3 (9.09%)
2026-10-08 15:14:34,084 INFO o.a.j.t.JMeterThread: Thread is done: Tickets (open model) 1-33
2026-10-08 15:14:34,084 INFO o.a.j.t.JMeterThread: Thread finished: Tickets (open model) 1-33
2026-10-08 15:14:34,901 INFO o.a.j.t.JMeterThread: Thread started: Tickets (open model) 1-53
2026-10-08 15:14:37,893 INFO o.a.j.t.JMeterThread: Thread started: Tickets (open model) 1-54
2026-10-08 15:14:39,661 INFO o.a.j.t.JMeterThread: Thread started: Tickets (open model) 1-55
2026-10-08 15:14:40,049 INFO o.a.j.t.JMeterThread: Thread is done: Tickets (open model) 1-34
2026-10-08 15:14:40,049 INFO o.a.j.t.JMeterThread: Thread finished: Tickets (open model) 1-34
2026-10-08 15:14:43,474 INFO o.a.j.t.JMeterThread: Thread is done: Tickets (open model) 1-35
2026-10-08 15:14:43,474 INFO o.a.j.t.JMeterThread: Thread finished: Tickets (open model) 1-35
2026-10-08 15:14:46,434 INFO o.a.j.t.JMeterThread: Thread is done: Tickets (open model) 1-36
2026-10-08 15:14:46,435 INFO o.a.j.t.JMeterThread: Thread finished: Tickets (open model) 1-36
2026-10-08 15:14:46,941 INFO o.a.j.t.JMeterThread: Thread is done: Tickets (open model) 1-37
2026-10-08 15:14:46,941 INFO o.a.j.t.JMeterThread: Thread finished: Tickets (open model) 1-37
2026-10-08 15:14:51,955 INFO o.a.j.t.JMeterThread: Thread is done: Tickets (open model) 1-38
2026-10-08 15:14:51,955 INFO o.a.j.t.JMeterThread: Thread finished: Tickets (open model) 1-38
2026-10-08 15:15:02,689 INFO o.a.j.r.Summariser: summary +      6 in 00:00:29 =    0.2/s Avg: 120114 Min: 120080 Max: 120145 Err:     6 (100.00%) Active: 17 Started: 55 Finished: 38
2026-10-08 15:15:02,690 INFO o.a.j.r.Summariser: summary =     39 in 00:06:49 =    0.1/s Avg: 84322 Min: 23350 Max: 120155 Err:     9 (23.08%)
2026-10-08 15:15:02,690 INFO o.a.j.t.JMeterThread: Thread is done: Tickets (open model) 1-39
2026-10-08 15:15:02,690 INFO o.a.j.t.JMeterThread: Thread finished: Tickets (open model) 1-39
2026-10-08 15:15:09,269 INFO o.a.j.t.JMeterThread: Thread is done: Tickets (open model) 1-40
2026-10-08 15:15:09,269 INFO o.a.j.t.JMeterThread: Thread finished: Tickets (open model) 1-40
2026-10-08 15:15:10,148 INFO o.a.j.t.JMeterThread: Thread started: Tickets (open model) 1-56
2026-10-08 15:15:12,366 INFO o.a.j.t.JMeterThread: Thread is done: Tickets (open model) 1-41
2026-10-08 15:15:12,366 INFO o.a.j.t.JMeterThread: Thread finished: Tickets (open model) 1-41
2026-10-08 15:15:15,186 INFO o.a.j.t.JMeterThread: Thread is done: Tickets (open model) 1-42
2026-10-08 15:15:15,186 INFO o.a.j.t.JMeterThread: Thread finished: Tickets (open model) 1-42
2026-10-08 15:15:19,025 INFO o.a.j.t.JMeterThread: Thread started: Tickets (open model) 1-57
2026-10-08 15:15:19,036 INFO o.a.j.t.JMeterThread: Thread is done: Tickets (open model) 1-43
2026-10-08 15:15:19,036 INFO o.a.j.t.JMeterThread: Thread finished: Tickets (open model) 1-43
2026-10-08 15:15:28,190 INFO o.a.j.t.JMeterThread: Thread started: Tickets (open model) 1-58
2026-10-08 15:15:29,506 INFO o.a.j.t.JMeterThread: Thread is done: Tickets (open model) 1-44
2026-10-08 15:15:29,506 INFO o.a.j.t.JMeterThread: Thread finished: Tickets (open model) 1-44
2026-10-08 15:15:38,690 INFO o.a.j.t.JMeterThread: Thread started: Tickets (open model) 1-59
2026-10-08 15:15:40,473 INFO o.a.j.t.JMeterThread: Thread is done: Tickets (open model) 1-45
2026-10-08 15:15:40,473 INFO o.a.j.t.JMeterThread: Thread finished: Tickets (open model) 1-45
2026-10-08 15:15:43,651 INFO o.a.j.t.JMeterThread: Thread started: Tickets (open model) 1-60
2026-10-08 15:15:45,445 INFO o.a.j.t.JMeterThread: Thread started: Tickets (open model) 1-61
2026-10-08 15:15:49,831 INFO o.a.j.t.JMeterThread: Thread is done: Tickets (open model) 1-46
2026-10-08 15:15:49,831 INFO o.a.j.t.JMeterThread: Thread finished: Tickets (open model) 1-46
2026-10-08 15:15:56,933 INFO o.a.j.t.JMeterThread: Thread started: Tickets (open model) 1-62
2026-10-08 15:16:04,133 INFO o.a.j.t.JMeterThread: Thread started: Tickets (open model) 1-63
2026-10-08 15:16:04,539 INFO o.a.j.t.JMeterThread: Thread started: Tickets (open model) 1-64
2026-10-08 15:16:05,707 INFO o.a.j.r.Summariser: summary +      8 in 00:01:03 =    0.1/s Avg: 113347 Min: 98819 Max: 120122 Err:     4 (50.00%) Active: 18 Started: 64 Finished: 46
2026-10-08 15:16:05,707 INFO o.a.j.r.Summariser: summary =     47 in 00:07:52 =    0.1/s Avg: 89262 Min: 23350 Max: 120155 Err:    13 (27.66%)
2026-10-08 15:16:05,708 INFO o.a.j.t.JMeterThread: Thread is done: Tickets (open model) 1-47
2026-10-08 15:16:05,708 INFO o.a.j.t.JMeterThread: Thread finished: Tickets (open model) 1-47
2026-10-08 15:16:08,952 INFO o.a.j.t.JMeterThread: Thread started: Tickets (open model) 1-65
2026-10-08 15:16:11,174 INFO o.a.j.t.JMeterThread: Thread started: Tickets (open model) 1-66
2026-10-08 15:16:13,930 INFO o.a.j.t.JMeterThread: Thread is done: Tickets (open model) 1-48
2026-10-08 15:16:13,930 INFO o.a.j.t.JMeterThread: Thread finished: Tickets (open model) 1-48
2026-10-08 15:16:15,068 INFO o.a.j.t.JMeterThread: Thread is done: Tickets (open model) 1-49
2026-10-08 15:16:15,068 INFO o.a.j.t.JMeterThread: Thread finished: Tickets (open model) 1-49
2026-10-08 15:16:19,133 INFO o.a.j.t.JMeterThread: Thread started: Tickets (open model) 1-67
2026-10-08 15:16:25,230 INFO o.a.j.t.JMeterThread: Thread is done: Tickets (open model) 1-50
2026-10-08 15:16:25,231 INFO o.a.j.t.JMeterThread: Thread finished: Tickets (open model) 1-50
2026-10-08 15:16:25,234 INFO o.a.j.t.JMeterThread: Thread is done: Tickets (open model) 1-51
2026-10-08 15:16:25,234 INFO o.a.j.t.JMeterThread: Thread finished: Tickets (open model) 1-51
2026-10-08 15:16:27,523 INFO o.a.j.t.JMeterThread: Thread is done: Tickets (open model) 1-52
2026-10-08 15:16:27,523 INFO o.a.j.t.JMeterThread: Thread finished: Tickets (open model) 1-52
2026-10-08 15:16:35,008 INFO o.a.j.r.Summariser: summary +      6 in 00:00:29 =    0.2/s Avg: 120113 Min: 120071 Max: 120136 Err:     6 (100.00%) Active: 15 Started: 67 Finished: 52
2026-10-08 15:16:35,008 INFO o.a.j.r.Summariser: summary =     53 in 00:08:21 =    0.1/s Avg: 92755 Min: 23350 Max: 120155 Err:    19 (35.85%)
2026-10-08 15:16:35,008 INFO o.a.j.t.JMeterThread: Thread is done: Tickets (open model) 1-53
2026-10-08 15:16:35,008 INFO o.a.j.t.JMeterThread: Thread finished: Tickets (open model) 1-53
2026-10-08 15:16:36,178 INFO o.a.j.t.JMeterThread: Thread started: Tickets (open model) 1-68
2026-10-08 15:16:37,971 INFO o.a.j.t.JMeterThread: Thread is done: Tickets (open model) 1-54
2026-10-08 15:16:37,971 INFO o.a.j.t.JMeterThread: Thread finished: Tickets (open model) 1-54
2026-10-08 15:16:39,789 INFO o.a.j.t.JMeterThread: Thread is done: Tickets (open model) 1-55
2026-10-08 15:16:39,789 INFO o.a.j.t.JMeterThread: Thread finished: Tickets (open model) 1-55
2026-10-08 15:16:42,461 INFO o.a.j.t.JMeterThread: Thread started: Tickets (open model) 1-69
2026-10-08 15:16:43,982 INFO o.a.j.t.JMeterThread: Thread started: Tickets (open model) 1-70
2026-10-08 15:16:46,316 INFO o.a.j.t.JMeterThread: Thread started: Tickets (open model) 1-71
2026-10-08 15:16:56,910 INFO o.a.j.t.JMeterThread: Thread started: Tickets (open model) 1-72
2026-10-08 15:16:58,425 INFO o.a.j.t.JMeterThread: Thread is done: Tickets (open model) 1-56
2026-10-08 15:16:58,425 INFO o.a.j.t.JMeterThread: Thread finished: Tickets (open model) 1-56
2026-10-08 15:17:02,677 INFO o.a.j.t.JMeterThread: Thread started: Tickets (open model) 1-73
2026-10-08 15:17:07,532 INFO o.a.j.t.JMeterThread: Thread is done: Tickets (open model) 1-57
2026-10-08 15:17:07,532 INFO o.a.j.t.JMeterThread: Thread finished: Tickets (open model) 1-57
2026-10-08 15:17:14,181 INFO o.a.j.t.JMeterThread: Thread started: Tickets (open model) 1-74
2026-10-08 15:17:14,461 INFO o.a.j.t.JMeterThread: Thread started: Tickets (open model) 1-75
2026-10-08 15:17:14,643 INFO o.a.j.t.JMeterThread: Thread started: Tickets (open model) 1-76
2026-10-08 15:17:22,122 INFO o.a.j.t.JMeterThread: Thread started: Tickets (open model) 1-77
2026-10-08 15:17:23,185 INFO o.a.j.t.JMeterThread: Thread started: Tickets (open model) 1-78
2026-10-08 15:17:28,351 INFO o.a.j.t.JMeterThread: Thread is done: Tickets (open model) 1-58
2026-10-08 15:17:28,351 INFO o.a.j.t.JMeterThread: Thread finished: Tickets (open model) 1-58
2026-10-08 15:17:30,054 INFO o.a.j.r.Summariser: summary +      6 in 00:00:55 =    0.1/s Avg: 114748 Min: 108272 Max: 120158 Err:     3 (50.00%) Active: 20 Started: 78 Finished: 58
2026-10-08 15:17:30,055 INFO o.a.j.r.Summariser: summary =     59 in 00:09:16 =    0.1/s Avg: 94991 Min: 23350 Max: 120158 Err:    22 (37.29%)
2026-10-08 15:17:30,055 INFO o.a.j.t.JMeterThread: Thread is done: Tickets (open model) 1-59
2026-10-08 15:17:30,055 INFO o.a.j.t.JMeterThread: Thread finished: Tickets (open model) 1-59
2026-10-08 15:17:38,194 INFO o.a.j.t.JMeterThread: Thread is done: Tickets (open model) 1-60
2026-10-08 15:17:38,194 INFO o.a.j.t.JMeterThread: Thread finished: Tickets (open model) 1-60
2026-10-08 15:17:45,242 INFO o.a.j.t.JMeterThread: Thread started: Tickets (open model) 1-79
2026-10-08 15:17:45,581 INFO o.a.j.t.JMeterThread: Thread is done: Tickets (open model) 1-61
2026-10-08 15:17:45,581 INFO o.a.j.t.JMeterThread: Thread finished: Tickets (open model) 1-61
2026-10-08 15:17:50,856 INFO o.a.j.t.JMeterThread: Thread started: Tickets (open model) 1-80
2026-10-08 15:17:53,177 INFO o.a.j.t.JMeterThread: Thread is done: Tickets (open model) 1-62
2026-10-08 15:17:53,177 INFO o.a.j.t.JMeterThread: Thread finished: Tickets (open model) 1-62
2026-10-08 15:18:04,285 INFO o.a.j.r.Summariser: summary +      4 in 00:00:34 =    0.1/s Avg: 117765 Min: 114540 Max: 120148 Err:     2 (50.00%) Active: 18 Started: 80 Finished: 62
2026-10-08 15:18:04,285 INFO o.a.j.r.Summariser: summary =     63 in 00:09:50 =    0.1/s Avg: 96437 Min: 23350 Max: 120158 Err:    24 (38.10%)
2026-10-08 15:18:04,286 INFO o.a.j.t.JMeterThread: Thread is done: Tickets (open model) 1-63
2026-10-08 15:18:04,286 INFO o.a.j.t.JMeterThread: Thread finished: Tickets (open model) 1-63
2026-10-08 15:18:04,669 INFO o.a.j.t.JMeterThread: Thread is done: Tickets (open model) 1-64
2026-10-08 15:18:04,669 INFO o.a.j.t.JMeterThread: Thread finished: Tickets (open model) 1-64
2026-10-08 15:18:09,076 INFO o.a.j.t.JMeterThread: Thread is done: Tickets (open model) 1-65
2026-10-08 15:18:09,076 INFO o.a.j.t.JMeterThread: Thread finished: Tickets (open model) 1-65
2026-10-08 15:18:11,285 INFO o.a.j.t.JMeterThread: Thread is done: Tickets (open model) 1-66
2026-10-08 15:18:11,285 INFO o.a.j.t.JMeterThread: Thread finished: Tickets (open model) 1-66
2026-10-08 15:18:15,299 INFO o.a.j.t.JMeterThread: Thread started: Tickets (open model) 1-81
2026-10-08 15:18:16,702 INFO o.a.j.t.JMeterThread: Thread started: Tickets (open model) 1-82
2026-10-08 15:18:17,466 INFO o.a.j.t.JMeterThread: Thread started: Tickets (open model) 1-83
2026-10-08 15:18:19,280 INFO o.a.j.t.JMeterThread: Thread is done: Tickets (open model) 1-67
2026-10-08 15:18:19,280 INFO o.a.j.t.JMeterThread: Thread finished: Tickets (open model) 1-67
2026-10-08 15:18:21,600 INFO o.a.j.t.JMeterThread: Thread started: Tickets (open model) 1-84
2026-10-08 15:18:26,495 INFO o.a.j.t.JMeterThread: Thread started: Tickets (open model) 1-85
2026-10-08 15:18:33,755 INFO o.a.j.r.Summariser: summary +      5 in 00:00:29 =    0.2/s Avg: 119614 Min: 117573 Max: 120143 Err:     4 (80.00%) Active: 18 Started: 85 Finished: 67
2026-10-08 15:18:33,756 INFO o.a.j.r.Summariser: summary =     68 in 00:10:20 =    0.1/s Avg: 98141 Min: 23350 Max: 120158 Err:    28 (41.18%)
2026-10-08 15:18:33,756 INFO o.a.j.t.JMeterThread: Thread is done: Tickets (open model) 1-68
2026-10-08 15:18:33,756 INFO o.a.j.t.JMeterThread: Thread finished: Tickets (open model) 1-68
2026-10-08 15:18:35,505 INFO o.a.j.t.JMeterThread: Thread started: Tickets (open model) 1-86
2026-10-08 15:18:42,597 INFO o.a.j.t.JMeterThread: Thread is done: Tickets (open model) 1-69
2026-10-08 15:18:42,597 INFO o.a.j.t.JMeterThread: Thread finished: Tickets (open model) 1-69
2026-10-08 15:18:43,188 INFO o.a.j.t.JMeterThread: Thread started: Tickets (open model) 1-87
2026-10-08 15:18:44,105 INFO o.a.j.t.JMeterThread: Thread is done: Tickets (open model) 1-70
2026-10-08 15:18:44,105 INFO o.a.j.t.JMeterThread: Thread finished: Tickets (open model) 1-70
2026-10-08 15:18:45,450 INFO o.a.j.t.JMeterThread: Thread started: Tickets (open model) 1-88
2026-10-08 15:18:46,436 INFO o.a.j.t.JMeterThread: Thread is done: Tickets (open model) 1-71
2026-10-08 15:18:46,436 INFO o.a.j.t.JMeterThread: Thread finished: Tickets (open model) 1-71
2026-10-08 15:18:52,398 INFO o.a.j.t.JMeterThread: Thread started: Tickets (open model) 1-89
2026-10-08 15:18:56,451 INFO o.a.j.t.JMeterThread: Thread started: Tickets (open model) 1-90
2026-10-08 15:18:57,044 INFO o.a.j.t.JMeterThread: Thread is done: Tickets (open model) 1-72
2026-10-08 15:18:57,045 INFO o.a.j.t.JMeterThread: Thread finished: Tickets (open model) 1-72
2026-10-08 15:18:58,919 INFO o.a.j.t.JMeterThread: Thread started: Tickets (open model) 1-91
2026-10-08 15:19:02,807 INFO o.a.j.r.Summariser: summary +      5 in 00:00:29 =    0.2/s Avg: 120125 Min: 120116 Max: 120133 Err:     5 (100.00%) Active: 19 Started: 91 Finished: 72
2026-10-08 15:19:02,808 INFO o.a.j.r.Summariser: summary =     73 in 00:10:49 =    0.1/s Avg: 99647 Min: 23350 Max: 120158 Err:    33 (45.21%)
2026-10-08 15:19:02,808 INFO o.a.j.t.JMeterThread: Thread is done: Tickets (open model) 1-73
2026-10-08 15:19:02,808 INFO o.a.j.t.JMeterThread: Thread finished: Tickets (open model) 1-73
2026-10-08 15:19:10,576 INFO o.a.j.t.JMeterThread: Thread started: Tickets (open model) 1-92
2026-10-08 15:19:12,994 INFO o.a.j.t.JMeterThread: Thread started: Tickets (open model) 1-93
2026-10-08 15:19:14,303 INFO o.a.j.t.JMeterThread: Thread started: Tickets (open model) 1-94
2026-10-08 15:19:14,402 INFO o.a.j.t.JMeterThread: Thread is done: Tickets (open model) 1-74
2026-10-08 15:19:14,402 INFO o.a.j.t.JMeterThread: Thread finished: Tickets (open model) 1-74
2026-10-08 15:19:14,600 INFO o.a.j.t.JMeterThread: Thread is done: Tickets (open model) 1-75
2026-10-08 15:19:14,600 INFO o.a.j.t.JMeterThread: Thread finished: Tickets (open model) 1-75
2026-10-08 15:19:14,785 INFO o.a.j.t.JMeterThread: Thread is done: Tickets (open model) 1-76
2026-10-08 15:19:14,785 INFO o.a.j.t.JMeterThread: Thread finished: Tickets (open model) 1-76
2026-10-08 15:19:22,227 INFO o.a.j.t.JMeterThread: Thread is done: Tickets (open model) 1-77
2026-10-08 15:19:22,227 INFO o.a.j.t.JMeterThread: Thread finished: Tickets (open model) 1-77
2026-10-08 15:19:23,321 INFO o.a.j.t.JMeterThread: Thread is done: Tickets (open model) 1-78
2026-10-08 15:19:23,321 INFO o.a.j.t.JMeterThread: Thread finished: Tickets (open model) 1-78
2026-10-08 15:19:28,588 INFO o.a.j.t.JMeterThread: Thread started: Tickets (open model) 1-95
2026-10-08 15:19:32,293 INFO o.a.j.t.JMeterThread: Thread started: Tickets (open model) 1-96
2026-10-08 15:19:36,761 INFO o.a.j.t.JMeterThread: Thread is done: Tickets (open model) 1-79
2026-10-08 15:19:36,762 INFO o.a.j.t.JMeterThread: Thread finished: Tickets (open model) 1-79
2026-10-08 15:19:42,090 INFO o.a.j.t.JMeterThread: Thread started: Tickets (open model) 1-97
2026-10-08 15:19:43,744 INFO o.a.j.t.JMeterThread: Thread started: Tickets (open model) 1-98
2026-10-08 15:19:50,978 INFO o.a.j.t.JMeterThread: Thread is done: Tickets (open model) 1-80
2026-10-08 15:19:50,978 INFO o.a.j.t.JMeterThread: Thread finished: Tickets (open model) 1-80
2026-10-08 15:19:54,287 INFO o.a.j.t.JMeterThread: Thread started: Tickets (open model) 1-99
2026-10-08 15:20:06,691 INFO o.a.j.t.o.EvenArrivalsRamp: Generating 0 events, beginRate = 0.0 / sec, endRate = 0.0 / sec, duration = 190.0 sec
2026-10-08 15:20:06,691 INFO o.a.j.t.JMeterThread: Thread started: Tickets (open model) 1-100
2026-10-08 15:20:06,691 INFO o.a.j.t.o.OpenModelThreadGroup: There will be no more events, so will wait for 196 sec till the end of the schedule
2026-10-08 15:20:09,027 INFO o.a.j.t.JMeterThread: Thread is done: Tickets (open model) 1-81
2026-10-08 15:20:09,027 INFO o.a.j.t.JMeterThread: Thread finished: Tickets (open model) 1-81
2026-10-08 15:20:16,845 INFO o.a.j.t.JMeterThread: Thread is done: Tickets (open model) 1-82
2026-10-08 15:20:16,845 INFO o.a.j.t.JMeterThread: Thread finished: Tickets (open model) 1-82
2026-10-08 15:20:17,510 INFO o.a.j.t.JMeterThread: Thread is done: Tickets (open model) 1-83
2026-10-08 15:20:17,510 INFO o.a.j.t.JMeterThread: Thread finished: Tickets (open model) 1-83
2026-10-08 15:20:21,770 INFO o.a.j.t.JMeterThread: Thread is done: Tickets (open model) 1-84
2026-10-08 15:20:21,770 INFO o.a.j.t.JMeterThread: Thread finished: Tickets (open model) 1-84
2026-10-08 15:20:26,620 INFO o.a.j.t.JMeterThread: Thread is done: Tickets (open model) 1-85
2026-10-08 15:20:26,620 INFO o.a.j.t.JMeterThread: Thread finished: Tickets (open model) 1-85
2026-10-08 15:20:35,672 INFO o.a.j.r.Summariser: summary +     13 in 00:01:33 =    0.1/s Avg: 118978 Min: 111515 Max: 120218 Err:    11 (84.62%) Active: 15 Started: 100 Finished: 85
2026-10-08 15:20:35,673 INFO o.a.j.r.Summariser: summary =     86 in 00:12:22 =    0.1/s Avg: 102569 Min: 23350 Max: 120218 Err:    44 (51.16%)
2026-10-08 15:20:35,673 INFO o.a.j.t.JMeterThread: Thread is done: Tickets (open model) 1-86
2026-10-08 15:20:35,673 INFO o.a.j.t.JMeterThread: Thread finished: Tickets (open model) 1-86
2026-10-08 15:20:43,291 INFO o.a.j.t.JMeterThread: Thread is done: Tickets (open model) 1-87
2026-10-08 15:20:43,291 INFO o.a.j.t.JMeterThread: Thread finished: Tickets (open model) 1-87
2026-10-08 15:20:45,575 INFO o.a.j.t.JMeterThread: Thread is done: Tickets (open model) 1-88
2026-10-08 15:20:45,575 INFO o.a.j.t.JMeterThread: Thread finished: Tickets (open model) 1-88
2026-10-08 15:20:50,873 INFO o.a.j.t.JMeterThread: Thread is done: Tickets (open model) 1-89
2026-10-08 15:20:50,873 INFO o.a.j.t.JMeterThread: Thread finished: Tickets (open model) 1-89
2026-10-08 15:20:56,587 INFO o.a.j.t.JMeterThread: Thread is done: Tickets (open model) 1-90
2026-10-08 15:20:56,587 INFO o.a.j.t.JMeterThread: Thread finished: Tickets (open model) 1-90
2026-10-08 15:20:59,056 INFO o.a.j.t.JMeterThread: Thread is done: Tickets (open model) 1-91
2026-10-08 15:20:59,056 INFO o.a.j.t.JMeterThread: Thread finished: Tickets (open model) 1-91
2026-10-08 15:21:10,720 INFO o.a.j.t.JMeterThread: Thread is done: Tickets (open model) 1-92
2026-10-08 15:21:10,720 INFO o.a.j.t.JMeterThread: Thread finished: Tickets (open model) 1-92
2026-10-08 15:21:13,099 INFO o.a.j.t.JMeterThread: Thread is done: Tickets (open model) 1-93
2026-10-08 15:21:13,099 INFO o.a.j.t.JMeterThread: Thread finished: Tickets (open model) 1-93
2026-10-08 15:21:14,432 INFO o.a.j.t.JMeterThread: Thread is done: Tickets (open model) 1-94
2026-10-08 15:21:14,432 INFO o.a.j.t.JMeterThread: Thread finished: Tickets (open model) 1-94
2026-10-08 15:21:28,664 INFO o.a.j.t.JMeterThread: Thread is done: Tickets (open model) 1-95
2026-10-08 15:21:28,664 INFO o.a.j.t.JMeterThread: Thread finished: Tickets (open model) 1-95
2026-10-08 15:21:32,413 INFO o.a.j.r.Summariser: summary +     10 in 00:00:57 =    0.2/s Avg: 119951 Min: 118472 Max: 120141 Err:     9 (90.00%) Active: 5 Started: 100 Finished: 95
2026-10-08 15:21:32,414 INFO o.a.j.r.Summariser: summary =     96 in 00:13:19 =    0.1/s Avg: 104380 Min: 23350 Max: 120218 Err:    53 (55.21%)
2026-10-08 15:21:32,414 INFO o.a.j.t.JMeterThread: Thread is done: Tickets (open model) 1-96
2026-10-08 15:21:32,414 INFO o.a.j.t.JMeterThread: Thread finished: Tickets (open model) 1-96
2026-10-08 15:21:42,118 INFO o.a.j.t.JMeterThread: Thread is done: Tickets (open model) 1-97
2026-10-08 15:21:42,118 INFO o.a.j.t.JMeterThread: Thread finished: Tickets (open model) 1-97
2026-10-08 15:21:43,822 INFO o.a.j.t.JMeterThread: Thread is done: Tickets (open model) 1-98
2026-10-08 15:21:43,822 INFO o.a.j.t.JMeterThread: Thread finished: Tickets (open model) 1-98
2026-10-08 15:21:52,867 INFO o.a.j.t.JMeterThread: Thread is done: Tickets (open model) 1-99
2026-10-08 15:21:52,867 INFO o.a.j.t.JMeterThread: Thread finished: Tickets (open model) 1-99
2026-10-08 15:22:00,687 INFO o.a.j.r.Summariser: summary +      4 in 00:00:28 =    0.1/s Avg: 118167 Min: 113992 Max: 120076 Err:     2 (50.00%) Active: 1 Started: 100 Finished: 99
2026-10-08 15:22:00,688 INFO o.a.j.r.Summariser: summary =    100 in 00:13:47 =    0.1/s Avg: 104931 Min: 23350 Max: 120218 Err:    55 (55.00%)
2026-10-08 15:22:00,688 INFO o.a.j.t.JMeterThread: Thread is done: Tickets (open model) 1-100
2026-10-08 15:22:00,688 INFO o.a.j.t.JMeterThread: Thread finished: Tickets (open model) 1-100
2026-10-08 15:23:23,579 INFO o.a.j.t.o.OpenModelThreadGroup: There will be no more events, will shutdown the thread pool
2026-10-08 15:23:23,579 INFO o.a.j.t.o.OpenModelThreadGroup: Thread starting done
2026-10-08 15:23:23,579 INFO o.a.j.e.StandardJMeterEngine: Notifying test listeners of end of test
2026-10-08 15:23:23,579 INFO o.a.j.s.FileServer: Close: C:\Users\Owen\Desktop\ICT3113_Assignment_1\jmeter\data\team_narratives.tsv
2026-10-08 15:23:23,581 INFO o.a.j.r.Summariser: summary =    100 in 00:15:10 =    0.1/s Avg: 104931 Min: 23350 Max: 120218 Err:    55 (55.00%)
