2026-10-07 22:05:54,937 INFO o.a.j.u.JMeterUtils: Setting Locale to en_EN
2026-10-07 22:05:54,946 INFO o.a.j.JMeter: Loading user properties from: user.properties
2026-10-07 22:05:54,946 INFO o.a.j.JMeter: Loading system properties from: system.properties
2026-10-07 22:05:54,946 INFO o.a.j.JMeter: Loading additional properties from: C:\Users\Owen\Desktop\ICT3113_Assignment_1\jmeter\results.properties
2026-10-07 22:05:54,947 INFO o.a.j.JMeter: Setting JMeter property: host=192.168.1.170
2026-10-07 22:05:54,947 INFO o.a.j.JMeter: Setting JMeter property: port=8000
2026-10-07 22:05:54,947 INFO o.a.j.JMeter: Setting JMeter property: protocol=http
2026-10-07 22:05:54,947 INFO o.a.j.JMeter: Setting JMeter property: rate=500
2026-10-07 22:05:54,947 INFO o.a.j.JMeter: Setting JMeter property: duration_s=720
2026-10-07 22:05:54,947 INFO o.a.j.JMeter: Setting JMeter property: drain_s=190
2026-10-07 22:05:54,947 INFO o.a.j.JMeter: Setting JMeter property: search_schedule=pause(1s)
2026-10-07 22:05:54,947 INFO o.a.j.JMeter: Setting JMeter property: seed=311301
2026-10-07 22:05:54,947 INFO o.a.j.JMeter: Setting JMeter property: search_seed=311351
2026-10-07 22:05:54,947 INFO o.a.j.JMeter: Setting JMeter property: data_file=C:\Users\Owen\Desktop\ICT3113_Assignment_1\jmeter\data\team_narratives.tsv
2026-10-07 22:05:54,947 INFO o.a.j.JMeter: Setting JMeter property: search_file=C:\Users\Owen\Desktop\ICT3113_Assignment_1\jmeter\data\search_terms.txt
2026-10-07 22:05:54,947 INFO o.a.j.JMeter: Setting JMeter property: timeout_ms=180000
2026-10-07 22:05:54,952 INFO o.a.j.JMeter: Copyright (c) 1998-2024 The Apache Software Foundation
2026-10-07 22:05:54,952 INFO o.a.j.JMeter: Version 5.6.3
2026-10-07 22:05:54,952 INFO o.a.j.JMeter: java.version=1.8.0_333
2026-10-07 22:05:54,952 INFO o.a.j.JMeter: java.vm.name=Java HotSpot(TM) 64-Bit Server VM
2026-10-07 22:05:54,952 INFO o.a.j.JMeter: os.name=Windows 11
2026-10-07 22:05:54,952 INFO o.a.j.JMeter: os.arch=amd64
2026-10-07 22:05:54,952 INFO o.a.j.JMeter: os.version=10.0
2026-10-07 22:05:54,952 INFO o.a.j.JMeter: file.encoding=Cp1252
2026-10-07 22:05:54,952 INFO o.a.j.JMeter: java.awt.headless=true
2026-10-07 22:05:54,952 INFO o.a.j.JMeter: Max memory     =1073741824
2026-10-07 22:05:54,952 INFO o.a.j.JMeter: Available Processors =16
2026-10-07 22:05:54,955 INFO o.a.j.JMeter: Default Locale=English (EN)
2026-10-07 22:05:54,955 INFO o.a.j.JMeter: JMeter  Locale=English (EN)
2026-10-07 22:05:54,955 INFO o.a.j.JMeter: JMeterHome=C:\Users\Owen\Downloads\apache-jmeter-5.6.3\apache-jmeter-5.6.3
2026-10-07 22:05:54,955 INFO o.a.j.JMeter: user.dir  =C:\Users\Owen\Downloads\apache-jmeter-5.6.3\apache-jmeter-5.6.3\bin
2026-10-07 22:05:54,955 INFO o.a.j.JMeter: PWD       =C:\Users\Owen\Downloads\apache-jmeter-5.6.3\apache-jmeter-5.6.3\bin
2026-10-07 22:05:59,903 INFO o.a.j.JMeter: IP: 10.5.0.2 Name: DESKTOP-AK5RA9C FullName: DESKTOP-AK5RA9C
2026-10-07 22:05:59,914 INFO o.a.j.s.FileServer: Default base='C:\Users\Owen\Downloads\apache-jmeter-5.6.3\apache-jmeter-5.6.3\bin'
2026-10-07 22:05:59,916 INFO o.a.j.s.FileServer: Set new base='C:\Users\Owen\Desktop\ICT3113_Assignment_1\jmeter'
2026-10-07 22:05:59,996 INFO o.a.j.s.SaveService: Testplan (JMX) version: 2.2. Testlog (JTL) version: 2.2
2026-10-07 22:06:00,006 INFO o.a.j.s.SaveService: Using SaveService properties file encoding UTF-8
2026-10-07 22:06:00,009 INFO o.a.j.s.SaveService: Using SaveService properties version 5.0
2026-10-07 22:06:00,014 INFO o.a.j.s.SaveService: Loading file: C:\Users\Owen\Desktop\ICT3113_Assignment_1\jmeter\ticket_load_test.jmx
2026-10-07 22:06:00,061 INFO o.a.j.p.h.s.HTTPSamplerBase: Parser for text/html is org.apache.jmeter.protocol.http.parser.LagartoBasedHtmlParser
2026-10-07 22:06:00,061 INFO o.a.j.p.h.s.HTTPSamplerBase: Parser for application/xhtml+xml is org.apache.jmeter.protocol.http.parser.LagartoBasedHtmlParser
2026-10-07 22:06:00,061 INFO o.a.j.p.h.s.HTTPSamplerBase: Parser for application/xml is org.apache.jmeter.protocol.http.parser.LagartoBasedHtmlParser
2026-10-07 22:06:00,061 INFO o.a.j.p.h.s.HTTPSamplerBase: Parser for text/xml is org.apache.jmeter.protocol.http.parser.LagartoBasedHtmlParser
2026-10-07 22:06:00,061 INFO o.a.j.p.h.s.HTTPSamplerBase: Parser for text/vnd.wap.wml is org.apache.jmeter.protocol.http.parser.RegexpHTMLParser
2026-10-07 22:06:00,061 INFO o.a.j.p.h.s.HTTPSamplerBase: Parser for text/css is org.apache.jmeter.protocol.http.parser.CssParser
2026-10-07 22:06:00,219 INFO o.a.j.JMeter: Creating summariser <summary>
2026-10-07 22:06:00,231 INFO o.a.j.e.StandardJMeterEngine: Running the test!
2026-10-07 22:06:00,231 INFO o.a.j.s.SampleEvent: List of sample_variables: [request_id, ticket_row]
2026-10-07 22:06:00,231 INFO o.a.j.s.SampleEvent: List of sample_variables: [request_id, ticket_row]
2026-10-07 22:06:00,234 INFO o.a.j.e.u.CompoundVariable: Note: Function class names must contain the string: '.functions.'
2026-10-07 22:06:00,234 INFO o.a.j.e.u.CompoundVariable: Note: Function class names must not contain the string: '.gui.'
2026-10-07 22:06:00,408 INFO o.a.j.JMeter: Running test (1791381960408)
2026-10-07 22:06:00,435 INFO o.a.j.e.StandardJMeterEngine: Starting ThreadGroup: 1 : Tickets (open model)
2026-10-07 22:06:00,435 INFO o.a.j.e.StandardJMeterEngine: Starting 0 threads for group Tickets (open model).
2026-10-07 22:06:00,435 INFO o.a.j.e.StandardJMeterEngine: Thread will continue on error
2026-10-07 22:06:00,435 INFO o.a.j.t.o.OpenModelThreadGroup: Starting OpenModelThreadGroup#1 with schedule rate(500/hour) random_arrivals(720 s) pause(190 s)
2026-10-07 22:06:00,467 INFO o.a.j.e.StandardJMeterEngine: Starting ThreadGroup: 2 : Searches (open model)
2026-10-07 22:06:00,467 INFO o.a.j.e.StandardJMeterEngine: Starting 0 threads for group Searches (open model).
2026-10-07 22:06:00,467 INFO o.a.j.e.StandardJMeterEngine: Thread will continue on error
2026-10-07 22:06:00,467 INFO o.a.j.t.o.OpenModelThreadGroup: Starting OpenModelThreadGroup#2 with schedule pause(1s)
2026-10-07 22:06:00,467 INFO o.a.j.t.o.OpenModelThreadGroup: Thread starting init
2026-10-07 22:06:00,467 INFO o.a.j.e.StandardJMeterEngine: All thread groups have been started
2026-10-07 22:06:00,468 INFO o.a.j.t.o.OpenModelThreadGroup: Thread starting init
2026-10-07 22:06:00,469 INFO o.a.j.t.o.EvenArrivalsRamp: Generating 0 events, beginRate = 0.0 / sec, endRate = 0.0 / sec, duration = 1.0 sec
2026-10-07 22:06:00,469 INFO o.a.j.t.o.OpenModelThreadGroup: There will be no more events, so will wait for 0 sec till the end of the schedule
2026-10-07 22:06:00,471 INFO o.a.j.t.o.PoissonArrivalsRamp: Generating 100 events, beginRate = 0.1388888888888889 / sec, endRate = 0.1388888888888889 / sec, duration = 720.0 sec
2026-10-07 22:06:01,233 INFO o.a.j.t.o.OpenModelThreadGroup: There will be no more events, will shutdown the thread pool
2026-10-07 22:06:01,233 INFO o.a.j.t.o.OpenModelThreadGroup: Thread starting done
2026-10-07 22:06:22,280 INFO o.a.j.t.JMeterThread: Thread started: Tickets (open model) 1-1
2026-10-07 22:06:22,281 INFO o.a.j.s.FileServer: Stored: C:\Users\Owen\Desktop\ICT3113_Assignment_1\jmeter\data\team_narratives.tsv
2026-10-07 22:06:22,301 INFO o.a.j.p.h.s.HTTPHCAbstractImpl: Local host = DESKTOP-AK5RA9C
2026-10-07 22:06:22,305 INFO o.a.j.p.h.s.HTTPHC4Impl: HTTP request retry count = 0
2026-10-07 22:06:22,306 INFO o.a.j.s.SampleResult: Note: Sample TimeStamps are START times
2026-10-07 22:06:22,306 INFO o.a.j.s.SampleResult: sampleresult.default.encoding is set to UTF-8
2026-10-07 22:06:22,306 INFO o.a.j.s.SampleResult: sampleresult.useNanoTime=true
2026-10-07 22:06:22,306 INFO o.a.j.s.SampleResult: sampleresult.nanoThreadSleep=5000
2026-10-07 22:06:37,391 INFO o.a.j.t.JMeterThread: Thread is done: Tickets (open model) 1-1
2026-10-07 22:06:37,391 INFO o.a.j.t.JMeterThread: Thread finished: Tickets (open model) 1-1
2026-10-07 22:06:47,159 INFO o.a.j.t.JMeterThread: Thread started: Tickets (open model) 1-2
2026-10-07 22:06:52,225 INFO o.a.j.t.JMeterThread: Thread is done: Tickets (open model) 1-2
2026-10-07 22:06:52,225 INFO o.a.j.t.JMeterThread: Thread finished: Tickets (open model) 1-2
2026-10-07 22:06:55,627 INFO o.a.j.t.JMeterThread: Thread started: Tickets (open model) 1-3
2026-10-07 22:07:03,760 INFO o.a.j.r.Summariser: summary +      3 in 00:01:03 =    0.0/s Avg:  9412 Min:  5064 Max: 15042 Err:     0 (0.00%) Active: 1 Started: 3 Finished: 2
2026-10-07 22:07:03,760 INFO o.a.j.t.JMeterThread: Thread is done: Tickets (open model) 1-3
2026-10-07 22:07:03,760 INFO o.a.j.t.JMeterThread: Thread finished: Tickets (open model) 1-3
2026-10-07 22:07:17,155 INFO o.a.j.t.JMeterThread: Thread started: Tickets (open model) 1-4
2026-10-07 22:07:18,505 INFO o.a.j.t.JMeterThread: Thread started: Tickets (open model) 1-5
2026-10-07 22:07:22,234 INFO o.a.j.t.JMeterThread: Thread started: Tickets (open model) 1-6
2026-10-07 22:07:23,944 INFO o.a.j.t.JMeterThread: Thread started: Tickets (open model) 1-7
2026-10-07 22:07:26,586 INFO o.a.j.t.JMeterThread: Thread is done: Tickets (open model) 1-4
2026-10-07 22:07:26,586 INFO o.a.j.t.JMeterThread: Thread finished: Tickets (open model) 1-4
2026-10-07 22:07:30,149 INFO o.a.j.r.Summariser: summary +      2 in 00:00:26 =    0.1/s Avg: 10536 Min:  9430 Max: 11642 Err:     0 (0.00%) Active: 3 Started: 7 Finished: 4
2026-10-07 22:07:30,150 INFO o.a.j.r.Summariser: summary =      5 in 00:01:30 =    0.1/s Avg:  9861 Min:  5064 Max: 15042 Err:     0 (0.00%)
2026-10-07 22:07:30,150 INFO o.a.j.t.JMeterThread: Thread is done: Tickets (open model) 1-5
2026-10-07 22:07:30,150 INFO o.a.j.t.JMeterThread: Thread finished: Tickets (open model) 1-5
2026-10-07 22:07:32,702 INFO o.a.j.t.JMeterThread: Thread started: Tickets (open model) 1-8
2026-10-07 22:07:34,500 INFO o.a.j.t.JMeterThread: Thread is done: Tickets (open model) 1-6
2026-10-07 22:07:34,500 INFO o.a.j.t.JMeterThread: Thread finished: Tickets (open model) 1-6
2026-10-07 22:07:40,998 INFO o.a.j.t.JMeterThread: Thread is done: Tickets (open model) 1-7
2026-10-07 22:07:40,998 INFO o.a.j.t.JMeterThread: Thread finished: Tickets (open model) 1-7
2026-10-07 22:07:43,147 INFO o.a.j.t.JMeterThread: Thread started: Tickets (open model) 1-9
2026-10-07 22:07:44,744 INFO o.a.j.t.JMeterThread: Thread started: Tickets (open model) 1-10
2026-10-07 22:07:45,308 INFO o.a.j.t.JMeterThread: Thread is done: Tickets (open model) 1-8
2026-10-07 22:07:45,308 INFO o.a.j.t.JMeterThread: Thread finished: Tickets (open model) 1-8
2026-10-07 22:07:50,229 INFO o.a.j.t.JMeterThread: Thread is done: Tickets (open model) 1-9
2026-10-07 22:07:50,229 INFO o.a.j.t.JMeterThread: Thread finished: Tickets (open model) 1-9
2026-10-07 22:07:51,476 INFO o.a.j.t.JMeterThread: Thread started: Tickets (open model) 1-11
2026-10-07 22:07:54,928 INFO o.a.j.t.JMeterThread: Thread is done: Tickets (open model) 1-10
2026-10-07 22:07:54,928 INFO o.a.j.t.JMeterThread: Thread finished: Tickets (open model) 1-10
2026-10-07 22:07:56,567 INFO o.a.j.t.JMeterThread: Thread started: Tickets (open model) 1-12
2026-10-07 22:08:05,734 INFO o.a.j.r.Summariser: summary +      6 in 00:00:36 =    0.2/s Avg: 12240 Min:  7081 Max: 17052 Err:     0 (0.00%) Active: 2 Started: 12 Finished: 10
2026-10-07 22:08:05,735 INFO o.a.j.r.Summariser: summary =     11 in 00:02:05 =    0.1/s Avg: 11159 Min:  5064 Max: 17052 Err:     0 (0.00%)
2026-10-07 22:08:05,735 INFO o.a.j.t.JMeterThread: Thread is done: Tickets (open model) 1-11
2026-10-07 22:08:05,735 INFO o.a.j.t.JMeterThread: Thread finished: Tickets (open model) 1-11
2026-10-07 22:08:08,960 INFO o.a.j.t.JMeterThread: Thread is done: Tickets (open model) 1-12
2026-10-07 22:08:08,960 INFO o.a.j.t.JMeterThread: Thread finished: Tickets (open model) 1-12
2026-10-07 22:08:11,174 INFO o.a.j.t.JMeterThread: Thread started: Tickets (open model) 1-13
2026-10-07 22:08:15,195 INFO o.a.j.t.JMeterThread: Thread is done: Tickets (open model) 1-13
2026-10-07 22:08:15,195 INFO o.a.j.t.JMeterThread: Thread finished: Tickets (open model) 1-13
2026-10-07 22:08:15,812 INFO o.a.j.t.JMeterThread: Thread started: Tickets (open model) 1-14
2026-10-07 22:08:19,156 INFO o.a.j.t.JMeterThread: Thread is done: Tickets (open model) 1-14
2026-10-07 22:08:19,156 INFO o.a.j.t.JMeterThread: Thread finished: Tickets (open model) 1-14
2026-10-07 22:08:25,241 INFO o.a.j.t.JMeterThread: Thread started: Tickets (open model) 1-15
2026-10-07 22:08:28,608 INFO o.a.j.t.JMeterThread: Thread started: Tickets (open model) 1-16
2026-10-07 22:08:29,128 INFO o.a.j.t.JMeterThread: Thread started: Tickets (open model) 1-17
2026-10-07 22:08:31,230 INFO o.a.j.r.Summariser: summary +      4 in 00:00:25 =    0.2/s Avg:  6436 Min:  3343 Max: 12394 Err:     0 (0.00%) Active: 3 Started: 17 Finished: 14
2026-10-07 22:08:31,231 INFO o.a.j.r.Summariser: summary =     15 in 00:02:31 =    0.1/s Avg:  9899 Min:  3343 Max: 17052 Err:     0 (0.00%)
2026-10-07 22:08:31,231 INFO o.a.j.t.JMeterThread: Thread is done: Tickets (open model) 1-15
2026-10-07 22:08:31,231 INFO o.a.j.t.JMeterThread: Thread finished: Tickets (open model) 1-15
2026-10-07 22:08:38,164 INFO o.a.j.t.JMeterThread: Thread is done: Tickets (open model) 1-16
2026-10-07 22:08:38,164 INFO o.a.j.t.JMeterThread: Thread finished: Tickets (open model) 1-16
2026-10-07 22:08:42,297 INFO o.a.j.t.JMeterThread: Thread is done: Tickets (open model) 1-17
2026-10-07 22:08:42,297 INFO o.a.j.t.JMeterThread: Thread finished: Tickets (open model) 1-17
2026-10-07 22:08:51,791 INFO o.a.j.t.JMeterThread: Thread started: Tickets (open model) 1-18
2026-10-07 22:08:56,045 INFO o.a.j.t.JMeterThread: Thread is done: Tickets (open model) 1-18
2026-10-07 22:08:56,045 INFO o.a.j.t.JMeterThread: Thread finished: Tickets (open model) 1-18
2026-10-07 22:08:56,515 INFO o.a.j.t.JMeterThread: Thread started: Tickets (open model) 1-19
2026-10-07 22:08:59,150 INFO o.a.j.t.JMeterThread: Thread started: Tickets (open model) 1-20
2026-10-07 22:09:00,893 INFO o.a.j.r.Summariser: summary +      4 in 00:00:30 =    0.1/s Avg:  7837 Min:  4253 Max: 13168 Err:     0 (0.00%) Active: 2 Started: 20 Finished: 18
2026-10-07 22:09:00,893 INFO o.a.j.r.Summariser: summary =     19 in 00:03:00 =    0.1/s Avg:  9465 Min:  3343 Max: 17052 Err:     0 (0.00%)
2026-10-07 22:09:00,894 INFO o.a.j.t.JMeterThread: Thread is done: Tickets (open model) 1-19
2026-10-07 22:09:00,894 INFO o.a.j.t.JMeterThread: Thread finished: Tickets (open model) 1-19
2026-10-07 22:09:06,757 INFO o.a.j.t.JMeterThread: Thread is done: Tickets (open model) 1-20
2026-10-07 22:09:06,757 INFO o.a.j.t.JMeterThread: Thread finished: Tickets (open model) 1-20
2026-10-07 22:09:09,476 INFO o.a.j.t.JMeterThread: Thread started: Tickets (open model) 1-21
2026-10-07 22:09:11,314 INFO o.a.j.t.JMeterThread: Thread started: Tickets (open model) 1-22
2026-10-07 22:09:13,100 INFO o.a.j.t.JMeterThread: Thread is done: Tickets (open model) 1-21
2026-10-07 22:09:13,101 INFO o.a.j.t.JMeterThread: Thread finished: Tickets (open model) 1-21
2026-10-07 22:09:18,409 INFO o.a.j.t.JMeterThread: Thread started: Tickets (open model) 1-23
2026-10-07 22:09:21,917 INFO o.a.j.t.JMeterThread: Thread is done: Tickets (open model) 1-22
2026-10-07 22:09:21,917 INFO o.a.j.t.JMeterThread: Thread finished: Tickets (open model) 1-22
2026-10-07 22:09:26,390 INFO o.a.j.t.JMeterThread: Thread is done: Tickets (open model) 1-23
2026-10-07 22:09:26,390 INFO o.a.j.t.JMeterThread: Thread finished: Tickets (open model) 1-23
2026-10-07 22:09:32,746 INFO o.a.j.t.JMeterThread: Thread started: Tickets (open model) 1-24
2026-10-07 22:09:37,159 INFO o.a.j.t.JMeterThread: Thread is done: Tickets (open model) 1-24
2026-10-07 22:09:37,159 INFO o.a.j.t.JMeterThread: Thread finished: Tickets (open model) 1-24
2026-10-07 22:09:43,259 INFO o.a.j.t.JMeterThread: Thread started: Tickets (open model) 1-25
2026-10-07 22:09:49,140 INFO o.a.j.t.JMeterThread: Thread is done: Tickets (open model) 1-25
2026-10-07 22:09:49,141 INFO o.a.j.t.JMeterThread: Thread finished: Tickets (open model) 1-25
2026-10-07 22:09:49,636 INFO o.a.j.t.JMeterThread: Thread started: Tickets (open model) 1-26
2026-10-07 22:09:52,030 INFO o.a.j.t.JMeterThread: Thread started: Tickets (open model) 1-27
2026-10-07 22:09:58,264 INFO o.a.j.t.JMeterThread: Thread is done: Tickets (open model) 1-26
2026-10-07 22:09:58,264 INFO o.a.j.t.JMeterThread: Thread finished: Tickets (open model) 1-26
2026-10-07 22:10:03,482 INFO o.a.j.t.JMeterThread: Thread started: Tickets (open model) 1-28
2026-10-07 22:10:05,510 INFO o.a.j.r.Summariser: summary +      8 in 00:01:05 =    0.1/s Avg:  7776 Min:  3623 Max: 13480 Err:     0 (0.00%) Active: 2 Started: 28 Finished: 26
2026-10-07 22:10:05,511 INFO o.a.j.r.Summariser: summary =     27 in 00:04:05 =    0.1/s Avg:  8965 Min:  3343 Max: 17052 Err:     0 (0.00%)
2026-10-07 22:10:05,511 INFO o.a.j.t.JMeterThread: Thread is done: Tickets (open model) 1-27
2026-10-07 22:10:05,511 INFO o.a.j.t.JMeterThread: Thread finished: Tickets (open model) 1-27
2026-10-07 22:10:06,435 INFO o.a.j.t.JMeterThread: Thread started: Tickets (open model) 1-29
2026-10-07 22:10:08,432 INFO o.a.j.t.JMeterThread: Thread started: Tickets (open model) 1-30
2026-10-07 22:10:13,438 INFO o.a.j.t.JMeterThread: Thread is done: Tickets (open model) 1-28
2026-10-07 22:10:13,438 INFO o.a.j.t.JMeterThread: Thread finished: Tickets (open model) 1-28
2026-10-07 22:10:18,434 INFO o.a.j.t.JMeterThread: Thread is done: Tickets (open model) 1-29
2026-10-07 22:10:18,434 INFO o.a.j.t.JMeterThread: Thread finished: Tickets (open model) 1-29
2026-10-07 22:10:29,577 INFO o.a.j.t.JMeterThread: Thread is done: Tickets (open model) 1-30
2026-10-07 22:10:29,577 INFO o.a.j.t.JMeterThread: Thread finished: Tickets (open model) 1-30
2026-10-07 22:10:40,877 INFO o.a.j.t.JMeterThread: Thread started: Tickets (open model) 1-31
2026-10-07 22:10:44,319 INFO o.a.j.t.JMeterThread: Thread started: Tickets (open model) 1-32
2026-10-07 22:10:44,841 INFO o.a.j.t.JMeterThread: Thread is done: Tickets (open model) 1-31
2026-10-07 22:10:44,841 INFO o.a.j.t.JMeterThread: Thread finished: Tickets (open model) 1-31
2026-10-07 22:10:45,774 INFO o.a.j.t.JMeterThread: Thread started: Tickets (open model) 1-33
2026-10-07 22:10:46,927 INFO o.a.j.t.JMeterThread: Thread started: Tickets (open model) 1-34
2026-10-07 22:10:52,291 INFO o.a.j.t.JMeterThread: Thread is done: Tickets (open model) 1-32
2026-10-07 22:10:52,291 INFO o.a.j.t.JMeterThread: Thread finished: Tickets (open model) 1-32
2026-10-07 22:10:59,004 INFO o.a.j.t.JMeterThread: Thread started: Tickets (open model) 1-35
2026-10-07 22:11:00,763 INFO o.a.j.r.Summariser: summary +      6 in 00:00:55 =    0.1/s Avg: 11669 Min:  3963 Max: 21144 Err:     0 (0.00%) Active: 3 Started: 35 Finished: 32
2026-10-07 22:11:00,763 INFO o.a.j.r.Summariser: summary =     33 in 00:05:00 =    0.1/s Avg:  9456 Min:  3343 Max: 21144 Err:     0 (0.00%)
2026-10-07 22:11:00,763 INFO o.a.j.t.JMeterThread: Thread is done: Tickets (open model) 1-33
2026-10-07 22:11:00,764 INFO o.a.j.t.JMeterThread: Thread finished: Tickets (open model) 1-33
2026-10-07 22:11:07,103 INFO o.a.j.t.JMeterThread: Thread is done: Tickets (open model) 1-34
2026-10-07 22:11:07,103 INFO o.a.j.t.JMeterThread: Thread finished: Tickets (open model) 1-34
2026-10-07 22:11:11,078 INFO o.a.j.t.JMeterThread: Thread is done: Tickets (open model) 1-35
2026-10-07 22:11:11,078 INFO o.a.j.t.JMeterThread: Thread finished: Tickets (open model) 1-35
2026-10-07 22:11:17,023 INFO o.a.j.t.JMeterThread: Thread started: Tickets (open model) 1-36
2026-10-07 22:11:26,455 INFO o.a.j.t.JMeterThread: Thread is done: Tickets (open model) 1-36
2026-10-07 22:11:26,455 INFO o.a.j.t.JMeterThread: Thread finished: Tickets (open model) 1-36
2026-10-07 22:11:38,030 INFO o.a.j.t.JMeterThread: Thread started: Tickets (open model) 1-37
2026-10-07 22:11:38,225 INFO o.a.j.t.JMeterThread: Thread started: Tickets (open model) 1-38
2026-10-07 22:11:41,415 INFO o.a.j.t.JMeterThread: Thread is done: Tickets (open model) 1-37
2026-10-07 22:11:41,415 INFO o.a.j.t.JMeterThread: Thread finished: Tickets (open model) 1-37
2026-10-07 22:11:45,153 INFO o.a.j.t.JMeterThread: Thread is done: Tickets (open model) 1-38
2026-10-07 22:11:45,153 INFO o.a.j.t.JMeterThread: Thread finished: Tickets (open model) 1-38
2026-10-07 22:11:49,447 INFO o.a.j.t.JMeterThread: Thread started: Tickets (open model) 1-39
2026-10-07 22:11:58,757 INFO o.a.j.t.JMeterThread: Thread started: Tickets (open model) 1-40
2026-10-07 22:11:59,417 INFO o.a.j.t.JMeterThread: Thread is done: Tickets (open model) 1-39
2026-10-07 22:11:59,417 INFO o.a.j.t.JMeterThread: Thread finished: Tickets (open model) 1-39
2026-10-07 22:12:00,022 INFO o.a.j.t.JMeterThread: Thread started: Tickets (open model) 1-41
2026-10-07 22:12:05,363 INFO o.a.j.r.Summariser: summary +      7 in 00:01:05 =    0.1/s Avg:  9794 Min:  3384 Max: 20175 Err:     0 (0.00%) Active: 2 Started: 41 Finished: 39
2026-10-07 22:12:05,364 INFO o.a.j.r.Summariser: summary =     40 in 00:06:05 =    0.1/s Avg:  9515 Min:  3343 Max: 21144 Err:     0 (0.00%)
2026-10-07 22:12:05,364 INFO o.a.j.t.JMeterThread: Thread is done: Tickets (open model) 1-40
2026-10-07 22:12:05,364 INFO o.a.j.t.JMeterThread: Thread finished: Tickets (open model) 1-40
2026-10-07 22:12:15,674 INFO o.a.j.t.JMeterThread: Thread is done: Tickets (open model) 1-41
2026-10-07 22:12:15,674 INFO o.a.j.t.JMeterThread: Thread finished: Tickets (open model) 1-41
2026-10-07 22:12:22,762 INFO o.a.j.t.JMeterThread: Thread started: Tickets (open model) 1-42
2026-10-07 22:12:25,275 INFO o.a.j.t.JMeterThread: Thread started: Tickets (open model) 1-43
2026-10-07 22:12:27,012 INFO o.a.j.t.JMeterThread: Thread is done: Tickets (open model) 1-42
2026-10-07 22:12:27,013 INFO o.a.j.t.JMeterThread: Thread finished: Tickets (open model) 1-42
2026-10-07 22:12:28,729 INFO o.a.j.t.JMeterThread: Thread started: Tickets (open model) 1-44
2026-10-07 22:12:36,537 INFO o.a.j.t.JMeterThread: Thread is done: Tickets (open model) 1-43
2026-10-07 22:12:36,537 INFO o.a.j.t.JMeterThread: Thread finished: Tickets (open model) 1-43
2026-10-07 22:12:40,863 INFO o.a.j.t.JMeterThread: Thread started: Tickets (open model) 1-45
2026-10-07 22:12:41,240 INFO o.a.j.t.JMeterThread: Thread is done: Tickets (open model) 1-44
2026-10-07 22:12:41,240 INFO o.a.j.t.JMeterThread: Thread finished: Tickets (open model) 1-44
2026-10-07 22:12:43,461 INFO o.a.j.t.JMeterThread: Thread started: Tickets (open model) 1-46
2026-10-07 22:12:44,657 INFO o.a.j.t.JMeterThread: Thread started: Tickets (open model) 1-47
2026-10-07 22:12:46,924 INFO o.a.j.t.JMeterThread: Thread is done: Tickets (open model) 1-45
2026-10-07 22:12:46,924 INFO o.a.j.t.JMeterThread: Thread finished: Tickets (open model) 1-45
2026-10-07 22:12:52,885 INFO o.a.j.t.JMeterThread: Thread is done: Tickets (open model) 1-46
2026-10-07 22:12:52,885 INFO o.a.j.t.JMeterThread: Thread finished: Tickets (open model) 1-46
2026-10-07 22:12:53,427 INFO o.a.j.t.JMeterThread: Thread started: Tickets (open model) 1-48
2026-10-07 22:12:58,294 INFO o.a.j.t.JMeterThread: Thread started: Tickets (open model) 1-49
2026-10-07 22:13:01,078 INFO o.a.j.r.Summariser: summary +      7 in 00:00:56 =    0.1/s Avg: 10796 Min:  4249 Max: 16419 Err:     0 (0.00%) Active: 3 Started: 49 Finished: 46
2026-10-07 22:13:01,078 INFO o.a.j.r.Summariser: summary =     47 in 00:07:01 =    0.1/s Avg:  9706 Min:  3343 Max: 21144 Err:     0 (0.00%)
2026-10-07 22:13:01,078 INFO o.a.j.t.JMeterThread: Thread is done: Tickets (open model) 1-47
2026-10-07 22:13:01,078 INFO o.a.j.t.JMeterThread: Thread finished: Tickets (open model) 1-47
2026-10-07 22:13:01,122 INFO o.a.j.t.JMeterThread: Thread started: Tickets (open model) 1-50
2026-10-07 22:13:01,638 INFO o.a.j.t.JMeterThread: Thread started: Tickets (open model) 1-51
2026-10-07 22:13:03,534 INFO o.a.j.t.JMeterThread: Thread started: Tickets (open model) 1-52
2026-10-07 22:13:04,363 INFO o.a.j.t.JMeterThread: Thread started: Tickets (open model) 1-53
2026-10-07 22:13:07,524 INFO o.a.j.t.JMeterThread: Thread started: Tickets (open model) 1-54
2026-10-07 22:13:09,673 INFO o.a.j.t.JMeterThread: Thread started: Tickets (open model) 1-55
2026-10-07 22:13:11,955 INFO o.a.j.t.JMeterThread: Thread started: Tickets (open model) 1-56
2026-10-07 22:13:12,503 INFO o.a.j.t.JMeterThread: Thread is done: Tickets (open model) 1-48
2026-10-07 22:13:12,503 INFO o.a.j.t.JMeterThread: Thread finished: Tickets (open model) 1-48
2026-10-07 22:13:24,108 INFO o.a.j.t.JMeterThread: Thread is done: Tickets (open model) 1-49
2026-10-07 22:13:24,108 INFO o.a.j.t.JMeterThread: Thread finished: Tickets (open model) 1-49
2026-10-07 22:13:32,657 INFO o.a.j.t.JMeterThread: Thread started: Tickets (open model) 1-57
2026-10-07 22:13:33,855 INFO o.a.j.r.Summariser: summary +      3 in 00:00:33 =    0.1/s Avg: 25873 Min: 19074 Max: 32733 Err:     0 (0.00%) Active: 8 Started: 57 Finished: 49
2026-10-07 22:13:33,856 INFO o.a.j.r.Summariser: summary =     50 in 00:07:33 =    0.1/s Avg: 10676 Min:  3343 Max: 32733 Err:     0 (0.00%)
2026-10-07 22:13:33,856 INFO o.a.j.t.JMeterThread: Thread is done: Tickets (open model) 1-50
2026-10-07 22:13:33,856 INFO o.a.j.t.JMeterThread: Thread finished: Tickets (open model) 1-50
2026-10-07 22:13:37,932 INFO o.a.j.t.JMeterThread: Thread is done: Tickets (open model) 1-51
2026-10-07 22:13:37,932 INFO o.a.j.t.JMeterThread: Thread finished: Tickets (open model) 1-51
2026-10-07 22:13:38,882 INFO o.a.j.t.JMeterThread: Thread started: Tickets (open model) 1-58
2026-10-07 22:13:42,474 INFO o.a.j.t.JMeterThread: Thread is done: Tickets (open model) 1-52
2026-10-07 22:13:42,474 INFO o.a.j.t.JMeterThread: Thread finished: Tickets (open model) 1-52
2026-10-07 22:13:46,246 INFO o.a.j.t.JMeterThread: Thread is done: Tickets (open model) 1-53
2026-10-07 22:13:46,246 INFO o.a.j.t.JMeterThread: Thread finished: Tickets (open model) 1-53
2026-10-07 22:13:50,305 INFO o.a.j.t.JMeterThread: Thread is done: Tickets (open model) 1-54
2026-10-07 22:13:50,305 INFO o.a.j.t.JMeterThread: Thread finished: Tickets (open model) 1-54
2026-10-07 22:13:50,639 INFO o.a.j.t.JMeterThread: Thread started: Tickets (open model) 1-59
2026-10-07 22:13:51,114 INFO o.a.j.t.JMeterThread: Thread started: Tickets (open model) 1-60
2026-10-07 22:13:53,722 INFO o.a.j.t.JMeterThread: Thread is done: Tickets (open model) 1-55
2026-10-07 22:13:53,722 INFO o.a.j.t.JMeterThread: Thread finished: Tickets (open model) 1-55
2026-10-07 22:13:54,334 INFO o.a.j.t.JMeterThread: Thread started: Tickets (open model) 1-61
2026-10-07 22:14:01,277 INFO o.a.j.r.Summariser: summary +      6 in 00:00:27 =    0.2/s Avg: 42210 Min: 36292 Max: 49321 Err:     0 (0.00%) Active: 6 Started: 61 Finished: 55
2026-10-07 22:14:01,277 INFO o.a.j.r.Summariser: summary =     56 in 00:08:01 =    0.1/s Avg: 14055 Min:  3343 Max: 49321 Err:     0 (0.00%)
2026-10-07 22:14:01,277 INFO o.a.j.t.JMeterThread: Thread is done: Tickets (open model) 1-56
2026-10-07 22:14:01,277 INFO o.a.j.t.JMeterThread: Thread finished: Tickets (open model) 1-56
2026-10-07 22:14:07,580 INFO o.a.j.t.JMeterThread: Thread is done: Tickets (open model) 1-57
2026-10-07 22:14:07,581 INFO o.a.j.t.JMeterThread: Thread finished: Tickets (open model) 1-57
2026-10-07 22:14:07,626 INFO o.a.j.t.JMeterThread: Thread started: Tickets (open model) 1-62
2026-10-07 22:14:12,950 INFO o.a.j.t.JMeterThread: Thread started: Tickets (open model) 1-63
2026-10-07 22:14:19,431 INFO o.a.j.t.JMeterThread: Thread is done: Tickets (open model) 1-58
2026-10-07 22:14:19,431 INFO o.a.j.t.JMeterThread: Thread finished: Tickets (open model) 1-58
2026-10-07 22:14:28,325 INFO o.a.j.t.JMeterThread: Thread started: Tickets (open model) 1-64
2026-10-07 22:14:30,063 INFO o.a.j.r.Summariser: summary +      3 in 00:00:29 =    0.1/s Avg: 38298 Min: 34922 Max: 40548 Err:     0 (0.00%) Active: 6 Started: 64 Finished: 58
2026-10-07 22:14:30,064 INFO o.a.j.r.Summariser: summary =     59 in 00:08:30 =    0.1/s Avg: 15287 Min:  3343 Max: 49321 Err:     0 (0.00%)
2026-10-07 22:14:30,064 INFO o.a.j.t.JMeterThread: Thread is done: Tickets (open model) 1-59
2026-10-07 22:14:30,064 INFO o.a.j.t.JMeterThread: Thread finished: Tickets (open model) 1-59
2026-10-07 22:14:35,693 INFO o.a.j.t.JMeterThread: Thread is done: Tickets (open model) 1-60
2026-10-07 22:14:35,693 INFO o.a.j.t.JMeterThread: Thread finished: Tickets (open model) 1-60
2026-10-07 22:14:42,241 INFO o.a.j.t.JMeterThread: Thread is done: Tickets (open model) 1-61
2026-10-07 22:14:42,242 INFO o.a.j.t.JMeterThread: Thread finished: Tickets (open model) 1-61
2026-10-07 22:14:45,872 INFO o.a.j.t.JMeterThread: Thread is done: Tickets (open model) 1-62
2026-10-07 22:14:45,872 INFO o.a.j.t.JMeterThread: Thread finished: Tickets (open model) 1-62
2026-10-07 22:14:49,126 INFO o.a.j.t.JMeterThread: Thread started: Tickets (open model) 1-65
2026-10-07 22:14:51,843 INFO o.a.j.t.JMeterThread: Thread started: Tickets (open model) 1-66
2026-10-07 22:14:51,915 INFO o.a.j.t.JMeterThread: Thread is done: Tickets (open model) 1-63
2026-10-07 22:14:51,915 INFO o.a.j.t.JMeterThread: Thread finished: Tickets (open model) 1-63
2026-10-07 22:14:56,533 INFO o.a.j.t.JMeterThread: Thread is done: Tickets (open model) 1-64
2026-10-07 22:14:56,533 INFO o.a.j.t.JMeterThread: Thread finished: Tickets (open model) 1-64
2026-10-07 22:14:58,663 INFO o.a.j.t.JMeterThread: Thread started: Tickets (open model) 1-67
2026-10-07 22:15:02,940 INFO o.a.j.r.Summariser: summary +      6 in 00:00:33 =    0.2/s Avg: 35286 Min: 13813 Max: 47908 Err:     0 (0.00%) Active: 3 Started: 67 Finished: 64
2026-10-07 22:15:02,941 INFO o.a.j.r.Summariser: summary =     65 in 00:09:03 =    0.1/s Avg: 17133 Min:  3343 Max: 49321 Err:     0 (0.00%)
2026-10-07 22:15:02,941 INFO o.a.j.t.JMeterThread: Thread is done: Tickets (open model) 1-65
2026-10-07 22:15:02,941 INFO o.a.j.t.JMeterThread: Thread finished: Tickets (open model) 1-65
2026-10-07 22:15:05,119 INFO o.a.j.t.JMeterThread: Thread started: Tickets (open model) 1-68
2026-10-07 22:15:05,768 INFO o.a.j.t.JMeterThread: Thread started: Tickets (open model) 1-69
2026-10-07 22:15:06,104 INFO o.a.j.t.JMeterThread: Thread started: Tickets (open model) 1-70
2026-10-07 22:15:09,211 INFO o.a.j.t.JMeterThread: Thread started: Tickets (open model) 1-71
2026-10-07 22:15:10,871 INFO o.a.j.t.JMeterThread: Thread is done: Tickets (open model) 1-66
2026-10-07 22:15:10,871 INFO o.a.j.t.JMeterThread: Thread finished: Tickets (open model) 1-66
2026-10-07 22:15:21,788 INFO o.a.j.t.JMeterThread: Thread is done: Tickets (open model) 1-67
2026-10-07 22:15:21,788 INFO o.a.j.t.JMeterThread: Thread finished: Tickets (open model) 1-67
2026-10-07 22:15:22,847 INFO o.a.j.t.JMeterThread: Thread started: Tickets (open model) 1-72
2026-10-07 22:15:30,582 INFO o.a.j.r.Summariser: summary +      3 in 00:00:28 =    0.1/s Avg: 22538 Min: 19027 Max: 25463 Err:     0 (0.00%) Active: 5 Started: 72 Finished: 67
2026-10-07 22:15:30,584 INFO o.a.j.r.Summariser: summary =     68 in 00:09:30 =    0.1/s Avg: 17372 Min:  3343 Max: 49321 Err:     0 (0.00%)
2026-10-07 22:15:30,584 INFO o.a.j.t.JMeterThread: Thread is done: Tickets (open model) 1-68
2026-10-07 22:15:30,584 INFO o.a.j.t.JMeterThread: Thread finished: Tickets (open model) 1-68
2026-10-07 22:15:32,649 INFO o.a.j.t.JMeterThread: Thread started: Tickets (open model) 1-73
2026-10-07 22:15:37,351 INFO o.a.j.t.JMeterThread: Thread is done: Tickets (open model) 1-69
2026-10-07 22:15:37,351 INFO o.a.j.t.JMeterThread: Thread finished: Tickets (open model) 1-69
2026-10-07 22:15:39,033 INFO o.a.j.t.JMeterThread: Thread started: Tickets (open model) 1-74
2026-10-07 22:15:44,317 INFO o.a.j.t.JMeterThread: Thread is done: Tickets (open model) 1-70
2026-10-07 22:15:44,317 INFO o.a.j.t.JMeterThread: Thread finished: Tickets (open model) 1-70
2026-10-07 22:15:46,828 INFO o.a.j.t.JMeterThread: Thread started: Tickets (open model) 1-75
2026-10-07 22:15:49,708 INFO o.a.j.t.JMeterThread: Thread is done: Tickets (open model) 1-71
2026-10-07 22:15:49,708 INFO o.a.j.t.JMeterThread: Thread finished: Tickets (open model) 1-71
2026-10-07 22:15:54,387 INFO o.a.j.t.JMeterThread: Thread is done: Tickets (open model) 1-72
2026-10-07 22:15:54,387 INFO o.a.j.t.JMeterThread: Thread finished: Tickets (open model) 1-72
2026-10-07 22:15:54,789 INFO o.a.j.t.JMeterThread: Thread started: Tickets (open model) 1-76
2026-10-07 22:15:56,752 INFO o.a.j.t.JMeterThread: Thread started: Tickets (open model) 1-77
2026-10-07 22:15:56,970 INFO o.a.j.t.JMeterThread: Thread started: Tickets (open model) 1-78
2026-10-07 22:15:57,345 INFO o.a.j.t.JMeterThread: Thread started: Tickets (open model) 1-79
2026-10-07 22:15:59,964 INFO o.a.j.t.JMeterThread: Thread started: Tickets (open model) 1-80
2026-10-07 22:16:02,739 INFO o.a.j.r.Summariser: summary +      5 in 00:00:32 =    0.2/s Avg: 34384 Min: 30090 Max: 40496 Err:     0 (0.00%) Active: 8 Started: 80 Finished: 72
2026-10-07 22:16:02,739 INFO o.a.j.r.Summariser: summary =     73 in 00:10:02 =    0.1/s Avg: 18537 Min:  3343 Max: 49321 Err:     0 (0.00%)
2026-10-07 22:16:02,739 INFO o.a.j.t.JMeterThread: Thread is done: Tickets (open model) 1-73
2026-10-07 22:16:02,739 INFO o.a.j.t.JMeterThread: Thread finished: Tickets (open model) 1-73
2026-10-07 22:16:02,743 INFO o.a.j.t.JMeterThread: Thread started: Tickets (open model) 1-81
2026-10-07 22:16:06,185 INFO o.a.j.t.JMeterThread: Thread is done: Tickets (open model) 1-74
2026-10-07 22:16:06,185 INFO o.a.j.t.JMeterThread: Thread finished: Tickets (open model) 1-74
2026-10-07 22:16:08,063 INFO o.a.j.t.JMeterThread: Thread started: Tickets (open model) 1-82
2026-10-07 22:16:17,239 INFO o.a.j.t.JMeterThread: Thread is done: Tickets (open model) 1-75
2026-10-07 22:16:17,239 INFO o.a.j.t.JMeterThread: Thread finished: Tickets (open model) 1-75
2026-10-07 22:16:22,496 INFO o.a.j.t.JMeterThread: Thread is done: Tickets (open model) 1-76
2026-10-07 22:16:22,496 INFO o.a.j.t.JMeterThread: Thread finished: Tickets (open model) 1-76
2026-10-07 22:16:23,969 INFO o.a.j.t.JMeterThread: Thread started: Tickets (open model) 1-83
2026-10-07 22:16:24,857 INFO o.a.j.t.JMeterThread: Thread started: Tickets (open model) 1-84
2026-10-07 22:16:32,107 INFO o.a.j.t.JMeterThread: Thread started: Tickets (open model) 1-85
2026-10-07 22:16:33,943 INFO o.a.j.t.JMeterThread: Thread started: Tickets (open model) 1-86
2026-10-07 22:16:35,580 INFO o.a.j.r.Summariser: summary +      4 in 00:00:33 =    0.1/s Avg: 31023 Min: 27150 Max: 38828 Err:     0 (0.00%) Active: 10 Started: 86 Finished: 76
2026-10-07 22:16:35,580 INFO o.a.j.r.Summariser: summary =     77 in 00:10:35 =    0.1/s Avg: 19186 Min:  3343 Max: 49321 Err:     0 (0.00%)
2026-10-07 22:16:35,581 INFO o.a.j.t.JMeterThread: Thread is done: Tickets (open model) 1-77
2026-10-07 22:16:35,581 INFO o.a.j.t.JMeterThread: Thread finished: Tickets (open model) 1-77
2026-10-07 22:16:40,067 INFO o.a.j.t.JMeterThread: Thread started: Tickets (open model) 1-87
2026-10-07 22:16:40,660 INFO o.a.j.t.JMeterThread: Thread started: Tickets (open model) 1-88
2026-10-07 22:16:42,423 INFO o.a.j.t.JMeterThread: Thread is done: Tickets (open model) 1-78
2026-10-07 22:16:42,423 INFO o.a.j.t.JMeterThread: Thread finished: Tickets (open model) 1-78
2026-10-07 22:16:48,856 INFO o.a.j.t.JMeterThread: Thread is done: Tickets (open model) 1-79
2026-10-07 22:16:48,856 INFO o.a.j.t.JMeterThread: Thread finished: Tickets (open model) 1-79
2026-10-07 22:16:57,888 INFO o.a.j.t.JMeterThread: Thread started: Tickets (open model) 1-89
2026-10-07 22:16:58,403 INFO o.a.j.t.JMeterThread: Thread is done: Tickets (open model) 1-80
2026-10-07 22:16:58,403 INFO o.a.j.t.JMeterThread: Thread finished: Tickets (open model) 1-80
2026-10-07 22:17:04,069 INFO o.a.j.r.Summariser: summary +      4 in 00:00:28 =    0.1/s Avg: 54181 Min: 45452 Max: 61326 Err:     0 (0.00%) Active: 9 Started: 89 Finished: 80
2026-10-07 22:17:04,069 INFO o.a.j.r.Summariser: summary =     81 in 00:11:04 =    0.1/s Avg: 20914 Min:  3343 Max: 61326 Err:     0 (0.00%)
2026-10-07 22:17:04,070 INFO o.a.j.t.JMeterThread: Thread is done: Tickets (open model) 1-81
2026-10-07 22:17:04,070 INFO o.a.j.t.JMeterThread: Thread finished: Tickets (open model) 1-81
2026-10-07 22:17:09,666 INFO o.a.j.t.JMeterThread: Thread started: Tickets (open model) 1-90
2026-10-07 22:17:10,509 INFO o.a.j.t.JMeterThread: Thread is done: Tickets (open model) 1-82
2026-10-07 22:17:10,509 INFO o.a.j.t.JMeterThread: Thread finished: Tickets (open model) 1-82
2026-10-07 22:17:15,561 INFO o.a.j.t.JMeterThread: Thread started: Tickets (open model) 1-91
2026-10-07 22:17:21,592 INFO o.a.j.t.JMeterThread: Thread is done: Tickets (open model) 1-83
2026-10-07 22:17:21,592 INFO o.a.j.t.JMeterThread: Thread finished: Tickets (open model) 1-83
2026-10-07 22:17:21,955 INFO o.a.j.t.JMeterThread: Thread started: Tickets (open model) 1-92
2026-10-07 22:17:28,799 INFO o.a.j.t.JMeterThread: Thread is done: Tickets (open model) 1-84
2026-10-07 22:17:28,799 INFO o.a.j.t.JMeterThread: Thread finished: Tickets (open model) 1-84
2026-10-07 22:17:30,066 INFO o.a.j.t.JMeterThread: Thread started: Tickets (open model) 1-93
2026-10-07 22:17:30,578 INFO o.a.j.t.JMeterThread: Thread started: Tickets (open model) 1-94
2026-10-07 22:17:39,110 INFO o.a.j.t.JMeterThread: Thread is done: Tickets (open model) 1-85
2026-10-07 22:17:39,110 INFO o.a.j.t.JMeterThread: Thread finished: Tickets (open model) 1-85
2026-10-07 22:17:40,535 INFO o.a.j.t.JMeterThread: Thread started: Tickets (open model) 1-95
2026-10-07 22:17:40,995 INFO o.a.j.t.JMeterThread: Thread started: Tickets (open model) 1-96
2026-10-07 22:17:42,025 INFO o.a.j.t.JMeterThread: Thread started: Tickets (open model) 1-97
2026-10-07 22:17:43,452 INFO o.a.j.t.JMeterThread: Thread is done: Tickets (open model) 1-86
2026-10-07 22:17:43,452 INFO o.a.j.t.JMeterThread: Thread finished: Tickets (open model) 1-86
2026-10-07 22:17:48,194 INFO o.a.j.t.JMeterThread: Thread is done: Tickets (open model) 1-87
2026-10-07 22:17:48,194 INFO o.a.j.t.JMeterThread: Thread finished: Tickets (open model) 1-87
2026-10-07 22:17:49,688 INFO o.a.j.t.JMeterThread: Thread started: Tickets (open model) 1-98
2026-10-07 22:17:55,688 INFO o.a.j.t.JMeterThread: Thread is done: Tickets (open model) 1-88
2026-10-07 22:17:55,688 INFO o.a.j.t.JMeterThread: Thread finished: Tickets (open model) 1-88
2026-10-07 22:17:58,900 INFO o.a.j.t.JMeterThread: Thread started: Tickets (open model) 1-99
2026-10-07 22:17:59,219 INFO o.a.j.t.JMeterThread: Thread is done: Tickets (open model) 1-89
2026-10-07 22:17:59,219 INFO o.a.j.t.JMeterThread: Thread finished: Tickets (open model) 1-89
2026-10-07 22:18:00,183 INFO o.a.j.t.JMeterThread: Thread started: Tickets (open model) 1-100
2026-10-07 22:18:00,183 INFO o.a.j.t.o.EvenArrivalsRamp: Generating 0 events, beginRate = 0.0 / sec, endRate = 0.0 / sec, duration = 190.0 sec
2026-10-07 22:18:00,183 INFO o.a.j.t.o.OpenModelThreadGroup: There will be no more events, so will wait for 190 sec till the end of the schedule
2026-10-07 22:18:05,699 INFO o.a.j.r.Summariser: summary +      9 in 00:01:02 =    0.1/s Avg: 64560 Min: 56034 Max: 75028 Err:     0 (0.00%) Active: 11 Started: 100 Finished: 89
2026-10-07 22:18:05,700 INFO o.a.j.r.Summariser: summary =     90 in 00:12:05 =    0.1/s Avg: 25278 Min:  3343 Max: 75028 Err:     0 (0.00%)
2026-10-07 22:18:05,700 INFO o.a.j.t.JMeterThread: Thread is done: Tickets (open model) 1-90
2026-10-07 22:18:05,700 INFO o.a.j.t.JMeterThread: Thread finished: Tickets (open model) 1-90
2026-10-07 22:18:10,979 INFO o.a.j.t.JMeterThread: Thread is done: Tickets (open model) 1-91
2026-10-07 22:18:10,979 INFO o.a.j.t.JMeterThread: Thread finished: Tickets (open model) 1-91
2026-10-07 22:18:15,784 INFO o.a.j.t.JMeterThread: Thread is done: Tickets (open model) 1-92
2026-10-07 22:18:15,784 INFO o.a.j.t.JMeterThread: Thread finished: Tickets (open model) 1-92
2026-10-07 22:18:26,445 INFO o.a.j.t.JMeterThread: Thread is done: Tickets (open model) 1-93
2026-10-07 22:18:26,447 INFO o.a.j.t.JMeterThread: Thread finished: Tickets (open model) 1-93
2026-10-07 22:18:34,322 INFO o.a.j.r.Summariser: summary +      4 in 00:00:29 =    0.1/s Avg: 57343 Min: 53829 Max: 63746 Err:     0 (0.00%) Active: 7 Started: 100 Finished: 93
2026-10-07 22:18:34,324 INFO o.a.j.r.Summariser: summary =     94 in 00:12:34 =    0.1/s Avg: 26643 Min:  3343 Max: 75028 Err:     0 (0.00%)
2026-10-07 22:18:34,324 INFO o.a.j.t.JMeterThread: Thread is done: Tickets (open model) 1-94
2026-10-07 22:18:34,324 INFO o.a.j.t.JMeterThread: Thread finished: Tickets (open model) 1-94
2026-10-07 22:18:39,759 INFO o.a.j.t.JMeterThread: Thread is done: Tickets (open model) 1-95
2026-10-07 22:18:39,759 INFO o.a.j.t.JMeterThread: Thread finished: Tickets (open model) 1-95
2026-10-07 22:18:48,715 INFO o.a.j.t.JMeterThread: Thread is done: Tickets (open model) 1-96
2026-10-07 22:18:48,715 INFO o.a.j.t.JMeterThread: Thread finished: Tickets (open model) 1-96
2026-10-07 22:18:55,448 INFO o.a.j.t.JMeterThread: Thread is done: Tickets (open model) 1-97
2026-10-07 22:18:55,448 INFO o.a.j.t.JMeterThread: Thread finished: Tickets (open model) 1-97
2026-10-07 22:18:59,481 INFO o.a.j.t.JMeterThread: Thread is done: Tickets (open model) 1-98
2026-10-07 22:18:59,481 INFO o.a.j.t.JMeterThread: Thread finished: Tickets (open model) 1-98
2026-10-07 22:19:04,095 INFO o.a.j.r.Summariser: summary +      5 in 00:00:30 =    0.2/s Avg: 67071 Min: 59226 Max: 73423 Err:     0 (0.00%) Active: 2 Started: 100 Finished: 98
2026-10-07 22:19:04,095 INFO o.a.j.r.Summariser: summary =     99 in 00:13:04 =    0.1/s Avg: 28685 Min:  3343 Max: 75028 Err:     0 (0.00%)
2026-10-07 22:19:04,095 INFO o.a.j.t.JMeterThread: Thread is done: Tickets (open model) 1-99
2026-10-07 22:19:04,095 INFO o.a.j.t.JMeterThread: Thread finished: Tickets (open model) 1-99
2026-10-07 22:19:09,305 INFO o.a.j.t.JMeterThread: Thread is done: Tickets (open model) 1-100
2026-10-07 22:19:09,305 INFO o.a.j.t.JMeterThread: Thread finished: Tickets (open model) 1-100
2026-10-07 22:21:10,229 INFO o.a.j.t.o.OpenModelThreadGroup: There will be no more events, will shutdown the thread pool
2026-10-07 22:21:10,229 INFO o.a.j.t.o.OpenModelThreadGroup: Thread starting done
2026-10-07 22:21:10,229 INFO o.a.j.e.StandardJMeterEngine: Notifying test listeners of end of test
2026-10-07 22:21:10,229 INFO o.a.j.s.FileServer: Close: C:\Users\Owen\Desktop\ICT3113_Assignment_1\jmeter\data\team_narratives.tsv
2026-10-07 22:21:10,230 INFO o.a.j.r.Summariser: summary +      1 in 00:02:06 =    0.0/s Avg: 69121 Min: 69121 Max: 69121 Err:     0 (0.00%) Active: 0 Started: 100 Finished: 100
2026-10-07 22:21:10,231 INFO o.a.j.r.Summariser: summary =    100 in 00:15:10 =    0.1/s Avg: 29089 Min:  3343 Max: 75028 Err:     0 (0.00%)
