2026-10-07 22:56:11,625 INFO o.a.j.u.JMeterUtils: Setting Locale to en_EN
2026-10-07 22:56:11,633 INFO o.a.j.JMeter: Loading user properties from: user.properties
2026-10-07 22:56:11,634 INFO o.a.j.JMeter: Loading system properties from: system.properties
2026-10-07 22:56:11,634 INFO o.a.j.JMeter: Loading additional properties from: C:\Users\Owen\Desktop\ICT3113_Assignment_1\jmeter\results.properties
2026-10-07 22:56:11,634 INFO o.a.j.JMeter: Setting JMeter property: host=192.168.1.170
2026-10-07 22:56:11,634 INFO o.a.j.JMeter: Setting JMeter property: port=8000
2026-10-07 22:56:11,634 INFO o.a.j.JMeter: Setting JMeter property: protocol=http
2026-10-07 22:56:11,635 INFO o.a.j.JMeter: Setting JMeter property: rate=500
2026-10-07 22:56:11,635 INFO o.a.j.JMeter: Setting JMeter property: duration_s=720
2026-10-07 22:56:11,635 INFO o.a.j.JMeter: Setting JMeter property: drain_s=190
2026-10-07 22:56:11,635 INFO o.a.j.JMeter: Setting JMeter property: search_schedule=pause(1s)
2026-10-07 22:56:11,635 INFO o.a.j.JMeter: Setting JMeter property: seed=311302
2026-10-07 22:56:11,635 INFO o.a.j.JMeter: Setting JMeter property: search_seed=311352
2026-10-07 22:56:11,635 INFO o.a.j.JMeter: Setting JMeter property: data_file=C:\Users\Owen\Desktop\ICT3113_Assignment_1\jmeter\data\team_narratives.tsv
2026-10-07 22:56:11,635 INFO o.a.j.JMeter: Setting JMeter property: search_file=C:\Users\Owen\Desktop\ICT3113_Assignment_1\jmeter\data\search_terms.txt
2026-10-07 22:56:11,635 INFO o.a.j.JMeter: Setting JMeter property: timeout_ms=180000
2026-10-07 22:56:11,639 INFO o.a.j.JMeter: Copyright (c) 1998-2024 The Apache Software Foundation
2026-10-07 22:56:11,639 INFO o.a.j.JMeter: Version 5.6.3
2026-10-07 22:56:11,639 INFO o.a.j.JMeter: java.version=1.8.0_333
2026-10-07 22:56:11,639 INFO o.a.j.JMeter: java.vm.name=Java HotSpot(TM) 64-Bit Server VM
2026-10-07 22:56:11,639 INFO o.a.j.JMeter: os.name=Windows 11
2026-10-07 22:56:11,639 INFO o.a.j.JMeter: os.arch=amd64
2026-10-07 22:56:11,639 INFO o.a.j.JMeter: os.version=10.0
2026-10-07 22:56:11,639 INFO o.a.j.JMeter: file.encoding=Cp1252
2026-10-07 22:56:11,639 INFO o.a.j.JMeter: java.awt.headless=true
2026-10-07 22:56:11,639 INFO o.a.j.JMeter: Max memory     =1073741824
2026-10-07 22:56:11,639 INFO o.a.j.JMeter: Available Processors =16
2026-10-07 22:56:11,642 INFO o.a.j.JMeter: Default Locale=English (EN)
2026-10-07 22:56:11,642 INFO o.a.j.JMeter: JMeter  Locale=English (EN)
2026-10-07 22:56:11,642 INFO o.a.j.JMeter: JMeterHome=C:\Users\Owen\Downloads\apache-jmeter-5.6.3\apache-jmeter-5.6.3
2026-10-07 22:56:11,643 INFO o.a.j.JMeter: user.dir  =C:\Users\Owen\Downloads\apache-jmeter-5.6.3\apache-jmeter-5.6.3\bin
2026-10-07 22:56:11,643 INFO o.a.j.JMeter: PWD       =C:\Users\Owen\Downloads\apache-jmeter-5.6.3\apache-jmeter-5.6.3\bin
2026-10-07 22:56:16,592 INFO o.a.j.JMeter: IP: 10.5.0.2 Name: DESKTOP-AK5RA9C FullName: DESKTOP-AK5RA9C
2026-10-07 22:56:16,604 INFO o.a.j.s.FileServer: Default base='C:\Users\Owen\Downloads\apache-jmeter-5.6.3\apache-jmeter-5.6.3\bin'
2026-10-07 22:56:16,605 INFO o.a.j.s.FileServer: Set new base='C:\Users\Owen\Desktop\ICT3113_Assignment_1\jmeter'
2026-10-07 22:56:16,698 INFO o.a.j.s.SaveService: Testplan (JMX) version: 2.2. Testlog (JTL) version: 2.2
2026-10-07 22:56:16,713 INFO o.a.j.s.SaveService: Using SaveService properties file encoding UTF-8
2026-10-07 22:56:16,715 INFO o.a.j.s.SaveService: Using SaveService properties version 5.0
2026-10-07 22:56:16,720 INFO o.a.j.s.SaveService: Loading file: C:\Users\Owen\Desktop\ICT3113_Assignment_1\jmeter\ticket_load_test.jmx
2026-10-07 22:56:16,770 INFO o.a.j.p.h.s.HTTPSamplerBase: Parser for text/html is org.apache.jmeter.protocol.http.parser.LagartoBasedHtmlParser
2026-10-07 22:56:16,772 INFO o.a.j.p.h.s.HTTPSamplerBase: Parser for application/xhtml+xml is org.apache.jmeter.protocol.http.parser.LagartoBasedHtmlParser
2026-10-07 22:56:16,772 INFO o.a.j.p.h.s.HTTPSamplerBase: Parser for application/xml is org.apache.jmeter.protocol.http.parser.LagartoBasedHtmlParser
2026-10-07 22:56:16,772 INFO o.a.j.p.h.s.HTTPSamplerBase: Parser for text/xml is org.apache.jmeter.protocol.http.parser.LagartoBasedHtmlParser
2026-10-07 22:56:16,772 INFO o.a.j.p.h.s.HTTPSamplerBase: Parser for text/vnd.wap.wml is org.apache.jmeter.protocol.http.parser.RegexpHTMLParser
2026-10-07 22:56:16,772 INFO o.a.j.p.h.s.HTTPSamplerBase: Parser for text/css is org.apache.jmeter.protocol.http.parser.CssParser
2026-10-07 22:56:16,957 INFO o.a.j.JMeter: Creating summariser <summary>
2026-10-07 22:56:16,970 INFO o.a.j.e.StandardJMeterEngine: Running the test!
2026-10-07 22:56:16,970 INFO o.a.j.s.SampleEvent: List of sample_variables: [request_id, ticket_row]
2026-10-07 22:56:16,970 INFO o.a.j.s.SampleEvent: List of sample_variables: [request_id, ticket_row]
2026-10-07 22:56:16,975 INFO o.a.j.e.u.CompoundVariable: Note: Function class names must contain the string: '.functions.'
2026-10-07 22:56:16,975 INFO o.a.j.e.u.CompoundVariable: Note: Function class names must not contain the string: '.gui.'
2026-10-07 22:56:17,195 INFO o.a.j.JMeter: Running test (1791384977195)
2026-10-07 22:56:17,225 INFO o.a.j.e.StandardJMeterEngine: Starting ThreadGroup: 1 : Tickets (open model)
2026-10-07 22:56:17,226 INFO o.a.j.e.StandardJMeterEngine: Starting 0 threads for group Tickets (open model).
2026-10-07 22:56:17,226 INFO o.a.j.e.StandardJMeterEngine: Thread will continue on error
2026-10-07 22:56:17,226 INFO o.a.j.t.o.OpenModelThreadGroup: Starting OpenModelThreadGroup#1 with schedule rate(500/hour) random_arrivals(720 s) pause(190 s)
2026-10-07 22:56:17,261 INFO o.a.j.e.StandardJMeterEngine: Starting ThreadGroup: 2 : Searches (open model)
2026-10-07 22:56:17,262 INFO o.a.j.e.StandardJMeterEngine: Starting 0 threads for group Searches (open model).
2026-10-07 22:56:17,262 INFO o.a.j.e.StandardJMeterEngine: Thread will continue on error
2026-10-07 22:56:17,262 INFO o.a.j.t.o.OpenModelThreadGroup: Starting OpenModelThreadGroup#2 with schedule pause(1s)
2026-10-07 22:56:17,262 INFO o.a.j.t.o.OpenModelThreadGroup: Thread starting init
2026-10-07 22:56:17,262 INFO o.a.j.e.StandardJMeterEngine: All thread groups have been started
2026-10-07 22:56:17,262 INFO o.a.j.t.o.OpenModelThreadGroup: Thread starting init
2026-10-07 22:56:17,266 INFO o.a.j.t.o.EvenArrivalsRamp: Generating 0 events, beginRate = 0.0 / sec, endRate = 0.0 / sec, duration = 1.0 sec
2026-10-07 22:56:17,266 INFO o.a.j.t.o.OpenModelThreadGroup: There will be no more events, so will wait for 0 sec till the end of the schedule
2026-10-07 22:56:17,266 INFO o.a.j.t.o.PoissonArrivalsRamp: Generating 100 events, beginRate = 0.1388888888888889 / sec, endRate = 0.1388888888888889 / sec, duration = 720.0 sec
2026-10-07 22:56:17,883 INFO o.a.j.t.JMeterThread: Thread started: Tickets (open model) 1-1
2026-10-07 22:56:17,884 INFO o.a.j.s.FileServer: Stored: C:\Users\Owen\Desktop\ICT3113_Assignment_1\jmeter\data\team_narratives.tsv
2026-10-07 22:56:17,909 INFO o.a.j.p.h.s.HTTPHCAbstractImpl: Local host = DESKTOP-AK5RA9C
2026-10-07 22:56:17,915 INFO o.a.j.p.h.s.HTTPHC4Impl: HTTP request retry count = 0
2026-10-07 22:56:17,917 INFO o.a.j.s.SampleResult: Note: Sample TimeStamps are START times
2026-10-07 22:56:17,917 INFO o.a.j.s.SampleResult: sampleresult.default.encoding is set to UTF-8
2026-10-07 22:56:17,917 INFO o.a.j.s.SampleResult: sampleresult.useNanoTime=true
2026-10-07 22:56:17,917 INFO o.a.j.s.SampleResult: sampleresult.nanoThreadSleep=5000
2026-10-07 22:56:17,974 INFO o.a.j.t.o.OpenModelThreadGroup: There will be no more events, will shutdown the thread pool
2026-10-07 22:56:17,974 INFO o.a.j.t.o.OpenModelThreadGroup: Thread starting done
2026-10-07 22:56:18,444 INFO o.a.j.t.JMeterThread: Thread started: Tickets (open model) 1-2
2026-10-07 22:56:25,726 INFO o.a.j.t.JMeterThread: Thread started: Tickets (open model) 1-3
2026-10-07 22:56:28,690 INFO o.a.j.t.JMeterThread: Thread started: Tickets (open model) 1-4
2026-10-07 22:56:31,328 INFO o.a.j.r.Summariser: summary +      1 in 00:00:14 =    0.1/s Avg: 12879 Min: 12879 Max: 12879 Err:     0 (0.00%) Active: 4 Started: 4 Finished: 0
2026-10-07 22:56:31,329 INFO o.a.j.t.JMeterThread: Thread is done: Tickets (open model) 1-2
2026-10-07 22:56:31,329 INFO o.a.j.t.JMeterThread: Thread finished: Tickets (open model) 1-2
2026-10-07 22:56:35,436 INFO o.a.j.t.JMeterThread: Thread started: Tickets (open model) 1-5
2026-10-07 22:56:36,019 INFO o.a.j.t.JMeterThread: Thread started: Tickets (open model) 1-6
2026-10-07 22:56:45,553 INFO o.a.j.t.JMeterThread: Thread is done: Tickets (open model) 1-1
2026-10-07 22:56:45,553 INFO o.a.j.t.JMeterThread: Thread finished: Tickets (open model) 1-1
2026-10-07 22:56:55,138 INFO o.a.j.t.JMeterThread: Thread is done: Tickets (open model) 1-3
2026-10-07 22:56:55,138 INFO o.a.j.t.JMeterThread: Thread finished: Tickets (open model) 1-3
2026-10-07 22:57:04,722 INFO o.a.j.r.Summariser: summary +      3 in 00:00:33 =    0.1/s Avg: 31009 Min: 27586 Max: 36031 Err:     0 (0.00%) Active: 3 Started: 6 Finished: 3
2026-10-07 22:57:04,723 INFO o.a.j.r.Summariser: summary =      4 in 00:00:48 =    0.1/s Avg: 26476 Min: 12879 Max: 36031 Err:     0 (0.00%)
2026-10-07 22:57:04,723 INFO o.a.j.t.JMeterThread: Thread is done: Tickets (open model) 1-4
2026-10-07 22:57:04,723 INFO o.a.j.t.JMeterThread: Thread finished: Tickets (open model) 1-4
2026-10-07 22:57:08,328 INFO o.a.j.t.JMeterThread: Thread is done: Tickets (open model) 1-5
2026-10-07 22:57:08,328 INFO o.a.j.t.JMeterThread: Thread finished: Tickets (open model) 1-5
2026-10-07 22:57:08,819 INFO o.a.j.t.JMeterThread: Thread started: Tickets (open model) 1-7
2026-10-07 22:57:12,656 INFO o.a.j.t.JMeterThread: Thread is done: Tickets (open model) 1-6
2026-10-07 22:57:12,656 INFO o.a.j.t.JMeterThread: Thread finished: Tickets (open model) 1-6
2026-10-07 22:57:16,776 INFO o.a.j.t.JMeterThread: Thread started: Tickets (open model) 1-8
2026-10-07 22:57:17,550 INFO o.a.j.t.JMeterThread: Thread started: Tickets (open model) 1-9
2026-10-07 22:57:18,518 INFO o.a.j.t.JMeterThread: Thread started: Tickets (open model) 1-10
2026-10-07 22:57:18,593 INFO o.a.j.t.JMeterThread: Thread started: Tickets (open model) 1-11
2026-10-07 22:57:18,927 INFO o.a.j.t.JMeterThread: Thread is done: Tickets (open model) 1-7
2026-10-07 22:57:18,927 INFO o.a.j.t.JMeterThread: Thread finished: Tickets (open model) 1-7
2026-10-07 22:57:24,078 INFO o.a.j.t.JMeterThread: Thread is done: Tickets (open model) 1-8
2026-10-07 22:57:24,079 INFO o.a.j.t.JMeterThread: Thread finished: Tickets (open model) 1-8
2026-10-07 22:57:30,018 INFO o.a.j.r.Summariser: summary +      5 in 00:00:25 =    0.2/s Avg: 19880 Min:  7301 Max: 36637 Err:     0 (0.00%) Active: 3 Started: 11 Finished: 8
2026-10-07 22:57:30,019 INFO o.a.j.r.Summariser: summary =      9 in 00:01:13 =    0.1/s Avg: 22812 Min:  7301 Max: 36637 Err:     0 (0.00%)
2026-10-07 22:57:30,019 INFO o.a.j.t.JMeterThread: Thread is done: Tickets (open model) 1-9
2026-10-07 22:57:30,019 INFO o.a.j.t.JMeterThread: Thread finished: Tickets (open model) 1-9
2026-10-07 22:57:30,697 INFO o.a.j.t.JMeterThread: Thread started: Tickets (open model) 1-12
2026-10-07 22:57:31,572 INFO o.a.j.t.JMeterThread: Thread started: Tickets (open model) 1-13
2026-10-07 22:57:34,415 INFO o.a.j.t.JMeterThread: Thread started: Tickets (open model) 1-14
2026-10-07 22:57:37,175 INFO o.a.j.t.JMeterThread: Thread is done: Tickets (open model) 1-10
2026-10-07 22:57:37,175 INFO o.a.j.t.JMeterThread: Thread finished: Tickets (open model) 1-10
2026-10-07 22:57:43,557 INFO o.a.j.t.JMeterThread: Thread started: Tickets (open model) 1-15
2026-10-07 22:57:51,251 INFO o.a.j.t.JMeterThread: Thread is done: Tickets (open model) 1-11
2026-10-07 22:57:51,251 INFO o.a.j.t.JMeterThread: Thread finished: Tickets (open model) 1-11
2026-10-07 22:57:55,887 INFO o.a.j.t.JMeterThread: Thread is done: Tickets (open model) 1-12
2026-10-07 22:57:55,887 INFO o.a.j.t.JMeterThread: Thread finished: Tickets (open model) 1-12
2026-10-07 22:57:59,255 INFO o.a.j.t.JMeterThread: Thread started: Tickets (open model) 1-16
2026-10-07 22:58:00,462 INFO o.a.j.r.Summariser: summary +      4 in 00:00:30 =    0.1/s Avg: 26347 Min: 18656 Max: 32657 Err:     0 (0.00%) Active: 4 Started: 16 Finished: 12
2026-10-07 22:58:00,462 INFO o.a.j.r.Summariser: summary =     13 in 00:01:43 =    0.1/s Avg: 23899 Min:  7301 Max: 36637 Err:     0 (0.00%)
2026-10-07 22:58:00,463 INFO o.a.j.t.JMeterThread: Thread is done: Tickets (open model) 1-13
2026-10-07 22:58:00,463 INFO o.a.j.t.JMeterThread: Thread finished: Tickets (open model) 1-13
2026-10-07 22:58:04,087 INFO o.a.j.t.JMeterThread: Thread is done: Tickets (open model) 1-14
2026-10-07 22:58:04,087 INFO o.a.j.t.JMeterThread: Thread finished: Tickets (open model) 1-14
2026-10-07 22:58:07,401 INFO o.a.j.t.JMeterThread: Thread started: Tickets (open model) 1-17
2026-10-07 22:58:10,337 INFO o.a.j.t.JMeterThread: Thread is done: Tickets (open model) 1-15
2026-10-07 22:58:10,338 INFO o.a.j.t.JMeterThread: Thread finished: Tickets (open model) 1-15
2026-10-07 22:58:10,839 INFO o.a.j.t.JMeterThread: Thread started: Tickets (open model) 1-18
2026-10-07 22:58:17,265 INFO o.a.j.t.JMeterThread: Thread is done: Tickets (open model) 1-16
2026-10-07 22:58:17,265 INFO o.a.j.t.JMeterThread: Thread finished: Tickets (open model) 1-16
2026-10-07 22:58:18,338 INFO o.a.j.t.JMeterThread: Thread started: Tickets (open model) 1-19
2026-10-07 22:58:21,384 INFO o.a.j.t.JMeterThread: Thread is done: Tickets (open model) 1-17
2026-10-07 22:58:21,384 INFO o.a.j.t.JMeterThread: Thread finished: Tickets (open model) 1-17
2026-10-07 22:58:22,033 INFO o.a.j.t.JMeterThread: Thread started: Tickets (open model) 1-20
2026-10-07 22:58:25,934 INFO o.a.j.t.JMeterThread: Thread is done: Tickets (open model) 1-18
2026-10-07 22:58:25,934 INFO o.a.j.t.JMeterThread: Thread finished: Tickets (open model) 1-18
2026-10-07 22:58:30,358 INFO o.a.j.r.Summariser: summary +      6 in 00:00:30 =    0.2/s Avg: 19258 Min: 12018 Max: 29670 Err:     0 (0.00%) Active: 2 Started: 20 Finished: 18
2026-10-07 22:58:30,358 INFO o.a.j.r.Summariser: summary =     19 in 00:02:13 =    0.1/s Avg: 22434 Min:  7301 Max: 36637 Err:     0 (0.00%)
2026-10-07 22:58:30,359 INFO o.a.j.t.JMeterThread: Thread is done: Tickets (open model) 1-19
2026-10-07 22:58:30,359 INFO o.a.j.t.JMeterThread: Thread finished: Tickets (open model) 1-19
2026-10-07 22:58:31,519 INFO o.a.j.t.JMeterThread: Thread started: Tickets (open model) 1-21
2026-10-07 22:58:37,634 INFO o.a.j.t.JMeterThread: Thread is done: Tickets (open model) 1-20
2026-10-07 22:58:37,634 INFO o.a.j.t.JMeterThread: Thread finished: Tickets (open model) 1-20
2026-10-07 22:58:42,718 INFO o.a.j.t.JMeterThread: Thread is done: Tickets (open model) 1-21
2026-10-07 22:58:42,718 INFO o.a.j.t.JMeterThread: Thread finished: Tickets (open model) 1-21
2026-10-07 22:58:49,661 INFO o.a.j.t.JMeterThread: Thread started: Tickets (open model) 1-22
2026-10-07 22:58:57,455 INFO o.a.j.t.JMeterThread: Thread started: Tickets (open model) 1-23
2026-10-07 22:59:00,013 INFO o.a.j.r.Summariser: summary +      3 in 00:00:30 =    0.1/s Avg: 12383 Min: 10351 Max: 15600 Err:     0 (0.00%) Active: 2 Started: 23 Finished: 21
2026-10-07 22:59:00,013 INFO o.a.j.r.Summariser: summary =     22 in 00:02:43 =    0.1/s Avg: 21063 Min:  7301 Max: 36637 Err:     0 (0.00%)
2026-10-07 22:59:00,014 INFO o.a.j.t.JMeterThread: Thread is done: Tickets (open model) 1-22
2026-10-07 22:59:00,014 INFO o.a.j.t.JMeterThread: Thread finished: Tickets (open model) 1-22
2026-10-07 22:59:02,419 INFO o.a.j.t.JMeterThread: Thread started: Tickets (open model) 1-24
2026-10-07 22:59:05,222 INFO o.a.j.t.JMeterThread: Thread is done: Tickets (open model) 1-23
2026-10-07 22:59:05,222 INFO o.a.j.t.JMeterThread: Thread finished: Tickets (open model) 1-23
2026-10-07 22:59:10,168 INFO o.a.j.t.JMeterThread: Thread is done: Tickets (open model) 1-24
2026-10-07 22:59:10,168 INFO o.a.j.t.JMeterThread: Thread finished: Tickets (open model) 1-24
2026-10-07 22:59:45,755 INFO o.a.j.t.JMeterThread: Thread started: Tickets (open model) 1-25
2026-10-07 22:59:52,012 INFO o.a.j.t.JMeterThread: Thread is done: Tickets (open model) 1-25
2026-10-07 22:59:52,012 INFO o.a.j.t.JMeterThread: Thread finished: Tickets (open model) 1-25
2026-10-07 22:59:58,595 INFO o.a.j.t.JMeterThread: Thread started: Tickets (open model) 1-26
2026-10-07 23:00:00,201 INFO o.a.j.t.JMeterThread: Thread started: Tickets (open model) 1-27
2026-10-07 23:00:03,856 INFO o.a.j.t.JMeterThread: Thread started: Tickets (open model) 1-28
2026-10-07 23:00:07,675 INFO o.a.j.t.JMeterThread: Thread is done: Tickets (open model) 1-26
2026-10-07 23:00:07,675 INFO o.a.j.t.JMeterThread: Thread finished: Tickets (open model) 1-26
2026-10-07 23:00:09,900 INFO o.a.j.t.JMeterThread: Thread started: Tickets (open model) 1-29
2026-10-07 23:00:15,428 INFO o.a.j.t.JMeterThread: Thread is done: Tickets (open model) 1-27
2026-10-07 23:00:15,428 INFO o.a.j.t.JMeterThread: Thread finished: Tickets (open model) 1-27
2026-10-07 23:00:18,476 INFO o.a.j.t.JMeterThread: Thread started: Tickets (open model) 1-30
2026-10-07 23:00:23,535 INFO o.a.j.t.JMeterThread: Thread is done: Tickets (open model) 1-28
2026-10-07 23:00:23,535 INFO o.a.j.t.JMeterThread: Thread finished: Tickets (open model) 1-28
2026-10-07 23:00:27,192 INFO o.a.j.t.JMeterThread: Thread started: Tickets (open model) 1-31
2026-10-07 23:00:28,713 INFO o.a.j.t.JMeterThread: Thread is done: Tickets (open model) 1-29
2026-10-07 23:00:28,713 INFO o.a.j.t.JMeterThread: Thread finished: Tickets (open model) 1-29
2026-10-07 23:00:30,822 INFO o.a.j.t.JMeterThread: Thread started: Tickets (open model) 1-32
2026-10-07 23:00:37,351 INFO o.a.j.t.JMeterThread: Thread started: Tickets (open model) 1-33
2026-10-07 23:00:38,614 INFO o.a.j.t.JMeterThread: Thread is done: Tickets (open model) 1-30
2026-10-07 23:00:38,614 INFO o.a.j.t.JMeterThread: Thread finished: Tickets (open model) 1-30
2026-10-07 23:00:42,597 INFO o.a.j.t.JMeterThread: Thread is done: Tickets (open model) 1-31
2026-10-07 23:00:42,597 INFO o.a.j.t.JMeterThread: Thread finished: Tickets (open model) 1-31
2026-10-07 23:00:43,322 INFO o.a.j.t.JMeterThread: Thread started: Tickets (open model) 1-34
2026-10-07 23:00:46,778 INFO o.a.j.t.JMeterThread: Thread started: Tickets (open model) 1-35
2026-10-07 23:00:49,682 INFO o.a.j.t.JMeterThread: Thread started: Tickets (open model) 1-36
2026-10-07 23:00:50,207 INFO o.a.j.t.JMeterThread: Thread started: Tickets (open model) 1-37
2026-10-07 23:00:50,262 INFO o.a.j.t.JMeterThread: Thread is done: Tickets (open model) 1-32
2026-10-07 23:00:50,262 INFO o.a.j.t.JMeterThread: Thread finished: Tickets (open model) 1-32
2026-10-07 23:00:55,271 INFO o.a.j.t.JMeterThread: Thread started: Tickets (open model) 1-38
2026-10-07 23:01:01,007 INFO o.a.j.r.Summariser: summary +     11 in 00:02:01 =    0.1/s Avg: 14836 Min:  6255 Max: 23654 Err:     0 (0.00%) Active: 6 Started: 38 Finished: 32
2026-10-07 23:01:01,008 INFO o.a.j.r.Summariser: summary =     33 in 00:04:44 =    0.1/s Avg: 18987 Min:  6255 Max: 36637 Err:     0 (0.00%)
2026-10-07 23:01:01,008 INFO o.a.j.t.JMeterThread: Thread is done: Tickets (open model) 1-33
2026-10-07 23:01:01,008 INFO o.a.j.t.JMeterThread: Thread finished: Tickets (open model) 1-33
2026-10-07 23:01:05,956 INFO o.a.j.t.JMeterThread: Thread started: Tickets (open model) 1-39
2026-10-07 23:01:10,127 INFO o.a.j.t.JMeterThread: Thread is done: Tickets (open model) 1-34
2026-10-07 23:01:10,127 INFO o.a.j.t.JMeterThread: Thread finished: Tickets (open model) 1-34
2026-10-07 23:01:12,544 INFO o.a.j.t.JMeterThread: Thread started: Tickets (open model) 1-40
2026-10-07 23:01:15,443 INFO o.a.j.t.JMeterThread: Thread is done: Tickets (open model) 1-35
2026-10-07 23:01:15,443 INFO o.a.j.t.JMeterThread: Thread finished: Tickets (open model) 1-35
2026-10-07 23:01:15,639 INFO o.a.j.t.JMeterThread: Thread started: Tickets (open model) 1-41
2026-10-07 23:01:18,463 INFO o.a.j.t.JMeterThread: Thread started: Tickets (open model) 1-42
2026-10-07 23:01:22,361 INFO o.a.j.t.JMeterThread: Thread started: Tickets (open model) 1-43
2026-10-07 23:01:27,767 INFO o.a.j.t.JMeterThread: Thread is done: Tickets (open model) 1-36
2026-10-07 23:01:27,767 INFO o.a.j.t.JMeterThread: Thread finished: Tickets (open model) 1-36
2026-10-07 23:01:31,573 INFO o.a.j.r.Summariser: summary +      4 in 00:00:31 =    0.1/s Avg: 33729 Min: 26804 Max: 41365 Err:     0 (0.00%) Active: 7 Started: 43 Finished: 36
2026-10-07 23:01:31,573 INFO o.a.j.r.Summariser: summary =     37 in 00:05:14 =    0.1/s Avg: 20581 Min:  6255 Max: 41365 Err:     0 (0.00%)
2026-10-07 23:01:31,574 INFO o.a.j.t.JMeterThread: Thread is done: Tickets (open model) 1-37
2026-10-07 23:01:31,574 INFO o.a.j.t.JMeterThread: Thread finished: Tickets (open model) 1-37
2026-10-07 23:01:35,618 INFO o.a.j.t.JMeterThread: Thread is done: Tickets (open model) 1-38
2026-10-07 23:01:35,618 INFO o.a.j.t.JMeterThread: Thread finished: Tickets (open model) 1-38
2026-10-07 23:01:45,930 INFO o.a.j.t.JMeterThread: Thread is done: Tickets (open model) 1-39
2026-10-07 23:01:45,930 INFO o.a.j.t.JMeterThread: Thread finished: Tickets (open model) 1-39
2026-10-07 23:01:48,275 INFO o.a.j.t.JMeterThread: Thread started: Tickets (open model) 1-44
2026-10-07 23:01:51,886 INFO o.a.j.t.JMeterThread: Thread is done: Tickets (open model) 1-40
2026-10-07 23:01:51,887 INFO o.a.j.t.JMeterThread: Thread finished: Tickets (open model) 1-40
2026-10-07 23:02:03,012 INFO o.a.j.r.Summariser: summary +      4 in 00:00:31 =    0.1/s Avg: 41758 Min: 39342 Max: 47373 Err:     0 (0.00%) Active: 4 Started: 44 Finished: 40
2026-10-07 23:02:03,012 INFO o.a.j.r.Summariser: summary =     41 in 00:05:46 =    0.1/s Avg: 22647 Min:  6255 Max: 47373 Err:     0 (0.00%)
2026-10-07 23:02:03,013 INFO o.a.j.t.JMeterThread: Thread is done: Tickets (open model) 1-41
2026-10-07 23:02:03,013 INFO o.a.j.t.JMeterThread: Thread finished: Tickets (open model) 1-41
2026-10-07 23:02:05,047 INFO o.a.j.t.JMeterThread: Thread started: Tickets (open model) 1-45
2026-10-07 23:02:08,703 INFO o.a.j.t.JMeterThread: Thread started: Tickets (open model) 1-46
2026-10-07 23:02:10,310 INFO o.a.j.t.JMeterThread: Thread is done: Tickets (open model) 1-42
2026-10-07 23:02:10,310 INFO o.a.j.t.JMeterThread: Thread finished: Tickets (open model) 1-42
2026-10-07 23:02:10,710 INFO o.a.j.t.JMeterThread: Thread started: Tickets (open model) 1-47
2026-10-07 23:02:17,195 INFO o.a.j.t.JMeterThread: Thread started: Tickets (open model) 1-48
2026-10-07 23:02:18,324 INFO o.a.j.t.JMeterThread: Thread started: Tickets (open model) 1-49
2026-10-07 23:02:24,029 INFO o.a.j.t.JMeterThread: Thread is done: Tickets (open model) 1-43
2026-10-07 23:02:24,029 INFO o.a.j.t.JMeterThread: Thread finished: Tickets (open model) 1-43
2026-10-07 23:02:28,494 INFO o.a.j.t.JMeterThread: Thread started: Tickets (open model) 1-50
2026-10-07 23:02:28,517 INFO o.a.j.t.JMeterThread: Thread started: Tickets (open model) 1-51
2026-10-07 23:02:30,264 INFO o.a.j.r.Summariser: summary +      3 in 00:00:27 =    0.1/s Avg: 51833 Min: 41988 Max: 61666 Err:     0 (0.00%) Active: 8 Started: 51 Finished: 43
2026-10-07 23:02:30,265 INFO o.a.j.r.Summariser: summary =     44 in 00:06:13 =    0.1/s Avg: 24637 Min:  6255 Max: 61666 Err:     0 (0.00%)
2026-10-07 23:02:30,265 INFO o.a.j.t.JMeterThread: Thread is done: Tickets (open model) 1-44
2026-10-07 23:02:30,265 INFO o.a.j.t.JMeterThread: Thread finished: Tickets (open model) 1-44
2026-10-07 23:02:30,845 INFO o.a.j.t.JMeterThread: Thread started: Tickets (open model) 1-52
2026-10-07 23:02:36,849 INFO o.a.j.t.JMeterThread: Thread is done: Tickets (open model) 1-45
2026-10-07 23:02:36,849 INFO o.a.j.t.JMeterThread: Thread finished: Tickets (open model) 1-45
2026-10-07 23:02:38,299 INFO o.a.j.t.JMeterThread: Thread started: Tickets (open model) 1-53
2026-10-07 23:02:41,291 INFO o.a.j.t.JMeterThread: Thread started: Tickets (open model) 1-54
2026-10-07 23:02:42,632 INFO o.a.j.t.JMeterThread: Thread is done: Tickets (open model) 1-46
2026-10-07 23:02:42,632 INFO o.a.j.t.JMeterThread: Thread finished: Tickets (open model) 1-46
2026-10-07 23:02:43,059 INFO o.a.j.t.JMeterThread: Thread started: Tickets (open model) 1-55
2026-10-07 23:02:49,027 INFO o.a.j.t.JMeterThread: Thread is done: Tickets (open model) 1-47
2026-10-07 23:02:49,027 INFO o.a.j.t.JMeterThread: Thread finished: Tickets (open model) 1-47
2026-10-07 23:02:57,433 INFO o.a.j.t.JMeterThread: Thread is done: Tickets (open model) 1-48
2026-10-07 23:02:57,434 INFO o.a.j.t.JMeterThread: Thread finished: Tickets (open model) 1-48
2026-10-07 23:03:06,260 INFO o.a.j.t.JMeterThread: Thread is done: Tickets (open model) 1-49
2026-10-07 23:03:06,261 INFO o.a.j.t.JMeterThread: Thread finished: Tickets (open model) 1-49
2026-10-07 23:03:13,545 INFO o.a.j.t.JMeterThread: Thread started: Tickets (open model) 1-56
2026-10-07 23:03:15,944 INFO o.a.j.t.JMeterThread: Thread is done: Tickets (open model) 1-50
2026-10-07 23:03:15,944 INFO o.a.j.t.JMeterThread: Thread finished: Tickets (open model) 1-50
2026-10-07 23:03:21,435 INFO o.a.j.t.JMeterThread: Thread is done: Tickets (open model) 1-51
2026-10-07 23:03:21,435 INFO o.a.j.t.JMeterThread: Thread finished: Tickets (open model) 1-51
2026-10-07 23:03:22,423 INFO o.a.j.t.JMeterThread: Thread started: Tickets (open model) 1-57
2026-10-07 23:03:27,819 INFO o.a.j.t.JMeterThread: Thread is done: Tickets (open model) 1-52
2026-10-07 23:03:27,819 INFO o.a.j.t.JMeterThread: Thread finished: Tickets (open model) 1-52
2026-10-07 23:03:31,588 INFO o.a.j.t.JMeterThread: Thread started: Tickets (open model) 1-58
2026-10-07 23:03:32,936 INFO o.a.j.r.Summariser: summary +      9 in 00:01:03 =    0.1/s Avg: 44910 Min: 31801 Max: 56973 Err:     0 (0.00%) Active: 6 Started: 58 Finished: 52
2026-10-07 23:03:32,937 INFO o.a.j.r.Summariser: summary =     53 in 00:07:16 =    0.1/s Avg: 28080 Min:  6255 Max: 61666 Err:     0 (0.00%)
2026-10-07 23:03:32,937 INFO o.a.j.t.JMeterThread: Thread is done: Tickets (open model) 1-53
2026-10-07 23:03:32,937 INFO o.a.j.t.JMeterThread: Thread finished: Tickets (open model) 1-53
2026-10-07 23:03:38,352 INFO o.a.j.t.JMeterThread: Thread is done: Tickets (open model) 1-54
2026-10-07 23:03:38,352 INFO o.a.j.t.JMeterThread: Thread finished: Tickets (open model) 1-54
2026-10-07 23:03:42,087 INFO o.a.j.t.JMeterThread: Thread started: Tickets (open model) 1-59
2026-10-07 23:03:42,631 INFO o.a.j.t.JMeterThread: Thread is done: Tickets (open model) 1-55
2026-10-07 23:03:42,632 INFO o.a.j.t.JMeterThread: Thread finished: Tickets (open model) 1-55
2026-10-07 23:03:47,049 INFO o.a.j.t.JMeterThread: Thread started: Tickets (open model) 1-60
2026-10-07 23:03:48,843 INFO o.a.j.t.JMeterThread: Thread started: Tickets (open model) 1-61
2026-10-07 23:03:50,552 INFO o.a.j.t.JMeterThread: Thread is done: Tickets (open model) 1-56
2026-10-07 23:03:50,553 INFO o.a.j.t.JMeterThread: Thread finished: Tickets (open model) 1-56
2026-10-07 23:03:55,989 INFO o.a.j.t.JMeterThread: Thread is done: Tickets (open model) 1-57
2026-10-07 23:03:55,989 INFO o.a.j.t.JMeterThread: Thread finished: Tickets (open model) 1-57
2026-10-07 23:04:00,330 INFO o.a.j.t.JMeterThread: Thread started: Tickets (open model) 1-62
2026-10-07 23:04:04,360 INFO o.a.j.r.Summariser: summary +      5 in 00:00:31 =    0.2/s Avg: 43994 Min: 32771 Max: 59571 Err:     0 (0.00%) Active: 5 Started: 62 Finished: 57
2026-10-07 23:04:04,361 INFO o.a.j.r.Summariser: summary =     58 in 00:07:47 =    0.1/s Avg: 29451 Min:  6255 Max: 61666 Err:     0 (0.00%)
2026-10-07 23:04:04,361 INFO o.a.j.t.JMeterThread: Thread is done: Tickets (open model) 1-58
2026-10-07 23:04:04,361 INFO o.a.j.t.JMeterThread: Thread finished: Tickets (open model) 1-58
2026-10-07 23:04:07,533 INFO o.a.j.t.JMeterThread: Thread started: Tickets (open model) 1-63
2026-10-07 23:04:07,936 INFO o.a.j.t.JMeterThread: Thread started: Tickets (open model) 1-64
2026-10-07 23:04:12,348 INFO o.a.j.t.JMeterThread: Thread started: Tickets (open model) 1-65
2026-10-07 23:04:12,808 INFO o.a.j.t.JMeterThread: Thread is done: Tickets (open model) 1-59
2026-10-07 23:04:12,808 INFO o.a.j.t.JMeterThread: Thread finished: Tickets (open model) 1-59
2026-10-07 23:04:14,571 INFO o.a.j.t.JMeterThread: Thread started: Tickets (open model) 1-66
2026-10-07 23:04:17,750 INFO o.a.j.t.JMeterThread: Thread is done: Tickets (open model) 1-60
2026-10-07 23:04:17,750 INFO o.a.j.t.JMeterThread: Thread finished: Tickets (open model) 1-60
2026-10-07 23:04:22,530 INFO o.a.j.t.JMeterThread: Thread started: Tickets (open model) 1-67
2026-10-07 23:04:26,465 INFO o.a.j.t.JMeterThread: Thread is done: Tickets (open model) 1-61
2026-10-07 23:04:26,465 INFO o.a.j.t.JMeterThread: Thread finished: Tickets (open model) 1-61
2026-10-07 23:04:31,649 INFO o.a.j.r.Summariser: summary +      4 in 00:00:27 =    0.1/s Avg: 32589 Min: 30700 Max: 37621 Err:     0 (0.00%) Active: 6 Started: 67 Finished: 61
2026-10-07 23:04:31,650 INFO o.a.j.r.Summariser: summary =     62 in 00:08:14 =    0.1/s Avg: 29654 Min:  6255 Max: 61666 Err:     0 (0.00%)
2026-10-07 23:04:31,650 INFO o.a.j.t.JMeterThread: Thread is done: Tickets (open model) 1-62
2026-10-07 23:04:31,650 INFO o.a.j.t.JMeterThread: Thread finished: Tickets (open model) 1-62
2026-10-07 23:04:39,577 INFO o.a.j.t.JMeterThread: Thread started: Tickets (open model) 1-68
2026-10-07 23:04:42,170 INFO o.a.j.t.JMeterThread: Thread is done: Tickets (open model) 1-63
2026-10-07 23:04:42,170 INFO o.a.j.t.JMeterThread: Thread finished: Tickets (open model) 1-63
2026-10-07 23:04:45,859 INFO o.a.j.t.JMeterThread: Thread started: Tickets (open model) 1-69
2026-10-07 23:04:47,146 INFO o.a.j.t.JMeterThread: Thread is done: Tickets (open model) 1-64
2026-10-07 23:04:47,146 INFO o.a.j.t.JMeterThread: Thread finished: Tickets (open model) 1-64
2026-10-07 23:04:47,380 INFO o.a.j.t.JMeterThread: Thread started: Tickets (open model) 1-70
2026-10-07 23:04:49,714 INFO o.a.j.t.JMeterThread: Thread started: Tickets (open model) 1-71
2026-10-07 23:04:54,537 INFO o.a.j.t.JMeterThread: Thread is done: Tickets (open model) 1-65
2026-10-07 23:04:54,538 INFO o.a.j.t.JMeterThread: Thread finished: Tickets (open model) 1-65
2026-10-07 23:05:00,308 INFO o.a.j.t.JMeterThread: Thread started: Tickets (open model) 1-72
2026-10-07 23:05:01,375 INFO o.a.j.r.Summariser: summary +      4 in 00:00:30 =    0.1/s Avg: 40709 Min: 34636 Max: 46804 Err:     0 (0.00%) Active: 7 Started: 72 Finished: 65
2026-10-07 23:05:01,375 INFO o.a.j.r.Summariser: summary =     66 in 00:08:44 =    0.1/s Avg: 30324 Min:  6255 Max: 61666 Err:     0 (0.00%)
2026-10-07 23:05:01,377 INFO o.a.j.t.JMeterThread: Thread is done: Tickets (open model) 1-66
2026-10-07 23:05:01,377 INFO o.a.j.t.JMeterThread: Thread finished: Tickets (open model) 1-66
2026-10-07 23:05:06,075 INFO o.a.j.t.JMeterThread: Thread started: Tickets (open model) 1-73
2026-10-07 23:05:08,192 INFO o.a.j.t.JMeterThread: Thread is done: Tickets (open model) 1-67
2026-10-07 23:05:08,192 INFO o.a.j.t.JMeterThread: Thread finished: Tickets (open model) 1-67
2026-10-07 23:05:14,122 INFO o.a.j.t.JMeterThread: Thread is done: Tickets (open model) 1-68
2026-10-07 23:05:14,122 INFO o.a.j.t.JMeterThread: Thread finished: Tickets (open model) 1-68
2026-10-07 23:05:17,578 INFO o.a.j.t.JMeterThread: Thread started: Tickets (open model) 1-74
2026-10-07 23:05:17,865 INFO o.a.j.t.JMeterThread: Thread started: Tickets (open model) 1-75
2026-10-07 23:05:18,041 INFO o.a.j.t.JMeterThread: Thread started: Tickets (open model) 1-76
2026-10-07 23:05:19,872 INFO o.a.j.t.JMeterThread: Thread is done: Tickets (open model) 1-69
2026-10-07 23:05:19,872 INFO o.a.j.t.JMeterThread: Thread finished: Tickets (open model) 1-69
2026-10-07 23:05:25,520 INFO o.a.j.t.JMeterThread: Thread started: Tickets (open model) 1-77
2026-10-07 23:05:26,583 INFO o.a.j.t.JMeterThread: Thread started: Tickets (open model) 1-78
2026-10-07 23:05:27,748 INFO o.a.j.t.JMeterThread: Thread is done: Tickets (open model) 1-70
2026-10-07 23:05:27,748 INFO o.a.j.t.JMeterThread: Thread finished: Tickets (open model) 1-70
2026-10-07 23:05:35,280 INFO o.a.j.r.Summariser: summary +      5 in 00:00:34 =    0.1/s Avg: 40029 Min: 34013 Max: 45660 Err:     0 (0.00%) Active: 8 Started: 78 Finished: 70
2026-10-07 23:05:35,280 INFO o.a.j.r.Summariser: summary =     71 in 00:09:18 =    0.1/s Avg: 31007 Min:  6255 Max: 61666 Err:     0 (0.00%)
2026-10-07 23:05:35,280 INFO o.a.j.t.JMeterThread: Thread is done: Tickets (open model) 1-71
2026-10-07 23:05:35,281 INFO o.a.j.t.JMeterThread: Thread finished: Tickets (open model) 1-71
2026-10-07 23:05:41,328 INFO o.a.j.t.JMeterThread: Thread is done: Tickets (open model) 1-72
2026-10-07 23:05:41,328 INFO o.a.j.t.JMeterThread: Thread finished: Tickets (open model) 1-72
2026-10-07 23:05:48,641 INFO o.a.j.t.JMeterThread: Thread started: Tickets (open model) 1-79
2026-10-07 23:05:52,952 INFO o.a.j.t.JMeterThread: Thread is done: Tickets (open model) 1-73
2026-10-07 23:05:52,953 INFO o.a.j.t.JMeterThread: Thread finished: Tickets (open model) 1-73
2026-10-07 23:05:54,254 INFO o.a.j.t.JMeterThread: Thread started: Tickets (open model) 1-80
2026-10-07 23:05:57,620 INFO o.a.j.t.JMeterThread: Thread is done: Tickets (open model) 1-74
2026-10-07 23:05:57,620 INFO o.a.j.t.JMeterThread: Thread finished: Tickets (open model) 1-74
2026-10-07 23:06:07,398 INFO o.a.j.t.JMeterThread: Thread is done: Tickets (open model) 1-75
2026-10-07 23:06:07,399 INFO o.a.j.t.JMeterThread: Thread finished: Tickets (open model) 1-75
2026-10-07 23:06:11,271 INFO o.a.j.t.JMeterThread: Thread is done: Tickets (open model) 1-76
2026-10-07 23:06:11,272 INFO o.a.j.t.JMeterThread: Thread finished: Tickets (open model) 1-76
2026-10-07 23:06:18,696 INFO o.a.j.t.JMeterThread: Thread started: Tickets (open model) 1-81
2026-10-07 23:06:20,100 INFO o.a.j.t.JMeterThread: Thread started: Tickets (open model) 1-82
2026-10-07 23:06:20,864 INFO o.a.j.t.JMeterThread: Thread started: Tickets (open model) 1-83
2026-10-07 23:06:21,229 INFO o.a.j.t.JMeterThread: Thread is done: Tickets (open model) 1-77
2026-10-07 23:06:21,229 INFO o.a.j.t.JMeterThread: Thread finished: Tickets (open model) 1-77
2026-10-07 23:06:24,998 INFO o.a.j.t.JMeterThread: Thread started: Tickets (open model) 1-84
2026-10-07 23:06:27,484 INFO o.a.j.t.JMeterThread: Thread is done: Tickets (open model) 1-78
2026-10-07 23:06:27,484 INFO o.a.j.t.JMeterThread: Thread finished: Tickets (open model) 1-78
2026-10-07 23:06:29,893 INFO o.a.j.t.JMeterThread: Thread started: Tickets (open model) 1-85
2026-10-07 23:06:34,899 INFO o.a.j.r.Summariser: summary +      8 in 00:01:00 =    0.1/s Avg: 49195 Min: 40041 Max: 60900 Err:     0 (0.00%) Active: 7 Started: 85 Finished: 78
2026-10-07 23:06:34,900 INFO o.a.j.r.Summariser: summary =     79 in 00:10:18 =    0.1/s Avg: 32849 Min:  6255 Max: 61666 Err:     0 (0.00%)
2026-10-07 23:06:34,900 INFO o.a.j.t.JMeterThread: Thread is done: Tickets (open model) 1-79
2026-10-07 23:06:34,900 INFO o.a.j.t.JMeterThread: Thread finished: Tickets (open model) 1-79
2026-10-07 23:06:38,903 INFO o.a.j.t.JMeterThread: Thread started: Tickets (open model) 1-86
2026-10-07 23:06:46,591 INFO o.a.j.t.JMeterThread: Thread started: Tickets (open model) 1-87
2026-10-07 23:06:47,798 INFO o.a.j.t.JMeterThread: Thread is done: Tickets (open model) 1-80
2026-10-07 23:06:47,798 INFO o.a.j.t.JMeterThread: Thread finished: Tickets (open model) 1-80
2026-10-07 23:06:48,848 INFO o.a.j.t.JMeterThread: Thread started: Tickets (open model) 1-88
2026-10-07 23:06:55,795 INFO o.a.j.t.JMeterThread: Thread started: Tickets (open model) 1-89
2026-10-07 23:06:56,712 INFO o.a.j.t.JMeterThread: Thread is done: Tickets (open model) 1-81
2026-10-07 23:06:56,713 INFO o.a.j.t.JMeterThread: Thread finished: Tickets (open model) 1-81
2026-10-07 23:06:59,849 INFO o.a.j.t.JMeterThread: Thread started: Tickets (open model) 1-90
2026-10-07 23:07:02,317 INFO o.a.j.t.JMeterThread: Thread started: Tickets (open model) 1-91
2026-10-07 23:07:04,773 INFO o.a.j.r.Summariser: summary +      3 in 00:00:30 =    0.1/s Avg: 45410 Min: 38014 Max: 53544 Err:     0 (0.00%) Active: 10 Started: 91 Finished: 81
2026-10-07 23:07:04,774 INFO o.a.j.r.Summariser: summary =     82 in 00:10:48 =    0.1/s Avg: 33309 Min:  6255 Max: 61666 Err:     0 (0.00%)
2026-10-07 23:07:04,774 INFO o.a.j.t.JMeterThread: Thread is done: Tickets (open model) 1-82
2026-10-07 23:07:04,774 INFO o.a.j.t.JMeterThread: Thread finished: Tickets (open model) 1-82
2026-10-07 23:07:13,569 INFO o.a.j.t.JMeterThread: Thread is done: Tickets (open model) 1-83
2026-10-07 23:07:13,569 INFO o.a.j.t.JMeterThread: Thread finished: Tickets (open model) 1-83
2026-10-07 23:07:13,972 INFO o.a.j.t.JMeterThread: Thread started: Tickets (open model) 1-92
2026-10-07 23:07:16,391 INFO o.a.j.t.JMeterThread: Thread started: Tickets (open model) 1-93
2026-10-07 23:07:17,701 INFO o.a.j.t.JMeterThread: Thread started: Tickets (open model) 1-94
2026-10-07 23:07:18,724 INFO o.a.j.t.JMeterThread: Thread is done: Tickets (open model) 1-84
2026-10-07 23:07:18,724 INFO o.a.j.t.JMeterThread: Thread finished: Tickets (open model) 1-84
2026-10-07 23:07:26,240 INFO o.a.j.t.JMeterThread: Thread is done: Tickets (open model) 1-85
2026-10-07 23:07:26,240 INFO o.a.j.t.JMeterThread: Thread finished: Tickets (open model) 1-85
2026-10-07 23:07:29,694 INFO o.a.j.t.JMeterThread: Thread is done: Tickets (open model) 1-86
2026-10-07 23:07:29,694 INFO o.a.j.t.JMeterThread: Thread finished: Tickets (open model) 1-86
2026-10-07 23:07:31,986 INFO o.a.j.t.JMeterThread: Thread started: Tickets (open model) 1-95
2026-10-07 23:07:34,009 INFO o.a.j.r.Summariser: summary +      5 in 00:00:29 =    0.2/s Avg: 52197 Min: 47417 Max: 56347 Err:     0 (0.00%) Active: 9 Started: 95 Finished: 86
2026-10-07 23:07:34,009 INFO o.a.j.r.Summariser: summary =     87 in 00:11:17 =    0.1/s Avg: 34394 Min:  6255 Max: 61666 Err:     0 (0.00%)
2026-10-07 23:07:34,009 INFO o.a.j.t.JMeterThread: Thread is done: Tickets (open model) 1-87
2026-10-07 23:07:34,009 INFO o.a.j.t.JMeterThread: Thread finished: Tickets (open model) 1-87
2026-10-07 23:07:35,690 INFO o.a.j.t.JMeterThread: Thread started: Tickets (open model) 1-96
2026-10-07 23:07:43,109 INFO o.a.j.t.JMeterThread: Thread is done: Tickets (open model) 1-88
2026-10-07 23:07:43,109 INFO o.a.j.t.JMeterThread: Thread finished: Tickets (open model) 1-88
2026-10-07 23:07:45,487 INFO o.a.j.t.JMeterThread: Thread started: Tickets (open model) 1-97
2026-10-07 23:07:47,142 INFO o.a.j.t.JMeterThread: Thread started: Tickets (open model) 1-98
2026-10-07 23:07:48,287 INFO o.a.j.t.JMeterThread: Thread is done: Tickets (open model) 1-89
2026-10-07 23:07:48,287 INFO o.a.j.t.JMeterThread: Thread finished: Tickets (open model) 1-89
2026-10-07 23:07:57,686 INFO o.a.j.t.JMeterThread: Thread started: Tickets (open model) 1-99
2026-10-07 23:07:58,630 INFO o.a.j.t.JMeterThread: Thread is done: Tickets (open model) 1-90
2026-10-07 23:07:58,631 INFO o.a.j.t.JMeterThread: Thread finished: Tickets (open model) 1-90
2026-10-07 23:08:05,819 INFO o.a.j.r.Summariser: summary +      4 in 00:00:32 =    0.1/s Avg: 57258 Min: 52491 Max: 63500 Err:     0 (0.00%) Active: 9 Started: 99 Finished: 90
2026-10-07 23:08:05,819 INFO o.a.j.r.Summariser: summary =     91 in 00:11:49 =    0.1/s Avg: 35399 Min:  6255 Max: 63500 Err:     0 (0.00%)
2026-10-07 23:08:05,820 INFO o.a.j.t.JMeterThread: Thread is done: Tickets (open model) 1-91
2026-10-07 23:08:05,820 INFO o.a.j.t.JMeterThread: Thread finished: Tickets (open model) 1-91
2026-10-07 23:08:10,090 INFO o.a.j.t.JMeterThread: Thread started: Tickets (open model) 1-100
2026-10-07 23:08:10,090 INFO o.a.j.t.o.EvenArrivalsRamp: Generating 0 events, beginRate = 0.0 / sec, endRate = 0.0 / sec, duration = 190.0 sec
2026-10-07 23:08:10,090 INFO o.a.j.t.o.OpenModelThreadGroup: There will be no more events, so will wait for 196 sec till the end of the schedule
2026-10-07 23:08:11,348 INFO o.a.j.t.JMeterThread: Thread is done: Tickets (open model) 1-92
2026-10-07 23:08:11,348 INFO o.a.j.t.JMeterThread: Thread finished: Tickets (open model) 1-92
2026-10-07 23:08:19,429 INFO o.a.j.t.JMeterThread: Thread is done: Tickets (open model) 1-93
2026-10-07 23:08:19,430 INFO o.a.j.t.JMeterThread: Thread finished: Tickets (open model) 1-93
2026-10-07 23:08:24,055 INFO o.a.j.t.JMeterThread: Thread is done: Tickets (open model) 1-94
2026-10-07 23:08:24,055 INFO o.a.j.t.JMeterThread: Thread finished: Tickets (open model) 1-94
2026-10-07 23:08:28,088 INFO o.a.j.t.JMeterThread: Thread is done: Tickets (open model) 1-95
2026-10-07 23:08:28,088 INFO o.a.j.t.JMeterThread: Thread finished: Tickets (open model) 1-95
2026-10-07 23:08:35,042 INFO o.a.j.r.Summariser: summary +      5 in 00:00:29 =    0.2/s Avg: 60444 Min: 56102 Max: 66353 Err:     0 (0.00%) Active: 5 Started: 100 Finished: 95
2026-10-07 23:08:35,043 INFO o.a.j.r.Summariser: summary =     96 in 00:12:18 =    0.1/s Avg: 36704 Min:  6255 Max: 66353 Err:     0 (0.00%)
2026-10-07 23:08:35,043 INFO o.a.j.t.JMeterThread: Thread is done: Tickets (open model) 1-96
2026-10-07 23:08:35,043 INFO o.a.j.t.JMeterThread: Thread finished: Tickets (open model) 1-96
2026-10-07 23:08:41,093 INFO o.a.j.t.JMeterThread: Thread is done: Tickets (open model) 1-97
2026-10-07 23:08:41,093 INFO o.a.j.t.JMeterThread: Thread finished: Tickets (open model) 1-97
2026-10-07 23:08:46,119 INFO o.a.j.t.JMeterThread: Thread is done: Tickets (open model) 1-98
2026-10-07 23:08:46,119 INFO o.a.j.t.JMeterThread: Thread finished: Tickets (open model) 1-98
2026-10-07 23:08:53,136 INFO o.a.j.t.JMeterThread: Thread is done: Tickets (open model) 1-99
2026-10-07 23:08:53,136 INFO o.a.j.t.JMeterThread: Thread finished: Tickets (open model) 1-99
2026-10-07 23:09:01,370 INFO o.a.j.r.Summariser: summary +      4 in 00:00:26 =    0.2/s Avg: 55327 Min: 51278 Max: 58977 Err:     0 (0.00%) Active: 1 Started: 100 Finished: 99
2026-10-07 23:09:01,371 INFO o.a.j.r.Summariser: summary =    100 in 00:12:44 =    0.1/s Avg: 37449 Min:  6255 Max: 66353 Err:     0 (0.00%)
2026-10-07 23:09:01,371 INFO o.a.j.t.JMeterThread: Thread is done: Tickets (open model) 1-100
2026-10-07 23:09:01,371 INFO o.a.j.t.JMeterThread: Thread finished: Tickets (open model) 1-100
2026-10-07 23:11:26,973 INFO o.a.j.t.o.OpenModelThreadGroup: There will be no more events, will shutdown the thread pool
2026-10-07 23:11:26,973 INFO o.a.j.t.o.OpenModelThreadGroup: Thread starting done
2026-10-07 23:11:26,973 INFO o.a.j.e.StandardJMeterEngine: Notifying test listeners of end of test
2026-10-07 23:11:26,973 INFO o.a.j.s.FileServer: Close: C:\Users\Owen\Desktop\ICT3113_Assignment_1\jmeter\data\team_narratives.tsv
2026-10-07 23:11:26,974 INFO o.a.j.r.Summariser: summary =    100 in 00:15:10 =    0.1/s Avg: 37449 Min:  6255 Max: 66353 Err:     0 (0.00%)
