2026-10-08 18:16:55,858 INFO o.a.j.u.JMeterUtils: Setting Locale to en_EN
2026-10-08 18:16:55,865 INFO o.a.j.JMeter: Loading user properties from: user.properties
2026-10-08 18:16:55,865 INFO o.a.j.JMeter: Loading system properties from: system.properties
2026-10-08 18:16:55,866 INFO o.a.j.JMeter: Loading additional properties from: C:\Users\Owen\Desktop\ICT3113_Assignment_1\jmeter\results.properties
2026-10-08 18:16:55,866 INFO o.a.j.JMeter: Setting JMeter property: host=192.168.1.170
2026-10-08 18:16:55,866 INFO o.a.j.JMeter: Setting JMeter property: port=8000
2026-10-08 18:16:55,866 INFO o.a.j.JMeter: Setting JMeter property: protocol=http
2026-10-08 18:16:55,866 INFO o.a.j.JMeter: Setting JMeter property: rate=75
2026-10-08 18:16:55,866 INFO o.a.j.JMeter: Setting JMeter property: duration_s=720
2026-10-08 18:16:55,866 INFO o.a.j.JMeter: Setting JMeter property: drain_s=190
2026-10-08 18:16:55,866 INFO o.a.j.JMeter: Setting JMeter property: search_schedule=pause(1s)
2026-10-08 18:16:55,867 INFO o.a.j.JMeter: Setting JMeter property: seed=311301
2026-10-08 18:16:55,867 INFO o.a.j.JMeter: Setting JMeter property: search_seed=311351
2026-10-08 18:16:55,867 INFO o.a.j.JMeter: Setting JMeter property: data_file=C:\Users\Owen\Desktop\ICT3113_Assignment_1\jmeter\data\team_narratives.tsv
2026-10-08 18:16:55,867 INFO o.a.j.JMeter: Setting JMeter property: search_file=C:\Users\Owen\Desktop\ICT3113_Assignment_1\jmeter\data\search_terms.txt
2026-10-08 18:16:55,867 INFO o.a.j.JMeter: Setting JMeter property: timeout_ms=180000
2026-10-08 18:16:55,871 INFO o.a.j.JMeter: Copyright (c) 1998-2024 The Apache Software Foundation
2026-10-08 18:16:55,871 INFO o.a.j.JMeter: Version 5.6.3
2026-10-08 18:16:55,871 INFO o.a.j.JMeter: java.version=1.8.0_333
2026-10-08 18:16:55,871 INFO o.a.j.JMeter: java.vm.name=Java HotSpot(TM) 64-Bit Server VM
2026-10-08 18:16:55,871 INFO o.a.j.JMeter: os.name=Windows 11
2026-10-08 18:16:55,871 INFO o.a.j.JMeter: os.arch=amd64
2026-10-08 18:16:55,871 INFO o.a.j.JMeter: os.version=10.0
2026-10-08 18:16:55,871 INFO o.a.j.JMeter: file.encoding=Cp1252
2026-10-08 18:16:55,871 INFO o.a.j.JMeter: java.awt.headless=true
2026-10-08 18:16:55,871 INFO o.a.j.JMeter: Max memory     =1073741824
2026-10-08 18:16:55,871 INFO o.a.j.JMeter: Available Processors =16
2026-10-08 18:16:55,873 INFO o.a.j.JMeter: Default Locale=English (EN)
2026-10-08 18:16:55,873 INFO o.a.j.JMeter: JMeter  Locale=English (EN)
2026-10-08 18:16:55,873 INFO o.a.j.JMeter: JMeterHome=C:\Users\Owen\Downloads\apache-jmeter-5.6.3\apache-jmeter-5.6.3
2026-10-08 18:16:55,874 INFO o.a.j.JMeter: user.dir  =C:\Users\Owen\Downloads\apache-jmeter-5.6.3\apache-jmeter-5.6.3\bin
2026-10-08 18:16:55,874 INFO o.a.j.JMeter: PWD       =C:\Users\Owen\Downloads\apache-jmeter-5.6.3\apache-jmeter-5.6.3\bin
2026-10-08 18:17:00,822 INFO o.a.j.JMeter: IP: 10.5.0.2 Name: DESKTOP-AK5RA9C FullName: DESKTOP-AK5RA9C
2026-10-08 18:17:00,834 INFO o.a.j.s.FileServer: Default base='C:\Users\Owen\Downloads\apache-jmeter-5.6.3\apache-jmeter-5.6.3\bin'
2026-10-08 18:17:00,835 INFO o.a.j.s.FileServer: Set new base='C:\Users\Owen\Desktop\ICT3113_Assignment_1\jmeter'
2026-10-08 18:17:00,910 INFO o.a.j.s.SaveService: Testplan (JMX) version: 2.2. Testlog (JTL) version: 2.2
2026-10-08 18:17:00,921 INFO o.a.j.s.SaveService: Using SaveService properties file encoding UTF-8
2026-10-08 18:17:00,924 INFO o.a.j.s.SaveService: Using SaveService properties version 5.0
2026-10-08 18:17:00,928 INFO o.a.j.s.SaveService: Loading file: C:\Users\Owen\Desktop\ICT3113_Assignment_1\jmeter\ticket_load_test.jmx
2026-10-08 18:17:00,973 INFO o.a.j.p.h.s.HTTPSamplerBase: Parser for text/html is org.apache.jmeter.protocol.http.parser.LagartoBasedHtmlParser
2026-10-08 18:17:00,973 INFO o.a.j.p.h.s.HTTPSamplerBase: Parser for application/xhtml+xml is org.apache.jmeter.protocol.http.parser.LagartoBasedHtmlParser
2026-10-08 18:17:00,973 INFO o.a.j.p.h.s.HTTPSamplerBase: Parser for application/xml is org.apache.jmeter.protocol.http.parser.LagartoBasedHtmlParser
2026-10-08 18:17:00,973 INFO o.a.j.p.h.s.HTTPSamplerBase: Parser for text/xml is org.apache.jmeter.protocol.http.parser.LagartoBasedHtmlParser
2026-10-08 18:17:00,973 INFO o.a.j.p.h.s.HTTPSamplerBase: Parser for text/vnd.wap.wml is org.apache.jmeter.protocol.http.parser.RegexpHTMLParser
2026-10-08 18:17:00,973 INFO o.a.j.p.h.s.HTTPSamplerBase: Parser for text/css is org.apache.jmeter.protocol.http.parser.CssParser
2026-10-08 18:17:01,130 INFO o.a.j.JMeter: Creating summariser <summary>
2026-10-08 18:17:01,142 INFO o.a.j.e.StandardJMeterEngine: Running the test!
2026-10-08 18:17:01,142 INFO o.a.j.s.SampleEvent: List of sample_variables: [request_id, ticket_row]
2026-10-08 18:17:01,143 INFO o.a.j.s.SampleEvent: List of sample_variables: [request_id, ticket_row]
2026-10-08 18:17:01,146 INFO o.a.j.e.u.CompoundVariable: Note: Function class names must contain the string: '.functions.'
2026-10-08 18:17:01,146 INFO o.a.j.e.u.CompoundVariable: Note: Function class names must not contain the string: '.gui.'
2026-10-08 18:17:01,318 INFO o.a.j.JMeter: Running test (1791454621318)
2026-10-08 18:17:01,344 INFO o.a.j.e.StandardJMeterEngine: Starting ThreadGroup: 1 : Tickets (open model)
2026-10-08 18:17:01,344 INFO o.a.j.e.StandardJMeterEngine: Starting 0 threads for group Tickets (open model).
2026-10-08 18:17:01,344 INFO o.a.j.e.StandardJMeterEngine: Thread will continue on error
2026-10-08 18:17:01,344 INFO o.a.j.t.o.OpenModelThreadGroup: Starting OpenModelThreadGroup#1 with schedule rate(75/hour) random_arrivals(720 s) pause(190 s)
2026-10-08 18:17:01,375 INFO o.a.j.e.StandardJMeterEngine: Starting ThreadGroup: 2 : Searches (open model)
2026-10-08 18:17:01,375 INFO o.a.j.e.StandardJMeterEngine: Starting 0 threads for group Searches (open model).
2026-10-08 18:17:01,375 INFO o.a.j.e.StandardJMeterEngine: Thread will continue on error
2026-10-08 18:17:01,375 INFO o.a.j.t.o.OpenModelThreadGroup: Starting OpenModelThreadGroup#2 with schedule pause(1s)
2026-10-08 18:17:01,375 INFO o.a.j.t.o.OpenModelThreadGroup: Thread starting init
2026-10-08 18:17:01,375 INFO o.a.j.e.StandardJMeterEngine: All thread groups have been started
2026-10-08 18:17:01,376 INFO o.a.j.t.o.OpenModelThreadGroup: Thread starting init
2026-10-08 18:17:01,378 INFO o.a.j.t.o.EvenArrivalsRamp: Generating 0 events, beginRate = 0.0 / sec, endRate = 0.0 / sec, duration = 1.0 sec
2026-10-08 18:17:01,378 INFO o.a.j.t.o.OpenModelThreadGroup: There will be no more events, so will wait for 0 sec till the end of the schedule
2026-10-08 18:17:01,378 INFO o.a.j.t.o.PoissonArrivalsRamp: Generating 15 events, beginRate = 0.020833333333333332 / sec, endRate = 0.020833333333333332 / sec, duration = 720.0 sec
2026-10-08 18:17:02,144 INFO o.a.j.t.o.OpenModelThreadGroup: There will be no more events, will shutdown the thread pool
2026-10-08 18:17:02,144 INFO o.a.j.t.o.OpenModelThreadGroup: Thread starting done
2026-10-08 18:17:23,199 INFO o.a.j.t.JMeterThread: Thread started: Tickets (open model) 1-1
2026-10-08 18:17:23,200 INFO o.a.j.s.FileServer: Stored: C:\Users\Owen\Desktop\ICT3113_Assignment_1\jmeter\data\team_narratives.tsv
2026-10-08 18:17:23,226 INFO o.a.j.p.h.s.HTTPHCAbstractImpl: Local host = DESKTOP-AK5RA9C
2026-10-08 18:17:23,231 INFO o.a.j.p.h.s.HTTPHC4Impl: HTTP request retry count = 0
2026-10-08 18:17:23,233 INFO o.a.j.s.SampleResult: Note: Sample TimeStamps are START times
2026-10-08 18:17:23,233 INFO o.a.j.s.SampleResult: sampleresult.default.encoding is set to UTF-8
2026-10-08 18:17:23,233 INFO o.a.j.s.SampleResult: sampleresult.useNanoTime=true
2026-10-08 18:17:23,233 INFO o.a.j.s.SampleResult: sampleresult.nanoThreadSleep=5000
2026-10-08 18:17:24,121 INFO o.a.j.t.JMeterThread: Thread is done: Tickets (open model) 1-1
2026-10-08 18:17:24,121 INFO o.a.j.t.JMeterThread: Thread finished: Tickets (open model) 1-1
2026-10-08 18:18:19,416 INFO o.a.j.t.JMeterThread: Thread started: Tickets (open model) 1-2
2026-10-08 18:18:29,340 INFO o.a.j.t.JMeterThread: Thread is done: Tickets (open model) 1-2
2026-10-08 18:18:29,340 INFO o.a.j.t.JMeterThread: Thread finished: Tickets (open model) 1-2
2026-10-08 18:18:52,389 INFO o.a.j.t.JMeterThread: Thread started: Tickets (open model) 1-3
2026-10-08 18:19:11,642 INFO o.a.j.t.JMeterThread: Thread is done: Tickets (open model) 1-3
2026-10-08 18:19:11,642 INFO o.a.j.t.JMeterThread: Thread finished: Tickets (open model) 1-3
2026-10-08 18:19:29,520 INFO o.a.j.t.JMeterThread: Thread started: Tickets (open model) 1-4
2026-10-08 18:20:01,792 INFO o.a.j.r.Summariser: summary +      4 in 00:03:00 =    0.0/s Avg: 15569 Min:   838 Max: 32269 Err:     0 (0.00%) Active: 1 Started: 4 Finished: 3
2026-10-08 18:20:01,793 INFO o.a.j.t.JMeterThread: Thread is done: Tickets (open model) 1-4
2026-10-08 18:20:01,793 INFO o.a.j.t.JMeterThread: Thread finished: Tickets (open model) 1-4
2026-10-08 18:21:47,841 INFO o.a.j.t.JMeterThread: Thread started: Tickets (open model) 1-5
2026-10-08 18:21:52,442 INFO o.a.j.t.JMeterThread: Thread is done: Tickets (open model) 1-5
2026-10-08 18:21:52,442 INFO o.a.j.t.JMeterThread: Thread finished: Tickets (open model) 1-5
2026-10-08 18:23:26,189 INFO o.a.j.t.JMeterThread: Thread started: Tickets (open model) 1-6
2026-10-08 18:23:32,694 INFO o.a.j.r.Summariser: summary +      2 in 00:03:31 =    0.0/s Avg:  5550 Min:  4599 Max:  6502 Err:     0 (0.00%) Active: 1 Started: 6 Finished: 5
2026-10-08 18:23:32,695 INFO o.a.j.r.Summariser: summary =      6 in 00:06:31 =    0.0/s Avg: 12230 Min:   838 Max: 32269 Err:     0 (0.00%)
2026-10-08 18:23:32,695 INFO o.a.j.t.JMeterThread: Thread is done: Tickets (open model) 1-6
2026-10-08 18:23:32,695 INFO o.a.j.t.JMeterThread: Thread finished: Tickets (open model) 1-6
2026-10-08 18:23:59,208 INFO o.a.j.t.JMeterThread: Thread started: Tickets (open model) 1-7
2026-10-08 18:24:02,552 INFO o.a.j.t.JMeterThread: Thread started: Tickets (open model) 1-8
2026-10-08 18:24:10,586 INFO o.a.j.t.JMeterThread: Thread started: Tickets (open model) 1-9
2026-10-08 18:24:12,468 INFO o.a.j.t.JMeterThread: Thread is done: Tickets (open model) 1-7
2026-10-08 18:24:12,468 INFO o.a.j.t.JMeterThread: Thread finished: Tickets (open model) 1-7
2026-10-08 18:24:20,273 INFO o.a.j.t.JMeterThread: Thread is done: Tickets (open model) 1-8
2026-10-08 18:24:20,273 INFO o.a.j.t.JMeterThread: Thread finished: Tickets (open model) 1-8
2026-10-08 18:24:35,690 INFO o.a.j.r.Summariser: summary +      3 in 00:01:03 =    0.0/s Avg: 18693 Min: 13258 Max: 25103 Err:     0 (0.00%) Active: 1 Started: 9 Finished: 8
2026-10-08 18:24:35,691 INFO o.a.j.r.Summariser: summary =      9 in 00:07:34 =    0.0/s Avg: 14384 Min:   838 Max: 32269 Err:     0 (0.00%)
2026-10-08 18:24:35,691 INFO o.a.j.t.JMeterThread: Thread is done: Tickets (open model) 1-9
2026-10-08 18:24:35,691 INFO o.a.j.t.JMeterThread: Thread finished: Tickets (open model) 1-9
2026-10-08 18:25:52,749 INFO o.a.j.t.JMeterThread: Thread started: Tickets (open model) 1-10
2026-10-08 18:26:01,652 INFO o.a.j.r.Summariser: summary +      1 in 00:01:26 =    0.0/s Avg:  8901 Min:  8901 Max:  8901 Err:     0 (0.00%) Active: 1 Started: 10 Finished: 9
2026-10-08 18:26:01,653 INFO o.a.j.r.Summariser: summary =     10 in 00:09:00 =    0.0/s Avg: 13836 Min:   838 Max: 32269 Err:     0 (0.00%)
2026-10-08 18:26:01,653 INFO o.a.j.t.JMeterThread: Thread is done: Tickets (open model) 1-10
2026-10-08 18:26:01,653 INFO o.a.j.t.JMeterThread: Thread finished: Tickets (open model) 1-10
2026-10-08 18:26:33,560 INFO o.a.j.t.JMeterThread: Thread started: Tickets (open model) 1-11
2026-10-08 18:26:57,666 INFO o.a.j.t.JMeterThread: Thread started: Tickets (open model) 1-12
2026-10-08 18:27:08,974 INFO o.a.j.t.JMeterThread: Thread started: Tickets (open model) 1-13
2026-10-08 18:27:09,107 INFO o.a.j.t.JMeterThread: Thread is done: Tickets (open model) 1-11
2026-10-08 18:27:09,107 INFO o.a.j.t.JMeterThread: Thread finished: Tickets (open model) 1-11
2026-10-08 18:27:17,193 INFO o.a.j.t.JMeterThread: Thread is done: Tickets (open model) 1-12
2026-10-08 18:27:17,193 INFO o.a.j.t.JMeterThread: Thread finished: Tickets (open model) 1-12
2026-10-08 18:27:24,882 INFO o.a.j.t.JMeterThread: Thread started: Tickets (open model) 1-14
2026-10-08 18:27:30,755 INFO o.a.j.r.Summariser: summary +      3 in 00:01:29 =    0.0/s Avg: 25616 Min: 19526 Max: 35545 Err:     0 (0.00%) Active: 2 Started: 14 Finished: 12
2026-10-08 18:27:30,755 INFO o.a.j.r.Summariser: summary =     13 in 00:10:29 =    0.0/s Avg: 16554 Min:   838 Max: 35545 Err:     0 (0.00%)
2026-10-08 18:27:30,756 INFO o.a.j.t.JMeterThread: Thread is done: Tickets (open model) 1-13
2026-10-08 18:27:30,756 INFO o.a.j.t.JMeterThread: Thread finished: Tickets (open model) 1-13
2026-10-08 18:27:33,018 INFO o.a.j.t.o.EvenArrivalsRamp: Generating 0 events, beginRate = 0.0 / sec, endRate = 0.0 / sec, duration = 190.0 sec
2026-10-08 18:27:33,018 INFO o.a.j.t.o.OpenModelThreadGroup: There will be no more events, so will wait for 278 sec till the end of the schedule
2026-10-08 18:27:33,018 INFO o.a.j.t.JMeterThread: Thread started: Tickets (open model) 1-15
2026-10-08 18:27:44,516 INFO o.a.j.t.JMeterThread: Thread is done: Tickets (open model) 1-14
2026-10-08 18:27:44,516 INFO o.a.j.t.JMeterThread: Thread finished: Tickets (open model) 1-14
2026-10-08 18:28:10,336 INFO o.a.j.t.JMeterThread: Thread is done: Tickets (open model) 1-15
2026-10-08 18:28:10,336 INFO o.a.j.t.JMeterThread: Thread finished: Tickets (open model) 1-15
2026-10-08 18:32:11,147 INFO o.a.j.t.o.OpenModelThreadGroup: There will be no more events, will shutdown the thread pool
2026-10-08 18:32:11,147 INFO o.a.j.t.o.OpenModelThreadGroup: Thread starting done
2026-10-08 18:32:11,147 INFO o.a.j.e.StandardJMeterEngine: Notifying test listeners of end of test
2026-10-08 18:32:11,147 INFO o.a.j.s.FileServer: Close: C:\Users\Owen\Desktop\ICT3113_Assignment_1\jmeter\data\team_narratives.tsv
2026-10-08 18:32:11,148 INFO o.a.j.r.Summariser: summary +      2 in 00:04:40 =    0.0/s Avg: 28474 Min: 19633 Max: 37316 Err:     0 (0.00%) Active: 0 Started: 15 Finished: 15
2026-10-08 18:32:11,149 INFO o.a.j.r.Summariser: summary =     15 in 00:15:10 =    0.0/s Avg: 18143 Min:   838 Max: 37316 Err:     0 (0.00%)
