2026-10-08 11:15:27,589 INFO o.a.j.u.JMeterUtils: Setting Locale to en_EN
2026-10-08 11:15:27,598 INFO o.a.j.JMeter: Loading user properties from: user.properties
2026-10-08 11:15:27,598 INFO o.a.j.JMeter: Loading system properties from: system.properties
2026-10-08 11:15:27,598 INFO o.a.j.JMeter: Loading additional properties from: C:\Users\Owen\Desktop\ICT3113_Assignment_1\jmeter\results.properties
2026-10-08 11:15:27,598 INFO o.a.j.JMeter: Setting JMeter property: host=192.168.1.170
2026-10-08 11:15:27,598 INFO o.a.j.JMeter: Setting JMeter property: port=8000
2026-10-08 11:15:27,598 INFO o.a.j.JMeter: Setting JMeter property: protocol=http
2026-10-08 11:15:27,599 INFO o.a.j.JMeter: Setting JMeter property: rate=125
2026-10-08 11:15:27,599 INFO o.a.j.JMeter: Setting JMeter property: duration_s=720
2026-10-08 11:15:27,599 INFO o.a.j.JMeter: Setting JMeter property: drain_s=190
2026-10-08 11:15:27,599 INFO o.a.j.JMeter: Setting JMeter property: search_schedule=pause(1s)
2026-10-08 11:15:27,599 INFO o.a.j.JMeter: Setting JMeter property: seed=311301
2026-10-08 11:15:27,599 INFO o.a.j.JMeter: Setting JMeter property: search_seed=311351
2026-10-08 11:15:27,599 INFO o.a.j.JMeter: Setting JMeter property: data_file=C:\Users\Owen\Desktop\ICT3113_Assignment_1\jmeter\data\team_narratives.tsv
2026-10-08 11:15:27,599 INFO o.a.j.JMeter: Setting JMeter property: search_file=C:\Users\Owen\Desktop\ICT3113_Assignment_1\jmeter\data\search_terms.txt
2026-10-08 11:15:27,599 INFO o.a.j.JMeter: Setting JMeter property: timeout_ms=180000
2026-10-08 11:15:27,603 INFO o.a.j.JMeter: Copyright (c) 1998-2024 The Apache Software Foundation
2026-10-08 11:15:27,603 INFO o.a.j.JMeter: Version 5.6.3
2026-10-08 11:15:27,603 INFO o.a.j.JMeter: java.version=1.8.0_333
2026-10-08 11:15:27,603 INFO o.a.j.JMeter: java.vm.name=Java HotSpot(TM) 64-Bit Server VM
2026-10-08 11:15:27,603 INFO o.a.j.JMeter: os.name=Windows 11
2026-10-08 11:15:27,603 INFO o.a.j.JMeter: os.arch=amd64
2026-10-08 11:15:27,603 INFO o.a.j.JMeter: os.version=10.0
2026-10-08 11:15:27,603 INFO o.a.j.JMeter: file.encoding=Cp1252
2026-10-08 11:15:27,603 INFO o.a.j.JMeter: java.awt.headless=true
2026-10-08 11:15:27,603 INFO o.a.j.JMeter: Max memory     =1073741824
2026-10-08 11:15:27,603 INFO o.a.j.JMeter: Available Processors =16
2026-10-08 11:15:27,605 INFO o.a.j.JMeter: Default Locale=English (EN)
2026-10-08 11:15:27,605 INFO o.a.j.JMeter: JMeter  Locale=English (EN)
2026-10-08 11:15:27,606 INFO o.a.j.JMeter: JMeterHome=C:\Users\Owen\Downloads\apache-jmeter-5.6.3\apache-jmeter-5.6.3
2026-10-08 11:15:27,606 INFO o.a.j.JMeter: user.dir  =C:\Users\Owen\Downloads\apache-jmeter-5.6.3\apache-jmeter-5.6.3\bin
2026-10-08 11:15:27,606 INFO o.a.j.JMeter: PWD       =C:\Users\Owen\Downloads\apache-jmeter-5.6.3\apache-jmeter-5.6.3\bin
2026-10-08 11:15:32,560 INFO o.a.j.JMeter: IP: 10.5.0.2 Name: DESKTOP-AK5RA9C FullName: DESKTOP-AK5RA9C
2026-10-08 11:15:32,571 INFO o.a.j.s.FileServer: Default base='C:\Users\Owen\Downloads\apache-jmeter-5.6.3\apache-jmeter-5.6.3\bin'
2026-10-08 11:15:32,572 INFO o.a.j.s.FileServer: Set new base='C:\Users\Owen\Desktop\ICT3113_Assignment_1\jmeter'
2026-10-08 11:15:32,649 INFO o.a.j.s.SaveService: Testplan (JMX) version: 2.2. Testlog (JTL) version: 2.2
2026-10-08 11:15:32,660 INFO o.a.j.s.SaveService: Using SaveService properties file encoding UTF-8
2026-10-08 11:15:32,662 INFO o.a.j.s.SaveService: Using SaveService properties version 5.0
2026-10-08 11:15:32,667 INFO o.a.j.s.SaveService: Loading file: C:\Users\Owen\Desktop\ICT3113_Assignment_1\jmeter\ticket_load_test.jmx
2026-10-08 11:15:32,714 INFO o.a.j.p.h.s.HTTPSamplerBase: Parser for text/html is org.apache.jmeter.protocol.http.parser.LagartoBasedHtmlParser
2026-10-08 11:15:32,714 INFO o.a.j.p.h.s.HTTPSamplerBase: Parser for application/xhtml+xml is org.apache.jmeter.protocol.http.parser.LagartoBasedHtmlParser
2026-10-08 11:15:32,714 INFO o.a.j.p.h.s.HTTPSamplerBase: Parser for application/xml is org.apache.jmeter.protocol.http.parser.LagartoBasedHtmlParser
2026-10-08 11:15:32,714 INFO o.a.j.p.h.s.HTTPSamplerBase: Parser for text/xml is org.apache.jmeter.protocol.http.parser.LagartoBasedHtmlParser
2026-10-08 11:15:32,714 INFO o.a.j.p.h.s.HTTPSamplerBase: Parser for text/vnd.wap.wml is org.apache.jmeter.protocol.http.parser.RegexpHTMLParser
2026-10-08 11:15:32,715 INFO o.a.j.p.h.s.HTTPSamplerBase: Parser for text/css is org.apache.jmeter.protocol.http.parser.CssParser
2026-10-08 11:15:32,873 INFO o.a.j.JMeter: Creating summariser <summary>
2026-10-08 11:15:32,884 INFO o.a.j.e.StandardJMeterEngine: Running the test!
2026-10-08 11:15:32,885 INFO o.a.j.s.SampleEvent: List of sample_variables: [request_id, ticket_row]
2026-10-08 11:15:32,885 INFO o.a.j.s.SampleEvent: List of sample_variables: [request_id, ticket_row]
2026-10-08 11:15:32,888 INFO o.a.j.e.u.CompoundVariable: Note: Function class names must contain the string: '.functions.'
2026-10-08 11:15:32,888 INFO o.a.j.e.u.CompoundVariable: Note: Function class names must not contain the string: '.gui.'
2026-10-08 11:15:33,061 INFO o.a.j.JMeter: Running test (1791429333061)
2026-10-08 11:15:33,087 INFO o.a.j.e.StandardJMeterEngine: Starting ThreadGroup: 1 : Tickets (open model)
2026-10-08 11:15:33,087 INFO o.a.j.e.StandardJMeterEngine: Starting 0 threads for group Tickets (open model).
2026-10-08 11:15:33,087 INFO o.a.j.e.StandardJMeterEngine: Thread will continue on error
2026-10-08 11:15:33,087 INFO o.a.j.t.o.OpenModelThreadGroup: Starting OpenModelThreadGroup#1 with schedule rate(125/hour) random_arrivals(720 s) pause(190 s)
2026-10-08 11:15:33,117 INFO o.a.j.e.StandardJMeterEngine: Starting ThreadGroup: 2 : Searches (open model)
2026-10-08 11:15:33,117 INFO o.a.j.e.StandardJMeterEngine: Starting 0 threads for group Searches (open model).
2026-10-08 11:15:33,117 INFO o.a.j.e.StandardJMeterEngine: Thread will continue on error
2026-10-08 11:15:33,118 INFO o.a.j.t.o.OpenModelThreadGroup: Starting OpenModelThreadGroup#2 with schedule pause(1s)
2026-10-08 11:15:33,117 INFO o.a.j.t.o.OpenModelThreadGroup: Thread starting init
2026-10-08 11:15:33,118 INFO o.a.j.e.StandardJMeterEngine: All thread groups have been started
2026-10-08 11:15:33,118 INFO o.a.j.t.o.OpenModelThreadGroup: Thread starting init
2026-10-08 11:15:33,121 INFO o.a.j.t.o.EvenArrivalsRamp: Generating 0 events, beginRate = 0.0 / sec, endRate = 0.0 / sec, duration = 1.0 sec
2026-10-08 11:15:33,121 INFO o.a.j.t.o.OpenModelThreadGroup: There will be no more events, so will wait for 0 sec till the end of the schedule
2026-10-08 11:15:33,121 INFO o.a.j.t.o.PoissonArrivalsRamp: Generating 25 events, beginRate = 0.034722222222222224 / sec, endRate = 0.034722222222222224 / sec, duration = 720.0 sec
2026-10-08 11:15:33,887 INFO o.a.j.t.o.OpenModelThreadGroup: There will be no more events, will shutdown the thread pool
2026-10-08 11:15:33,887 INFO o.a.j.t.o.OpenModelThreadGroup: Thread starting done
2026-10-08 11:15:54,935 INFO o.a.j.t.JMeterThread: Thread started: Tickets (open model) 1-1
2026-10-08 11:15:54,936 INFO o.a.j.s.FileServer: Stored: C:\Users\Owen\Desktop\ICT3113_Assignment_1\jmeter\data\team_narratives.tsv
2026-10-08 11:15:54,956 INFO o.a.j.p.h.s.HTTPHCAbstractImpl: Local host = DESKTOP-AK5RA9C
2026-10-08 11:15:54,961 INFO o.a.j.p.h.s.HTTPHC4Impl: HTTP request retry count = 0
2026-10-08 11:15:54,962 INFO o.a.j.s.SampleResult: Note: Sample TimeStamps are START times
2026-10-08 11:15:54,962 INFO o.a.j.s.SampleResult: sampleresult.default.encoding is set to UTF-8
2026-10-08 11:15:54,962 INFO o.a.j.s.SampleResult: sampleresult.useNanoTime=true
2026-10-08 11:15:54,962 INFO o.a.j.s.SampleResult: sampleresult.nanoThreadSleep=5000
2026-10-08 11:16:41,654 INFO o.a.j.t.JMeterThread: Thread is done: Tickets (open model) 1-1
2026-10-08 11:16:41,654 INFO o.a.j.t.JMeterThread: Thread finished: Tickets (open model) 1-1
2026-10-08 11:16:51,159 INFO o.a.j.t.JMeterThread: Thread started: Tickets (open model) 1-2
2026-10-08 11:17:01,076 INFO o.a.j.r.Summariser: summary +      2 in 00:01:28 =    0.0/s Avg: 28281 Min:  9914 Max: 46649 Err:     0 (0.00%) Active: 1 Started: 2 Finished: 1
2026-10-08 11:17:01,077 INFO o.a.j.t.JMeterThread: Thread is done: Tickets (open model) 1-2
2026-10-08 11:17:01,077 INFO o.a.j.t.JMeterThread: Thread finished: Tickets (open model) 1-2
2026-10-08 11:17:24,130 INFO o.a.j.t.JMeterThread: Thread started: Tickets (open model) 1-3
2026-10-08 11:17:35,920 INFO o.a.j.r.Summariser: summary +      1 in 00:00:35 =    0.0/s Avg: 11788 Min: 11788 Max: 11788 Err:     0 (0.00%) Active: 1 Started: 3 Finished: 2
2026-10-08 11:17:35,920 INFO o.a.j.r.Summariser: summary =      3 in 00:02:03 =    0.0/s Avg: 22783 Min:  9914 Max: 46649 Err:     0 (0.00%)
2026-10-08 11:17:35,921 INFO o.a.j.t.JMeterThread: Thread is done: Tickets (open model) 1-3
2026-10-08 11:17:35,921 INFO o.a.j.t.JMeterThread: Thread finished: Tickets (open model) 1-3
2026-10-08 11:18:01,263 INFO o.a.j.t.JMeterThread: Thread started: Tickets (open model) 1-4
2026-10-08 11:18:19,104 INFO o.a.j.t.JMeterThread: Thread is done: Tickets (open model) 1-4
2026-10-08 11:18:19,104 INFO o.a.j.t.JMeterThread: Thread finished: Tickets (open model) 1-4
2026-10-08 11:18:31,805 INFO o.a.j.t.JMeterThread: Thread started: Tickets (open model) 1-5
2026-10-08 11:18:35,496 INFO o.a.j.r.Summariser: summary +      2 in 00:01:00 =    0.0/s Avg: 10763 Min:  3688 Max: 17839 Err:     0 (0.00%) Active: 1 Started: 5 Finished: 4
2026-10-08 11:18:35,496 INFO o.a.j.r.Summariser: summary =      5 in 00:03:02 =    0.0/s Avg: 17975 Min:  3688 Max: 46649 Err:     0 (0.00%)
2026-10-08 11:18:35,497 INFO o.a.j.t.JMeterThread: Thread is done: Tickets (open model) 1-5
2026-10-08 11:18:35,497 INFO o.a.j.t.JMeterThread: Thread finished: Tickets (open model) 1-5
2026-10-08 11:18:42,128 INFO o.a.j.t.JMeterThread: Thread started: Tickets (open model) 1-6
2026-10-08 11:18:47,214 INFO o.a.j.t.JMeterThread: Thread is done: Tickets (open model) 1-6
2026-10-08 11:18:47,214 INFO o.a.j.t.JMeterThread: Thread finished: Tickets (open model) 1-6
2026-10-08 11:19:15,913 INFO o.a.j.t.JMeterThread: Thread started: Tickets (open model) 1-7
2026-10-08 11:19:27,765 INFO o.a.j.t.JMeterThread: Thread is done: Tickets (open model) 1-7
2026-10-08 11:19:27,765 INFO o.a.j.t.JMeterThread: Thread finished: Tickets (open model) 1-7
2026-10-08 11:20:16,974 INFO o.a.j.t.JMeterThread: Thread started: Tickets (open model) 1-8
2026-10-08 11:20:18,434 INFO o.a.j.t.JMeterThread: Thread started: Tickets (open model) 1-9
2026-10-08 11:20:19,582 INFO o.a.j.t.JMeterThread: Thread started: Tickets (open model) 1-10
2026-10-08 11:20:22,781 INFO o.a.j.t.JMeterThread: Thread is done: Tickets (open model) 1-8
2026-10-08 11:20:22,781 INFO o.a.j.t.JMeterThread: Thread finished: Tickets (open model) 1-8
2026-10-08 11:20:31,422 INFO o.a.j.r.Summariser: summary +      4 in 00:01:56 =    0.0/s Avg:  8931 Min:  5085 Max: 12987 Err:     0 (0.00%) Active: 2 Started: 10 Finished: 8
2026-10-08 11:20:31,423 INFO o.a.j.r.Summariser: summary =      9 in 00:04:58 =    0.0/s Avg: 13955 Min:  3688 Max: 46649 Err:     0 (0.00%)
2026-10-08 11:20:31,423 INFO o.a.j.t.JMeterThread: Thread is done: Tickets (open model) 1-9
2026-10-08 11:20:31,423 INFO o.a.j.t.JMeterThread: Thread finished: Tickets (open model) 1-9
2026-10-08 11:20:38,042 INFO o.a.j.t.JMeterThread: Thread is done: Tickets (open model) 1-10
2026-10-08 11:20:38,043 INFO o.a.j.t.JMeterThread: Thread finished: Tickets (open model) 1-10
2026-10-08 11:21:55,416 INFO o.a.j.t.JMeterThread: Thread started: Tickets (open model) 1-11
2026-10-08 11:21:57,931 INFO o.a.j.t.JMeterThread: Thread started: Tickets (open model) 1-12
2026-10-08 11:22:18,902 INFO o.a.j.t.JMeterThread: Thread is done: Tickets (open model) 1-11
2026-10-08 11:22:18,902 INFO o.a.j.t.JMeterThread: Thread finished: Tickets (open model) 1-11
2026-10-08 11:22:23,796 INFO o.a.j.t.JMeterThread: Thread is done: Tickets (open model) 1-12
2026-10-08 11:22:23,797 INFO o.a.j.t.JMeterThread: Thread finished: Tickets (open model) 1-12
2026-10-08 11:22:30,949 INFO o.a.j.t.JMeterThread: Thread started: Tickets (open model) 1-13
2026-10-08 11:22:34,293 INFO o.a.j.t.JMeterThread: Thread started: Tickets (open model) 1-14
2026-10-08 11:22:38,829 INFO o.a.j.t.JMeterThread: Thread is done: Tickets (open model) 1-13
2026-10-08 11:22:38,829 INFO o.a.j.t.JMeterThread: Thread finished: Tickets (open model) 1-13
2026-10-08 11:22:42,327 INFO o.a.j.t.JMeterThread: Thread started: Tickets (open model) 1-15
2026-10-08 11:22:44,192 INFO o.a.j.t.JMeterThread: Thread is done: Tickets (open model) 1-14
2026-10-08 11:22:44,192 INFO o.a.j.t.JMeterThread: Thread finished: Tickets (open model) 1-14
2026-10-08 11:22:59,343 INFO o.a.j.t.JMeterThread: Thread is done: Tickets (open model) 1-15
2026-10-08 11:22:59,343 INFO o.a.j.t.JMeterThread: Thread finished: Tickets (open model) 1-15
2026-10-08 11:23:05,314 INFO o.a.j.t.JMeterThread: Thread started: Tickets (open model) 1-16
2026-10-08 11:23:26,835 INFO o.a.j.t.JMeterThread: Thread is done: Tickets (open model) 1-16
2026-10-08 11:23:26,835 INFO o.a.j.t.JMeterThread: Thread finished: Tickets (open model) 1-16
2026-10-08 11:24:24,491 INFO o.a.j.t.JMeterThread: Thread started: Tickets (open model) 1-17
2026-10-08 11:24:30,896 INFO o.a.j.r.Summariser: summary +      8 in 00:03:59 =    0.0/s Avg: 16314 Min:  6404 Max: 25864 Err:     0 (0.00%) Active: 1 Started: 17 Finished: 16
2026-10-08 11:24:30,897 INFO o.a.j.r.Summariser: summary =     17 in 00:08:58 =    0.0/s Avg: 15065 Min:  3688 Max: 46649 Err:     0 (0.00%)
2026-10-08 11:24:30,897 INFO o.a.j.t.JMeterThread: Thread is done: Tickets (open model) 1-17
2026-10-08 11:24:30,897 INFO o.a.j.t.JMeterThread: Thread finished: Tickets (open model) 1-17
2026-10-08 11:25:05,302 INFO o.a.j.t.JMeterThread: Thread started: Tickets (open model) 1-18
2026-10-08 11:25:13,016 INFO o.a.j.t.JMeterThread: Thread is done: Tickets (open model) 1-18
2026-10-08 11:25:13,016 INFO o.a.j.t.JMeterThread: Thread finished: Tickets (open model) 1-18
2026-10-08 11:25:19,481 INFO o.a.j.t.JMeterThread: Thread started: Tickets (open model) 1-19
2026-10-08 11:25:26,557 INFO o.a.j.t.JMeterThread: Thread is done: Tickets (open model) 1-19
2026-10-08 11:25:26,557 INFO o.a.j.t.JMeterThread: Thread finished: Tickets (open model) 1-19
2026-10-08 11:25:29,406 INFO o.a.j.t.JMeterThread: Thread started: Tickets (open model) 1-20
2026-10-08 11:25:32,618 INFO o.a.j.t.JMeterThread: Thread started: Tickets (open model) 1-21
2026-10-08 11:25:40,717 INFO o.a.j.t.JMeterThread: Thread started: Tickets (open model) 1-22
2026-10-08 11:25:41,507 INFO o.a.j.t.JMeterThread: Thread is done: Tickets (open model) 1-20
2026-10-08 11:25:41,508 INFO o.a.j.t.JMeterThread: Thread finished: Tickets (open model) 1-20
2026-10-08 11:25:46,562 INFO o.a.j.t.JMeterThread: Thread is done: Tickets (open model) 1-21
2026-10-08 11:25:46,562 INFO o.a.j.t.JMeterThread: Thread finished: Tickets (open model) 1-21
2026-10-08 11:25:56,624 INFO o.a.j.t.JMeterThread: Thread started: Tickets (open model) 1-23
2026-10-08 11:26:04,760 INFO o.a.j.t.JMeterThread: Thread started: Tickets (open model) 1-24
2026-10-08 11:26:10,520 INFO o.a.j.t.JMeterThread: Thread is done: Tickets (open model) 1-22
2026-10-08 11:26:10,520 INFO o.a.j.t.JMeterThread: Thread finished: Tickets (open model) 1-22
2026-10-08 11:26:20,269 INFO o.a.j.t.JMeterThread: Thread is done: Tickets (open model) 1-23
2026-10-08 11:26:20,269 INFO o.a.j.t.JMeterThread: Thread finished: Tickets (open model) 1-23
2026-10-08 11:26:32,012 INFO o.a.j.r.Summariser: summary +      7 in 00:02:01 =    0.1/s Avg: 17360 Min:  7075 Max: 29800 Err:     0 (0.00%) Active: 1 Started: 24 Finished: 23
2026-10-08 11:26:32,013 INFO o.a.j.r.Summariser: summary =     24 in 00:10:59 =    0.0/s Avg: 15735 Min:  3688 Max: 46649 Err:     0 (0.00%)
2026-10-08 11:26:32,013 INFO o.a.j.t.JMeterThread: Thread is done: Tickets (open model) 1-24
2026-10-08 11:26:32,013 INFO o.a.j.t.JMeterThread: Thread finished: Tickets (open model) 1-24
2026-10-08 11:27:32,835 INFO o.a.j.t.o.EvenArrivalsRamp: Generating 0 events, beginRate = 0.0 / sec, endRate = 0.0 / sec, duration = 190.0 sec
2026-10-08 11:27:32,835 INFO o.a.j.t.o.OpenModelThreadGroup: There will be no more events, so will wait for 190 sec till the end of the schedule
2026-10-08 11:27:32,835 INFO o.a.j.t.JMeterThread: Thread started: Tickets (open model) 1-25
2026-10-08 11:27:44,454 INFO o.a.j.t.JMeterThread: Thread is done: Tickets (open model) 1-25
2026-10-08 11:27:44,454 INFO o.a.j.t.JMeterThread: Thread finished: Tickets (open model) 1-25
2026-10-08 11:30:42,887 INFO o.a.j.t.o.OpenModelThreadGroup: There will be no more events, will shutdown the thread pool
2026-10-08 11:30:42,887 INFO o.a.j.t.o.OpenModelThreadGroup: Thread starting done
2026-10-08 11:30:42,887 INFO o.a.j.e.StandardJMeterEngine: Notifying test listeners of end of test
2026-10-08 11:30:42,887 INFO o.a.j.s.FileServer: Close: C:\Users\Owen\Desktop\ICT3113_Assignment_1\jmeter\data\team_narratives.tsv
2026-10-08 11:30:42,889 INFO o.a.j.r.Summariser: summary +      1 in 00:04:11 =    0.0/s Avg: 11617 Min: 11617 Max: 11617 Err:     0 (0.00%) Active: 0 Started: 25 Finished: 25
2026-10-08 11:30:42,889 INFO o.a.j.r.Summariser: summary =     25 in 00:15:10 =    0.0/s Avg: 15570 Min:  3688 Max: 46649 Err:     0 (0.00%)
