2026-10-08 11:50:07,545 INFO o.a.j.u.JMeterUtils: Setting Locale to en_EN
2026-10-08 11:50:07,553 INFO o.a.j.JMeter: Loading user properties from: user.properties
2026-10-08 11:50:07,553 INFO o.a.j.JMeter: Loading system properties from: system.properties
2026-10-08 11:50:07,553 INFO o.a.j.JMeter: Loading additional properties from: C:\Users\Owen\Desktop\ICT3113_Assignment_1\jmeter\results.properties
2026-10-08 11:50:07,553 INFO o.a.j.JMeter: Setting JMeter property: host=192.168.1.170
2026-10-08 11:50:07,553 INFO o.a.j.JMeter: Setting JMeter property: port=8000
2026-10-08 11:50:07,554 INFO o.a.j.JMeter: Setting JMeter property: protocol=http
2026-10-08 11:50:07,555 INFO o.a.j.JMeter: Setting JMeter property: rate=125
2026-10-08 11:50:07,555 INFO o.a.j.JMeter: Setting JMeter property: duration_s=720
2026-10-08 11:50:07,555 INFO o.a.j.JMeter: Setting JMeter property: drain_s=190
2026-10-08 11:50:07,555 INFO o.a.j.JMeter: Setting JMeter property: search_schedule=pause(1s)
2026-10-08 11:50:07,555 INFO o.a.j.JMeter: Setting JMeter property: seed=311303
2026-10-08 11:50:07,555 INFO o.a.j.JMeter: Setting JMeter property: search_seed=311353
2026-10-08 11:50:07,555 INFO o.a.j.JMeter: Setting JMeter property: data_file=C:\Users\Owen\Desktop\ICT3113_Assignment_1\jmeter\data\team_narratives.tsv
2026-10-08 11:50:07,555 INFO o.a.j.JMeter: Setting JMeter property: search_file=C:\Users\Owen\Desktop\ICT3113_Assignment_1\jmeter\data\search_terms.txt
2026-10-08 11:50:07,555 INFO o.a.j.JMeter: Setting JMeter property: timeout_ms=180000
2026-10-08 11:50:07,559 INFO o.a.j.JMeter: Copyright (c) 1998-2024 The Apache Software Foundation
2026-10-08 11:50:07,559 INFO o.a.j.JMeter: Version 5.6.3
2026-10-08 11:50:07,559 INFO o.a.j.JMeter: java.version=1.8.0_333
2026-10-08 11:50:07,559 INFO o.a.j.JMeter: java.vm.name=Java HotSpot(TM) 64-Bit Server VM
2026-10-08 11:50:07,559 INFO o.a.j.JMeter: os.name=Windows 11
2026-10-08 11:50:07,559 INFO o.a.j.JMeter: os.arch=amd64
2026-10-08 11:50:07,559 INFO o.a.j.JMeter: os.version=10.0
2026-10-08 11:50:07,559 INFO o.a.j.JMeter: file.encoding=Cp1252
2026-10-08 11:50:07,559 INFO o.a.j.JMeter: java.awt.headless=true
2026-10-08 11:50:07,559 INFO o.a.j.JMeter: Max memory     =1073741824
2026-10-08 11:50:07,560 INFO o.a.j.JMeter: Available Processors =16
2026-10-08 11:50:07,562 INFO o.a.j.JMeter: Default Locale=English (EN)
2026-10-08 11:50:07,562 INFO o.a.j.JMeter: JMeter  Locale=English (EN)
2026-10-08 11:50:07,562 INFO o.a.j.JMeter: JMeterHome=C:\Users\Owen\Downloads\apache-jmeter-5.6.3\apache-jmeter-5.6.3
2026-10-08 11:50:07,562 INFO o.a.j.JMeter: user.dir  =C:\Users\Owen\Downloads\apache-jmeter-5.6.3\apache-jmeter-5.6.3\bin
2026-10-08 11:50:07,562 INFO o.a.j.JMeter: PWD       =C:\Users\Owen\Downloads\apache-jmeter-5.6.3\apache-jmeter-5.6.3\bin
2026-10-08 11:50:12,542 INFO o.a.j.JMeter: IP: 10.5.0.2 Name: DESKTOP-AK5RA9C FullName: DESKTOP-AK5RA9C
2026-10-08 11:50:12,554 INFO o.a.j.s.FileServer: Default base='C:\Users\Owen\Downloads\apache-jmeter-5.6.3\apache-jmeter-5.6.3\bin'
2026-10-08 11:50:12,555 INFO o.a.j.s.FileServer: Set new base='C:\Users\Owen\Desktop\ICT3113_Assignment_1\jmeter'
2026-10-08 11:50:12,632 INFO o.a.j.s.SaveService: Testplan (JMX) version: 2.2. Testlog (JTL) version: 2.2
2026-10-08 11:50:12,643 INFO o.a.j.s.SaveService: Using SaveService properties file encoding UTF-8
2026-10-08 11:50:12,646 INFO o.a.j.s.SaveService: Using SaveService properties version 5.0
2026-10-08 11:50:12,650 INFO o.a.j.s.SaveService: Loading file: C:\Users\Owen\Desktop\ICT3113_Assignment_1\jmeter\ticket_load_test.jmx
2026-10-08 11:50:12,697 INFO o.a.j.p.h.s.HTTPSamplerBase: Parser for text/html is org.apache.jmeter.protocol.http.parser.LagartoBasedHtmlParser
2026-10-08 11:50:12,697 INFO o.a.j.p.h.s.HTTPSamplerBase: Parser for application/xhtml+xml is org.apache.jmeter.protocol.http.parser.LagartoBasedHtmlParser
2026-10-08 11:50:12,697 INFO o.a.j.p.h.s.HTTPSamplerBase: Parser for application/xml is org.apache.jmeter.protocol.http.parser.LagartoBasedHtmlParser
2026-10-08 11:50:12,697 INFO o.a.j.p.h.s.HTTPSamplerBase: Parser for text/xml is org.apache.jmeter.protocol.http.parser.LagartoBasedHtmlParser
2026-10-08 11:50:12,697 INFO o.a.j.p.h.s.HTTPSamplerBase: Parser for text/vnd.wap.wml is org.apache.jmeter.protocol.http.parser.RegexpHTMLParser
2026-10-08 11:50:12,697 INFO o.a.j.p.h.s.HTTPSamplerBase: Parser for text/css is org.apache.jmeter.protocol.http.parser.CssParser
2026-10-08 11:50:12,856 INFO o.a.j.JMeter: Creating summariser <summary>
2026-10-08 11:50:12,867 INFO o.a.j.e.StandardJMeterEngine: Running the test!
2026-10-08 11:50:12,867 INFO o.a.j.s.SampleEvent: List of sample_variables: [request_id, ticket_row]
2026-10-08 11:50:12,867 INFO o.a.j.s.SampleEvent: List of sample_variables: [request_id, ticket_row]
2026-10-08 11:50:12,871 INFO o.a.j.e.u.CompoundVariable: Note: Function class names must contain the string: '.functions.'
2026-10-08 11:50:12,871 INFO o.a.j.e.u.CompoundVariable: Note: Function class names must not contain the string: '.gui.'
2026-10-08 11:50:13,043 INFO o.a.j.JMeter: Running test (1791431413043)
2026-10-08 11:50:13,071 INFO o.a.j.e.StandardJMeterEngine: Starting ThreadGroup: 1 : Tickets (open model)
2026-10-08 11:50:13,071 INFO o.a.j.e.StandardJMeterEngine: Starting 0 threads for group Tickets (open model).
2026-10-08 11:50:13,071 INFO o.a.j.e.StandardJMeterEngine: Thread will continue on error
2026-10-08 11:50:13,071 INFO o.a.j.t.o.OpenModelThreadGroup: Starting OpenModelThreadGroup#1 with schedule rate(125/hour) random_arrivals(720 s) pause(190 s)
2026-10-08 11:50:13,102 INFO o.a.j.e.StandardJMeterEngine: Starting ThreadGroup: 2 : Searches (open model)
2026-10-08 11:50:13,102 INFO o.a.j.e.StandardJMeterEngine: Starting 0 threads for group Searches (open model).
2026-10-08 11:50:13,102 INFO o.a.j.e.StandardJMeterEngine: Thread will continue on error
2026-10-08 11:50:13,102 INFO o.a.j.t.o.OpenModelThreadGroup: Starting OpenModelThreadGroup#2 with schedule pause(1s)
2026-10-08 11:50:13,102 INFO o.a.j.t.o.OpenModelThreadGroup: Thread starting init
2026-10-08 11:50:13,102 INFO o.a.j.e.StandardJMeterEngine: All thread groups have been started
2026-10-08 11:50:13,103 INFO o.a.j.t.o.OpenModelThreadGroup: Thread starting init
2026-10-08 11:50:13,105 INFO o.a.j.t.o.EvenArrivalsRamp: Generating 0 events, beginRate = 0.0 / sec, endRate = 0.0 / sec, duration = 1.0 sec
2026-10-08 11:50:13,105 INFO o.a.j.t.o.OpenModelThreadGroup: There will be no more events, so will wait for 0 sec till the end of the schedule
2026-10-08 11:50:13,105 INFO o.a.j.t.o.PoissonArrivalsRamp: Generating 25 events, beginRate = 0.034722222222222224 / sec, endRate = 0.034722222222222224 / sec, duration = 720.0 sec
2026-10-08 11:50:13,869 INFO o.a.j.t.o.OpenModelThreadGroup: There will be no more events, will shutdown the thread pool
2026-10-08 11:50:13,869 INFO o.a.j.t.o.OpenModelThreadGroup: Thread starting done
2026-10-08 11:50:50,615 INFO o.a.j.t.JMeterThread: Thread started: Tickets (open model) 1-1
2026-10-08 11:50:50,615 INFO o.a.j.s.FileServer: Stored: C:\Users\Owen\Desktop\ICT3113_Assignment_1\jmeter\data\team_narratives.tsv
2026-10-08 11:50:50,635 INFO o.a.j.p.h.s.HTTPHCAbstractImpl: Local host = DESKTOP-AK5RA9C
2026-10-08 11:50:50,640 INFO o.a.j.p.h.s.HTTPHC4Impl: HTTP request retry count = 0
2026-10-08 11:50:50,641 INFO o.a.j.s.SampleResult: Note: Sample TimeStamps are START times
2026-10-08 11:50:50,641 INFO o.a.j.s.SampleResult: sampleresult.default.encoding is set to UTF-8
2026-10-08 11:50:50,641 INFO o.a.j.s.SampleResult: sampleresult.useNanoTime=true
2026-10-08 11:50:50,641 INFO o.a.j.s.SampleResult: sampleresult.nanoThreadSleep=5000
2026-10-08 11:51:03,309 INFO o.a.j.t.JMeterThread: Thread started: Tickets (open model) 1-2
2026-10-08 11:51:34,335 INFO o.a.j.r.Summariser: summary +      1 in 00:01:21 =    0.0/s Avg: 43651 Min: 43651 Max: 43651 Err:     0 (0.00%) Active: 2 Started: 2 Finished: 0
2026-10-08 11:51:34,335 INFO o.a.j.t.JMeterThread: Thread is done: Tickets (open model) 1-1
2026-10-08 11:51:34,335 INFO o.a.j.t.JMeterThread: Thread finished: Tickets (open model) 1-1
2026-10-08 11:51:41,658 INFO o.a.j.t.JMeterThread: Thread is done: Tickets (open model) 1-2
2026-10-08 11:51:41,658 INFO o.a.j.t.JMeterThread: Thread finished: Tickets (open model) 1-2
2026-10-08 11:52:36,118 INFO o.a.j.t.JMeterThread: Thread started: Tickets (open model) 1-3
2026-10-08 11:52:48,206 INFO o.a.j.t.JMeterThread: Thread is done: Tickets (open model) 1-3
2026-10-08 11:52:48,206 INFO o.a.j.t.JMeterThread: Thread finished: Tickets (open model) 1-3
2026-10-08 11:52:51,891 INFO o.a.j.t.JMeterThread: Thread started: Tickets (open model) 1-4
2026-10-08 11:53:06,788 INFO o.a.j.t.JMeterThread: Thread started: Tickets (open model) 1-5
2026-10-08 11:53:10,026 INFO o.a.j.t.JMeterThread: Thread is done: Tickets (open model) 1-4
2026-10-08 11:53:10,026 INFO o.a.j.t.JMeterThread: Thread finished: Tickets (open model) 1-4
2026-10-08 11:53:13,726 INFO o.a.j.t.JMeterThread: Thread is done: Tickets (open model) 1-5
2026-10-08 11:53:13,726 INFO o.a.j.t.JMeterThread: Thread finished: Tickets (open model) 1-5
2026-10-08 11:54:12,903 INFO o.a.j.t.JMeterThread: Thread started: Tickets (open model) 1-6
2026-10-08 11:54:17,985 INFO o.a.j.t.JMeterThread: Thread is done: Tickets (open model) 1-6
2026-10-08 11:54:17,985 INFO o.a.j.t.JMeterThread: Thread finished: Tickets (open model) 1-6
2026-10-08 11:54:26,314 INFO o.a.j.t.JMeterThread: Thread started: Tickets (open model) 1-7
2026-10-08 11:54:36,169 INFO o.a.j.t.JMeterThread: Thread is done: Tickets (open model) 1-7
2026-10-08 11:54:36,169 INFO o.a.j.t.JMeterThread: Thread finished: Tickets (open model) 1-7
2026-10-08 11:55:34,590 INFO o.a.j.t.JMeterThread: Thread started: Tickets (open model) 1-8
2026-10-08 11:55:39,999 INFO o.a.j.t.JMeterThread: Thread is done: Tickets (open model) 1-8
2026-10-08 11:55:39,999 INFO o.a.j.t.JMeterThread: Thread finished: Tickets (open model) 1-8
2026-10-08 11:56:28,420 INFO o.a.j.t.JMeterThread: Thread started: Tickets (open model) 1-9
2026-10-08 11:56:35,830 INFO o.a.j.r.Summariser: summary +      8 in 00:05:01 =    0.0/s Avg: 12907 Min:  5082 Max: 38347 Err:     0 (0.00%) Active: 1 Started: 9 Finished: 8
2026-10-08 11:56:35,830 INFO o.a.j.r.Summariser: summary =      9 in 00:06:23 =    0.0/s Avg: 16323 Min:  5082 Max: 43651 Err:     0 (0.00%)
2026-10-08 11:56:35,832 INFO o.a.j.t.JMeterThread: Thread is done: Tickets (open model) 1-9
2026-10-08 11:56:35,832 INFO o.a.j.t.JMeterThread: Thread finished: Tickets (open model) 1-9
2026-10-08 11:56:44,658 INFO o.a.j.t.JMeterThread: Thread started: Tickets (open model) 1-10
2026-10-08 11:56:50,815 INFO o.a.j.t.JMeterThread: Thread is done: Tickets (open model) 1-10
2026-10-08 11:56:50,815 INFO o.a.j.t.JMeterThread: Thread finished: Tickets (open model) 1-10
2026-10-08 11:57:18,734 INFO o.a.j.t.JMeterThread: Thread started: Tickets (open model) 1-11
2026-10-08 11:57:20,083 INFO o.a.j.t.JMeterThread: Thread started: Tickets (open model) 1-12
2026-10-08 11:57:38,866 INFO o.a.j.t.JMeterThread: Thread is done: Tickets (open model) 1-11
2026-10-08 11:57:38,866 INFO o.a.j.t.JMeterThread: Thread finished: Tickets (open model) 1-11
2026-10-08 11:57:42,992 INFO o.a.j.t.JMeterThread: Thread is done: Tickets (open model) 1-12
2026-10-08 11:57:42,992 INFO o.a.j.t.JMeterThread: Thread finished: Tickets (open model) 1-12
2026-10-08 11:58:04,057 INFO o.a.j.t.JMeterThread: Thread started: Tickets (open model) 1-13
2026-10-08 11:58:10,717 INFO o.a.j.t.JMeterThread: Thread is done: Tickets (open model) 1-13
2026-10-08 11:58:10,717 INFO o.a.j.t.JMeterThread: Thread finished: Tickets (open model) 1-13
2026-10-08 11:58:20,971 INFO o.a.j.t.JMeterThread: Thread started: Tickets (open model) 1-14
2026-10-08 11:58:24,532 INFO o.a.j.t.JMeterThread: Thread started: Tickets (open model) 1-15
2026-10-08 11:58:25,536 INFO o.a.j.t.JMeterThread: Thread is done: Tickets (open model) 1-14
2026-10-08 11:58:25,536 INFO o.a.j.t.JMeterThread: Thread finished: Tickets (open model) 1-14
2026-10-08 11:58:36,611 INFO o.a.j.t.JMeterThread: Thread is done: Tickets (open model) 1-15
2026-10-08 11:58:36,611 INFO o.a.j.t.JMeterThread: Thread finished: Tickets (open model) 1-15
2026-10-08 11:58:51,695 INFO o.a.j.t.JMeterThread: Thread started: Tickets (open model) 1-16
2026-10-08 11:59:05,928 INFO o.a.j.r.Summariser: summary +      7 in 00:02:30 =    0.0/s Avg: 12389 Min:  4564 Max: 22908 Err:     0 (0.00%) Active: 1 Started: 16 Finished: 15
2026-10-08 11:59:05,928 INFO o.a.j.r.Summariser: summary =     16 in 00:08:53 =    0.0/s Avg: 14601 Min:  4564 Max: 43651 Err:     0 (0.00%)
2026-10-08 11:59:05,929 INFO o.a.j.t.JMeterThread: Thread is done: Tickets (open model) 1-16
2026-10-08 11:59:05,929 INFO o.a.j.t.JMeterThread: Thread finished: Tickets (open model) 1-16
2026-10-08 11:59:10,476 INFO o.a.j.t.JMeterThread: Thread started: Tickets (open model) 1-17
2026-10-08 11:59:16,421 INFO o.a.j.t.JMeterThread: Thread is done: Tickets (open model) 1-17
2026-10-08 11:59:16,421 INFO o.a.j.t.JMeterThread: Thread finished: Tickets (open model) 1-17
2026-10-08 11:59:44,809 INFO o.a.j.t.JMeterThread: Thread started: Tickets (open model) 1-18
2026-10-08 11:59:52,226 INFO o.a.j.t.JMeterThread: Thread is done: Tickets (open model) 1-18
2026-10-08 11:59:52,226 INFO o.a.j.t.JMeterThread: Thread finished: Tickets (open model) 1-18
2026-10-08 12:00:20,837 INFO o.a.j.t.JMeterThread: Thread started: Tickets (open model) 1-19
2026-10-08 12:00:27,627 INFO o.a.j.t.JMeterThread: Thread is done: Tickets (open model) 1-19
2026-10-08 12:00:27,627 INFO o.a.j.t.JMeterThread: Thread finished: Tickets (open model) 1-19
2026-10-08 12:00:31,780 INFO o.a.j.t.JMeterThread: Thread started: Tickets (open model) 1-20
2026-10-08 12:00:33,516 INFO o.a.j.t.JMeterThread: Thread started: Tickets (open model) 1-21
2026-10-08 12:00:42,994 INFO o.a.j.t.JMeterThread: Thread is done: Tickets (open model) 1-20
2026-10-08 12:00:42,994 INFO o.a.j.t.JMeterThread: Thread finished: Tickets (open model) 1-20
2026-10-08 12:00:44,308 INFO o.a.j.t.JMeterThread: Thread started: Tickets (open model) 1-22
2026-10-08 12:00:46,402 INFO o.a.j.t.JMeterThread: Thread started: Tickets (open model) 1-23
2026-10-08 12:00:47,908 INFO o.a.j.t.JMeterThread: Thread is done: Tickets (open model) 1-21
2026-10-08 12:00:47,908 INFO o.a.j.t.JMeterThread: Thread finished: Tickets (open model) 1-21
2026-10-08 12:01:08,742 INFO o.a.j.t.JMeterThread: Thread is done: Tickets (open model) 1-22
2026-10-08 12:01:08,742 INFO o.a.j.t.JMeterThread: Thread finished: Tickets (open model) 1-22
2026-10-08 12:01:16,947 INFO o.a.j.t.JMeterThread: Thread is done: Tickets (open model) 1-23
2026-10-08 12:01:16,948 INFO o.a.j.t.JMeterThread: Thread finished: Tickets (open model) 1-23
2026-10-08 12:01:41,381 INFO o.a.j.t.JMeterThread: Thread started: Tickets (open model) 1-24
2026-10-08 12:01:48,505 INFO o.a.j.t.JMeterThread: Thread is done: Tickets (open model) 1-24
2026-10-08 12:01:48,505 INFO o.a.j.t.JMeterThread: Thread finished: Tickets (open model) 1-24
2026-10-08 12:02:07,384 INFO o.a.j.t.o.EvenArrivalsRamp: Generating 0 events, beginRate = 0.0 / sec, endRate = 0.0 / sec, duration = 190.0 sec
2026-10-08 12:02:07,384 INFO o.a.j.t.o.OpenModelThreadGroup: There will be no more events, so will wait for 195 sec till the end of the schedule
2026-10-08 12:02:07,384 INFO o.a.j.t.JMeterThread: Thread started: Tickets (open model) 1-25
2026-10-08 12:02:17,686 INFO o.a.j.t.JMeterThread: Thread is done: Tickets (open model) 1-25
2026-10-08 12:02:17,686 INFO o.a.j.t.JMeterThread: Thread finished: Tickets (open model) 1-25
2026-10-08 12:05:22,870 INFO o.a.j.t.o.OpenModelThreadGroup: There will be no more events, will shutdown the thread pool
2026-10-08 12:05:22,870 INFO o.a.j.t.o.OpenModelThreadGroup: Thread starting done
2026-10-08 12:05:22,870 INFO o.a.j.e.StandardJMeterEngine: Notifying test listeners of end of test
2026-10-08 12:05:22,870 INFO o.a.j.s.FileServer: Close: C:\Users\Owen\Desktop\ICT3113_Assignment_1\jmeter\data\team_narratives.tsv
2026-10-08 12:05:22,872 INFO o.a.j.r.Summariser: summary +      9 in 00:06:17 =    0.0/s Avg: 13128 Min:  5944 Max: 30545 Err:     0 (0.00%) Active: 0 Started: 25 Finished: 25
2026-10-08 12:05:22,872 INFO o.a.j.r.Summariser: summary =     25 in 00:15:10 =    0.0/s Avg: 14071 Min:  4564 Max: 43651 Err:     0 (0.00%)
