2026-10-08 11:32:25,168 INFO o.a.j.u.JMeterUtils: Setting Locale to en_EN
2026-10-08 11:32:25,176 INFO o.a.j.JMeter: Loading user properties from: user.properties
2026-10-08 11:32:25,176 INFO o.a.j.JMeter: Loading system properties from: system.properties
2026-10-08 11:32:25,177 INFO o.a.j.JMeter: Loading additional properties from: C:\Users\Owen\Desktop\ICT3113_Assignment_1\jmeter\results.properties
2026-10-08 11:32:25,177 INFO o.a.j.JMeter: Setting JMeter property: host=192.168.1.170
2026-10-08 11:32:25,177 INFO o.a.j.JMeter: Setting JMeter property: port=8000
2026-10-08 11:32:25,177 INFO o.a.j.JMeter: Setting JMeter property: protocol=http
2026-10-08 11:32:25,178 INFO o.a.j.JMeter: Setting JMeter property: rate=125
2026-10-08 11:32:25,178 INFO o.a.j.JMeter: Setting JMeter property: duration_s=720
2026-10-08 11:32:25,178 INFO o.a.j.JMeter: Setting JMeter property: drain_s=190
2026-10-08 11:32:25,178 INFO o.a.j.JMeter: Setting JMeter property: search_schedule=pause(1s)
2026-10-08 11:32:25,178 INFO o.a.j.JMeter: Setting JMeter property: seed=311302
2026-10-08 11:32:25,178 INFO o.a.j.JMeter: Setting JMeter property: search_seed=311352
2026-10-08 11:32:25,178 INFO o.a.j.JMeter: Setting JMeter property: data_file=C:\Users\Owen\Desktop\ICT3113_Assignment_1\jmeter\data\team_narratives.tsv
2026-10-08 11:32:25,178 INFO o.a.j.JMeter: Setting JMeter property: search_file=C:\Users\Owen\Desktop\ICT3113_Assignment_1\jmeter\data\search_terms.txt
2026-10-08 11:32:25,178 INFO o.a.j.JMeter: Setting JMeter property: timeout_ms=180000
2026-10-08 11:32:25,182 INFO o.a.j.JMeter: Copyright (c) 1998-2024 The Apache Software Foundation
2026-10-08 11:32:25,182 INFO o.a.j.JMeter: Version 5.6.3
2026-10-08 11:32:25,182 INFO o.a.j.JMeter: java.version=1.8.0_333
2026-10-08 11:32:25,182 INFO o.a.j.JMeter: java.vm.name=Java HotSpot(TM) 64-Bit Server VM
2026-10-08 11:32:25,182 INFO o.a.j.JMeter: os.name=Windows 11
2026-10-08 11:32:25,182 INFO o.a.j.JMeter: os.arch=amd64
2026-10-08 11:32:25,182 INFO o.a.j.JMeter: os.version=10.0
2026-10-08 11:32:25,182 INFO o.a.j.JMeter: file.encoding=Cp1252
2026-10-08 11:32:25,182 INFO o.a.j.JMeter: java.awt.headless=true
2026-10-08 11:32:25,182 INFO o.a.j.JMeter: Max memory     =1073741824
2026-10-08 11:32:25,182 INFO o.a.j.JMeter: Available Processors =16
2026-10-08 11:32:25,185 INFO o.a.j.JMeter: Default Locale=English (EN)
2026-10-08 11:32:25,185 INFO o.a.j.JMeter: JMeter  Locale=English (EN)
2026-10-08 11:32:25,185 INFO o.a.j.JMeter: JMeterHome=C:\Users\Owen\Downloads\apache-jmeter-5.6.3\apache-jmeter-5.6.3
2026-10-08 11:32:25,185 INFO o.a.j.JMeter: user.dir  =C:\Users\Owen\Downloads\apache-jmeter-5.6.3\apache-jmeter-5.6.3\bin
2026-10-08 11:32:25,186 INFO o.a.j.JMeter: PWD       =C:\Users\Owen\Downloads\apache-jmeter-5.6.3\apache-jmeter-5.6.3\bin
2026-10-08 11:32:30,144 INFO o.a.j.JMeter: IP: 10.5.0.2 Name: DESKTOP-AK5RA9C FullName: DESKTOP-AK5RA9C
2026-10-08 11:32:30,156 INFO o.a.j.s.FileServer: Default base='C:\Users\Owen\Downloads\apache-jmeter-5.6.3\apache-jmeter-5.6.3\bin'
2026-10-08 11:32:30,157 INFO o.a.j.s.FileServer: Set new base='C:\Users\Owen\Desktop\ICT3113_Assignment_1\jmeter'
2026-10-08 11:32:30,233 INFO o.a.j.s.SaveService: Testplan (JMX) version: 2.2. Testlog (JTL) version: 2.2
2026-10-08 11:32:30,244 INFO o.a.j.s.SaveService: Using SaveService properties file encoding UTF-8
2026-10-08 11:32:30,247 INFO o.a.j.s.SaveService: Using SaveService properties version 5.0
2026-10-08 11:32:30,251 INFO o.a.j.s.SaveService: Loading file: C:\Users\Owen\Desktop\ICT3113_Assignment_1\jmeter\ticket_load_test.jmx
2026-10-08 11:32:30,295 INFO o.a.j.p.h.s.HTTPSamplerBase: Parser for text/html is org.apache.jmeter.protocol.http.parser.LagartoBasedHtmlParser
2026-10-08 11:32:30,295 INFO o.a.j.p.h.s.HTTPSamplerBase: Parser for application/xhtml+xml is org.apache.jmeter.protocol.http.parser.LagartoBasedHtmlParser
2026-10-08 11:32:30,295 INFO o.a.j.p.h.s.HTTPSamplerBase: Parser for application/xml is org.apache.jmeter.protocol.http.parser.LagartoBasedHtmlParser
2026-10-08 11:32:30,295 INFO o.a.j.p.h.s.HTTPSamplerBase: Parser for text/xml is org.apache.jmeter.protocol.http.parser.LagartoBasedHtmlParser
2026-10-08 11:32:30,295 INFO o.a.j.p.h.s.HTTPSamplerBase: Parser for text/vnd.wap.wml is org.apache.jmeter.protocol.http.parser.RegexpHTMLParser
2026-10-08 11:32:30,295 INFO o.a.j.p.h.s.HTTPSamplerBase: Parser for text/css is org.apache.jmeter.protocol.http.parser.CssParser
2026-10-08 11:32:30,449 INFO o.a.j.JMeter: Creating summariser <summary>
2026-10-08 11:32:30,459 INFO o.a.j.e.StandardJMeterEngine: Running the test!
2026-10-08 11:32:30,459 INFO o.a.j.s.SampleEvent: List of sample_variables: [request_id, ticket_row]
2026-10-08 11:32:30,459 INFO o.a.j.s.SampleEvent: List of sample_variables: [request_id, ticket_row]
2026-10-08 11:32:30,463 INFO o.a.j.e.u.CompoundVariable: Note: Function class names must contain the string: '.functions.'
2026-10-08 11:32:30,463 INFO o.a.j.e.u.CompoundVariable: Note: Function class names must not contain the string: '.gui.'
2026-10-08 11:32:30,631 INFO o.a.j.JMeter: Running test (1791430350631)
2026-10-08 11:32:30,657 INFO o.a.j.e.StandardJMeterEngine: Starting ThreadGroup: 1 : Tickets (open model)
2026-10-08 11:32:30,657 INFO o.a.j.e.StandardJMeterEngine: Starting 0 threads for group Tickets (open model).
2026-10-08 11:32:30,657 INFO o.a.j.e.StandardJMeterEngine: Thread will continue on error
2026-10-08 11:32:30,657 INFO o.a.j.t.o.OpenModelThreadGroup: Starting OpenModelThreadGroup#1 with schedule rate(125/hour) random_arrivals(720 s) pause(190 s)
2026-10-08 11:32:30,688 INFO o.a.j.e.StandardJMeterEngine: Starting ThreadGroup: 2 : Searches (open model)
2026-10-08 11:32:30,688 INFO o.a.j.e.StandardJMeterEngine: Starting 0 threads for group Searches (open model).
2026-10-08 11:32:30,688 INFO o.a.j.e.StandardJMeterEngine: Thread will continue on error
2026-10-08 11:32:30,688 INFO o.a.j.t.o.OpenModelThreadGroup: Starting OpenModelThreadGroup#2 with schedule pause(1s)
2026-10-08 11:32:30,688 INFO o.a.j.t.o.OpenModelThreadGroup: Thread starting init
2026-10-08 11:32:30,688 INFO o.a.j.e.StandardJMeterEngine: All thread groups have been started
2026-10-08 11:32:30,689 INFO o.a.j.t.o.OpenModelThreadGroup: Thread starting init
2026-10-08 11:32:30,691 INFO o.a.j.t.o.EvenArrivalsRamp: Generating 0 events, beginRate = 0.0 / sec, endRate = 0.0 / sec, duration = 1.0 sec
2026-10-08 11:32:30,691 INFO o.a.j.t.o.OpenModelThreadGroup: There will be no more events, so will wait for 0 sec till the end of the schedule
2026-10-08 11:32:30,691 INFO o.a.j.t.o.PoissonArrivalsRamp: Generating 25 events, beginRate = 0.034722222222222224 / sec, endRate = 0.034722222222222224 / sec, duration = 720.0 sec
2026-10-08 11:32:31,370 INFO o.a.j.t.JMeterThread: Thread started: Tickets (open model) 1-1
2026-10-08 11:32:31,371 INFO o.a.j.s.FileServer: Stored: C:\Users\Owen\Desktop\ICT3113_Assignment_1\jmeter\data\team_narratives.tsv
2026-10-08 11:32:31,391 INFO o.a.j.p.h.s.HTTPHCAbstractImpl: Local host = DESKTOP-AK5RA9C
2026-10-08 11:32:31,396 INFO o.a.j.p.h.s.HTTPHC4Impl: HTTP request retry count = 0
2026-10-08 11:32:31,396 INFO o.a.j.s.SampleResult: Note: Sample TimeStamps are START times
2026-10-08 11:32:31,397 INFO o.a.j.s.SampleResult: sampleresult.default.encoding is set to UTF-8
2026-10-08 11:32:31,397 INFO o.a.j.s.SampleResult: sampleresult.useNanoTime=true
2026-10-08 11:32:31,397 INFO o.a.j.s.SampleResult: sampleresult.nanoThreadSleep=5000
2026-10-08 11:32:31,461 INFO o.a.j.t.o.OpenModelThreadGroup: There will be no more events, will shutdown the thread pool
2026-10-08 11:32:31,461 INFO o.a.j.t.o.OpenModelThreadGroup: Thread starting done
2026-10-08 11:32:31,931 INFO o.a.j.t.JMeterThread: Thread started: Tickets (open model) 1-2
2026-10-08 11:32:55,090 INFO o.a.j.t.JMeterThread: Thread is done: Tickets (open model) 1-1
2026-10-08 11:32:55,090 INFO o.a.j.t.JMeterThread: Thread finished: Tickets (open model) 1-1
2026-10-08 11:33:03,043 INFO o.a.j.r.Summariser: summary +      2 in 00:00:32 =    0.1/s Avg: 27380 Min: 23653 Max: 31108 Err:     0 (0.00%) Active: 1 Started: 2 Finished: 1
2026-10-08 11:33:03,043 INFO o.a.j.t.JMeterThread: Thread is done: Tickets (open model) 1-2
2026-10-08 11:33:03,043 INFO o.a.j.t.JMeterThread: Thread finished: Tickets (open model) 1-2
2026-10-08 11:33:22,307 INFO o.a.j.t.JMeterThread: Thread started: Tickets (open model) 1-3
2026-10-08 11:33:31,035 INFO o.a.j.t.JMeterThread: Thread started: Tickets (open model) 1-4
2026-10-08 11:33:33,750 INFO o.a.j.r.Summariser: summary +      1 in 00:00:31 =    0.0/s Avg: 11441 Min: 11441 Max: 11441 Err:     0 (0.00%) Active: 2 Started: 4 Finished: 2
2026-10-08 11:33:33,751 INFO o.a.j.r.Summariser: summary =      3 in 00:01:03 =    0.0/s Avg: 22067 Min: 11441 Max: 31108 Err:     0 (0.00%)
2026-10-08 11:33:33,751 INFO o.a.j.t.JMeterThread: Thread is done: Tickets (open model) 1-3
2026-10-08 11:33:33,751 INFO o.a.j.t.JMeterThread: Thread finished: Tickets (open model) 1-3
2026-10-08 11:33:51,306 INFO o.a.j.t.JMeterThread: Thread is done: Tickets (open model) 1-4
2026-10-08 11:33:51,307 INFO o.a.j.t.JMeterThread: Thread finished: Tickets (open model) 1-4
2026-10-08 11:34:12,742 INFO o.a.j.t.JMeterThread: Thread started: Tickets (open model) 1-5
2026-10-08 11:34:16,326 INFO o.a.j.t.JMeterThread: Thread is done: Tickets (open model) 1-5
2026-10-08 11:34:16,326 INFO o.a.j.t.JMeterThread: Thread finished: Tickets (open model) 1-5
2026-10-08 11:34:24,327 INFO o.a.j.t.JMeterThread: Thread started: Tickets (open model) 1-6
2026-10-08 11:34:29,262 INFO o.a.j.t.JMeterThread: Thread is done: Tickets (open model) 1-6
2026-10-08 11:34:29,262 INFO o.a.j.t.JMeterThread: Thread finished: Tickets (open model) 1-6
2026-10-08 11:35:15,906 INFO o.a.j.t.JMeterThread: Thread started: Tickets (open model) 1-7
2026-10-08 11:35:26,358 INFO o.a.j.t.JMeterThread: Thread is done: Tickets (open model) 1-7
2026-10-08 11:35:26,359 INFO o.a.j.t.JMeterThread: Thread finished: Tickets (open model) 1-7
2026-10-08 11:37:00,265 INFO o.a.j.t.JMeterThread: Thread started: Tickets (open model) 1-8
2026-10-08 11:37:03,170 INFO o.a.j.t.JMeterThread: Thread started: Tickets (open model) 1-9
2026-10-08 11:37:03,694 INFO o.a.j.t.JMeterThread: Thread started: Tickets (open model) 1-10
2026-10-08 11:37:05,754 INFO o.a.j.r.Summariser: summary +      5 in 00:03:32 =    0.0/s Avg:  8945 Min:  3583 Max: 20270 Err:     0 (0.00%) Active: 3 Started: 10 Finished: 7
2026-10-08 11:37:05,755 INFO o.a.j.r.Summariser: summary =      8 in 00:04:35 =    0.0/s Avg: 13865 Min:  3583 Max: 31108 Err:     0 (0.00%)
2026-10-08 11:37:05,755 INFO o.a.j.t.JMeterThread: Thread is done: Tickets (open model) 1-8
2026-10-08 11:37:05,755 INFO o.a.j.t.JMeterThread: Thread finished: Tickets (open model) 1-8
2026-10-08 11:37:13,518 INFO o.a.j.t.JMeterThread: Thread is done: Tickets (open model) 1-9
2026-10-08 11:37:13,518 INFO o.a.j.t.JMeterThread: Thread finished: Tickets (open model) 1-9
2026-10-08 11:37:19,947 INFO o.a.j.t.JMeterThread: Thread is done: Tickets (open model) 1-10
2026-10-08 11:37:19,947 INFO o.a.j.t.JMeterThread: Thread finished: Tickets (open model) 1-10
2026-10-08 11:37:29,126 INFO o.a.j.t.JMeterThread: Thread started: Tickets (open model) 1-11
2026-10-08 11:37:35,850 INFO o.a.j.t.JMeterThread: Thread started: Tickets (open model) 1-12
2026-10-08 11:37:48,482 INFO o.a.j.t.JMeterThread: Thread is done: Tickets (open model) 1-11
2026-10-08 11:37:48,482 INFO o.a.j.t.JMeterThread: Thread finished: Tickets (open model) 1-11
2026-10-08 11:37:52,510 INFO o.a.j.t.JMeterThread: Thread is done: Tickets (open model) 1-12
2026-10-08 11:37:52,510 INFO o.a.j.t.JMeterThread: Thread finished: Tickets (open model) 1-12
2026-10-08 11:39:55,575 INFO o.a.j.t.JMeterThread: Thread started: Tickets (open model) 1-13
2026-10-08 11:40:02,868 INFO o.a.j.r.Summariser: summary +      5 in 00:02:57 =    0.0/s Avg: 13980 Min:  7290 Max: 19355 Err:     0 (0.00%) Active: 1 Started: 13 Finished: 12
2026-10-08 11:40:02,868 INFO o.a.j.r.Summariser: summary =     13 in 00:07:32 =    0.0/s Avg: 13909 Min:  3583 Max: 31108 Err:     0 (0.00%)
2026-10-08 11:40:02,868 INFO o.a.j.t.JMeterThread: Thread is done: Tickets (open model) 1-13
2026-10-08 11:40:02,868 INFO o.a.j.t.JMeterThread: Thread finished: Tickets (open model) 1-13
2026-10-08 11:40:13,819 INFO o.a.j.t.JMeterThread: Thread started: Tickets (open model) 1-14
2026-10-08 11:40:18,226 INFO o.a.j.t.JMeterThread: Thread is done: Tickets (open model) 1-14
2026-10-08 11:40:18,226 INFO o.a.j.t.JMeterThread: Thread finished: Tickets (open model) 1-14
2026-10-08 11:40:36,018 INFO o.a.j.t.JMeterThread: Thread started: Tickets (open model) 1-15
2026-10-08 11:40:47,285 INFO o.a.j.t.JMeterThread: Thread is done: Tickets (open model) 1-15
2026-10-08 11:40:47,285 INFO o.a.j.t.JMeterThread: Thread finished: Tickets (open model) 1-15
2026-10-08 11:41:03,202 INFO o.a.j.t.JMeterThread: Thread started: Tickets (open model) 1-16
2026-10-08 11:41:17,321 INFO o.a.j.t.JMeterThread: Thread is done: Tickets (open model) 1-16
2026-10-08 11:41:17,322 INFO o.a.j.t.JMeterThread: Thread finished: Tickets (open model) 1-16
2026-10-08 11:41:31,065 INFO o.a.j.t.JMeterThread: Thread started: Tickets (open model) 1-17
2026-10-08 11:41:31,357 INFO o.a.j.t.JMeterThread: Thread started: Tickets (open model) 1-18
2026-10-08 11:41:37,105 INFO o.a.j.t.JMeterThread: Thread is done: Tickets (open model) 1-17
2026-10-08 11:41:37,105 INFO o.a.j.t.JMeterThread: Thread finished: Tickets (open model) 1-17
2026-10-08 11:41:39,007 INFO o.a.j.t.JMeterThread: Thread started: Tickets (open model) 1-19
2026-10-08 11:41:44,470 INFO o.a.j.t.JMeterThread: Thread is done: Tickets (open model) 1-18
2026-10-08 11:41:44,470 INFO o.a.j.t.JMeterThread: Thread finished: Tickets (open model) 1-18
2026-10-08 11:41:50,985 INFO o.a.j.t.JMeterThread: Thread is done: Tickets (open model) 1-19
2026-10-08 11:41:50,985 INFO o.a.j.t.JMeterThread: Thread finished: Tickets (open model) 1-19
2026-10-08 11:42:07,740 INFO o.a.j.t.JMeterThread: Thread started: Tickets (open model) 1-20
2026-10-08 11:42:19,743 INFO o.a.j.t.JMeterThread: Thread is done: Tickets (open model) 1-20
2026-10-08 11:42:19,743 INFO o.a.j.t.JMeterThread: Thread finished: Tickets (open model) 1-20
2026-10-08 11:42:38,485 INFO o.a.j.t.JMeterThread: Thread started: Tickets (open model) 1-21
2026-10-08 11:42:43,306 INFO o.a.j.t.JMeterThread: Thread is done: Tickets (open model) 1-21
2026-10-08 11:42:43,306 INFO o.a.j.t.JMeterThread: Thread finished: Tickets (open model) 1-21
2026-10-08 11:43:02,340 INFO o.a.j.t.JMeterThread: Thread started: Tickets (open model) 1-22
2026-10-08 11:43:09,282 INFO o.a.j.t.JMeterThread: Thread started: Tickets (open model) 1-23
2026-10-08 11:43:13,335 INFO o.a.j.t.JMeterThread: Thread started: Tickets (open model) 1-24
2026-10-08 11:43:20,476 INFO o.a.j.t.JMeterThread: Thread is done: Tickets (open model) 1-22
2026-10-08 11:43:20,476 INFO o.a.j.t.JMeterThread: Thread finished: Tickets (open model) 1-22
2026-10-08 11:43:27,460 INFO o.a.j.t.o.EvenArrivalsRamp: Generating 0 events, beginRate = 0.0 / sec, endRate = 0.0 / sec, duration = 190.0 sec
2026-10-08 11:43:27,460 INFO o.a.j.t.JMeterThread: Thread started: Tickets (open model) 1-25
2026-10-08 11:43:27,460 INFO o.a.j.t.o.OpenModelThreadGroup: There will be no more events, so will wait for 253 sec till the end of the schedule
2026-10-08 11:43:27,499 INFO o.a.j.t.JMeterThread: Thread is done: Tickets (open model) 1-23
2026-10-08 11:43:27,499 INFO o.a.j.t.JMeterThread: Thread finished: Tickets (open model) 1-23
2026-10-08 11:43:34,635 INFO o.a.j.r.Summariser: summary +     11 in 00:03:32 =    0.1/s Avg: 12307 Min:  4406 Max: 21298 Err:     0 (0.00%) Active: 2 Started: 25 Finished: 23
2026-10-08 11:43:34,636 INFO o.a.j.r.Summariser: summary =     24 in 00:11:04 =    0.0/s Avg: 13175 Min:  3583 Max: 31108 Err:     0 (0.00%)
2026-10-08 11:43:34,636 INFO o.a.j.t.JMeterThread: Thread is done: Tickets (open model) 1-24
2026-10-08 11:43:34,636 INFO o.a.j.t.JMeterThread: Thread finished: Tickets (open model) 1-24
2026-10-08 11:43:46,732 INFO o.a.j.t.JMeterThread: Thread is done: Tickets (open model) 1-25
2026-10-08 11:43:46,733 INFO o.a.j.t.JMeterThread: Thread finished: Tickets (open model) 1-25
2026-10-08 11:47:40,476 INFO o.a.j.t.o.OpenModelThreadGroup: There will be no more events, will shutdown the thread pool
2026-10-08 11:47:40,476 INFO o.a.j.t.o.OpenModelThreadGroup: Thread starting done
2026-10-08 11:47:40,476 INFO o.a.j.e.StandardJMeterEngine: Notifying test listeners of end of test
2026-10-08 11:47:40,476 INFO o.a.j.s.FileServer: Close: C:\Users\Owen\Desktop\ICT3113_Assignment_1\jmeter\data\team_narratives.tsv
2026-10-08 11:47:40,478 INFO o.a.j.r.Summariser: summary +      1 in 00:04:06 =    0.0/s Avg: 19272 Min: 19272 Max: 19272 Err:     0 (0.00%) Active: 0 Started: 25 Finished: 25
2026-10-08 11:47:40,478 INFO o.a.j.r.Summariser: summary =     25 in 00:15:10 =    0.0/s Avg: 13419 Min:  3583 Max: 31108 Err:     0 (0.00%)
