2026-10-07 23:41:29,582 INFO o.a.j.u.JMeterUtils: Setting Locale to en_EN
2026-10-07 23:41:29,590 INFO o.a.j.JMeter: Loading user properties from: user.properties
2026-10-07 23:41:29,590 INFO o.a.j.JMeter: Loading system properties from: system.properties
2026-10-07 23:41:29,591 INFO o.a.j.JMeter: Loading additional properties from: C:\Users\Owen\Desktop\ICT3113_Assignment_1\jmeter\results.properties
2026-10-07 23:41:29,591 INFO o.a.j.JMeter: Setting JMeter property: host=192.168.1.170
2026-10-07 23:41:29,591 INFO o.a.j.JMeter: Setting JMeter property: port=8000
2026-10-07 23:41:29,591 INFO o.a.j.JMeter: Setting JMeter property: protocol=http
2026-10-07 23:41:29,591 INFO o.a.j.JMeter: Setting JMeter property: rate=125
2026-10-07 23:41:29,591 INFO o.a.j.JMeter: Setting JMeter property: duration_s=720
2026-10-07 23:41:29,591 INFO o.a.j.JMeter: Setting JMeter property: drain_s=190
2026-10-07 23:41:29,592 INFO o.a.j.JMeter: Setting JMeter property: search_schedule=pause(1s)
2026-10-07 23:41:29,592 INFO o.a.j.JMeter: Setting JMeter property: seed=311301
2026-10-07 23:41:29,592 INFO o.a.j.JMeter: Setting JMeter property: search_seed=311351
2026-10-07 23:41:29,592 INFO o.a.j.JMeter: Setting JMeter property: data_file=C:\Users\Owen\Desktop\ICT3113_Assignment_1\jmeter\data\team_narratives.tsv
2026-10-07 23:41:29,592 INFO o.a.j.JMeter: Setting JMeter property: search_file=C:\Users\Owen\Desktop\ICT3113_Assignment_1\jmeter\data\search_terms.txt
2026-10-07 23:41:29,592 INFO o.a.j.JMeter: Setting JMeter property: timeout_ms=180000
2026-10-07 23:41:29,596 INFO o.a.j.JMeter: Copyright (c) 1998-2024 The Apache Software Foundation
2026-10-07 23:41:29,596 INFO o.a.j.JMeter: Version 5.6.3
2026-10-07 23:41:29,596 INFO o.a.j.JMeter: java.version=1.8.0_333
2026-10-07 23:41:29,596 INFO o.a.j.JMeter: java.vm.name=Java HotSpot(TM) 64-Bit Server VM
2026-10-07 23:41:29,596 INFO o.a.j.JMeter: os.name=Windows 11
2026-10-07 23:41:29,596 INFO o.a.j.JMeter: os.arch=amd64
2026-10-07 23:41:29,596 INFO o.a.j.JMeter: os.version=10.0
2026-10-07 23:41:29,596 INFO o.a.j.JMeter: file.encoding=Cp1252
2026-10-07 23:41:29,596 INFO o.a.j.JMeter: java.awt.headless=true
2026-10-07 23:41:29,596 INFO o.a.j.JMeter: Max memory     =1073741824
2026-10-07 23:41:29,596 INFO o.a.j.JMeter: Available Processors =16
2026-10-07 23:41:29,599 INFO o.a.j.JMeter: Default Locale=English (EN)
2026-10-07 23:41:29,599 INFO o.a.j.JMeter: JMeter  Locale=English (EN)
2026-10-07 23:41:29,599 INFO o.a.j.JMeter: JMeterHome=C:\Users\Owen\Downloads\apache-jmeter-5.6.3\apache-jmeter-5.6.3
2026-10-07 23:41:29,599 INFO o.a.j.JMeter: user.dir  =C:\Users\Owen\Downloads\apache-jmeter-5.6.3\apache-jmeter-5.6.3\bin
2026-10-07 23:41:29,599 INFO o.a.j.JMeter: PWD       =C:\Users\Owen\Downloads\apache-jmeter-5.6.3\apache-jmeter-5.6.3\bin
2026-10-07 23:41:34,568 INFO o.a.j.JMeter: IP: 10.5.0.2 Name: DESKTOP-AK5RA9C FullName: DESKTOP-AK5RA9C
2026-10-07 23:41:34,580 INFO o.a.j.s.FileServer: Default base='C:\Users\Owen\Downloads\apache-jmeter-5.6.3\apache-jmeter-5.6.3\bin'
2026-10-07 23:41:34,581 INFO o.a.j.s.FileServer: Set new base='C:\Users\Owen\Desktop\ICT3113_Assignment_1\jmeter'
2026-10-07 23:41:34,657 INFO o.a.j.s.SaveService: Testplan (JMX) version: 2.2. Testlog (JTL) version: 2.2
2026-10-07 23:41:34,668 INFO o.a.j.s.SaveService: Using SaveService properties file encoding UTF-8
2026-10-07 23:41:34,671 INFO o.a.j.s.SaveService: Using SaveService properties version 5.0
2026-10-07 23:41:34,675 INFO o.a.j.s.SaveService: Loading file: C:\Users\Owen\Desktop\ICT3113_Assignment_1\jmeter\ticket_load_test.jmx
2026-10-07 23:41:34,719 INFO o.a.j.p.h.s.HTTPSamplerBase: Parser for text/html is org.apache.jmeter.protocol.http.parser.LagartoBasedHtmlParser
2026-10-07 23:41:34,719 INFO o.a.j.p.h.s.HTTPSamplerBase: Parser for application/xhtml+xml is org.apache.jmeter.protocol.http.parser.LagartoBasedHtmlParser
2026-10-07 23:41:34,720 INFO o.a.j.p.h.s.HTTPSamplerBase: Parser for application/xml is org.apache.jmeter.protocol.http.parser.LagartoBasedHtmlParser
2026-10-07 23:41:34,720 INFO o.a.j.p.h.s.HTTPSamplerBase: Parser for text/xml is org.apache.jmeter.protocol.http.parser.LagartoBasedHtmlParser
2026-10-07 23:41:34,720 INFO o.a.j.p.h.s.HTTPSamplerBase: Parser for text/vnd.wap.wml is org.apache.jmeter.protocol.http.parser.RegexpHTMLParser
2026-10-07 23:41:34,720 INFO o.a.j.p.h.s.HTTPSamplerBase: Parser for text/css is org.apache.jmeter.protocol.http.parser.CssParser
2026-10-07 23:41:34,880 INFO o.a.j.JMeter: Creating summariser <summary>
2026-10-07 23:41:34,892 INFO o.a.j.e.StandardJMeterEngine: Running the test!
2026-10-07 23:41:34,892 INFO o.a.j.s.SampleEvent: List of sample_variables: [request_id, ticket_row]
2026-10-07 23:41:34,892 INFO o.a.j.s.SampleEvent: List of sample_variables: [request_id, ticket_row]
2026-10-07 23:41:34,896 INFO o.a.j.e.u.CompoundVariable: Note: Function class names must contain the string: '.functions.'
2026-10-07 23:41:34,896 INFO o.a.j.e.u.CompoundVariable: Note: Function class names must not contain the string: '.gui.'
2026-10-07 23:41:35,067 INFO o.a.j.JMeter: Running test (1791387695067)
2026-10-07 23:41:35,093 INFO o.a.j.e.StandardJMeterEngine: Starting ThreadGroup: 1 : Tickets (open model)
2026-10-07 23:41:35,093 INFO o.a.j.e.StandardJMeterEngine: Starting 0 threads for group Tickets (open model).
2026-10-07 23:41:35,093 INFO o.a.j.e.StandardJMeterEngine: Thread will continue on error
2026-10-07 23:41:35,093 INFO o.a.j.t.o.OpenModelThreadGroup: Starting OpenModelThreadGroup#1 with schedule rate(125/hour) random_arrivals(720 s) pause(190 s)
2026-10-07 23:41:35,124 INFO o.a.j.e.StandardJMeterEngine: Starting ThreadGroup: 2 : Searches (open model)
2026-10-07 23:41:35,124 INFO o.a.j.e.StandardJMeterEngine: Starting 0 threads for group Searches (open model).
2026-10-07 23:41:35,124 INFO o.a.j.e.StandardJMeterEngine: Thread will continue on error
2026-10-07 23:41:35,124 INFO o.a.j.t.o.OpenModelThreadGroup: Starting OpenModelThreadGroup#2 with schedule pause(1s)
2026-10-07 23:41:35,124 INFO o.a.j.t.o.OpenModelThreadGroup: Thread starting init
2026-10-07 23:41:35,124 INFO o.a.j.e.StandardJMeterEngine: All thread groups have been started
2026-10-07 23:41:35,125 INFO o.a.j.t.o.OpenModelThreadGroup: Thread starting init
2026-10-07 23:41:35,127 INFO o.a.j.t.o.EvenArrivalsRamp: Generating 0 events, beginRate = 0.0 / sec, endRate = 0.0 / sec, duration = 1.0 sec
2026-10-07 23:41:35,127 INFO o.a.j.t.o.OpenModelThreadGroup: There will be no more events, so will wait for 0 sec till the end of the schedule
2026-10-07 23:41:35,127 INFO o.a.j.t.o.PoissonArrivalsRamp: Generating 25 events, beginRate = 0.034722222222222224 / sec, endRate = 0.034722222222222224 / sec, duration = 720.0 sec
2026-10-07 23:41:35,894 INFO o.a.j.t.o.OpenModelThreadGroup: There will be no more events, will shutdown the thread pool
2026-10-07 23:41:35,894 INFO o.a.j.t.o.OpenModelThreadGroup: Thread starting done
2026-10-07 23:41:56,942 INFO o.a.j.t.JMeterThread: Thread started: Tickets (open model) 1-1
2026-10-07 23:41:56,943 INFO o.a.j.s.FileServer: Stored: C:\Users\Owen\Desktop\ICT3113_Assignment_1\jmeter\data\team_narratives.tsv
2026-10-07 23:41:56,963 INFO o.a.j.p.h.s.HTTPHCAbstractImpl: Local host = DESKTOP-AK5RA9C
2026-10-07 23:41:56,969 INFO o.a.j.p.h.s.HTTPHC4Impl: HTTP request retry count = 0
2026-10-07 23:41:56,970 INFO o.a.j.s.SampleResult: Note: Sample TimeStamps are START times
2026-10-07 23:41:56,970 INFO o.a.j.s.SampleResult: sampleresult.default.encoding is set to UTF-8
2026-10-07 23:41:56,970 INFO o.a.j.s.SampleResult: sampleresult.useNanoTime=true
2026-10-07 23:41:56,970 INFO o.a.j.s.SampleResult: sampleresult.nanoThreadSleep=5000
2026-10-07 23:42:06,502 INFO o.a.j.t.JMeterThread: Thread is done: Tickets (open model) 1-1
2026-10-07 23:42:06,503 INFO o.a.j.t.JMeterThread: Thread finished: Tickets (open model) 1-1
2026-10-07 23:42:53,165 INFO o.a.j.t.JMeterThread: Thread started: Tickets (open model) 1-2
2026-10-07 23:42:56,726 INFO o.a.j.t.JMeterThread: Thread is done: Tickets (open model) 1-2
2026-10-07 23:42:56,726 INFO o.a.j.t.JMeterThread: Thread finished: Tickets (open model) 1-2
2026-10-07 23:43:26,137 INFO o.a.j.t.JMeterThread: Thread started: Tickets (open model) 1-3
2026-10-07 23:43:31,275 INFO o.a.j.r.Summariser: summary +      3 in 00:01:56 =    0.0/s Avg:  6062 Min:  3559 Max:  9492 Err:     0 (0.00%) Active: 1 Started: 3 Finished: 2
2026-10-07 23:43:31,275 INFO o.a.j.t.JMeterThread: Thread is done: Tickets (open model) 1-3
2026-10-07 23:43:31,275 INFO o.a.j.t.JMeterThread: Thread finished: Tickets (open model) 1-3
2026-10-07 23:44:03,269 INFO o.a.j.t.JMeterThread: Thread started: Tickets (open model) 1-4
2026-10-07 23:44:10,794 INFO o.a.j.t.JMeterThread: Thread is done: Tickets (open model) 1-4
2026-10-07 23:44:10,794 INFO o.a.j.t.JMeterThread: Thread finished: Tickets (open model) 1-4
2026-10-07 23:44:33,811 INFO o.a.j.t.JMeterThread: Thread started: Tickets (open model) 1-5
2026-10-07 23:44:35,652 INFO o.a.j.r.Summariser: summary +      2 in 00:01:04 =    0.0/s Avg:  4680 Min:  1838 Max:  7523 Err:     0 (0.00%) Active: 1 Started: 5 Finished: 4
2026-10-07 23:44:35,652 INFO o.a.j.r.Summariser: summary =      5 in 00:03:01 =    0.0/s Avg:  5509 Min:  1838 Max:  9492 Err:     0 (0.00%)
2026-10-07 23:44:35,652 INFO o.a.j.t.JMeterThread: Thread is done: Tickets (open model) 1-5
2026-10-07 23:44:35,652 INFO o.a.j.t.JMeterThread: Thread finished: Tickets (open model) 1-5
2026-10-07 23:44:44,133 INFO o.a.j.t.JMeterThread: Thread started: Tickets (open model) 1-6
2026-10-07 23:44:46,274 INFO o.a.j.t.JMeterThread: Thread is done: Tickets (open model) 1-6
2026-10-07 23:44:46,274 INFO o.a.j.t.JMeterThread: Thread finished: Tickets (open model) 1-6
2026-10-07 23:45:17,920 INFO o.a.j.t.JMeterThread: Thread started: Tickets (open model) 1-7
2026-10-07 23:45:22,232 INFO o.a.j.t.JMeterThread: Thread is done: Tickets (open model) 1-7
2026-10-07 23:45:22,232 INFO o.a.j.t.JMeterThread: Thread finished: Tickets (open model) 1-7
2026-10-07 23:46:18,981 INFO o.a.j.t.JMeterThread: Thread started: Tickets (open model) 1-8
2026-10-07 23:46:20,440 INFO o.a.j.t.JMeterThread: Thread started: Tickets (open model) 1-9
2026-10-07 23:46:21,384 INFO o.a.j.t.JMeterThread: Thread is done: Tickets (open model) 1-8
2026-10-07 23:46:21,384 INFO o.a.j.t.JMeterThread: Thread finished: Tickets (open model) 1-8
2026-10-07 23:46:21,588 INFO o.a.j.t.JMeterThread: Thread started: Tickets (open model) 1-10
2026-10-07 23:46:24,642 INFO o.a.j.t.JMeterThread: Thread is done: Tickets (open model) 1-9
2026-10-07 23:46:24,642 INFO o.a.j.t.JMeterThread: Thread finished: Tickets (open model) 1-9
2026-10-07 23:46:27,393 INFO o.a.j.t.JMeterThread: Thread is done: Tickets (open model) 1-10
2026-10-07 23:46:27,393 INFO o.a.j.t.JMeterThread: Thread finished: Tickets (open model) 1-10
2026-10-07 23:47:57,423 INFO o.a.j.t.JMeterThread: Thread started: Tickets (open model) 1-11
2026-10-07 23:47:59,937 INFO o.a.j.t.JMeterThread: Thread started: Tickets (open model) 1-12
2026-10-07 23:48:06,754 INFO o.a.j.t.JMeterThread: Thread is done: Tickets (open model) 1-11
2026-10-07 23:48:06,754 INFO o.a.j.t.JMeterThread: Thread finished: Tickets (open model) 1-11
2026-10-07 23:48:08,701 INFO o.a.j.t.JMeterThread: Thread is done: Tickets (open model) 1-12
2026-10-07 23:48:08,701 INFO o.a.j.t.JMeterThread: Thread finished: Tickets (open model) 1-12
2026-10-07 23:48:32,955 INFO o.a.j.t.JMeterThread: Thread started: Tickets (open model) 1-13
2026-10-07 23:48:36,301 INFO o.a.j.t.JMeterThread: Thread started: Tickets (open model) 1-14
2026-10-07 23:48:36,436 INFO o.a.j.t.JMeterThread: Thread is done: Tickets (open model) 1-13
2026-10-07 23:48:36,436 INFO o.a.j.t.JMeterThread: Thread finished: Tickets (open model) 1-13
2026-10-07 23:48:38,409 INFO o.a.j.t.JMeterThread: Thread is done: Tickets (open model) 1-14
2026-10-07 23:48:38,409 INFO o.a.j.t.JMeterThread: Thread finished: Tickets (open model) 1-14
2026-10-07 23:48:44,335 INFO o.a.j.t.JMeterThread: Thread started: Tickets (open model) 1-15
2026-10-07 23:48:49,344 INFO o.a.j.t.JMeterThread: Thread is done: Tickets (open model) 1-15
2026-10-07 23:48:49,344 INFO o.a.j.t.JMeterThread: Thread finished: Tickets (open model) 1-15
2026-10-07 23:49:07,320 INFO o.a.j.t.JMeterThread: Thread started: Tickets (open model) 1-16
2026-10-07 23:49:13,624 INFO o.a.j.t.JMeterThread: Thread is done: Tickets (open model) 1-16
2026-10-07 23:49:13,624 INFO o.a.j.t.JMeterThread: Thread finished: Tickets (open model) 1-16
2026-10-07 23:50:26,498 INFO o.a.j.t.JMeterThread: Thread started: Tickets (open model) 1-17
2026-10-07 23:50:29,816 INFO o.a.j.t.JMeterThread: Thread is done: Tickets (open model) 1-17
2026-10-07 23:50:29,816 INFO o.a.j.t.JMeterThread: Thread finished: Tickets (open model) 1-17
2026-10-07 23:51:07,309 INFO o.a.j.t.JMeterThread: Thread started: Tickets (open model) 1-18
2026-10-07 23:51:10,717 INFO o.a.j.t.JMeterThread: Thread is done: Tickets (open model) 1-18
2026-10-07 23:51:10,717 INFO o.a.j.t.JMeterThread: Thread finished: Tickets (open model) 1-18
2026-10-07 23:51:21,488 INFO o.a.j.t.JMeterThread: Thread started: Tickets (open model) 1-19
2026-10-07 23:51:24,717 INFO o.a.j.t.JMeterThread: Thread is done: Tickets (open model) 1-19
2026-10-07 23:51:24,717 INFO o.a.j.t.JMeterThread: Thread finished: Tickets (open model) 1-19
2026-10-07 23:51:31,413 INFO o.a.j.t.JMeterThread: Thread started: Tickets (open model) 1-20
2026-10-07 23:51:34,625 INFO o.a.j.t.JMeterThread: Thread started: Tickets (open model) 1-21
2026-10-07 23:51:36,471 INFO o.a.j.t.JMeterThread: Thread is done: Tickets (open model) 1-20
2026-10-07 23:51:36,471 INFO o.a.j.t.JMeterThread: Thread finished: Tickets (open model) 1-20
2026-10-07 23:51:38,280 INFO o.a.j.t.JMeterThread: Thread is done: Tickets (open model) 1-21
2026-10-07 23:51:38,280 INFO o.a.j.t.JMeterThread: Thread finished: Tickets (open model) 1-21
2026-10-07 23:51:42,723 INFO o.a.j.t.JMeterThread: Thread started: Tickets (open model) 1-22
2026-10-07 23:51:50,641 INFO o.a.j.t.JMeterThread: Thread is done: Tickets (open model) 1-22
2026-10-07 23:51:50,641 INFO o.a.j.t.JMeterThread: Thread finished: Tickets (open model) 1-22
2026-10-07 23:51:58,631 INFO o.a.j.t.JMeterThread: Thread started: Tickets (open model) 1-23
2026-10-07 23:52:01,908 INFO o.a.j.r.Summariser: summary +     18 in 00:07:26 =    0.0/s Avg:  4649 Min:  2107 Max:  9329 Err:     0 (0.00%) Active: 1 Started: 23 Finished: 22
2026-10-07 23:52:01,908 INFO o.a.j.r.Summariser: summary =     23 in 00:10:27 =    0.0/s Avg:  4836 Min:  1838 Max:  9492 Err:     0 (0.00%)
2026-10-07 23:52:01,910 INFO o.a.j.t.JMeterThread: Thread is done: Tickets (open model) 1-23
2026-10-07 23:52:01,910 INFO o.a.j.t.JMeterThread: Thread finished: Tickets (open model) 1-23
2026-10-07 23:52:06,768 INFO o.a.j.t.JMeterThread: Thread started: Tickets (open model) 1-24
2026-10-07 23:52:10,080 INFO o.a.j.t.JMeterThread: Thread is done: Tickets (open model) 1-24
2026-10-07 23:52:10,080 INFO o.a.j.t.JMeterThread: Thread finished: Tickets (open model) 1-24
2026-10-07 23:53:34,841 INFO o.a.j.t.o.EvenArrivalsRamp: Generating 0 events, beginRate = 0.0 / sec, endRate = 0.0 / sec, duration = 190.0 sec
2026-10-07 23:53:34,841 INFO o.a.j.t.o.OpenModelThreadGroup: There will be no more events, so will wait for 190 sec till the end of the schedule
2026-10-07 23:53:34,841 INFO o.a.j.t.JMeterThread: Thread started: Tickets (open model) 1-25
2026-10-07 23:53:39,869 INFO o.a.j.t.JMeterThread: Thread is done: Tickets (open model) 1-25
2026-10-07 23:53:39,869 INFO o.a.j.t.JMeterThread: Thread finished: Tickets (open model) 1-25
2026-10-07 23:56:44,893 INFO o.a.j.t.o.OpenModelThreadGroup: There will be no more events, will shutdown the thread pool
2026-10-07 23:56:44,893 INFO o.a.j.t.o.OpenModelThreadGroup: Thread starting done
2026-10-07 23:56:44,893 INFO o.a.j.e.StandardJMeterEngine: Notifying test listeners of end of test
2026-10-07 23:56:44,893 INFO o.a.j.s.FileServer: Close: C:\Users\Owen\Desktop\ICT3113_Assignment_1\jmeter\data\team_narratives.tsv
2026-10-07 23:56:44,895 INFO o.a.j.r.Summariser: summary +      2 in 00:04:43 =    0.0/s Avg:  4167 Min:  3310 Max:  5025 Err:     0 (0.00%) Active: 0 Started: 25 Finished: 25
2026-10-07 23:56:44,895 INFO o.a.j.r.Summariser: summary =     25 in 00:15:10 =    0.0/s Avg:  4783 Min:  1838 Max:  9492 Err:     0 (0.00%)
