2026-10-08 00:00:20,105 INFO o.a.j.u.JMeterUtils: Setting Locale to en_EN
2026-10-08 00:00:20,112 INFO o.a.j.JMeter: Loading user properties from: user.properties
2026-10-08 00:00:20,113 INFO o.a.j.JMeter: Loading system properties from: system.properties
2026-10-08 00:00:20,113 INFO o.a.j.JMeter: Loading additional properties from: C:\Users\Owen\Desktop\ICT3113_Assignment_1\jmeter\results.properties
2026-10-08 00:00:20,113 INFO o.a.j.JMeter: Setting JMeter property: host=192.168.1.170
2026-10-08 00:00:20,113 INFO o.a.j.JMeter: Setting JMeter property: port=8000
2026-10-08 00:00:20,113 INFO o.a.j.JMeter: Setting JMeter property: protocol=http
2026-10-08 00:00:20,113 INFO o.a.j.JMeter: Setting JMeter property: rate=125
2026-10-08 00:00:20,113 INFO o.a.j.JMeter: Setting JMeter property: duration_s=720
2026-10-08 00:00:20,114 INFO o.a.j.JMeter: Setting JMeter property: drain_s=190
2026-10-08 00:00:20,114 INFO o.a.j.JMeter: Setting JMeter property: search_schedule=pause(1s)
2026-10-08 00:00:20,114 INFO o.a.j.JMeter: Setting JMeter property: seed=311302
2026-10-08 00:00:20,114 INFO o.a.j.JMeter: Setting JMeter property: search_seed=311352
2026-10-08 00:00:20,114 INFO o.a.j.JMeter: Setting JMeter property: data_file=C:\Users\Owen\Desktop\ICT3113_Assignment_1\jmeter\data\team_narratives.tsv
2026-10-08 00:00:20,114 INFO o.a.j.JMeter: Setting JMeter property: search_file=C:\Users\Owen\Desktop\ICT3113_Assignment_1\jmeter\data\search_terms.txt
2026-10-08 00:00:20,114 INFO o.a.j.JMeter: Setting JMeter property: timeout_ms=180000
2026-10-08 00:00:20,118 INFO o.a.j.JMeter: Copyright (c) 1998-2024 The Apache Software Foundation
2026-10-08 00:00:20,118 INFO o.a.j.JMeter: Version 5.6.3
2026-10-08 00:00:20,118 INFO o.a.j.JMeter: java.version=1.8.0_333
2026-10-08 00:00:20,118 INFO o.a.j.JMeter: java.vm.name=Java HotSpot(TM) 64-Bit Server VM
2026-10-08 00:00:20,118 INFO o.a.j.JMeter: os.name=Windows 11
2026-10-08 00:00:20,118 INFO o.a.j.JMeter: os.arch=amd64
2026-10-08 00:00:20,118 INFO o.a.j.JMeter: os.version=10.0
2026-10-08 00:00:20,118 INFO o.a.j.JMeter: file.encoding=Cp1252
2026-10-08 00:00:20,118 INFO o.a.j.JMeter: java.awt.headless=true
2026-10-08 00:00:20,118 INFO o.a.j.JMeter: Max memory     =1073741824
2026-10-08 00:00:20,118 INFO o.a.j.JMeter: Available Processors =16
2026-10-08 00:00:20,120 INFO o.a.j.JMeter: Default Locale=English (EN)
2026-10-08 00:00:20,121 INFO o.a.j.JMeter: JMeter  Locale=English (EN)
2026-10-08 00:00:20,121 INFO o.a.j.JMeter: JMeterHome=C:\Users\Owen\Downloads\apache-jmeter-5.6.3\apache-jmeter-5.6.3
2026-10-08 00:00:20,121 INFO o.a.j.JMeter: user.dir  =C:\Users\Owen\Downloads\apache-jmeter-5.6.3\apache-jmeter-5.6.3\bin
2026-10-08 00:00:20,121 INFO o.a.j.JMeter: PWD       =C:\Users\Owen\Downloads\apache-jmeter-5.6.3\apache-jmeter-5.6.3\bin
2026-10-08 00:00:25,112 INFO o.a.j.JMeter: IP: 10.5.0.2 Name: DESKTOP-AK5RA9C FullName: DESKTOP-AK5RA9C
2026-10-08 00:00:25,124 INFO o.a.j.s.FileServer: Default base='C:\Users\Owen\Downloads\apache-jmeter-5.6.3\apache-jmeter-5.6.3\bin'
2026-10-08 00:00:25,125 INFO o.a.j.s.FileServer: Set new base='C:\Users\Owen\Desktop\ICT3113_Assignment_1\jmeter'
2026-10-08 00:00:25,201 INFO o.a.j.s.SaveService: Testplan (JMX) version: 2.2. Testlog (JTL) version: 2.2
2026-10-08 00:00:25,212 INFO o.a.j.s.SaveService: Using SaveService properties file encoding UTF-8
2026-10-08 00:00:25,215 INFO o.a.j.s.SaveService: Using SaveService properties version 5.0
2026-10-08 00:00:25,219 INFO o.a.j.s.SaveService: Loading file: C:\Users\Owen\Desktop\ICT3113_Assignment_1\jmeter\ticket_load_test.jmx
2026-10-08 00:00:25,266 INFO o.a.j.p.h.s.HTTPSamplerBase: Parser for text/html is org.apache.jmeter.protocol.http.parser.LagartoBasedHtmlParser
2026-10-08 00:00:25,266 INFO o.a.j.p.h.s.HTTPSamplerBase: Parser for application/xhtml+xml is org.apache.jmeter.protocol.http.parser.LagartoBasedHtmlParser
2026-10-08 00:00:25,266 INFO o.a.j.p.h.s.HTTPSamplerBase: Parser for application/xml is org.apache.jmeter.protocol.http.parser.LagartoBasedHtmlParser
2026-10-08 00:00:25,266 INFO o.a.j.p.h.s.HTTPSamplerBase: Parser for text/xml is org.apache.jmeter.protocol.http.parser.LagartoBasedHtmlParser
2026-10-08 00:00:25,266 INFO o.a.j.p.h.s.HTTPSamplerBase: Parser for text/vnd.wap.wml is org.apache.jmeter.protocol.http.parser.RegexpHTMLParser
2026-10-08 00:00:25,267 INFO o.a.j.p.h.s.HTTPSamplerBase: Parser for text/css is org.apache.jmeter.protocol.http.parser.CssParser
2026-10-08 00:00:25,423 INFO o.a.j.JMeter: Creating summariser <summary>
2026-10-08 00:00:25,433 INFO o.a.j.e.StandardJMeterEngine: Running the test!
2026-10-08 00:00:25,434 INFO o.a.j.s.SampleEvent: List of sample_variables: [request_id, ticket_row]
2026-10-08 00:00:25,434 INFO o.a.j.s.SampleEvent: List of sample_variables: [request_id, ticket_row]
2026-10-08 00:00:25,437 INFO o.a.j.e.u.CompoundVariable: Note: Function class names must contain the string: '.functions.'
2026-10-08 00:00:25,437 INFO o.a.j.e.u.CompoundVariable: Note: Function class names must not contain the string: '.gui.'
2026-10-08 00:00:25,612 INFO o.a.j.JMeter: Running test (1791388825612)
2026-10-08 00:00:25,641 INFO o.a.j.e.StandardJMeterEngine: Starting ThreadGroup: 1 : Tickets (open model)
2026-10-08 00:00:25,641 INFO o.a.j.e.StandardJMeterEngine: Starting 0 threads for group Tickets (open model).
2026-10-08 00:00:25,641 INFO o.a.j.e.StandardJMeterEngine: Thread will continue on error
2026-10-08 00:00:25,641 INFO o.a.j.t.o.OpenModelThreadGroup: Starting OpenModelThreadGroup#1 with schedule rate(125/hour) random_arrivals(720 s) pause(190 s)
2026-10-08 00:00:25,675 INFO o.a.j.e.StandardJMeterEngine: Starting ThreadGroup: 2 : Searches (open model)
2026-10-08 00:00:25,675 INFO o.a.j.e.StandardJMeterEngine: Starting 0 threads for group Searches (open model).
2026-10-08 00:00:25,675 INFO o.a.j.e.StandardJMeterEngine: Thread will continue on error
2026-10-08 00:00:25,675 INFO o.a.j.t.o.OpenModelThreadGroup: Starting OpenModelThreadGroup#2 with schedule pause(1s)
2026-10-08 00:00:25,675 INFO o.a.j.e.StandardJMeterEngine: All thread groups have been started
2026-10-08 00:00:25,675 INFO o.a.j.t.o.OpenModelThreadGroup: Thread starting init
2026-10-08 00:00:25,675 INFO o.a.j.t.o.OpenModelThreadGroup: Thread starting init
2026-10-08 00:00:25,678 INFO o.a.j.t.o.EvenArrivalsRamp: Generating 0 events, beginRate = 0.0 / sec, endRate = 0.0 / sec, duration = 1.0 sec
2026-10-08 00:00:25,678 INFO o.a.j.t.o.OpenModelThreadGroup: There will be no more events, so will wait for 0 sec till the end of the schedule
2026-10-08 00:00:25,678 INFO o.a.j.t.o.PoissonArrivalsRamp: Generating 25 events, beginRate = 0.034722222222222224 / sec, endRate = 0.034722222222222224 / sec, duration = 720.0 sec
2026-10-08 00:00:26,344 INFO o.a.j.t.JMeterThread: Thread started: Tickets (open model) 1-1
2026-10-08 00:00:26,345 INFO o.a.j.s.FileServer: Stored: C:\Users\Owen\Desktop\ICT3113_Assignment_1\jmeter\data\team_narratives.tsv
2026-10-08 00:00:26,364 INFO o.a.j.p.h.s.HTTPHCAbstractImpl: Local host = DESKTOP-AK5RA9C
2026-10-08 00:00:26,369 INFO o.a.j.p.h.s.HTTPHC4Impl: HTTP request retry count = 0
2026-10-08 00:00:26,370 INFO o.a.j.s.SampleResult: Note: Sample TimeStamps are START times
2026-10-08 00:00:26,370 INFO o.a.j.s.SampleResult: sampleresult.default.encoding is set to UTF-8
2026-10-08 00:00:26,370 INFO o.a.j.s.SampleResult: sampleresult.useNanoTime=true
2026-10-08 00:00:26,371 INFO o.a.j.s.SampleResult: sampleresult.nanoThreadSleep=5000
2026-10-08 00:00:26,435 INFO o.a.j.t.o.OpenModelThreadGroup: There will be no more events, will shutdown the thread pool
2026-10-08 00:00:26,435 INFO o.a.j.t.o.OpenModelThreadGroup: Thread starting done
2026-10-08 00:00:26,905 INFO o.a.j.t.JMeterThread: Thread started: Tickets (open model) 1-2
2026-10-08 00:00:45,184 INFO o.a.j.t.JMeterThread: Thread is done: Tickets (open model) 1-1
2026-10-08 00:00:45,184 INFO o.a.j.t.JMeterThread: Thread finished: Tickets (open model) 1-1
2026-10-08 00:00:48,744 INFO o.a.j.t.JMeterThread: Thread is done: Tickets (open model) 1-2
2026-10-08 00:00:48,744 INFO o.a.j.t.JMeterThread: Thread finished: Tickets (open model) 1-2
2026-10-08 00:01:17,283 INFO o.a.j.t.JMeterThread: Thread started: Tickets (open model) 1-3
2026-10-08 00:01:22,718 INFO o.a.j.t.JMeterThread: Thread is done: Tickets (open model) 1-3
2026-10-08 00:01:22,718 INFO o.a.j.t.JMeterThread: Thread finished: Tickets (open model) 1-3
2026-10-08 00:01:26,009 INFO o.a.j.t.JMeterThread: Thread started: Tickets (open model) 1-4
2026-10-08 00:01:33,727 INFO o.a.j.r.Summariser: summary +      4 in 00:01:08 =    0.1/s Avg: 13439 Min:  5433 Max: 21837 Err:     0 (0.00%) Active: 1 Started: 4 Finished: 3
2026-10-08 00:01:33,728 INFO o.a.j.t.JMeterThread: Thread is done: Tickets (open model) 1-4
2026-10-08 00:01:33,728 INFO o.a.j.t.JMeterThread: Thread finished: Tickets (open model) 1-4
2026-10-08 00:02:07,717 INFO o.a.j.t.JMeterThread: Thread started: Tickets (open model) 1-5
2026-10-08 00:02:09,537 INFO o.a.j.t.JMeterThread: Thread is done: Tickets (open model) 1-5
2026-10-08 00:02:09,537 INFO o.a.j.t.JMeterThread: Thread finished: Tickets (open model) 1-5
2026-10-08 00:02:19,302 INFO o.a.j.t.JMeterThread: Thread started: Tickets (open model) 1-6
2026-10-08 00:02:21,512 INFO o.a.j.t.JMeterThread: Thread is done: Tickets (open model) 1-6
2026-10-08 00:02:21,513 INFO o.a.j.t.JMeterThread: Thread finished: Tickets (open model) 1-6
2026-10-08 00:03:10,881 INFO o.a.j.t.JMeterThread: Thread started: Tickets (open model) 1-7
2026-10-08 00:03:15,573 INFO o.a.j.t.JMeterThread: Thread is done: Tickets (open model) 1-7
2026-10-08 00:03:15,573 INFO o.a.j.t.JMeterThread: Thread finished: Tickets (open model) 1-7
2026-10-08 00:04:55,240 INFO o.a.j.t.JMeterThread: Thread started: Tickets (open model) 1-8
2026-10-08 00:04:57,741 INFO o.a.j.t.JMeterThread: Thread is done: Tickets (open model) 1-8
2026-10-08 00:04:57,741 INFO o.a.j.t.JMeterThread: Thread finished: Tickets (open model) 1-8
2026-10-08 00:04:58,145 INFO o.a.j.t.JMeterThread: Thread started: Tickets (open model) 1-9
2026-10-08 00:04:58,670 INFO o.a.j.t.JMeterThread: Thread started: Tickets (open model) 1-10
2026-10-08 00:05:01,526 INFO o.a.j.r.Summariser: summary +      5 in 00:03:28 =    0.0/s Avg:  2919 Min:  1818 Max:  4690 Err:     0 (0.00%) Active: 2 Started: 10 Finished: 8
2026-10-08 00:05:01,527 INFO o.a.j.r.Summariser: summary =      9 in 00:04:36 =    0.0/s Avg:  7594 Min:  1818 Max: 21837 Err:     0 (0.00%)
2026-10-08 00:05:01,527 INFO o.a.j.t.JMeterThread: Thread is done: Tickets (open model) 1-9
2026-10-08 00:05:01,527 INFO o.a.j.t.JMeterThread: Thread finished: Tickets (open model) 1-9
2026-10-08 00:05:04,229 INFO o.a.j.t.JMeterThread: Thread is done: Tickets (open model) 1-10
2026-10-08 00:05:04,229 INFO o.a.j.t.JMeterThread: Thread finished: Tickets (open model) 1-10
2026-10-08 00:05:24,100 INFO o.a.j.t.JMeterThread: Thread started: Tickets (open model) 1-11
2026-10-08 00:05:30,825 INFO o.a.j.t.JMeterThread: Thread started: Tickets (open model) 1-12
2026-10-08 00:05:32,808 INFO o.a.j.r.Summariser: summary +      2 in 00:00:31 =    0.1/s Avg:  7132 Min:  5558 Max:  8707 Err:     0 (0.00%) Active: 2 Started: 12 Finished: 10
2026-10-08 00:05:32,808 INFO o.a.j.r.Summariser: summary =     11 in 00:05:07 =    0.0/s Avg:  7510 Min:  1818 Max: 21837 Err:     0 (0.00%)
2026-10-08 00:05:32,809 INFO o.a.j.t.JMeterThread: Thread is done: Tickets (open model) 1-11
2026-10-08 00:05:32,809 INFO o.a.j.t.JMeterThread: Thread finished: Tickets (open model) 1-11
2026-10-08 00:05:34,933 INFO o.a.j.t.JMeterThread: Thread is done: Tickets (open model) 1-12
2026-10-08 00:05:34,933 INFO o.a.j.t.JMeterThread: Thread finished: Tickets (open model) 1-12
2026-10-08 00:07:50,549 INFO o.a.j.t.JMeterThread: Thread started: Tickets (open model) 1-13
2026-10-08 00:07:53,977 INFO o.a.j.t.JMeterThread: Thread is done: Tickets (open model) 1-13
2026-10-08 00:07:53,977 INFO o.a.j.t.JMeterThread: Thread finished: Tickets (open model) 1-13
2026-10-08 00:08:08,794 INFO o.a.j.t.JMeterThread: Thread started: Tickets (open model) 1-14
2026-10-08 00:08:10,902 INFO o.a.j.t.JMeterThread: Thread is done: Tickets (open model) 1-14
2026-10-08 00:08:10,902 INFO o.a.j.t.JMeterThread: Thread finished: Tickets (open model) 1-14
2026-10-08 00:08:30,992 INFO o.a.j.t.JMeterThread: Thread started: Tickets (open model) 1-15
2026-10-08 00:08:35,996 INFO o.a.j.r.Summariser: summary +      4 in 00:03:03 =    0.0/s Avg:  3659 Min:  2107 Max:  5002 Err:     0 (0.00%) Active: 1 Started: 15 Finished: 14
2026-10-08 00:08:35,996 INFO o.a.j.r.Summariser: summary =     15 in 00:08:10 =    0.0/s Avg:  6483 Min:  1818 Max: 21837 Err:     0 (0.00%)
2026-10-08 00:08:35,997 INFO o.a.j.t.JMeterThread: Thread is done: Tickets (open model) 1-15
2026-10-08 00:08:35,997 INFO o.a.j.t.JMeterThread: Thread finished: Tickets (open model) 1-15
2026-10-08 00:08:58,178 INFO o.a.j.t.JMeterThread: Thread started: Tickets (open model) 1-16
2026-10-08 00:09:04,414 INFO o.a.j.r.Summariser: summary +      1 in 00:00:28 =    0.0/s Avg:  6235 Min:  6235 Max:  6235 Err:     0 (0.00%) Active: 1 Started: 16 Finished: 15
2026-10-08 00:09:04,414 INFO o.a.j.r.Summariser: summary =     16 in 00:08:39 =    0.0/s Avg:  6468 Min:  1818 Max: 21837 Err:     0 (0.00%)
2026-10-08 00:09:04,414 INFO o.a.j.t.JMeterThread: Thread is done: Tickets (open model) 1-16
2026-10-08 00:09:04,414 INFO o.a.j.t.JMeterThread: Thread finished: Tickets (open model) 1-16
2026-10-08 00:09:26,040 INFO o.a.j.t.JMeterThread: Thread started: Tickets (open model) 1-17
2026-10-08 00:09:26,323 INFO o.a.j.t.JMeterThread: Thread started: Tickets (open model) 1-18
2026-10-08 00:09:29,355 INFO o.a.j.t.JMeterThread: Thread is done: Tickets (open model) 1-17
2026-10-08 00:09:29,355 INFO o.a.j.t.JMeterThread: Thread finished: Tickets (open model) 1-17
2026-10-08 00:09:32,739 INFO o.a.j.r.Summariser: summary +      2 in 00:00:28 =    0.1/s Avg:  4863 Min:  3312 Max:  6414 Err:     0 (0.00%) Active: 1 Started: 18 Finished: 17
2026-10-08 00:09:32,739 INFO o.a.j.r.Summariser: summary =     18 in 00:09:07 =    0.0/s Avg:  6289 Min:  1818 Max: 21837 Err:     0 (0.00%)
2026-10-08 00:09:32,740 INFO o.a.j.t.JMeterThread: Thread is done: Tickets (open model) 1-18
2026-10-08 00:09:32,740 INFO o.a.j.t.JMeterThread: Thread finished: Tickets (open model) 1-18
2026-10-08 00:09:33,982 INFO o.a.j.t.JMeterThread: Thread started: Tickets (open model) 1-19
2026-10-08 00:09:37,086 INFO o.a.j.t.JMeterThread: Thread is done: Tickets (open model) 1-19
2026-10-08 00:09:37,087 INFO o.a.j.t.JMeterThread: Thread finished: Tickets (open model) 1-19
2026-10-08 00:10:02,715 INFO o.a.j.t.JMeterThread: Thread started: Tickets (open model) 1-20
2026-10-08 00:10:07,648 INFO o.a.j.t.JMeterThread: Thread is done: Tickets (open model) 1-20
2026-10-08 00:10:07,648 INFO o.a.j.t.JMeterThread: Thread finished: Tickets (open model) 1-20
2026-10-08 00:10:33,459 INFO o.a.j.t.JMeterThread: Thread started: Tickets (open model) 1-21
2026-10-08 00:10:35,429 INFO o.a.j.r.Summariser: summary +      3 in 00:01:03 =    0.0/s Avg:  3334 Min:  1968 Max:  4931 Err:     0 (0.00%) Active: 1 Started: 21 Finished: 20
2026-10-08 00:10:35,430 INFO o.a.j.r.Summariser: summary =     21 in 00:10:10 =    0.0/s Avg:  5867 Min:  1818 Max: 21837 Err:     0 (0.00%)
2026-10-08 00:10:35,430 INFO o.a.j.t.JMeterThread: Thread is done: Tickets (open model) 1-21
2026-10-08 00:10:35,430 INFO o.a.j.t.JMeterThread: Thread finished: Tickets (open model) 1-21
2026-10-08 00:10:57,311 INFO o.a.j.t.JMeterThread: Thread started: Tickets (open model) 1-22
2026-10-08 00:11:04,258 INFO o.a.j.t.JMeterThread: Thread started: Tickets (open model) 1-23
2026-10-08 00:11:05,206 INFO o.a.j.r.Summariser: summary +      1 in 00:00:30 =    0.0/s Avg:  7895 Min:  7895 Max:  7895 Err:     0 (0.00%) Active: 2 Started: 23 Finished: 21
2026-10-08 00:11:05,208 INFO o.a.j.r.Summariser: summary =     22 in 00:10:40 =    0.0/s Avg:  5959 Min:  1818 Max: 21837 Err:     0 (0.00%)
2026-10-08 00:11:05,208 INFO o.a.j.t.JMeterThread: Thread is done: Tickets (open model) 1-22
2026-10-08 00:11:05,208 INFO o.a.j.t.JMeterThread: Thread finished: Tickets (open model) 1-22
2026-10-08 00:11:08,310 INFO o.a.j.t.JMeterThread: Thread started: Tickets (open model) 1-24
2026-10-08 00:11:08,450 INFO o.a.j.t.JMeterThread: Thread is done: Tickets (open model) 1-23
2026-10-08 00:11:08,450 INFO o.a.j.t.JMeterThread: Thread finished: Tickets (open model) 1-23
2026-10-08 00:11:11,583 INFO o.a.j.t.JMeterThread: Thread is done: Tickets (open model) 1-24
2026-10-08 00:11:11,583 INFO o.a.j.t.JMeterThread: Thread finished: Tickets (open model) 1-24
2026-10-08 00:11:22,434 INFO o.a.j.t.o.EvenArrivalsRamp: Generating 0 events, beginRate = 0.0 / sec, endRate = 0.0 / sec, duration = 190.0 sec
2026-10-08 00:11:22,435 INFO o.a.j.t.JMeterThread: Thread started: Tickets (open model) 1-25
2026-10-08 00:11:22,435 INFO o.a.j.t.o.OpenModelThreadGroup: There will be no more events, so will wait for 253 sec till the end of the schedule
2026-10-08 00:11:26,982 INFO o.a.j.t.JMeterThread: Thread is done: Tickets (open model) 1-25
2026-10-08 00:11:26,983 INFO o.a.j.t.JMeterThread: Thread finished: Tickets (open model) 1-25
2026-10-08 00:15:35,448 INFO o.a.j.t.o.OpenModelThreadGroup: There will be no more events, will shutdown the thread pool
2026-10-08 00:15:35,448 INFO o.a.j.t.o.OpenModelThreadGroup: Thread starting done
2026-10-08 00:15:35,448 INFO o.a.j.e.StandardJMeterEngine: Notifying test listeners of end of test
2026-10-08 00:15:35,448 INFO o.a.j.s.FileServer: Close: C:\Users\Owen\Desktop\ICT3113_Assignment_1\jmeter\data\team_narratives.tsv
2026-10-08 00:15:35,450 INFO o.a.j.r.Summariser: summary +      3 in 00:04:30 =    0.0/s Avg:  4003 Min:  3272 Max:  4547 Err:     0 (0.00%) Active: 0 Started: 25 Finished: 25
2026-10-08 00:15:35,450 INFO o.a.j.r.Summariser: summary =     25 in 00:15:10 =    0.0/s Avg:  5724 Min:  1818 Max: 21837 Err:     0 (0.00%)
