2026-10-08 00:17:39,772 INFO o.a.j.u.JMeterUtils: Setting Locale to en_EN
2026-10-08 00:17:39,780 INFO o.a.j.JMeter: Loading user properties from: user.properties
2026-10-08 00:17:39,780 INFO o.a.j.JMeter: Loading system properties from: system.properties
2026-10-08 00:17:39,780 INFO o.a.j.JMeter: Loading additional properties from: C:\Users\Owen\Desktop\ICT3113_Assignment_1\jmeter\results.properties
2026-10-08 00:17:39,781 INFO o.a.j.JMeter: Setting JMeter property: host=192.168.1.170
2026-10-08 00:17:39,781 INFO o.a.j.JMeter: Setting JMeter property: port=8000
2026-10-08 00:17:39,781 INFO o.a.j.JMeter: Setting JMeter property: protocol=http
2026-10-08 00:17:39,781 INFO o.a.j.JMeter: Setting JMeter property: rate=125
2026-10-08 00:17:39,781 INFO o.a.j.JMeter: Setting JMeter property: duration_s=720
2026-10-08 00:17:39,781 INFO o.a.j.JMeter: Setting JMeter property: drain_s=190
2026-10-08 00:17:39,781 INFO o.a.j.JMeter: Setting JMeter property: search_schedule=pause(1s)
2026-10-08 00:17:39,781 INFO o.a.j.JMeter: Setting JMeter property: seed=311303
2026-10-08 00:17:39,781 INFO o.a.j.JMeter: Setting JMeter property: search_seed=311353
2026-10-08 00:17:39,781 INFO o.a.j.JMeter: Setting JMeter property: data_file=C:\Users\Owen\Desktop\ICT3113_Assignment_1\jmeter\data\team_narratives.tsv
2026-10-08 00:17:39,781 INFO o.a.j.JMeter: Setting JMeter property: search_file=C:\Users\Owen\Desktop\ICT3113_Assignment_1\jmeter\data\search_terms.txt
2026-10-08 00:17:39,781 INFO o.a.j.JMeter: Setting JMeter property: timeout_ms=180000
2026-10-08 00:17:39,785 INFO o.a.j.JMeter: Copyright (c) 1998-2024 The Apache Software Foundation
2026-10-08 00:17:39,785 INFO o.a.j.JMeter: Version 5.6.3
2026-10-08 00:17:39,785 INFO o.a.j.JMeter: java.version=1.8.0_333
2026-10-08 00:17:39,785 INFO o.a.j.JMeter: java.vm.name=Java HotSpot(TM) 64-Bit Server VM
2026-10-08 00:17:39,785 INFO o.a.j.JMeter: os.name=Windows 11
2026-10-08 00:17:39,785 INFO o.a.j.JMeter: os.arch=amd64
2026-10-08 00:17:39,785 INFO o.a.j.JMeter: os.version=10.0
2026-10-08 00:17:39,786 INFO o.a.j.JMeter: file.encoding=Cp1252
2026-10-08 00:17:39,786 INFO o.a.j.JMeter: java.awt.headless=true
2026-10-08 00:17:39,786 INFO o.a.j.JMeter: Max memory     =1073741824
2026-10-08 00:17:39,786 INFO o.a.j.JMeter: Available Processors =16
2026-10-08 00:17:39,788 INFO o.a.j.JMeter: Default Locale=English (EN)
2026-10-08 00:17:39,788 INFO o.a.j.JMeter: JMeter  Locale=English (EN)
2026-10-08 00:17:39,788 INFO o.a.j.JMeter: JMeterHome=C:\Users\Owen\Downloads\apache-jmeter-5.6.3\apache-jmeter-5.6.3
2026-10-08 00:17:39,788 INFO o.a.j.JMeter: user.dir  =C:\Users\Owen\Downloads\apache-jmeter-5.6.3\apache-jmeter-5.6.3\bin
2026-10-08 00:17:39,789 INFO o.a.j.JMeter: PWD       =C:\Users\Owen\Downloads\apache-jmeter-5.6.3\apache-jmeter-5.6.3\bin
2026-10-08 00:17:44,784 INFO o.a.j.JMeter: IP: 10.5.0.2 Name: DESKTOP-AK5RA9C FullName: DESKTOP-AK5RA9C
2026-10-08 00:17:44,795 INFO o.a.j.s.FileServer: Default base='C:\Users\Owen\Downloads\apache-jmeter-5.6.3\apache-jmeter-5.6.3\bin'
2026-10-08 00:17:44,797 INFO o.a.j.s.FileServer: Set new base='C:\Users\Owen\Desktop\ICT3113_Assignment_1\jmeter'
2026-10-08 00:17:44,871 INFO o.a.j.s.SaveService: Testplan (JMX) version: 2.2. Testlog (JTL) version: 2.2
2026-10-08 00:17:44,882 INFO o.a.j.s.SaveService: Using SaveService properties file encoding UTF-8
2026-10-08 00:17:44,884 INFO o.a.j.s.SaveService: Using SaveService properties version 5.0
2026-10-08 00:17:44,888 INFO o.a.j.s.SaveService: Loading file: C:\Users\Owen\Desktop\ICT3113_Assignment_1\jmeter\ticket_load_test.jmx
2026-10-08 00:17:44,932 INFO o.a.j.p.h.s.HTTPSamplerBase: Parser for text/html is org.apache.jmeter.protocol.http.parser.LagartoBasedHtmlParser
2026-10-08 00:17:44,932 INFO o.a.j.p.h.s.HTTPSamplerBase: Parser for application/xhtml+xml is org.apache.jmeter.protocol.http.parser.LagartoBasedHtmlParser
2026-10-08 00:17:44,932 INFO o.a.j.p.h.s.HTTPSamplerBase: Parser for application/xml is org.apache.jmeter.protocol.http.parser.LagartoBasedHtmlParser
2026-10-08 00:17:44,932 INFO o.a.j.p.h.s.HTTPSamplerBase: Parser for text/xml is org.apache.jmeter.protocol.http.parser.LagartoBasedHtmlParser
2026-10-08 00:17:44,933 INFO o.a.j.p.h.s.HTTPSamplerBase: Parser for text/vnd.wap.wml is org.apache.jmeter.protocol.http.parser.RegexpHTMLParser
2026-10-08 00:17:44,933 INFO o.a.j.p.h.s.HTTPSamplerBase: Parser for text/css is org.apache.jmeter.protocol.http.parser.CssParser
2026-10-08 00:17:45,088 INFO o.a.j.JMeter: Creating summariser <summary>
2026-10-08 00:17:45,098 INFO o.a.j.e.StandardJMeterEngine: Running the test!
2026-10-08 00:17:45,098 INFO o.a.j.s.SampleEvent: List of sample_variables: [request_id, ticket_row]
2026-10-08 00:17:45,098 INFO o.a.j.s.SampleEvent: List of sample_variables: [request_id, ticket_row]
2026-10-08 00:17:45,101 INFO o.a.j.e.u.CompoundVariable: Note: Function class names must contain the string: '.functions.'
2026-10-08 00:17:45,102 INFO o.a.j.e.u.CompoundVariable: Note: Function class names must not contain the string: '.gui.'
2026-10-08 00:17:45,269 INFO o.a.j.JMeter: Running test (1791389865269)
2026-10-08 00:17:45,295 INFO o.a.j.e.StandardJMeterEngine: Starting ThreadGroup: 1 : Tickets (open model)
2026-10-08 00:17:45,295 INFO o.a.j.e.StandardJMeterEngine: Starting 0 threads for group Tickets (open model).
2026-10-08 00:17:45,295 INFO o.a.j.e.StandardJMeterEngine: Thread will continue on error
2026-10-08 00:17:45,295 INFO o.a.j.t.o.OpenModelThreadGroup: Starting OpenModelThreadGroup#1 with schedule rate(125/hour) random_arrivals(720 s) pause(190 s)
2026-10-08 00:17:45,325 INFO o.a.j.e.StandardJMeterEngine: Starting ThreadGroup: 2 : Searches (open model)
2026-10-08 00:17:45,325 INFO o.a.j.e.StandardJMeterEngine: Starting 0 threads for group Searches (open model).
2026-10-08 00:17:45,325 INFO o.a.j.e.StandardJMeterEngine: Thread will continue on error
2026-10-08 00:17:45,325 INFO o.a.j.t.o.OpenModelThreadGroup: Starting OpenModelThreadGroup#2 with schedule pause(1s)
2026-10-08 00:17:45,326 INFO o.a.j.e.StandardJMeterEngine: All thread groups have been started
2026-10-08 00:17:45,325 INFO o.a.j.t.o.OpenModelThreadGroup: Thread starting init
2026-10-08 00:17:45,326 INFO o.a.j.t.o.OpenModelThreadGroup: Thread starting init
2026-10-08 00:17:45,328 INFO o.a.j.t.o.EvenArrivalsRamp: Generating 0 events, beginRate = 0.0 / sec, endRate = 0.0 / sec, duration = 1.0 sec
2026-10-08 00:17:45,328 INFO o.a.j.t.o.OpenModelThreadGroup: There will be no more events, so will wait for 0 sec till the end of the schedule
2026-10-08 00:17:45,328 INFO o.a.j.t.o.PoissonArrivalsRamp: Generating 25 events, beginRate = 0.034722222222222224 / sec, endRate = 0.034722222222222224 / sec, duration = 720.0 sec
2026-10-08 00:17:46,099 INFO o.a.j.t.o.OpenModelThreadGroup: There will be no more events, will shutdown the thread pool
2026-10-08 00:17:46,099 INFO o.a.j.t.o.OpenModelThreadGroup: Thread starting done
2026-10-08 00:18:22,846 INFO o.a.j.t.JMeterThread: Thread started: Tickets (open model) 1-1
2026-10-08 00:18:22,847 INFO o.a.j.s.FileServer: Stored: C:\Users\Owen\Desktop\ICT3113_Assignment_1\jmeter\data\team_narratives.tsv
2026-10-08 00:18:22,869 INFO o.a.j.p.h.s.HTTPHCAbstractImpl: Local host = DESKTOP-AK5RA9C
2026-10-08 00:18:22,875 INFO o.a.j.p.h.s.HTTPHC4Impl: HTTP request retry count = 0
2026-10-08 00:18:22,876 INFO o.a.j.s.SampleResult: Note: Sample TimeStamps are START times
2026-10-08 00:18:22,876 INFO o.a.j.s.SampleResult: sampleresult.default.encoding is set to UTF-8
2026-10-08 00:18:22,876 INFO o.a.j.s.SampleResult: sampleresult.useNanoTime=true
2026-10-08 00:18:22,876 INFO o.a.j.s.SampleResult: sampleresult.nanoThreadSleep=5000
2026-10-08 00:18:35,540 INFO o.a.j.t.JMeterThread: Thread started: Tickets (open model) 1-2
2026-10-08 00:18:40,342 INFO o.a.j.t.JMeterThread: Thread is done: Tickets (open model) 1-1
2026-10-08 00:18:40,342 INFO o.a.j.t.JMeterThread: Thread finished: Tickets (open model) 1-1
2026-10-08 00:18:43,587 INFO o.a.j.t.JMeterThread: Thread is done: Tickets (open model) 1-2
2026-10-08 00:18:43,587 INFO o.a.j.t.JMeterThread: Thread finished: Tickets (open model) 1-2
2026-10-08 00:20:08,348 INFO o.a.j.t.JMeterThread: Thread started: Tickets (open model) 1-3
2026-10-08 00:20:13,705 INFO o.a.j.t.JMeterThread: Thread is done: Tickets (open model) 1-3
2026-10-08 00:20:13,705 INFO o.a.j.t.JMeterThread: Thread finished: Tickets (open model) 1-3
2026-10-08 00:20:24,120 INFO o.a.j.t.JMeterThread: Thread started: Tickets (open model) 1-4
2026-10-08 00:20:31,819 INFO o.a.j.r.Summariser: summary +      4 in 00:02:47 =    0.0/s Avg:  9627 Min:  5354 Max: 17415 Err:     0 (0.00%) Active: 1 Started: 4 Finished: 3
2026-10-08 00:20:31,820 INFO o.a.j.t.JMeterThread: Thread is done: Tickets (open model) 1-4
2026-10-08 00:20:31,820 INFO o.a.j.t.JMeterThread: Thread finished: Tickets (open model) 1-4
2026-10-08 00:20:39,018 INFO o.a.j.t.JMeterThread: Thread started: Tickets (open model) 1-5
2026-10-08 00:20:40,889 INFO o.a.j.t.JMeterThread: Thread is done: Tickets (open model) 1-5
2026-10-08 00:20:40,889 INFO o.a.j.t.JMeterThread: Thread finished: Tickets (open model) 1-5
2026-10-08 00:21:45,133 INFO o.a.j.t.JMeterThread: Thread started: Tickets (open model) 1-6
2026-10-08 00:21:47,692 INFO o.a.j.t.JMeterThread: Thread is done: Tickets (open model) 1-6
2026-10-08 00:21:47,692 INFO o.a.j.t.JMeterThread: Thread finished: Tickets (open model) 1-6
2026-10-08 00:21:58,545 INFO o.a.j.t.JMeterThread: Thread started: Tickets (open model) 1-7
2026-10-08 00:22:02,753 INFO o.a.j.r.Summariser: summary +      3 in 00:01:31 =    0.0/s Avg:  2877 Min:  1868 Max:  4207 Err:     0 (0.00%) Active: 1 Started: 7 Finished: 6
2026-10-08 00:22:02,753 INFO o.a.j.r.Summariser: summary =      7 in 00:04:17 =    0.0/s Avg:  6734 Min:  1868 Max: 17415 Err:     0 (0.00%)
2026-10-08 00:22:02,754 INFO o.a.j.t.JMeterThread: Thread is done: Tickets (open model) 1-7
2026-10-08 00:22:02,754 INFO o.a.j.t.JMeterThread: Thread finished: Tickets (open model) 1-7
2026-10-08 00:23:06,818 INFO o.a.j.t.JMeterThread: Thread started: Tickets (open model) 1-8
2026-10-08 00:23:09,322 INFO o.a.j.t.JMeterThread: Thread is done: Tickets (open model) 1-8
2026-10-08 00:23:09,322 INFO o.a.j.t.JMeterThread: Thread finished: Tickets (open model) 1-8
2026-10-08 00:24:00,649 INFO o.a.j.t.JMeterThread: Thread started: Tickets (open model) 1-9
2026-10-08 00:24:03,962 INFO o.a.j.r.Summariser: summary +      2 in 00:02:01 =    0.0/s Avg:  2906 Min:  2501 Max:  3311 Err:     0 (0.00%) Active: 1 Started: 9 Finished: 8
2026-10-08 00:24:03,963 INFO o.a.j.r.Summariser: summary =      9 in 00:06:19 =    0.0/s Avg:  5883 Min:  1868 Max: 17415 Err:     0 (0.00%)
2026-10-08 00:24:03,963 INFO o.a.j.t.JMeterThread: Thread is done: Tickets (open model) 1-9
2026-10-08 00:24:03,963 INFO o.a.j.t.JMeterThread: Thread finished: Tickets (open model) 1-9
2026-10-08 00:24:16,887 INFO o.a.j.t.JMeterThread: Thread started: Tickets (open model) 1-10
2026-10-08 00:24:19,622 INFO o.a.j.t.JMeterThread: Thread is done: Tickets (open model) 1-10
2026-10-08 00:24:19,622 INFO o.a.j.t.JMeterThread: Thread finished: Tickets (open model) 1-10
2026-10-08 00:24:50,964 INFO o.a.j.t.JMeterThread: Thread started: Tickets (open model) 1-11
2026-10-08 00:24:52,314 INFO o.a.j.t.JMeterThread: Thread started: Tickets (open model) 1-12
2026-10-08 00:24:59,313 INFO o.a.j.t.JMeterThread: Thread is done: Tickets (open model) 1-11
2026-10-08 00:24:59,313 INFO o.a.j.t.JMeterThread: Thread finished: Tickets (open model) 1-11
2026-10-08 00:25:01,204 INFO o.a.j.r.Summariser: summary +      3 in 00:00:57 =    0.1/s Avg:  6656 Min:  2733 Max:  8889 Err:     0 (0.00%) Active: 1 Started: 12 Finished: 11
2026-10-08 00:25:01,204 INFO o.a.j.r.Summariser: summary =     12 in 00:07:16 =    0.0/s Avg:  6076 Min:  1868 Max: 17415 Err:     0 (0.00%)
2026-10-08 00:25:01,204 INFO o.a.j.t.JMeterThread: Thread is done: Tickets (open model) 1-12
2026-10-08 00:25:01,204 INFO o.a.j.t.JMeterThread: Thread finished: Tickets (open model) 1-12
2026-10-08 00:25:36,288 INFO o.a.j.t.JMeterThread: Thread started: Tickets (open model) 1-13
2026-10-08 00:25:39,345 INFO o.a.j.t.JMeterThread: Thread is done: Tickets (open model) 1-13
2026-10-08 00:25:39,346 INFO o.a.j.t.JMeterThread: Thread finished: Tickets (open model) 1-13
2026-10-08 00:25:53,201 INFO o.a.j.t.JMeterThread: Thread started: Tickets (open model) 1-14
2026-10-08 00:25:55,642 INFO o.a.j.t.JMeterThread: Thread is done: Tickets (open model) 1-14
2026-10-08 00:25:55,642 INFO o.a.j.t.JMeterThread: Thread finished: Tickets (open model) 1-14
2026-10-08 00:25:56,762 INFO o.a.j.t.JMeterThread: Thread started: Tickets (open model) 1-15
2026-10-08 00:26:01,763 INFO o.a.j.r.Summariser: summary +      3 in 00:01:01 =    0.0/s Avg:  3497 Min:  2440 Max:  4998 Err:     0 (0.00%) Active: 1 Started: 15 Finished: 14
2026-10-08 00:26:01,763 INFO o.a.j.r.Summariser: summary =     15 in 00:08:16 =    0.0/s Avg:  5561 Min:  1868 Max: 17415 Err:     0 (0.00%)
2026-10-08 00:26:01,764 INFO o.a.j.t.JMeterThread: Thread is done: Tickets (open model) 1-15
2026-10-08 00:26:01,764 INFO o.a.j.t.JMeterThread: Thread finished: Tickets (open model) 1-15
2026-10-08 00:26:23,917 INFO o.a.j.t.JMeterThread: Thread started: Tickets (open model) 1-16
2026-10-08 00:26:30,064 INFO o.a.j.r.Summariser: summary +      1 in 00:00:28 =    0.0/s Avg:  6145 Min:  6145 Max:  6145 Err:     0 (0.00%) Active: 1 Started: 16 Finished: 15
2026-10-08 00:26:30,065 INFO o.a.j.r.Summariser: summary =     16 in 00:08:45 =    0.0/s Avg:  5597 Min:  1868 Max: 17415 Err:     0 (0.00%)
2026-10-08 00:26:30,065 INFO o.a.j.t.JMeterThread: Thread is done: Tickets (open model) 1-16
2026-10-08 00:26:30,065 INFO o.a.j.t.JMeterThread: Thread finished: Tickets (open model) 1-16
2026-10-08 00:26:42,705 INFO o.a.j.t.JMeterThread: Thread started: Tickets (open model) 1-17
2026-10-08 00:26:45,340 INFO o.a.j.t.JMeterThread: Thread is done: Tickets (open model) 1-17
2026-10-08 00:26:45,340 INFO o.a.j.t.JMeterThread: Thread finished: Tickets (open model) 1-17
2026-10-08 00:27:17,040 INFO o.a.j.t.JMeterThread: Thread started: Tickets (open model) 1-18
2026-10-08 00:27:20,307 INFO o.a.j.t.JMeterThread: Thread is done: Tickets (open model) 1-18
2026-10-08 00:27:20,307 INFO o.a.j.t.JMeterThread: Thread finished: Tickets (open model) 1-18
2026-10-08 00:27:53,058 INFO o.a.j.t.JMeterThread: Thread started: Tickets (open model) 1-19
2026-10-08 00:27:56,087 INFO o.a.j.t.JMeterThread: Thread is done: Tickets (open model) 1-19
2026-10-08 00:27:56,087 INFO o.a.j.t.JMeterThread: Thread finished: Tickets (open model) 1-19
2026-10-08 00:28:04,007 INFO o.a.j.t.JMeterThread: Thread started: Tickets (open model) 1-20
2026-10-08 00:28:05,746 INFO o.a.j.t.JMeterThread: Thread started: Tickets (open model) 1-21
2026-10-08 00:28:08,877 INFO o.a.j.t.JMeterThread: Thread is done: Tickets (open model) 1-20
2026-10-08 00:28:08,877 INFO o.a.j.t.JMeterThread: Thread finished: Tickets (open model) 1-20
2026-10-08 00:28:10,642 INFO o.a.j.t.JMeterThread: Thread is done: Tickets (open model) 1-21
2026-10-08 00:28:10,642 INFO o.a.j.t.JMeterThread: Thread finished: Tickets (open model) 1-21
2026-10-08 00:28:16,537 INFO o.a.j.t.JMeterThread: Thread started: Tickets (open model) 1-22
2026-10-08 00:28:18,631 INFO o.a.j.t.JMeterThread: Thread started: Tickets (open model) 1-23
2026-10-08 00:28:24,019 INFO o.a.j.t.JMeterThread: Thread is done: Tickets (open model) 1-22
2026-10-08 00:28:24,019 INFO o.a.j.t.JMeterThread: Thread finished: Tickets (open model) 1-22
2026-10-08 00:28:27,056 INFO o.a.j.t.JMeterThread: Thread is done: Tickets (open model) 1-23
2026-10-08 00:28:27,057 INFO o.a.j.t.JMeterThread: Thread finished: Tickets (open model) 1-23
2026-10-08 00:29:13,614 INFO o.a.j.t.JMeterThread: Thread started: Tickets (open model) 1-24
2026-10-08 00:29:17,195 INFO o.a.j.t.JMeterThread: Thread is done: Tickets (open model) 1-24
2026-10-08 00:29:17,195 INFO o.a.j.t.JMeterThread: Thread finished: Tickets (open model) 1-24
2026-10-08 00:29:39,614 INFO o.a.j.t.o.EvenArrivalsRamp: Generating 0 events, beginRate = 0.0 / sec, endRate = 0.0 / sec, duration = 190.0 sec
2026-10-08 00:29:39,614 INFO o.a.j.t.o.OpenModelThreadGroup: There will be no more events, so will wait for 195 sec till the end of the schedule
2026-10-08 00:29:39,614 INFO o.a.j.t.JMeterThread: Thread started: Tickets (open model) 1-25
2026-10-08 00:29:44,130 INFO o.a.j.t.JMeterThread: Thread is done: Tickets (open model) 1-25
2026-10-08 00:29:44,130 INFO o.a.j.t.JMeterThread: Thread finished: Tickets (open model) 1-25
2026-10-08 00:32:55,100 INFO o.a.j.t.o.OpenModelThreadGroup: There will be no more events, will shutdown the thread pool
2026-10-08 00:32:55,100 INFO o.a.j.t.o.OpenModelThreadGroup: Thread starting done
2026-10-08 00:32:55,100 INFO o.a.j.e.StandardJMeterEngine: Notifying test listeners of end of test
2026-10-08 00:32:55,100 INFO o.a.j.s.FileServer: Close: C:\Users\Owen\Desktop\ICT3113_Assignment_1\jmeter\data\team_narratives.tsv
2026-10-08 00:32:55,102 INFO o.a.j.r.Summariser: summary +      9 in 00:06:25 =    0.0/s Avg:  4743 Min:  2634 Max:  8424 Err:     0 (0.00%) Active: 0 Started: 25 Finished: 25
2026-10-08 00:32:55,102 INFO o.a.j.r.Summariser: summary =     25 in 00:15:10 =    0.0/s Avg:  5289 Min:  1868 Max: 17415 Err:     0 (0.00%)
